Archive member included because of file (symbol)

../../../../../..//binary/armv7a/gcc/am335x/drivers/Debug/libdrivers.a(cpsw.o)
                              Debug/lwiplib.o (CPSWSSReset)
../../../../../..//binary/armv7a/gcc/am335x/drivers/Debug/libdrivers.a(mdio.o)
                              Debug/lwiplib.o (MDIOPhyAliveStatusGet)
../../../../../..//binary/armv7a/gcc/am335x/drivers/Debug/libdrivers.a(phy.o)
                              Debug/lwiplib.o (PhyReset)
../../../../../..//binary/armv7a/gcc/utils/Debug/libutils.a(consoleUtils.o)
                              Debug/enetLwip.o (ConsoleUtilsInit)
../../../../../..//binary/armv7a/gcc/utils/Debug/libutils.a(delay.o)
                              Debug/enetLwip.o (DelayTimerSetup)
../../../../../..//binary/armv7a/gcc/utils/Debug/libutils.a(uartStdio.o)
                              ../../../../../..//binary/armv7a/gcc/utils/Debug/libutils.a(consoleUtils.o) (UARTStdioInit)
../../../../../..//binary/armv7a/gcc/utils/Debug/libutils.a(ascii.o)
                              ../../../../../..//binary/armv7a/gcc/utils/Debug/libutils.a(uartStdio.o) (ASCIIToDigit)
../../../../../..//binary/armv7a/gcc/am335x/beaglebone/platform/Debug/libplatform.a(cpsw.o)
                              Debug/enetLwip.o (CPSWPinMuxSetup)
../../../../../..//binary/armv7a/gcc/am335x/beaglebone/platform/Debug/libplatform.a(sysdelay.o)
                              ../../../../../..//binary/armv7a/gcc/utils/Debug/libutils.a(delay.o) (SysDelayTimerSetup)
../../../../../..//binary/armv7a/gcc/am335x/beaglebone/platform/Debug/libplatform.a(uartConsole.o)
                              ../../../../../..//binary/armv7a/gcc/utils/Debug/libutils.a(uartStdio.o) (UARTConsoleInit)
../../../../../..//binary/armv7a/gcc/am335x/beaglebone/platform/Debug/libplatform.a(dmtimer.o)
                              ../../../../../..//binary/armv7a/gcc/am335x/beaglebone/platform/Debug/libplatform.a(sysdelay.o) (DMTimer7ModuleClkConfig)
../../../../../..//binary/armv7a/gcc/am335x/beaglebone/platform/Debug/libplatform.a(uart.o)
                              ../../../../../..//binary/armv7a/gcc/am335x/beaglebone/platform/Debug/libplatform.a(uartConsole.o) (UARTPinMuxSetup)
../../../../../..//binary/armv7a/gcc/am335x/system_config/Debug/libsystem_config.a(cache.o)
                              Debug/enetLwip.o (CacheEnable)
../../../../../..//binary/armv7a/gcc/am335x/system_config/Debug/libsystem_config.a(cp15.o)
                              ../../../../../..//binary/armv7a/gcc/am335x/system_config/Debug/libsystem_config.a(cache.o) (CP15ICacheDisable)
../../../../../..//binary/armv7a/gcc/am335x/system_config/Debug/libsystem_config.a(init.o)
                              (Entry)
../../../../../..//binary/armv7a/gcc/am335x/system_config/Debug/libsystem_config.a(interrupt.o)
                              Debug/enetLwip.o (IntRegister)
../../../../../..//binary/armv7a/gcc/am335x/system_config/Debug/libsystem_config.a(mmu.o)
                              Debug/enetLwip.o (MMUInit)
../../../../../..//binary/armv7a/gcc/am335x/system_config/Debug/libsystem_config.a(startup.o)
                              ../../../../../..//binary/armv7a/gcc/am335x/system_config/Debug/libsystem_config.a(init.o) (start_boot)
../../../../../..//binary/armv7a/gcc/am335x/system_config/Debug/libsystem_config.a(cpu.o)
                              ../../../../../..//binary/armv7a/gcc/am335x/system_config/Debug/libsystem_config.a(interrupt.o) (CPUIntStatus)
../../../../../..//binary/armv7a/gcc/am335x/system_config/Debug/libsystem_config.a(exceptionhandler.o)
                              ../../../../../..//binary/armv7a/gcc/am335x/system_config/Debug/libsystem_config.a(startup.o) (IRQHandler)
/home/abby/opt/gcc-arm-none-eabi-4_7-2012q4//arm-none-eabi/lib//libc.a(lib_a-memcpy.o)
                              Debug/enetLwip.o (memcpy)
/home/abby/opt/gcc-arm-none-eabi-4_7-2012q4//arm-none-eabi/lib//libc.a(lib_a-memset.o)
                              Debug/lwiplib.o (memset)
/home/abby/opt/gcc-arm-none-eabi-4_7-2012q4//arm-none-eabi/lib//libc.a(lib_a-strcmp.o)
                              Debug/httpd.o (strcmp)
/home/abby/opt/gcc-arm-none-eabi-4_7-2012q4//arm-none-eabi/lib//libc.a(lib_a-strlen.o)
                              Debug/lwiplib.o (strlen)
/home/abby/opt/gcc-arm-none-eabi-4_7-2012q4//arm-none-eabi/lib//libc.a(lib_a-strncmp.o)
                              Debug/httpd.o (strncmp)
/home/abby/opt/gcc-arm-none-eabi-4_7-2012q4//lib/gcc/arm-none-eabi/4.7.3//libgcc.a(_udivsi3.o)
                              (__aeabi_uidiv)
/home/abby/opt/gcc-arm-none-eabi-4_7-2012q4//lib/gcc/arm-none-eabi/4.7.3//libgcc.a(_divsi3.o)
                              (__aeabi_idiv)
/home/abby/opt/gcc-arm-none-eabi-4_7-2012q4//lib/gcc/arm-none-eabi/4.7.3//libgcc.a(_dvmd_tls.o)
                              /home/abby/opt/gcc-arm-none-eabi-4_7-2012q4//lib/gcc/arm-none-eabi/4.7.3//libgcc.a(_udivsi3.o) (__aeabi_idiv0)
[...]
Memory Configuration

Name             Origin             Length             Attributes
DDR0             0x80000000         0x10000000
*default*        0x00000000         0xffffffff

Linker script and memory map

LOAD Debug/enetLwip.o
LOAD Debug/httpd.o
LOAD Debug/lwiplib.o
LOAD ../../../../../..//binary/armv7a/gcc/am335x/drivers/Debug/libdrivers.a
LOAD ../../../../../..//binary/armv7a/gcc/utils/Debug/libutils.a
LOAD ../../../../../..//binary/armv7a/gcc/am335x/beaglebone/platform/Debug/libplatform.a
LOAD ../../../../../..//binary/armv7a/gcc/am335x/system_config/Debug/libsystem_config.a
LOAD /home/abby/opt/gcc-arm-none-eabi-4_7-2012q4//arm-none-eabi/lib//libc.a
LOAD /home/abby/opt/gcc-arm-none-eabi-4_7-2012q4//lib/gcc/arm-none-eabi/4.7.3//libgcc.a
LOAD ../../../../../..//binary/armv7a/gcc/am335x/drivers/Debug/libdrivers.a
LOAD ../../../../../..//binary/armv7a/gcc/utils/Debug/libutils.a
LOAD ../../../../../..//binary/armv7a/gcc/am335x/beaglebone/platform/Debug/libplatform.a
LOAD ../../../../../..//binary/armv7a/gcc/am335x/system_config/Debug/libsystem_config.a
LOAD /home/abby/opt/gcc-arm-none-eabi-4_7-2012q4//arm-none-eabi/lib//libc.a
LOAD /home/abby/opt/gcc-arm-none-eabi-4_7-2012q4//lib/gcc/arm-none-eabi/4.7.3//libgcc.a

.startcode      0x80000000       0xb4
                0x80000000                . = ALIGN (0x4)
 *init.o(.text)
 .text          0x80000000       0xb4 ../../../../../..//binary/armv7a/gcc/am335x/system_config/Debug/libsystem_config.a(init.o)
                0x80000000                Entry

.text           0x800000b4    0x1a310
                0x800000b4                . = ALIGN (0x4)
 *(.text*)
 .text.MMUConfigAndEnable
                0x800000b4       0xd8 Debug/enetLwip.o
 .text.UserValueInfoGet
                0x8000018c       0xd4 Debug/enetLwip.o
 .text.EnetLWIPSwitchConfiguration
                0x80000260      0x37c Debug/enetLwip.o
 .text.main     0x800005dc      0x2c0 Debug/enetLwip.o
                0x800005dc                main
 .text.CPSWCore0RxIsr
                0x8000089c       0x1c Debug/enetLwip.o
 .text.CPSWCore0TxIsr
                0x800008b8       0x1c Debug/enetLwip.o
 .text.IpAddrDisplay
                0x800008d4       0x58 Debug/enetLwip.o
 .text.AintcCPSWIntrSetUp
                0x8000092c       0xa4 Debug/enetLwip.o
 .text.fs_open  0x800009d0       0xac Debug/httpd.o
                0x800009d0                fs_open
 .text.http_state_alloc
                0x80000a7c       0x24 Debug/httpd.o
 .text.http_state_free
                0x80000aa0       0x5c Debug/httpd.o
 .text.http_close_conn
                0x80000afc       0xcc Debug/httpd.o
 .text.http_send_data
                0x80000bc8      0x144 Debug/httpd.o
 .text.http_parse_request
                0x80000d0c      0x1d0 Debug/httpd.o
 .text.http_err
                0x80000edc       0x44 Debug/httpd.o
 .text.http_sent
                0x80000f20       0x94 Debug/httpd.o
 .text.http_poll
                0x80000fb4       0xc0 Debug/httpd.o
 .text.http_recv
                0x80001074      0x168 Debug/httpd.o
 .text.http_accept
                0x800011dc      0x110 Debug/httpd.o
 .text.httpd_init
                0x800012ec       0x8c Debug/httpd.o
                0x800012ec                httpd_init
 .text.lwip_htons
                0x80001378       0x4c Debug/lwiplib.o
                0x80001378                lwip_htons
 .text.lwip_ntohs
                0x800013c4       0x38 Debug/lwiplib.o
                0x800013c4                lwip_ntohs
 .text.lwip_htonl
                0x800013fc       0x54 Debug/lwiplib.o
                0x800013fc                lwip_htonl
 .text.lwip_ntohl
                0x80001450       0x30 Debug/lwiplib.o
                0x80001450                lwip_ntohl
 .text.tcp_timer_needed
                0x80001480       0x14 Debug/lwiplib.o
                0x80001480                tcp_timer_needed
 .text.dhcp_handle_nak
                0x80001494       0xa0 Debug/lwiplib.o
 .text.dhcp_handle_offer
                0x80001534       0x84 Debug/lwiplib.o
 .text.dhcp_select
                0x800015b8      0x298 Debug/lwiplib.o
 .text.dhcp_handle_ack
                0x80001850      0x188 Debug/lwiplib.o
 .text.dhcp_start
                0x800019d8      0x230 Debug/lwiplib.o
                0x800019d8                dhcp_start
 .text.dhcp_discover
                0x80001c08      0x21c Debug/lwiplib.o
 .text.dhcp_bind
                0x80001e24      0x238 Debug/lwiplib.o
 .text.dhcp_stop
                0x8000205c       0x9c Debug/lwiplib.o
                0x8000205c                dhcp_stop
 .text.dhcp_set_state
                0x800020f8       0x5c Debug/lwiplib.o
 .text.dhcp_option
                0x80002154       0x9c Debug/lwiplib.o
 .text.dhcp_option_byte
                0x800021f0       0x5c Debug/lwiplib.o
 .text.dhcp_option_short
                0x8000224c       0xa4 Debug/lwiplib.o
 .text.dhcp_option_long
                0x800022f0      0x124 Debug/lwiplib.o
 .text.dhcp_parse_reply
                0x80002414      0x608 Debug/lwiplib.o
 .text.dhcp_recv
                0x80002a1c      0x2a0 Debug/lwiplib.o
 .text.dhcp_create_msg
                0x80002cbc      0x43c Debug/lwiplib.o
 .text.dhcp_delete_msg
                0x800030f8       0x64 Debug/lwiplib.o
 .text.dhcp_option_trailer
                0x8000315c       0xc0 Debug/lwiplib.o
 .text.lwip_init
                0x8000321c       0x3c Debug/lwiplib.o
                0x8000321c                lwip_init
 .text.plug_holes
                0x80003258      0x17c Debug/lwiplib.o
 .text.mem_init
                0x800033d4       0xec Debug/lwiplib.o
                0x800033d4                mem_init
 .text.mem_free
                0x800034c0      0x14c Debug/lwiplib.o
                0x800034c0                mem_free
 .text.mem_trim
                0x8000360c      0x378 Debug/lwiplib.o
                0x8000360c                mem_trim
 .text.mem_malloc
                0x80003984      0x37c Debug/lwiplib.o
                0x80003984                mem_malloc
 .text.memp_init
                0x80003d00      0x1b4 Debug/lwiplib.o
                0x80003d00                memp_init
 .text.memp_malloc
                0x80003eb4      0x1c4 Debug/lwiplib.o
                0x80003eb4                memp_malloc
 .text.memp_free
                0x80004078       0xd8 Debug/lwiplib.o
                0x80004078                memp_free
 .text.netif_init
                0x80004150       0x14 Debug/lwiplib.o
                0x80004150                netif_init
 .text.netif_add
                0x80004164      0x10c Debug/lwiplib.o
                0x80004164                netif_add
 .text.netif_set_addr
                0x80004270       0x60 Debug/lwiplib.o
                0x80004270                netif_set_addr
 .text.netif_set_ipaddr
                0x800042d0      0x148 Debug/lwiplib.o
                0x800042d0                netif_set_ipaddr
 .text.netif_set_gw
                0x80004418       0x44 Debug/lwiplib.o
                0x80004418                netif_set_gw
 .text.netif_set_netmask
                0x8000445c       0x44 Debug/lwiplib.o
                0x8000445c                netif_set_netmask
 .text.netif_set_default
                0x800044a0       0x2c Debug/lwiplib.o
                0x800044a0                netif_set_default
 .text.netif_set_up
                0x800044cc       0x88 Debug/lwiplib.o
                0x800044cc                netif_set_up
 .text.netif_set_down
                0x80004554       0x48 Debug/lwiplib.o
                0x80004554                netif_set_down
 .text.pbuf_alloc
                0x8000459c      0x38c Debug/lwiplib.o
                0x8000459c                pbuf_alloc
 .text.pbuf_realloc
                0x80004928      0x194 Debug/lwiplib.o
                0x80004928                pbuf_realloc
 .text.pbuf_header
                0x80004abc      0x1a0 Debug/lwiplib.o
                0x80004abc                pbuf_header
 .text.pbuf_free
                0x80004c5c      0x16c Debug/lwiplib.o
                0x80004c5c                pbuf_free
 .text.pbuf_clen
                0x80004dc8       0x54 Debug/lwiplib.o
                0x80004dc8                pbuf_clen
 .text.pbuf_ref
                0x80004e1c       0x64 Debug/lwiplib.o
                0x80004e1c                pbuf_ref
 .text.pbuf_cat
                0x80004e80       0xac Debug/lwiplib.o
                0x80004e80                pbuf_cat
 .text.pbuf_chain
                0x80004f2c       0x40 Debug/lwiplib.o
                0x80004f2c                pbuf_chain
 .text.pbuf_copy
                0x80004f6c      0x1fc Debug/lwiplib.o
                0x80004f6c                pbuf_copy
 .text.pbuf_copy_partial
                0x80005168      0x188 Debug/lwiplib.o
                0x80005168                pbuf_copy_partial
 .text.raw_input
                0x800052f0      0x170 Debug/lwiplib.o
                0x800052f0                raw_input
 .text.stats_init
                0x80005460       0x14 Debug/lwiplib.o
                0x80005460                stats_init
 .text.tcp_close_shutdown
                0x80005474      0x468 Debug/lwiplib.o
 .text.tcp_close
                0x800058dc       0x5c Debug/lwiplib.o
                0x800058dc                tcp_close
 .text.tcp_abandon
                0x80005938      0x1b4 Debug/lwiplib.o
                0x80005938                tcp_abandon
 .text.tcp_abort
                0x80005aec       0x2c Debug/lwiplib.o
                0x80005aec                tcp_abort
 .text.tcp_bind
                0x80005b18      0x1a0 Debug/lwiplib.o
                0x80005b18                tcp_bind
 .text.tcp_accept_null
                0x80005cb8       0x34 Debug/lwiplib.o
 .text.tcp_listen_with_backlog
                0x80005cec      0x240 Debug/lwiplib.o
                0x80005cec                tcp_listen_with_backlog
 .text.tcp_update_rcv_ann_wnd
                0x80005f2c       0xf4 Debug/lwiplib.o
                0x80005f2c                tcp_update_rcv_ann_wnd
 .text.tcp_recved
                0x80006020       0xac Debug/lwiplib.o
                0x80006020                tcp_recved
 .text.tcp_new_port
                0x800060cc       0xf0 Debug/lwiplib.o
 .text.tcp_segs_free
                0x800061bc       0x4c Debug/lwiplib.o
                0x800061bc                tcp_segs_free
 .text.tcp_seg_free
                0x80006208       0x60 Debug/lwiplib.o
                0x80006208                tcp_seg_free
 .text.tcp_setprio
                0x80006268       0x30 Debug/lwiplib.o
                0x80006268                tcp_setprio
 .text.tcp_seg_copy
                0x80006298       0x78 Debug/lwiplib.o
                0x80006298                tcp_seg_copy
 .text.tcp_recv_null
                0x80006310       0x90 Debug/lwiplib.o
                0x80006310                tcp_recv_null
 .text.tcp_kill_prio
                0x800063a0       0xf8 Debug/lwiplib.o
 .text.tcp_kill_timewait
                0x80006498       0xb4 Debug/lwiplib.o
 .text.tcp_alloc
                0x8000654c      0x23c Debug/lwiplib.o
                0x8000654c                tcp_alloc
 .text.tcp_new  0x80006788       0x24 Debug/lwiplib.o
                0x80006788                tcp_new
 .text.tcp_arg  0x800067ac       0x2c Debug/lwiplib.o
                0x800067ac                tcp_arg
 .text.tcp_recv
                0x800067d8       0x2c Debug/lwiplib.o
                0x800067d8                tcp_recv
 .text.tcp_sent
                0x80006804       0x2c Debug/lwiplib.o
                0x80006804                tcp_sent
 .text.tcp_err  0x80006830       0x2c Debug/lwiplib.o
                0x80006830                tcp_err
 .text.tcp_accept
                0x8000685c       0x2c Debug/lwiplib.o
                0x8000685c                tcp_accept
 .text.tcp_poll
                0x80006888       0x40 Debug/lwiplib.o
                0x80006888                tcp_poll
 .text.tcp_pcb_purge
                0x800068c8      0x104 Debug/lwiplib.o
                0x800068c8                tcp_pcb_purge
 .text.tcp_pcb_remove
                0x800069cc      0x158 Debug/lwiplib.o
                0x800069cc                tcp_pcb_remove
 .text.tcp_next_iss
                0x80006b24       0x4c Debug/lwiplib.o
                0x80006b24                tcp_next_iss
 .text.tcp_eff_send_mss
                0x80006b70       0x7c Debug/lwiplib.o
                0x80006b70                tcp_eff_send_mss
 .text.tcp_input
                0x80006bec      0xe40 Debug/lwiplib.o
                0x80006bec                tcp_input
 .text.tcp_listen_input
                0x80007a2c      0x300 Debug/lwiplib.o
 .text.tcp_timewait_input
                0x80007d2c      0x1a0 Debug/lwiplib.o
 .text.tcp_process
                0x80007ecc      0xd20 Debug/lwiplib.o
 .text.tcp_oos_insert_segment
                0x80008bec      0x1e0 Debug/lwiplib.o
 .text.tcp_receive
                0x80008dcc     0x1bfc Debug/lwiplib.o
 .text.tcp_parseopt
                0x8000a9c8      0x208 Debug/lwiplib.o
 .text.tcp_output_alloc_header
                0x8000abd0      0x1a8 Debug/lwiplib.o
 .text.tcp_send_fin
                0x8000ad78       0xe4 Debug/lwiplib.o
                0x8000ad78                tcp_send_fin
 .text.tcp_create_segment
                0x8000ae5c      0x22c Debug/lwiplib.o
 .text.tcp_pbuf_prealloc
                0x8000b088      0x12c Debug/lwiplib.o
 .text.tcp_write_checks
                0x8000b1b4      0x158 Debug/lwiplib.o
 .text.tcp_write
                0x8000b30c      0x864 Debug/lwiplib.o
                0x8000b30c                tcp_write
 .text.tcp_enqueue_flags
                0x8000bb70      0x34c Debug/lwiplib.o
                0x8000bb70                tcp_enqueue_flags
 .text.tcp_send_empty_ack
                0x8000bebc      0x130 Debug/lwiplib.o
                0x8000bebc                tcp_send_empty_ack
 .text.tcp_output
                0x8000bfec      0x598 Debug/lwiplib.o
                0x8000bfec                tcp_output
 .text.tcp_output_segment
                0x8000c584      0x2d0 Debug/lwiplib.o
 .text.tcp_rst  0x8000c854      0x1dc Debug/lwiplib.o
                0x8000c854                tcp_rst
 .text.tcp_rexmit
                0x8000ca30      0x108 Debug/lwiplib.o
                0x8000ca30                tcp_rexmit
 .text.tcp_rexmit_fast
                0x8000cb38      0x118 Debug/lwiplib.o
                0x8000cb38                tcp_rexmit_fast
 .text.udp_input
                0x8000cc50      0x6ac Debug/lwiplib.o
                0x8000cc50                udp_input
 .text.udp_sendto_if
                0x8000d2fc      0x300 Debug/lwiplib.o
                0x8000d2fc                udp_sendto_if
 .text.udp_bind
                0x8000d5fc      0x1e8 Debug/lwiplib.o
                0x8000d5fc                udp_bind
 .text.udp_connect
                0x8000d7e4      0x130 Debug/lwiplib.o
                0x8000d7e4                udp_connect
 .text.udp_recv
                0x8000d914       0x3c Debug/lwiplib.o
                0x8000d914                udp_recv
 .text.udp_remove
                0x8000d950       0xc4 Debug/lwiplib.o
                0x8000d950                udp_remove
 .text.udp_new  0x8000da14       0x60 Debug/lwiplib.o
                0x8000da14                udp_new
 .text.icmp_input
                0x8000da74      0x54c Debug/lwiplib.o
                0x8000da74                icmp_input
 .text.icmp_dest_unreach
                0x8000dfc0       0x3c Debug/lwiplib.o
                0x8000dfc0                icmp_dest_unreach
 .text.icmp_send_response
                0x8000dffc      0x180 Debug/lwiplib.o
 .text.lwip_standard_chksum
                0x8000e17c      0x16c Debug/lwiplib.o
 .text.inet_chksum_pseudo
                0x8000e2e8      0x228 Debug/lwiplib.o
                0x8000e2e8                inet_chksum_pseudo
 .text.inet_chksum
                0x8000e510       0x48 Debug/lwiplib.o
                0x8000e510                inet_chksum
 .text.inet_chksum_pbuf
                0x8000e558      0x128 Debug/lwiplib.o
                0x8000e558                inet_chksum_pbuf
 .text.ip_route
                0x8000e680       0xf4 Debug/lwiplib.o
                0x8000e680                ip_route
 .text.ip_input
                0x8000e774      0x690 Debug/lwiplib.o
                0x8000e774                ip_input
 .text.ip_output_if
                0x8000ee04      0x354 Debug/lwiplib.o
                0x8000ee04                ip_output_if
 .text.ip_output
                0x8000f158       0xac Debug/lwiplib.o
                0x8000f158                ip_output
 .text.ip4_addr_isbroadcast
                0x8000f204       0xdc Debug/lwiplib.o
                0x8000f204                ip4_addr_isbroadcast
 .text.free_entry
                0x8000f2e0       0x88 Debug/lwiplib.o
 .text.find_entry
                0x8000f368      0x370 Debug/lwiplib.o
 .text.etharp_send_ip
                0x8000f6d8       0xa0 Debug/lwiplib.o
 .text.update_arp_entry
                0x8000f778      0x1ac Debug/lwiplib.o
 .text.etharp_arp_input
                0x8000f924      0x3b4 Debug/lwiplib.o
 .text.etharp_output
                0x8000fcd8      0x2b0 Debug/lwiplib.o
                0x8000fcd8                etharp_output
 .text.etharp_query
                0x8000ff88      0x3e4 Debug/lwiplib.o
                0x8000ff88                etharp_query
 .text.etharp_raw
                0x8001036c      0x238 Debug/lwiplib.o
 .text.etharp_request
                0x800105a4       0x7c Debug/lwiplib.o
                0x800105a4                etharp_request
 .text.ethernet_input
                0x80010620      0x1cc Debug/lwiplib.o
                0x80010620                ethernet_input
 .text.sys_arch_protect
                0x800107ec       0x3c Debug/lwiplib.o
                0x800107ec                sys_arch_protect
 .text.sys_arch_unprotect
                0x80010828       0x38 Debug/lwiplib.o
                0x80010828                sys_arch_unprotect
 .text.cpswif_inst_config
                0x80010860      0x118 Debug/lwiplib.o
 .text.cpswif_ale_entry_match_free
                0x80010978       0x98 Debug/lwiplib.o
 .text.cpswif_port_to_host_vlan_cfg
                0x80010a10      0x1c4 Debug/lwiplib.o
 .text.cpswif_phy_autoneg
                0x80010bd4      0x670 Debug/lwiplib.o
 .text.cpswif_phy_forced
                0x80011244      0x5c4 Debug/lwiplib.o
 .text.cpswif_autoneg_config
                0x80011808      0x3c8 Debug/lwiplib.o
 .text.cpswif_rxbd_alloc
                0x80011bd0      0x1dc Debug/lwiplib.o
 .text.cpswif_transmit
                0x80011dac      0x280 Debug/lwiplib.o
 .text.cpswif_output
                0x8001202c       0xec Debug/lwiplib.o
 .text.cpswif_phylink_config
                0x80012118      0x228 Debug/lwiplib.o
 .text.cpswif_port_init
                0x80012340      0x188 Debug/lwiplib.o
 .text.cpswif_cpdma_init
                0x800124c8      0x1d0 Debug/lwiplib.o
 .text.cpswif_inst_init
                0x80012698      0x2a8 Debug/lwiplib.o
 .text.cpswif_init
                0x80012940      0x124 Debug/lwiplib.o
                0x80012940                cpswif_init
 .text.cpswif_rx_inthandler
                0x80012a64      0x228 Debug/lwiplib.o
                0x80012a64                cpswif_rx_inthandler
 .text.cpswif_tx_inthandler
                0x80012c8c      0x22c Debug/lwiplib.o
                0x80012c8c                cpswif_tx_inthandler
 .text.check_valid
                0x80012eb8       0x54 Debug/lwiplib.o
 .text.cpsw_switch_configuration
                0x80012f0c      0x214 Debug/lwiplib.o
                0x80012f0c                cpsw_switch_configuration
 .text.lwIPDHCPComplete
                0x80013120      0x134 Debug/lwiplib.o
 .text.lwIPInit
                0x80013254      0x2fc Debug/lwiplib.o
                0x80013254                lwIPInit
 .text.lwIPRxIntHandler
                0x80013550       0x30 Debug/lwiplib.o
                0x80013550                lwIPRxIntHandler
 .text.lwIPTxIntHandler
                0x80013580       0x28 Debug/lwiplib.o
                0x80013580                lwIPTxIntHandler
 .text.CPSWSSReset
                0x800135a8       0x48 ../../../../../..//binary/armv7a/gcc/am335x/drivers/Debug/libdrivers.a(cpsw.o)
                0x800135a8                CPSWSSReset
 .text.CPSWSlTransferModeSet
                0x800135f0       0x5c ../../../../../..//binary/armv7a/gcc/am335x/drivers/Debug/libdrivers.a(cpsw.o)
                0x800135f0                CPSWSlTransferModeSet
 .text.CPSWSlReset
                0x8001364c       0x48 ../../../../../..//binary/armv7a/gcc/am335x/drivers/Debug/libdrivers.a(cpsw.o)
                0x8001364c                CPSWSlReset
 .text.CPSWSlRGMIIEnable
                0x80013694       0x40 ../../../../../..//binary/armv7a/gcc/am335x/drivers/Debug/libdrivers.a(cpsw.o)
                0x80013694                CPSWSlRGMIIEnable
 .text.CPSWWrReset
                0x800136d4       0x48 ../../../../../..//binary/armv7a/gcc/am335x/drivers/Debug/libdrivers.a(cpsw.o)
                0x800136d4                CPSWWrReset
 .text.CPSWWrCoreIntEnable
                0x8001371c       0x78 ../../../../../..//binary/armv7a/gcc/am335x/drivers/Debug/libdrivers.a(cpsw.o)
                0x8001371c                CPSWWrCoreIntEnable
 .text.CPSWALEInit
                0x80013794       0x2c ../../../../../..//binary/armv7a/gcc/am335x/drivers/Debug/libdrivers.a(cpsw.o)
                0x80013794                CPSWALEInit
 .text.CPSWALEPortStateSet
                0x800137c0       0x90 ../../../../../..//binary/armv7a/gcc/am335x/drivers/Debug/libdrivers.a(cpsw.o)
                0x800137c0                CPSWALEPortStateSet
 .text.CPSWALEVLANAwareSet
                0x80013850       0x38 ../../../../../..//binary/armv7a/gcc/am335x/drivers/Debug/libdrivers.a(cpsw.o)
                0x80013850                CPSWALEVLANAwareSet
 .text.CPSWALETableEntrySet
                0x80013888       0x98 ../../../../../..//binary/armv7a/gcc/am335x/drivers/Debug/libdrivers.a(cpsw.o)
                0x80013888                CPSWALETableEntrySet
 .text.CPSWALETableEntryGet
                0x80013920       0x94 ../../../../../..//binary/armv7a/gcc/am335x/drivers/Debug/libdrivers.a(cpsw.o)
                0x80013920                CPSWALETableEntryGet
 .text.CPSWStatisticsEnable
                0x800139b4       0x2c ../../../../../..//binary/armv7a/gcc/am335x/drivers/Debug/libdrivers.a(cpsw.o)
                0x800139b4                CPSWStatisticsEnable
 .text.CPSWPortSrcAddrSet
                0x800139e0       0xa4 ../../../../../..//binary/armv7a/gcc/am335x/drivers/Debug/libdrivers.a(cpsw.o)
                0x800139e0                CPSWPortSrcAddrSet
 .text.CPSWHostPortDualMacModeSet
                0x80013a84       0x54 ../../../../../..//binary/armv7a/gcc/am335x/drivers/Debug/libdrivers.a(cpsw.o)
                0x80013a84                CPSWHostPortDualMacModeSet
 .text.CPSWPortVLANConfig
                0x80013ad8       0x50 ../../../../../..//binary/armv7a/gcc/am335x/drivers/Debug/libdrivers.a(cpsw.o)
                0x80013ad8                CPSWPortVLANConfig
 .text.CPSWCPDMAReset
                0x80013b28       0xdc ../../../../../..//binary/armv7a/gcc/am335x/drivers/Debug/libdrivers.a(cpsw.o)
                0x80013b28                CPSWCPDMAReset
 .text.CPSWCPDMATxIntEnable
                0x80013c04       0x48 ../../../../../..//binary/armv7a/gcc/am335x/drivers/Debug/libdrivers.a(cpsw.o)
                0x80013c04                CPSWCPDMATxIntEnable
 .text.CPSWCPDMARxIntEnable
                0x80013c4c       0x48 ../../../../../..//binary/armv7a/gcc/am335x/drivers/Debug/libdrivers.a(cpsw.o)
                0x80013c4c                CPSWCPDMARxIntEnable
 .text.CPSWCPDMATxEnable
                0x80013c94       0x2c ../../../../../..//binary/armv7a/gcc/am335x/drivers/Debug/libdrivers.a(cpsw.o)
                0x80013c94                CPSWCPDMATxEnable
 .text.CPSWCPDMARxEnable
                0x80013cc0       0x2c ../../../../../..//binary/armv7a/gcc/am335x/drivers/Debug/libdrivers.a(cpsw.o)
                0x80013cc0                CPSWCPDMARxEnable
 .text.CPSWCPDMATxHdrDescPtrWrite
                0x80013cec       0x40 ../../../../../..//binary/armv7a/gcc/am335x/drivers/Debug/libdrivers.a(cpsw.o)
                0x80013cec                CPSWCPDMATxHdrDescPtrWrite
 .text.CPSWCPDMARxHdrDescPtrWrite
                0x80013d2c       0x40 ../../../../../..//binary/armv7a/gcc/am335x/drivers/Debug/libdrivers.a(cpsw.o)
                0x80013d2c                CPSWCPDMARxHdrDescPtrWrite
 .text.CPSWCPDMAEndOfIntVectorWrite
                0x80013d6c       0x30 ../../../../../..//binary/armv7a/gcc/am335x/drivers/Debug/libdrivers.a(cpsw.o)
                0x80013d6c                CPSWCPDMAEndOfIntVectorWrite
 .text.CPSWCPDMATxCPWrite
                0x80013d9c       0x40 ../../../../../..//binary/armv7a/gcc/am335x/drivers/Debug/libdrivers.a(cpsw.o)
                0x80013d9c                CPSWCPDMATxCPWrite
 .text.CPSWCPDMARxCPWrite
                0x80013ddc       0x40 ../../../../../..//binary/armv7a/gcc/am335x/drivers/Debug/libdrivers.a(cpsw.o)
                0x80013ddc                CPSWCPDMARxCPWrite
 .text.MDIOPhyRegRead
                0x80013e1c       0xc4 ../../../../../..//binary/armv7a/gcc/am335x/drivers/Debug/libdrivers.a(mdio.o)
                0x80013e1c                MDIOPhyRegRead
 .text.MDIOPhyRegWrite
                0x80013ee0       0x8c ../../../../../..//binary/armv7a/gcc/am335x/drivers/Debug/libdrivers.a(mdio.o)
                0x80013ee0                MDIOPhyRegWrite
 .text.MDIOPhyAliveStatusGet
                0x80013f6c       0x2c ../../../../../..//binary/armv7a/gcc/am335x/drivers/Debug/libdrivers.a(mdio.o)
                0x80013f6c                MDIOPhyAliveStatusGet
 .text.MDIOInit
                0x80013f98       0x64 ../../../../../..//binary/armv7a/gcc/am335x/drivers/Debug/libdrivers.a(mdio.o)
                0x80013f98                MDIOInit
 .text.PhyReset
                0x80013ffc       0x90 ../../../../../..//binary/armv7a/gcc/am335x/drivers/Debug/libdrivers.a(phy.o)
                0x80013ffc                PhyReset
 .text.PhyConfigure
                0x8001408c       0x54 ../../../../../..//binary/armv7a/gcc/am335x/drivers/Debug/libdrivers.a(phy.o)
                0x8001408c                PhyConfigure
 .text.PhyAutoNegotiate
                0x800140e0      0x1f4 ../../../../../..//binary/armv7a/gcc/am335x/drivers/Debug/libdrivers.a(phy.o)
                0x800140e0                PhyAutoNegotiate
 .text.PhyAutoNegStatusGet
                0x800142d4       0x5c ../../../../../..//binary/armv7a/gcc/am335x/drivers/Debug/libdrivers.a(phy.o)
                0x800142d4                PhyAutoNegStatusGet
 .text.PhyPartnerAbilityGet
                0x80014330       0x88 ../../../../../..//binary/armv7a/gcc/am335x/drivers/Debug/libdrivers.a(phy.o)
                0x80014330                PhyPartnerAbilityGet
 .text.PhyLinkStatusGet
                0x800143b8       0x88 ../../../../../..//binary/armv7a/gcc/am335x/drivers/Debug/libdrivers.a(phy.o)
                0x800143b8                PhyLinkStatusGet
 .text.ConsoleUtilsInit
                0x80014440       0x18 ../../../../../..//binary/armv7a/gcc/utils/Debug/libutils.a(consoleUtils.o)
                0x80014440                ConsoleUtilsInit
 .text.ConsoleUtilsSetType
                0x80014458       0x54 ../../../../../..//binary/armv7a/gcc/utils/Debug/libutils.a(consoleUtils.o)
                0x80014458                ConsoleUtilsSetType
 .text.ConsoleUtilsPrintf
                0x800144ac       0x6c ../../../../../..//binary/armv7a/gcc/utils/Debug/libutils.a(consoleUtils.o)
                0x800144ac                ConsoleUtilsPrintf
 .text.ConsoleUtilsScanf
                0x80014518       0x80 ../../../../../..//binary/armv7a/gcc/utils/Debug/libutils.a(consoleUtils.o)
                0x80014518                ConsoleUtilsScanf
 .text.DelayTimerSetup
                0x80014598       0x18 ../../../../../..//binary/armv7a/gcc/utils/Debug/libutils.a(delay.o)
                0x80014598                DelayTimerSetup
 .text.delay    0x800145b0       0x28 ../../../../../..//binary/armv7a/gcc/utils/Debug/libutils.a(delay.o)
                0x800145b0                delay
 .text.UARTStdioInit
                0x800145d8       0x18 ../../../../../..//binary/armv7a/gcc/utils/Debug/libutils.a(uartStdio.o)
                0x800145d8                UARTStdioInit
 .text.UARTStdioRead
                0x800145f0       0xd0 ../../../../../..//binary/armv7a/gcc/utils/Debug/libutils.a(uartStdio.o)
 .text.UARTPuts
                0x800146c0       0xec ../../../../../..//binary/armv7a/gcc/utils/Debug/libutils.a(uartStdio.o)
                0x800146c0                UARTPuts
 .text.UARTPutc
                0x800147ac       0x30 ../../../../../..//binary/armv7a/gcc/utils/Debug/libutils.a(uartStdio.o)
                0x800147ac                UARTPutc
 .text.UARTGetc
                0x800147dc       0x20 ../../../../../..//binary/armv7a/gcc/utils/Debug/libutils.a(uartStdio.o)
                0x800147dc                UARTGetc
 .text.UARTwrite
                0x800147fc       0x94 ../../../../../..//binary/armv7a/gcc/utils/Debug/libutils.a(uartStdio.o)
                0x800147fc                UARTwrite
 .text.UARTScanf
                0x80014890      0xa68 ../../../../../..//binary/armv7a/gcc/utils/Debug/libutils.a(uartStdio.o)
                0x80014890                UARTScanf
 .text.UARTPrintf
                0x800152f8      0x6ac ../../../../../..//binary/armv7a/gcc/utils/Debug/libutils.a(uartStdio.o)
                0x800152f8                UARTPrintf
 .text.ASCIIToDigit
                0x800159a4       0xe8 ../../../../../..//binary/armv7a/gcc/utils/Debug/libutils.a(ascii.o)
                0x800159a4                ASCIIToDigit
 .text.CPSWPinMuxSetup
                0x80015a8c      0x124 ../../../../../..//binary/armv7a/gcc/am335x/beaglebone/platform/Debug/libplatform.a(cpsw.o)
                0x80015a8c                CPSWPinMuxSetup
 .text.CPSWClkEnable
                0x80015bb0       0x6c ../../../../../..//binary/armv7a/gcc/am335x/beaglebone/platform/Debug/libplatform.a(cpsw.o)
                0x80015bb0                CPSWClkEnable
 .text.EVMPortMIIModeSelect
                0x80015c1c       0x24 ../../../../../..//binary/armv7a/gcc/am335x/beaglebone/platform/Debug/libplatform.a(cpsw.o)
                0x80015c1c                EVMPortMIIModeSelect
 .text.EVMMACAddrGet
                0x80015c40      0x11c ../../../../../..//binary/armv7a/gcc/am335x/beaglebone/platform/Debug/libplatform.a(cpsw.o)
                0x80015c40                EVMMACAddrGet
 .text.SysDelayTimerSetup
                0x80015d5c       0x88 ../../../../../..//binary/armv7a/gcc/am335x/beaglebone/platform/Debug/libplatform.a(sysdelay.o)
                0x80015d5c                SysDelayTimerSetup
 .text.Sysdelay
                0x80015de4       0xb0 ../../../../../..//binary/armv7a/gcc/am335x/beaglebone/platform/Debug/libplatform.a(sysdelay.o)
                0x80015de4                Sysdelay
 .text.DMTimerIsr
                0x80015e94       0x48 ../../../../../..//binary/armv7a/gcc/am335x/beaglebone/platform/Debug/libplatform.a(sysdelay.o)
 .text.UARTStdioInitExpClk
                0x80015edc       0xd0 ../../../../../..//binary/armv7a/gcc/am335x/beaglebone/platform/Debug/libplatform.a(uartConsole.o)
 .text.UartFIFOConfigure
                0x80015fac       0x64 ../../../../../..//binary/armv7a/gcc/am335x/beaglebone/platform/Debug/libplatform.a(uartConsole.o)
 .text.UartBaudRateSet
                0x80016010       0x5c ../../../../../..//binary/armv7a/gcc/am335x/beaglebone/platform/Debug/libplatform.a(uartConsole.o)
 .text.UARTConsoleInit
                0x8001606c       0x44 ../../../../../..//binary/armv7a/gcc/am335x/beaglebone/platform/Debug/libplatform.a(uartConsole.o)
                0x8001606c                UARTConsoleInit
 .text.UARTConsolePutc
                0x800160b0       0x38 ../../../../../..//binary/armv7a/gcc/am335x/beaglebone/platform/Debug/libplatform.a(uartConsole.o)
                0x800160b0                UARTConsolePutc
 .text.UARTConsoleGetc
                0x800160e8       0x2c ../../../../../..//binary/armv7a/gcc/am335x/beaglebone/platform/Debug/libplatform.a(uartConsole.o)
                0x800160e8                UARTConsoleGetc
 .text.DMTimer7ModuleClkConfig
                0x80016114      0x260 ../../../../../..//binary/armv7a/gcc/am335x/beaglebone/platform/Debug/libplatform.a(dmtimer.o)
                0x80016114                DMTimer7ModuleClkConfig
 .text.UARTPinMuxSetup
                0x80016374       0x48 ../../../../../..//binary/armv7a/gcc/am335x/beaglebone/platform/Debug/libplatform.a(uart.o)
                0x80016374                UARTPinMuxSetup
 .text.UART0ModuleClkConfig
                0x800163bc      0x35c ../../../../../..//binary/armv7a/gcc/am335x/beaglebone/platform/Debug/libplatform.a(uart.o)
                0x800163bc                UART0ModuleClkConfig
 .text.CacheEnable
                0x80016718       0x94 ../../../../../..//binary/armv7a/gcc/am335x/system_config/Debug/libsystem_config.a(cache.o)
                0x80016718                CacheEnable
 .text.CacheDataCleanBuff
                0x800167ac       0x30 ../../../../../..//binary/armv7a/gcc/am335x/system_config/Debug/libsystem_config.a(cache.o)
                0x800167ac                CacheDataCleanBuff
 .text.CacheDataInvalidateBuff
                0x800167dc       0x30 ../../../../../..//binary/armv7a/gcc/am335x/system_config/Debug/libsystem_config.a(cache.o)
                0x800167dc                CacheDataInvalidateBuff
 .text          0x8001680c      0x488 ../../../../../..//binary/armv7a/gcc/am335x/system_config/Debug/libsystem_config.a(cp15.o)
                0x8001680c                CP15ICacheDisable
                0x80016828                CP15DCacheDisable
                0x80016844                CP15ICacheEnable
                0x80016854                CP15DCacheEnable
                0x80016864                CP15DCacheFlush
                0x800168f8                CP15DCacheClean
                0x8001698c                CP15DCacheCleanFlush
                0x80016a20                CP15ICacheFlush
                0x80016a30                CP15DCacheCleanBuff
                0x80016a84                CP15DCacheCleanFlushBuff
                0x80016ad8                CP15DCacheFlushBuff
                0x80016b3c                CP15ICacheFlushBuff
                0x80016b90                CP15Ttb0Set
                0x80016b9c                CP15TlbInvalidate
                0x80016ba8                CP15MMUDisable
                0x80016bc0                CP15MMUEnable
                0x80016bd4                CP15VectorBaseAddrSet
                0x80016be0                CP15BranchPredictorInvalidate
                0x80016bec                CP15BranchPredictionEnable
                0x80016bfc                CP15BranchPredictionDisable
                0x80016c0c                CP15DomainAccessClientSet
                0x80016c1c                CP15ControlFeatureDisable
                0x80016c30                CP15ControlFeatureEnable
                0x80016c44                CP15TtbCtlTtb0Config
                0x80016c54                CP15AuxControlFeatureEnable
                0x80016c68                CP15AuxControlFeatureDisable
                0x80016c7c                CP15MainIdPrimPartNumGet
 .text.IntDefaultHandler
                0x80016c94       0x14 ../../../../../..//binary/armv7a/gcc/am335x/system_config/Debug/libsystem_config.a(interrupt.o)
 .text.IntRegister
                0x80016ca8       0x34 ../../../../../..//binary/armv7a/gcc/am335x/system_config/Debug/libsystem_config.a(interrupt.o)
                0x80016ca8                IntRegister
 .text.IntAINTCInit
                0x80016cdc       0x90 ../../../../../..//binary/armv7a/gcc/am335x/system_config/Debug/libsystem_config.a(interrupt.o)
                0x80016cdc                IntAINTCInit
 .text.IntPrioritySet
                0x80016d6c       0x50 ../../../../../..//binary/armv7a/gcc/am335x/system_config/Debug/libsystem_config.a(interrupt.o)
                0x80016d6c                IntPrioritySet
 .text.IntSystemEnable
                0x80016dbc       0x4c ../../../../../..//binary/armv7a/gcc/am335x/system_config/Debug/libsystem_config.a(interrupt.o)
                0x80016dbc                IntSystemEnable
 .text.IntMasterIRQEnable
                0x80016e08       0x18 ../../../../../..//binary/armv7a/gcc/am335x/system_config/Debug/libsystem_config.a(interrupt.o)
                0x80016e08                IntMasterIRQEnable
 .text.IntMasterIRQDisable
                0x80016e20       0x18 ../../../../../..//binary/armv7a/gcc/am335x/system_config/Debug/libsystem_config.a(interrupt.o)
                0x80016e20                IntMasterIRQDisable
 .text.IntMasterStatusGet
                0x80016e38       0x20 ../../../../../..//binary/armv7a/gcc/am335x/system_config/Debug/libsystem_config.a(interrupt.o)
                0x80016e38                IntMasterStatusGet
 .text.MMUInit  0x80016e58       0x88 ../../../../../..//binary/armv7a/gcc/am335x/system_config/Debug/libsystem_config.a(mmu.o)
                0x80016e58                MMUInit
 .text.MMUMemRegionMap
                0x80016ee0      0x110 ../../../../../..//binary/armv7a/gcc/am335x/system_config/Debug/libsystem_config.a(mmu.o)
                0x80016ee0                MMUMemRegionMap
 .text.MMUEnable
                0x80016ff0       0x38 ../../../../../..//binary/armv7a/gcc/am335x/system_config/Debug/libsystem_config.a(mmu.o)
                0x80016ff0                MMUEnable
 .text.start_boot
                0x80017028       0x24 ../../../../../..//binary/armv7a/gcc/am335x/system_config/Debug/libsystem_config.a(startup.o)
                0x80017028                start_boot
 .text.CopyVectorTable
                0x8001704c       0x98 ../../../../../..//binary/armv7a/gcc/am335x/system_config/Debug/libsystem_config.a(startup.o)
 .text.CPUIntStatus
                0x800170e4       0x2c ../../../../../..//binary/armv7a/gcc/am335x/system_config/Debug/libsystem_config.a(cpu.o)
                0x800170e4                CPUIntStatus
 .text.CPUirqd  0x80017110       0x24 ../../../../../..//binary/armv7a/gcc/am335x/system_config/Debug/libsystem_config.a(cpu.o)
                0x80017110                CPUirqd
 .text.CPUirqe  0x80017134       0x24 ../../../../../..//binary/armv7a/gcc/am335x/system_config/Debug/libsystem_config.a(cpu.o)
                0x80017134                CPUirqe
 .text          0x80017158       0xf0 ../../../../../..//binary/armv7a/gcc/am335x/system_config/Debug/libsystem_config.a(exceptionhandler.o)
                0x80017158                SVC_Handler
                0x80017180                IRQHandler
                0x8001722c                FIQHandler
                0x80017230                UndefInstHandler
                0x80017230                AbortHandler
 .text.memcpy   0x80017248       0xf4 /home/abby/opt/gcc-arm-none-eabi-4_7-2012q4//arm-none-eabi/lib//libc.a(lib_a-memcpy.o)
                0x80017248                memcpy
 .text.memset   0x8001733c       0xf8 /home/abby/opt/gcc-arm-none-eabi-4_7-2012q4//arm-none-eabi/lib//libc.a(lib_a-memset.o)
                0x8001733c                memset
 .text.strcmp   0x80017434       0x94 /home/abby/opt/gcc-arm-none-eabi-4_7-2012q4//arm-none-eabi/lib//libc.a(lib_a-strcmp.o)
                0x80017434                strcmp
 .text.strcmp_unaligned
                0x800174c8      0x19c /home/abby/opt/gcc-arm-none-eabi-4_7-2012q4//arm-none-eabi/lib//libc.a(lib_a-strcmp.o)
 .text.strncmp  0x80017664      0x140 /home/abby/opt/gcc-arm-none-eabi-4_7-2012q4//arm-none-eabi/lib//libc.a(lib_a-strncmp.o)
                0x80017664                strncmp
 .text          0x800177a4      0x114 /home/abby/opt/gcc-arm-none-eabi-4_7-2012q4//lib/gcc/arm-none-eabi/4.7.3//libgcc.a(_udivsi3.o)
                0x800177a4                __udivsi3
                0x800177a4                __aeabi_uidiv
                0x80017898                __aeabi_uidivmod
 .text          0x800178b8      0x148 /home/abby/opt/gcc-arm-none-eabi-4_7-2012q4//lib/gcc/arm-none-eabi/4.7.3//libgcc.a(_divsi3.o)
                0x800178b8                __aeabi_idiv
                0x800178b8                __divsi3
                0x800179e0                __aeabi_idivmod
 .text          0x80017a00        0x4 /home/abby/opt/gcc-arm-none-eabi-4_7-2012q4//lib/gcc/arm-none-eabi/4.7.3//libgcc.a(_dvmd_tls.o)
                0x80017a00                __aeabi_ldiv0
                0x80017a00                __aeabi_idiv0
 .text.DMTimerEnable
                0x80017a04       0x6c ../../../../../..//binary/armv7a/gcc/am335x/drivers/Debug/libdrivers.a(dmtimer.o)
                0x80017a04                DMTimerEnable
 .text.DMTimerDisable
                0x80017a70       0x6c ../../../../../..//binary/armv7a/gcc/am335x/drivers/Debug/libdrivers.a(dmtimer.o)
                0x80017a70                DMTimerDisable
 .text.DMTimerModeConfigure
                0x80017adc       0xcc ../../../../../..//binary/armv7a/gcc/am335x/drivers/Debug/libdrivers.a(dmtimer.o)
                0x80017adc                DMTimerModeConfigure
 .text.DMTimerCounterSet
                0x80017ba8       0x64 ../../../../../..//binary/armv7a/gcc/am335x/drivers/Debug/libdrivers.a(dmtimer.o)
                0x80017ba8                DMTimerCounterSet
 .text.DMTimerIntStatusClear
                0x80017c0c       0x34 ../../../../../..//binary/armv7a/gcc/am335x/drivers/Debug/libdrivers.a(dmtimer.o)
                0x80017c0c                DMTimerIntStatusClear
 .text.DMTimerIntEnable
                0x80017c40       0x34 ../../../../../..//binary/armv7a/gcc/am335x/drivers/Debug/libdrivers.a(dmtimer.o)
                0x80017c40                DMTimerIntEnable
 .text.DMTimerIntDisable
                0x80017c74       0x34 ../../../../../..//binary/armv7a/gcc/am335x/drivers/Debug/libdrivers.a(dmtimer.o)
                0x80017c74                DMTimerIntDisable
 .text.DMTimerWritePostedStatusGet
                0x80017ca8       0x2c ../../../../../..//binary/armv7a/gcc/am335x/drivers/Debug/libdrivers.a(dmtimer.o)
                0x80017ca8                DMTimerWritePostedStatusGet
 .text.UARTOperatingModeSelect
                0x80017cd4       0x84 ../../../../../..//binary/armv7a/gcc/am335x/drivers/Debug/libdrivers.a(uart_irda_cir.o)
                0x80017cd4                UARTOperatingModeSelect
 .text.UARTDivisorValCompute
                0x80017d58      0x104 ../../../../../..//binary/armv7a/gcc/am335x/drivers/Debug/libdrivers.a(uart_irda_cir.o)
                0x80017d58                UARTDivisorValCompute
 .text.UARTDivisorLatchWrite
                0x80017e5c      0x210 ../../../../../..//binary/armv7a/gcc/am335x/drivers/Debug/libdrivers.a(uart_irda_cir.o)
                0x80017e5c                UARTDivisorLatchWrite
 .text.UARTDivisorLatchDisable
                0x8001806c       0x38 ../../../../../..//binary/armv7a/gcc/am335x/drivers/Debug/libdrivers.a(uart_irda_cir.o)
                0x8001806c                UARTDivisorLatchDisable
 .text.UARTRegConfigModeEnable
                0x800180a4       0x9c ../../../../../..//binary/armv7a/gcc/am335x/drivers/Debug/libdrivers.a(uart_irda_cir.o)
                0x800180a4                UARTRegConfigModeEnable
 .text.UARTBreakCtl
                0x80018140       0x60 ../../../../../..//binary/armv7a/gcc/am335x/drivers/Debug/libdrivers.a(uart_irda_cir.o)
                0x80018140                UARTBreakCtl
 .text.UARTLineCharacConfig
                0x800181a0       0xa4 ../../../../../..//binary/armv7a/gcc/am335x/drivers/Debug/libdrivers.a(uart_irda_cir.o)
                0x800181a0                UARTLineCharacConfig
 .text.UARTFIFOConfig
                0x80018244      0x480 ../../../../../..//binary/armv7a/gcc/am335x/drivers/Debug/libdrivers.a(uart_irda_cir.o)
                0x80018244                UARTFIFOConfig
 .text.UARTFIFORegisterWrite
                0x800186c4       0xc0 ../../../../../..//binary/armv7a/gcc/am335x/drivers/Debug/libdrivers.a(uart_irda_cir.o)
                0x800186c4                UARTFIFORegisterWrite
 .text.UARTEnhanFuncEnable
                0x80018784       0x88 ../../../../../..//binary/armv7a/gcc/am335x/drivers/Debug/libdrivers.a(uart_irda_cir.o)
                0x80018784                UARTEnhanFuncEnable
 .text.UARTEnhanFuncBitValRestore
                0x8001880c       0x8c ../../../../../..//binary/armv7a/gcc/am335x/drivers/Debug/libdrivers.a(uart_irda_cir.o)
                0x8001880c                UARTEnhanFuncBitValRestore
 .text.UARTSubConfigTCRTLRModeEn
                0x80018898      0x124 ../../../../../..//binary/armv7a/gcc/am335x/drivers/Debug/libdrivers.a(uart_irda_cir.o)
                0x80018898                UARTSubConfigTCRTLRModeEn
 .text.UARTTCRTLRBitValRestore
                0x800189bc      0x128 ../../../../../..//binary/armv7a/gcc/am335x/drivers/Debug/libdrivers.a(uart_irda_cir.o)
                0x800189bc                UARTTCRTLRBitValRestore
 .text.UARTCharGet
                0x80018ae4       0x84 ../../../../../..//binary/armv7a/gcc/am335x/drivers/Debug/libdrivers.a(uart_irda_cir.o)
                0x80018ae4                UARTCharGet
 .text.UARTCharPut
                0x80018b68       0x78 ../../../../../..//binary/armv7a/gcc/am335x/drivers/Debug/libdrivers.a(uart_irda_cir.o)
                0x80018b68                UARTCharPut
 .text.UARTModuleReset
                0x80018be0       0x54 ../../../../../..//binary/armv7a/gcc/am335x/drivers/Debug/libdrivers.a(uart_irda_cir.o)
                0x80018be0                UARTModuleReset
 *(.rodata*)
 .rodata        0x80018c34      0x414 Debug/enetLwip.o
 .rodata.data__img_sics_gif
                0x80019048      0x350 Debug/httpd.o
 .rodata.data__404_html
                0x80019398      0x2b8 Debug/httpd.o
 .rodata.data__index_html
                0x80019650      0x6a8 Debug/httpd.o
 .rodata.file__img_sics_gif
                0x80019cf8       0x14 Debug/httpd.o
                0x80019cf8                file__img_sics_gif
 .rodata.file__404_html
                0x80019d0c       0x14 Debug/httpd.o
                0x80019d0c                file__404_html
 .rodata.file__index_html
                0x80019d20       0x14 Debug/httpd.o
                0x80019d20                file__index_html
 .rodata        0x80019d34       0x2c Debug/httpd.o
 .rodata.memp_sizes
                0x80019d60       0x10 Debug/lwiplib.o
 .rodata.memp_num
                0x80019d70       0x10 Debug/lwiplib.o
 .rodata.memp_bases
                0x80019d80       0x1c Debug/lwiplib.o
 .rodata        0x80019d9c      0x510 Debug/lwiplib.o
 .rodata.tcp_pcb_lists
                0x8001a2ac       0x10 Debug/lwiplib.o
                0x8001a2ac                tcp_pcb_lists
 .rodata.ip_addr_any
                0x8001a2bc        0x4 Debug/lwiplib.o
                0x8001a2bc                ip_addr_any
 .rodata.ip_addr_broadcast
                0x8001a2c0        0x4 Debug/lwiplib.o
                0x8001a2c0                ip_addr_broadcast
 .rodata.ethbroadcast
                0x8001a2c4        0x8 Debug/lwiplib.o
                0x8001a2c4                ethbroadcast
 .rodata.ethzero
                0x8001a2cc        0x8 Debug/lwiplib.o
                0x8001a2cc                ethzero
 .rodata        0x8001a2d4       0x50 ../../../../../..//binary/armv7a/gcc/utils/Debug/libutils.a(consoleUtils.o)
 .rodata        0x8001a324       0x60 ../../../../../..//binary/armv7a/gcc/utils/Debug/libutils.a(uartStdio.o)
 .rodata.g_pcHex
                0x8001a384        0x4 ../../../../../..//binary/armv7a/gcc/utils/Debug/libutils.a(uartStdio.o)
 .rodata.AM335X_VECTOR_BASE
                0x8001a388        0x4 ../../../../../..//binary/armv7a/gcc/am335x/system_config/Debug/libsystem_config.a(startup.o)
                0x8001a388                AM335X_VECTOR_BASE
 .rodata.vecTbl
                0x8001a38c       0x38 ../../../../../..//binary/armv7a/gcc/am335x/system_config/Debug/libsystem_config.a(startup.o)

.glue_7         0x8001a3c4        0x0
 .glue_7        0x00000000        0x0 linker stubs

.glue_7t        0x8001a3c4        0x0
 .glue_7t       0x00000000        0x0 linker stubs

.vfp11_veneer   0x8001a3c4        0x0
 .vfp11_veneer  0x00000000        0x0 linker stubs

.v4_bx          0x8001a3c4        0x0
 .v4_bx         0x00000000        0x0 linker stubs

.iplt           0x8001a3c4        0x0
 .iplt          0x00000000        0x0 Debug/enetLwip.o

.rel.dyn        0x8001a3c4        0x0
 .rel.iplt      0x00000000        0x0 Debug/enetLwip.o

.data           0x8001a3c4       0x10
                0x8001a3c4                . = ALIGN (0x4)
 *(.data*)
 .data.iss.6166
                0x8001a3c4        0x4 Debug/lwiplib.o
 .data.port.6030
                0x8001a3c8        0x2 Debug/lwiplib.o
 *fill*         0x8001a3ca        0x2 00
 .data.xid.5446
                0x8001a3cc        0x4 Debug/lwiplib.o
 .data.flagIsr  0x8001a3d0        0x4 ../../../../../..//binary/armv7a/gcc/am335x/beaglebone/platform/Debug/libplatform.a(sysdelay.o)

.igot.plt       0x8001a3d4        0x0
 .igot.plt      0x00000000        0x0 Debug/enetLwip.o

.bss            0x8001c000    0x7504c
                0x8001c000                . = ALIGN (0x4)
                0x8001c000                _bss_start = .
 *(.bss*)
 .bss.pageTable
                0x8001c000     0x4000 Debug/enetLwip.o
 .bss.cpswPhyParam
                0x80020000       0x14 Debug/enetLwip.o
 .bss.cpswConfig
                0x80020014       0x10 Debug/enetLwip.o
 .bss.ram       0x80020024        0x4 Debug/lwiplib.o
 .bss.ram_end   0x80020028        0x4 Debug/lwiplib.o
 .bss.lfree     0x8002002c        0x4 Debug/lwiplib.o
 .bss.memp_tab  0x80020030       0x1c Debug/lwiplib.o
 .bss.raw_pcbs  0x8002004c        0x4 Debug/lwiplib.o
 .bss.inseg     0x80020050       0x10 Debug/lwiplib.o
 .bss.tcphdr    0x80020060        0x4 Debug/lwiplib.o
 .bss.iphdr     0x80020064        0x4 Debug/lwiplib.o
 .bss.seqno     0x80020068        0x4 Debug/lwiplib.o
 .bss.ackno     0x8002006c        0x4 Debug/lwiplib.o
 .bss.flags     0x80020070        0x1 Debug/lwiplib.o
 *fill*         0x80020071        0x1 00
 .bss.tcplen    0x80020072        0x2 Debug/lwiplib.o
 .bss.recv_flags
                0x80020074        0x1 Debug/lwiplib.o
 *fill*         0x80020075        0x3 00
 .bss.recv_data
                0x80020078        0x4 Debug/lwiplib.o
 .bss.ip_id     0x8002007c        0x2 Debug/lwiplib.o
 *fill*         0x8002007e        0x2 00
 .bss.arp_table
                0x80020080       0xa0 Debug/lwiplib.o
 .bss.etharp_cached_entry
                0x80020120        0x1 Debug/lwiplib.o
 *fill*         0x80020121        0x3 00
 .bss.cpsw_inst_data
                0x80020124       0x5c Debug/lwiplib.o
 .bss.cpswNetIF
                0x80020180       0x68 Debug/lwiplib.o
 .bss.cpswPortIf
                0x800201e8       0x20 Debug/lwiplib.o
 .bss.lwipInitFlag.7715
                0x80020208        0x4 Debug/lwiplib.o
 .bss.inst_init_flag.7598
                0x8002020c        0x4 Debug/lwiplib.o
 .bss.netifnum.5649
                0x80020210        0x1 Debug/lwiplib.o
 .bss.ConsoleType
                0x80020211        0x1 ../../../../../..//binary/armv7a/gcc/utils/Debug/libutils.a(consoleUtils.o)
 *(COMMON)
 *fill*         0x80020212       0x2e 00
 COMMON         0x80020240    0x70c0c Debug/lwiplib.o
                0x80020240                current_iphdr_src
                0x80020244                netif_list
                0x80020248                cpdma_tx_bd
                0x8002025c                cpswportif
                0x8002026c                rxch
                0x8002027c                tcp_active_pcbs
                0x80020280                udp_pcbs
                0x80020284                current_netif
                0x80020288                tcp_ticks
                0x8002028c                tcp_listen_pcbs
                0x80020290                memp_memory_RAW_PCB_base
                0x80020300                memp_memory_TCP_SEG_base
                0x80020400                current_iphdr_dest
                0x80020440                memp_memory_PBUF_POOL_base
                0x8006f040                free_head
                0x8006f044                tcp_tmp_pcb
                0x8006f048                tcp_input_pcb
                0x8006f04c                current_header
                0x8006f050                dhcp_rx_options_given
                0x8006f05c                memp_memory_PBUF_base
                0x8006f65c                tcp_bound_pcbs
                0x8006f660                memp_memory_TCP_PCB_LISTEN_base
                0x8006f760                txch
                0x8006f770                cpswinst
                0x8006f7cc                memp_memory_UDP_PCB_base
                0x8006f84c                cpdma_rx_bd
                0x8006f860                tcp_tw_pcbs
                0x8006f864                lwip_stats
                0x8006f974                netif_default
                0x8006f978                dhcp_rx_options_val
                0x8006f9a0                memp_memory_TCP_PCB_base
                0x80070e20                ram_heap
                0x80090e3c                cpswport
 COMMON         0x80090e4c      0x200 ../../../../../..//binary/armv7a/gcc/am335x/system_config/Debug/libsystem_config.a(interrupt.o)
                0x80090e4c                fnRAMVectors
                0x8009104c                _bss_end = .

.heap           0x8009104c      0x800
                0x8009104c                . = ALIGN (0x4)
                0x8009104c                __end__ = .
                0x8009104c                end = __end__
                0x8009104c                __HeapBase = __end__
 *(.heap*)
                0x8009184c                . = (. + 0x800)
 *fill*         0x8009104c      0x800 00
                0x8009184c                __HeapLimit = .

.stack          0x8009184c  0x7fffff8
                0x8009184c                . = ALIGN (0x4)
                0x8009184c                __StackLimit = .
 *(.stack*)
                0x88091844                . = (. + 0x7fffff8)
 *fill*         0x8009184c  0x7fffff8 00
                0x88091844                __StackTop = .
                0x88091844                _stack = __StackTop
OUTPUT(Debug/enetLwip.out elf32-littlearm)

.debug_info     0x00000000     0xcdd2
 .debug_info    0x00000000      0x5bb Debug/enetLwip.o
 .debug_info    0x000005bb      0xc76 Debug/httpd.o
 .debug_info    0x00001231     0x6b9f Debug/lwiplib.o
 .debug_info    0x00007dd0     0x131b ../../../../../..//binary/armv7a/gcc/am335x/drivers/Debug/libdrivers.a(cpsw.o)
 .debug_info    0x000090eb      0x237 ../../../../../..//binary/armv7a/gcc/am335x/drivers/Debug/libdrivers.a(mdio.o)
 .debug_info    0x00009322      0x40c ../../../../../..//binary/armv7a/gcc/am335x/drivers/Debug/libdrivers.a(phy.o)
 .debug_info    0x0000972e      0x29a ../../../../../..//binary/armv7a/gcc/utils/Debug/libutils.a(consoleUtils.o)
 .debug_info    0x000099c8       0xc8 ../../../../../..//binary/armv7a/gcc/utils/Debug/libutils.a(delay.o)
 .debug_info    0x00009a90      0x69a ../../../../../..//binary/armv7a/gcc/utils/Debug/libutils.a(uartStdio.o)
 .debug_info    0x0000a12a      0x289 ../../../../../..//binary/armv7a/gcc/utils/Debug/libutils.a(ascii.o)
 .debug_info    0x0000a3b3       0xbe ../../../../../..//binary/armv7a/gcc/am335x/beaglebone/platform/Debug/libplatform.a(cpsw.o)
 .debug_info    0x0000a471      0x11e ../../../../../..//binary/armv7a/gcc/am335x/beaglebone/platform/Debug/libplatform.a(sysdelay.o)
 .debug_info    0x0000a58f      0x156 ../../../../../..//binary/armv7a/gcc/am335x/beaglebone/platform/Debug/libplatform.a(uartConsole.o)
 .debug_info    0x0000a6e5       0xd3 ../../../../../..//binary/armv7a/gcc/am335x/beaglebone/platform/Debug/libplatform.a(dmtimer.o)
 .debug_info    0x0000a7b8       0x7e ../../../../../..//binary/armv7a/gcc/am335x/beaglebone/platform/Debug/libplatform.a(uart.o)
 .debug_info    0x0000a836      0x1b3 ../../../../../..//binary/armv7a/gcc/am335x/system_config/Debug/libsystem_config.a(cache.o)
 .debug_info    0x0000a9e9       0x8d ../../../../../..//binary/armv7a/gcc/am335x/system_config/Debug/libsystem_config.a(cp15.o)
 .debug_info    0x0000aa76       0x8d ../../../../../..//binary/armv7a/gcc/am335x/system_config/Debug/libsystem_config.a(init.o)
 .debug_info    0x0000ab03      0x46f ../../../../../..//binary/armv7a/gcc/am335x/system_config/Debug/libsystem_config.a(interrupt.o)
 .debug_info    0x0000af72      0x16d ../../../../../..//binary/armv7a/gcc/am335x/system_config/Debug/libsystem_config.a(mmu.o)
 .debug_info    0x0000b0df       0xe0 ../../../../../..//binary/armv7a/gcc/am335x/system_config/Debug/libsystem_config.a(startup.o)
 .debug_info    0x0000b1bf       0xf8 ../../../../../..//binary/armv7a/gcc/am335x/system_config/Debug/libsystem_config.a(cpu.o)
 .debug_info    0x0000b2b7       0xa0 ../../../../../..//binary/armv7a/gcc/am335x/system_config/Debug/libsystem_config.a(exceptionhandler.o)
 .debug_info    0x0000b357      0x5d0 ../../../../../..//binary/armv7a/gcc/am335x/drivers/Debug/libdrivers.a(dmtimer.o)
 .debug_info    0x0000b927     0x14ab ../../../../../..//binary/armv7a/gcc/am335x/drivers/Debug/libdrivers.a(uart_irda_cir.o)

.debug_abbrev   0x00000000     0x1918
 .debug_abbrev  0x00000000      0x1c0 Debug/enetLwip.o
 .debug_abbrev  0x000001c0      0x249 Debug/httpd.o
 .debug_abbrev  0x00000409      0x460 Debug/lwiplib.o
 .debug_abbrev  0x00000869      0x168 ../../../../../..//binary/armv7a/gcc/am335x/drivers/Debug/libdrivers.a(cpsw.o)
 .debug_abbrev  0x000009d1       0xe2 ../../../../../..//binary/armv7a/gcc/am335x/drivers/Debug/libdrivers.a(mdio.o)
 .debug_abbrev  0x00000ab3       0xce ../../../../../..//binary/armv7a/gcc/am335x/drivers/Debug/libdrivers.a(phy.o)
 .debug_abbrev  0x00000b81      0x156 ../../../../../..//binary/armv7a/gcc/utils/Debug/libutils.a(consoleUtils.o)
 .debug_abbrev  0x00000cd7       0x92 ../../../../../..//binary/armv7a/gcc/utils/Debug/libutils.a(delay.o)
 .debug_abbrev  0x00000d69      0x186 ../../../../../..//binary/armv7a/gcc/utils/Debug/libutils.a(uartStdio.o)
 .debug_abbrev  0x00000eef       0xce ../../../../../..//binary/armv7a/gcc/utils/Debug/libutils.a(ascii.o)
 .debug_abbrev  0x00000fbd       0x6b ../../../../../..//binary/armv7a/gcc/am335x/beaglebone/platform/Debug/libplatform.a(cpsw.o)
 .debug_abbrev  0x00001028       0xa8 ../../../../../..//binary/armv7a/gcc/am335x/beaglebone/platform/Debug/libplatform.a(sysdelay.o)
 .debug_abbrev  0x000010d0       0xa3 ../../../../../..//binary/armv7a/gcc/am335x/beaglebone/platform/Debug/libplatform.a(uartConsole.o)
 .debug_abbrev  0x00001173       0x7a ../../../../../..//binary/armv7a/gcc/am335x/beaglebone/platform/Debug/libplatform.a(dmtimer.o)
 .debug_abbrev  0x000011ed       0x62 ../../../../../..//binary/armv7a/gcc/am335x/beaglebone/platform/Debug/libplatform.a(uart.o)
 .debug_abbrev  0x0000124f       0x7a ../../../../../..//binary/armv7a/gcc/am335x/system_config/Debug/libsystem_config.a(cache.o)
 .debug_abbrev  0x000012c9       0x14 ../../../../../..//binary/armv7a/gcc/am335x/system_config/Debug/libsystem_config.a(cp15.o)
 .debug_abbrev  0x000012dd       0x14 ../../../../../..//binary/armv7a/gcc/am335x/system_config/Debug/libsystem_config.a(init.o)
 .debug_abbrev  0x000012f1      0x1c2 ../../../../../..//binary/armv7a/gcc/am335x/system_config/Debug/libsystem_config.a(interrupt.o)
 .debug_abbrev  0x000014b3       0xd9 ../../../../../..//binary/armv7a/gcc/am335x/system_config/Debug/libsystem_config.a(mmu.o)
 .debug_abbrev  0x0000158c       0xa4 ../../../../../..//binary/armv7a/gcc/am335x/system_config/Debug/libsystem_config.a(startup.o)
 .debug_abbrev  0x00001630       0x64 ../../../../../..//binary/armv7a/gcc/am335x/system_config/Debug/libsystem_config.a(cpu.o)
 .debug_abbrev  0x00001694       0x14 ../../../../../..//binary/armv7a/gcc/am335x/system_config/Debug/libsystem_config.a(exceptionhandler.o)
 .debug_abbrev  0x000016a8      0x122 ../../../../../..//binary/armv7a/gcc/am335x/drivers/Debug/libdrivers.a(dmtimer.o)
 .debug_abbrev  0x000017ca      0x14e ../../../../../..//binary/armv7a/gcc/am335x/drivers/Debug/libdrivers.a(uart_irda_cir.o)

.debug_loc      0x00000000     0x5cc8
 .debug_loc     0x00000000      0x160 Debug/enetLwip.o
 .debug_loc     0x00000160      0x210 Debug/httpd.o
 .debug_loc     0x00000370     0x24f4 Debug/lwiplib.o
 .debug_loc     0x00002864      0xce4 ../../../../../..//binary/armv7a/gcc/am335x/drivers/Debug/libdrivers.a(cpsw.o)
 .debug_loc     0x00003548      0x134 ../../../../../..//binary/armv7a/gcc/am335x/drivers/Debug/libdrivers.a(mdio.o)
 .debug_loc     0x0000367c      0x1e4 ../../../../../..//binary/armv7a/gcc/am335x/drivers/Debug/libdrivers.a(phy.o)
 .debug_loc     0x00003860      0x178 ../../../../../..//binary/armv7a/gcc/utils/Debug/libutils.a(consoleUtils.o)
 .debug_loc     0x000039d8       0xdc ../../../../../..//binary/armv7a/gcc/utils/Debug/libutils.a(delay.o)
 .debug_loc     0x00003ab4      0x274 ../../../../../..//binary/armv7a/gcc/utils/Debug/libutils.a(uartStdio.o)
 .debug_loc     0x00003d28      0x108 ../../../../../..//binary/armv7a/gcc/utils/Debug/libutils.a(ascii.o)
 .debug_loc     0x00003e30       0xb0 ../../../../../..//binary/armv7a/gcc/am335x/beaglebone/platform/Debug/libplatform.a(cpsw.o)
 .debug_loc     0x00003ee0      0x108 ../../../../../..//binary/armv7a/gcc/am335x/beaglebone/platform/Debug/libplatform.a(sysdelay.o)
 .debug_loc     0x00003fe8      0x108 ../../../../../..//binary/armv7a/gcc/am335x/beaglebone/platform/Debug/libplatform.a(uartConsole.o)
 .debug_loc     0x000040f0      0x108 ../../../../../..//binary/armv7a/gcc/am335x/beaglebone/platform/Debug/libplatform.a(dmtimer.o)
 .debug_loc     0x000041f8       0x58 ../../../../../..//binary/armv7a/gcc/am335x/beaglebone/platform/Debug/libplatform.a(uart.o)
 .debug_loc     0x00004250      0x1b8 ../../../../../..//binary/armv7a/gcc/am335x/system_config/Debug/libsystem_config.a(cache.o)
 .debug_loc     0x00004408      0x554 ../../../../../..//binary/armv7a/gcc/am335x/system_config/Debug/libsystem_config.a(interrupt.o)
 .debug_loc     0x0000495c       0x84 ../../../../../..//binary/armv7a/gcc/am335x/system_config/Debug/libsystem_config.a(mmu.o)
 .debug_loc     0x000049e0       0x58 ../../../../../..//binary/armv7a/gcc/am335x/system_config/Debug/libsystem_config.a(startup.o)
 .debug_loc     0x00004a38      0x160 ../../../../../..//binary/armv7a/gcc/am335x/system_config/Debug/libsystem_config.a(cpu.o)
 .debug_loc     0x00004b98      0x478 ../../../../../..//binary/armv7a/gcc/am335x/drivers/Debug/libdrivers.a(dmtimer.o)
 .debug_loc     0x00005010      0xcb8 ../../../../../..//binary/armv7a/gcc/am335x/drivers/Debug/libdrivers.a(uart_irda_cir.o)

.debug_aranges  0x00000000     0x1348
 .debug_aranges
                0x00000000       0x58 Debug/enetLwip.o
 .debug_aranges
                0x00000058       0x78 Debug/httpd.o
 .debug_aranges
                0x000000d0      0x6d0 Debug/lwiplib.o
 .debug_aranges
                0x000007a0      0x270 ../../../../../..//binary/armv7a/gcc/am335x/drivers/Debug/libdrivers.a(cpsw.o)
 .debug_aranges
                0x00000a10       0x50 ../../../../../..//binary/armv7a/gcc/am335x/drivers/Debug/libdrivers.a(mdio.o)
 .debug_aranges
                0x00000a60       0x70 ../../../../../..//binary/armv7a/gcc/am335x/drivers/Debug/libdrivers.a(phy.o)
 .debug_aranges
                0x00000ad0       0x58 ../../../../../..//binary/armv7a/gcc/utils/Debug/libutils.a(consoleUtils.o)
 .debug_aranges
                0x00000b28       0x40 ../../../../../..//binary/armv7a/gcc/utils/Debug/libutils.a(delay.o)
 .debug_aranges
                0x00000b68       0x88 ../../../../../..//binary/armv7a/gcc/utils/Debug/libutils.a(uartStdio.o)
 .debug_aranges
                0x00000bf0       0x48 ../../../../../..//binary/armv7a/gcc/utils/Debug/libutils.a(ascii.o)
 .debug_aranges
                0x00000c38       0x38 ../../../../../..//binary/armv7a/gcc/am335x/beaglebone/platform/Debug/libplatform.a(cpsw.o)
 .debug_aranges
                0x00000c70       0x48 ../../../../../..//binary/armv7a/gcc/am335x/beaglebone/platform/Debug/libplatform.a(sysdelay.o)
 .debug_aranges
                0x00000cb8       0x48 ../../../../../..//binary/armv7a/gcc/am335x/beaglebone/platform/Debug/libplatform.a(uartConsole.o)
 .debug_aranges
                0x00000d00       0x48 ../../../../../..//binary/armv7a/gcc/am335x/beaglebone/platform/Debug/libplatform.a(dmtimer.o)
 .debug_aranges
                0x00000d48       0x28 ../../../../../..//binary/armv7a/gcc/am335x/beaglebone/platform/Debug/libplatform.a(uart.o)
 .debug_aranges
                0x00000d70       0x68 ../../../../../..//binary/armv7a/gcc/am335x/system_config/Debug/libsystem_config.a(cache.o)
 .debug_aranges
                0x00000dd8       0x20 ../../../../../..//binary/armv7a/gcc/am335x/system_config/Debug/libsystem_config.a(cp15.o)
 .debug_aranges
                0x00000df8       0x20 ../../../../../..//binary/armv7a/gcc/am335x/system_config/Debug/libsystem_config.a(init.o)
 .debug_aranges
                0x00000e18      0x110 ../../../../../..//binary/armv7a/gcc/am335x/system_config/Debug/libsystem_config.a(interrupt.o)
 .debug_aranges
                0x00000f28       0x30 ../../../../../..//binary/armv7a/gcc/am335x/system_config/Debug/libsystem_config.a(mmu.o)
 .debug_aranges
                0x00000f58       0x28 ../../../../../..//binary/armv7a/gcc/am335x/system_config/Debug/libsystem_config.a(startup.o)
 .debug_aranges
                0x00000f80       0x58 ../../../../../..//binary/armv7a/gcc/am335x/system_config/Debug/libsystem_config.a(cpu.o)
 .debug_aranges
                0x00000fd8       0x20 ../../../../../..//binary/armv7a/gcc/am335x/system_config/Debug/libsystem_config.a(exceptionhandler.o)
 .debug_aranges
                0x00000ff8       0xe8 ../../../../../..//binary/armv7a/gcc/am335x/drivers/Debug/libdrivers.a(dmtimer.o)
 .debug_aranges
                0x000010e0      0x268 ../../../../../..//binary/armv7a/gcc/am335x/drivers/Debug/libdrivers.a(uart_irda_cir.o)

.debug_ranges   0x00000000     0x1218
 .debug_ranges  0x00000000       0x48 Debug/enetLwip.o
 .debug_ranges  0x00000048       0x68 Debug/httpd.o
 .debug_ranges  0x000000b0      0x750 Debug/lwiplib.o
 .debug_ranges  0x00000800      0x260 ../../../../../..//binary/armv7a/gcc/am335x/drivers/Debug/libdrivers.a(cpsw.o)
 .debug_ranges  0x00000a60       0x40 ../../../../../..//binary/armv7a/gcc/am335x/drivers/Debug/libdrivers.a(mdio.o)
 .debug_ranges  0x00000aa0       0x60 ../../../../../..//binary/armv7a/gcc/am335x/drivers/Debug/libdrivers.a(phy.o)
 .debug_ranges  0x00000b00       0x48 ../../../../../..//binary/armv7a/gcc/utils/Debug/libutils.a(consoleUtils.o)
 .debug_ranges  0x00000b48       0x30 ../../../../../..//binary/armv7a/gcc/utils/Debug/libutils.a(delay.o)
 .debug_ranges  0x00000b78       0x78 ../../../../../..//binary/armv7a/gcc/utils/Debug/libutils.a(uartStdio.o)
 .debug_ranges  0x00000bf0       0x38 ../../../../../..//binary/armv7a/gcc/utils/Debug/libutils.a(ascii.o)
 .debug_ranges  0x00000c28       0x28 ../../../../../..//binary/armv7a/gcc/am335x/beaglebone/platform/Debug/libplatform.a(cpsw.o)
 .debug_ranges  0x00000c50       0x38 ../../../../../..//binary/armv7a/gcc/am335x/beaglebone/platform/Debug/libplatform.a(sysdelay.o)
 .debug_ranges  0x00000c88       0x38 ../../../../../..//binary/armv7a/gcc/am335x/beaglebone/platform/Debug/libplatform.a(uartConsole.o)
 .debug_ranges  0x00000cc0       0x38 ../../../../../..//binary/armv7a/gcc/am335x/beaglebone/platform/Debug/libplatform.a(dmtimer.o)
 .debug_ranges  0x00000cf8       0x18 ../../../../../..//binary/armv7a/gcc/am335x/beaglebone/platform/Debug/libplatform.a(uart.o)
 .debug_ranges  0x00000d10       0x58 ../../../../../..//binary/armv7a/gcc/am335x/system_config/Debug/libsystem_config.a(cache.o)
 .debug_ranges  0x00000d68      0x100 ../../../../../..//binary/armv7a/gcc/am335x/system_config/Debug/libsystem_config.a(interrupt.o)
 .debug_ranges  0x00000e68       0x20 ../../../../../..//binary/armv7a/gcc/am335x/system_config/Debug/libsystem_config.a(mmu.o)
 .debug_ranges  0x00000e88       0x18 ../../../../../..//binary/armv7a/gcc/am335x/system_config/Debug/libsystem_config.a(startup.o)
 .debug_ranges  0x00000ea0       0x48 ../../../../../..//binary/armv7a/gcc/am335x/system_config/Debug/libsystem_config.a(cpu.o)
 .debug_ranges  0x00000ee8       0xd8 ../../../../../..//binary/armv7a/gcc/am335x/drivers/Debug/libdrivers.a(dmtimer.o)
 .debug_ranges  0x00000fc0      0x258 ../../../../../..//binary/armv7a/gcc/am335x/drivers/Debug/libdrivers.a(uart_irda_cir.o)

.debug_line     0x00000000     0x6a2c
 .debug_line    0x00000000      0x29e Debug/enetLwip.o
 .debug_line    0x0000029e      0x324 Debug/httpd.o
 .debug_line    0x000005c2     0x36db Debug/lwiplib.o
 .debug_line    0x00003c9d      0x714 ../../../../../..//binary/armv7a/gcc/am335x/drivers/Debug/libdrivers.a(cpsw.o)
 .debug_line    0x000043b1      0x10d ../../../../../..//binary/armv7a/gcc/am335x/drivers/Debug/libdrivers.a(mdio.o)
 .debug_line    0x000044be      0x14e ../../../../../..//binary/armv7a/gcc/am335x/drivers/Debug/libdrivers.a(phy.o)
 .debug_line    0x0000460c      0x19b ../../../../../..//binary/armv7a/gcc/utils/Debug/libutils.a(consoleUtils.o)
 .debug_line    0x000047a7       0x94 ../../../../../..//binary/armv7a/gcc/utils/Debug/libutils.a(delay.o)
 .debug_line    0x0000483b      0x632 ../../../../../..//binary/armv7a/gcc/utils/Debug/libutils.a(uartStdio.o)
 .debug_line    0x00004e6d      0x1a6 ../../../../../..//binary/armv7a/gcc/utils/Debug/libutils.a(ascii.o)
 .debug_line    0x00005013       0xda ../../../../../..//binary/armv7a/gcc/am335x/beaglebone/platform/Debug/libplatform.a(cpsw.o)
 .debug_line    0x000050ed       0xdb ../../../../../..//binary/armv7a/gcc/am335x/beaglebone/platform/Debug/libplatform.a(sysdelay.o)
 .debug_line    0x000051c8       0xd2 ../../../../../..//binary/armv7a/gcc/am335x/beaglebone/platform/Debug/libplatform.a(uartConsole.o)
 .debug_line    0x0000529a      0x304 ../../../../../..//binary/armv7a/gcc/am335x/beaglebone/platform/Debug/libplatform.a(dmtimer.o)
 .debug_line    0x0000559e      0x16a ../../../../../..//binary/armv7a/gcc/am335x/beaglebone/platform/Debug/libplatform.a(uart.o)
 .debug_line    0x00005708      0x10d ../../../../../..//binary/armv7a/gcc/am335x/system_config/Debug/libsystem_config.a(cache.o)
 .debug_line    0x00005815      0x18a ../../../../../..//binary/armv7a/gcc/am335x/system_config/Debug/libsystem_config.a(cp15.o)
 .debug_line    0x0000599f       0x93 ../../../../../..//binary/armv7a/gcc/am335x/system_config/Debug/libsystem_config.a(init.o)
 .debug_line    0x00005a32      0x2bb ../../../../../..//binary/armv7a/gcc/am335x/system_config/Debug/libsystem_config.a(interrupt.o)
 .debug_line    0x00005ced       0xda ../../../../../..//binary/armv7a/gcc/am335x/system_config/Debug/libsystem_config.a(mmu.o)
 .debug_line    0x00005dc7       0x96 ../../../../../..//binary/armv7a/gcc/am335x/system_config/Debug/libsystem_config.a(startup.o)
 .debug_line    0x00005e5d       0xde ../../../../../..//binary/armv7a/gcc/am335x/system_config/Debug/libsystem_config.a(cpu.o)
 .debug_line    0x00005f3b       0xb9 ../../../../../..//binary/armv7a/gcc/am335x/system_config/Debug/libsystem_config.a(exceptionhandler.o)
 .debug_line    0x00005ff4      0x2f7 ../../../../../..//binary/armv7a/gcc/am335x/drivers/Debug/libdrivers.a(dmtimer.o)
 .debug_line    0x000062eb      0x741 ../../../../../..//binary/armv7a/gcc/am335x/drivers/Debug/libdrivers.a(uart_irda_cir.o)

.debug_str      0x00000000     0x4739
 .debug_str     0x00000000      0x480 Debug/enetLwip.o
                                0x4b7 (size before relaxing)
 .debug_str     0x00000480      0x480 Debug/httpd.o
                                0x688 (size before relaxing)
 .debug_str     0x00000900     0x1b99 Debug/lwiplib.o
                               0x2290 (size before relaxing)
 .debug_str     0x00002499      0x908 ../../../../../..//binary/armv7a/gcc/am335x/drivers/Debug/libdrivers.a(cpsw.o)
                                0x97a (size before relaxing)
 .debug_str     0x00002da1       0xf1 ../../../../../..//binary/armv7a/gcc/am335x/drivers/Debug/libdrivers.a(mdio.o)
                                0x1b2 (size before relaxing)
 .debug_str     0x00002e92      0x107 ../../../../../..//binary/armv7a/gcc/am335x/drivers/Debug/libdrivers.a(phy.o)
                                0x1f7 (size before relaxing)
 .debug_str     0x00002f99      0x141 ../../../../../..//binary/armv7a/gcc/utils/Debug/libutils.a(consoleUtils.o)
                                0x26d (size before relaxing)
 .debug_str     0x000030da       0x2d ../../../../../..//binary/armv7a/gcc/utils/Debug/libutils.a(delay.o)
                                 0xe3 (size before relaxing)
 .debug_str     0x00003107      0x192 ../../../../../..//binary/armv7a/gcc/utils/Debug/libutils.a(uartStdio.o)
                                0x28a (size before relaxing)
 .debug_str     0x00003299       0xd8 ../../../../../..//binary/armv7a/gcc/utils/Debug/libutils.a(ascii.o)
                                0x174 (size before relaxing)
 .debug_str     0x00003371       0xba ../../../../../..//binary/armv7a/gcc/am335x/beaglebone/platform/Debug/libplatform.a(cpsw.o)
                                0x127 (size before relaxing)
 .debug_str     0x0000342b       0x97 ../../../../../..//binary/armv7a/gcc/am335x/beaglebone/platform/Debug/libplatform.a(sysdelay.o)
                                0x148 (size before relaxing)
 .debug_str     0x000034c2       0xd4 ../../../../../..//binary/armv7a/gcc/am335x/beaglebone/platform/Debug/libplatform.a(uartConsole.o)
                                0x181 (size before relaxing)
 .debug_str     0x00003596       0xcd ../../../../../..//binary/armv7a/gcc/am335x/beaglebone/platform/Debug/libplatform.a(dmtimer.o)
                                0x16c (size before relaxing)
 .debug_str     0x00003663       0x5f ../../../../../..//binary/armv7a/gcc/am335x/beaglebone/platform/Debug/libplatform.a(uart.o)
                                0x107 (size before relaxing)
 .debug_str     0x000036c2      0x14f ../../../../../..//binary/armv7a/gcc/am335x/system_config/Debug/libsystem_config.a(cache.o)
                                0x1af (size before relaxing)
 .debug_str     0x00003811      0x295 ../../../../../..//binary/armv7a/gcc/am335x/system_config/Debug/libsystem_config.a(interrupt.o)
                                0x363 (size before relaxing)
 .debug_str     0x00003aa6       0x69 ../../../../../..//binary/armv7a/gcc/am335x/system_config/Debug/libsystem_config.a(mmu.o)
                                0x146 (size before relaxing)
 .debug_str     0x00003b0f       0x6b ../../../../../..//binary/armv7a/gcc/am335x/system_config/Debug/libsystem_config.a(startup.o)
                                0x118 (size before relaxing)
 .debug_str     0x00003b7a       0x9a ../../../../../..//binary/armv7a/gcc/am335x/system_config/Debug/libsystem_config.a(cpu.o)
                                0x12a (size before relaxing)
 .debug_str     0x00003c14      0x2b6 ../../../../../..//binary/armv7a/gcc/am335x/drivers/Debug/libdrivers.a(dmtimer.o)
                                0x354 (size before relaxing)
 .debug_str     0x00003eca      0x86f ../../../../../..//binary/armv7a/gcc/am335x/drivers/Debug/libdrivers.a(uart_irda_cir.o)
                                0x94d (size before relaxing)

.comment        0x00000000       0x70
 .comment       0x00000000       0x70 Debug/enetLwip.o
                                 0x71 (size before relaxing)
 .comment       0x00000000       0x71 Debug/httpd.o
 .comment       0x00000000       0x71 Debug/lwiplib.o
 .comment       0x00000000       0x71 ../../../../../..//binary/armv7a/gcc/am335x/drivers/Debug/libdrivers.a(cpsw.o)
 .comment       0x00000000       0x71 ../../../../../..//binary/armv7a/gcc/am335x/drivers/Debug/libdrivers.a(mdio.o)
 .comment       0x00000000       0x71 ../../../../../..//binary/armv7a/gcc/am335x/drivers/Debug/libdrivers.a(phy.o)
 .comment       0x00000000       0x71 ../../../../../..//binary/armv7a/gcc/utils/Debug/libutils.a(consoleUtils.o)
 .comment       0x00000000       0x71 ../../../../../..//binary/armv7a/gcc/utils/Debug/libutils.a(delay.o)
 .comment       0x00000000       0x71 ../../../../../..//binary/armv7a/gcc/utils/Debug/libutils.a(uartStdio.o)
 .comment       0x00000000       0x71 ../../../../../..//binary/armv7a/gcc/utils/Debug/libutils.a(ascii.o)
 .comment       0x00000000       0x71 ../../../../../..//binary/armv7a/gcc/am335x/beaglebone/platform/Debug/libplatform.a(cpsw.o)
 .comment       0x00000000       0x71 ../../../../../..//binary/armv7a/gcc/am335x/beaglebone/platform/Debug/libplatform.a(sysdelay.o)
 .comment       0x00000000       0x71 ../../../../../..//binary/armv7a/gcc/am335x/beaglebone/platform/Debug/libplatform.a(uartConsole.o)
 .comment       0x00000000       0x71 ../../../../../..//binary/armv7a/gcc/am335x/beaglebone/platform/Debug/libplatform.a(dmtimer.o)
 .comment       0x00000000       0x71 ../../../../../..//binary/armv7a/gcc/am335x/beaglebone/platform/Debug/libplatform.a(uart.o)
 .comment       0x00000000       0x71 ../../../../../..//binary/armv7a/gcc/am335x/system_config/Debug/libsystem_config.a(cache.o)
 .comment       0x00000000       0x71 ../../../../../..//binary/armv7a/gcc/am335x/system_config/Debug/libsystem_config.a(interrupt.o)
 .comment       0x00000000       0x71 ../../../../../..//binary/armv7a/gcc/am335x/system_config/Debug/libsystem_config.a(mmu.o)
 .comment       0x00000000       0x71 ../../../../../..//binary/armv7a/gcc/am335x/system_config/Debug/libsystem_config.a(startup.o)
 .comment       0x00000000       0x71 ../../../../../..//binary/armv7a/gcc/am335x/system_config/Debug/libsystem_config.a(cpu.o)
 .comment       0x00000000       0x71 ../../../../../..//binary/armv7a/gcc/am335x/drivers/Debug/libdrivers.a(dmtimer.o)
 .comment       0x00000000       0x71 ../../../../../..//binary/armv7a/gcc/am335x/drivers/Debug/libdrivers.a(uart_irda_cir.o)

.ARM.attributes
                0x00000000       0x3b
 .ARM.attributes
                0x00000000       0x37 Debug/enetLwip.o
 .ARM.attributes
                0x00000037       0x37 Debug/httpd.o
 .ARM.attributes
                0x0000006e       0x37 Debug/lwiplib.o
 .ARM.attributes
                0x000000a5       0x37 ../../../../../..//binary/armv7a/gcc/am335x/drivers/Debug/libdrivers.a(cpsw.o)
 .ARM.attributes
                0x000000dc       0x37 ../../../../../..//binary/armv7a/gcc/am335x/drivers/Debug/libdrivers.a(mdio.o)
 .ARM.attributes
                0x00000113       0x37 ../../../../../..//binary/armv7a/gcc/am335x/drivers/Debug/libdrivers.a(phy.o)
 .ARM.attributes
                0x0000014a       0x37 ../../../../../..//binary/armv7a/gcc/utils/Debug/libutils.a(consoleUtils.o)
 .ARM.attributes
                0x00000181       0x37 ../../../../../..//binary/armv7a/gcc/utils/Debug/libutils.a(delay.o)
 .ARM.attributes
                0x000001b8       0x37 ../../../../../..//binary/armv7a/gcc/utils/Debug/libutils.a(uartStdio.o)
 .ARM.attributes
                0x000001ef       0x37 ../../../../../..//binary/armv7a/gcc/utils/Debug/libutils.a(ascii.o)
 .ARM.attributes
                0x00000226       0x37 ../../../../../..//binary/armv7a/gcc/am335x/beaglebone/platform/Debug/libplatform.a(cpsw.o)
 .ARM.attributes
                0x0000025d       0x37 ../../../../../..//binary/armv7a/gcc/am335x/beaglebone/platform/Debug/libplatform.a(sysdelay.o)
 .ARM.attributes
                0x00000294       0x37 ../../../../../..//binary/armv7a/gcc/am335x/beaglebone/platform/Debug/libplatform.a(uartConsole.o)
 .ARM.attributes
                0x000002cb       0x37 ../../../../../..//binary/armv7a/gcc/am335x/beaglebone/platform/Debug/libplatform.a(dmtimer.o)
 .ARM.attributes
                0x00000302       0x37 ../../../../../..//binary/armv7a/gcc/am335x/beaglebone/platform/Debug/libplatform.a(uart.o)
 .ARM.attributes
                0x00000339       0x3d ../../../../../..//binary/armv7a/gcc/am335x/system_config/Debug/libsystem_config.a(cache.o)
 .ARM.attributes
                0x00000376       0x23 ../../../../../..//binary/armv7a/gcc/am335x/system_config/Debug/libsystem_config.a(cp15.o)
 .ARM.attributes
                0x00000399       0x23 ../../../../../..//binary/armv7a/gcc/am335x/system_config/Debug/libsystem_config.a(init.o)
 .ARM.attributes
                0x000003bc       0x3d ../../../../../..//binary/armv7a/gcc/am335x/system_config/Debug/libsystem_config.a(interrupt.o)
 .ARM.attributes
                0x000003f9       0x3d ../../../../../..//binary/armv7a/gcc/am335x/system_config/Debug/libsystem_config.a(mmu.o)
 .ARM.attributes
                0x00000436       0x3d ../../../../../..//binary/armv7a/gcc/am335x/system_config/Debug/libsystem_config.a(startup.o)
 .ARM.attributes
                0x00000473       0x3d ../../../../../..//binary/armv7a/gcc/am335x/system_config/Debug/libsystem_config.a(cpu.o)
 .ARM.attributes
                0x000004b0       0x23 ../../../../../..//binary/armv7a/gcc/am335x/system_config/Debug/libsystem_config.a(exceptionhandler.o)
 .ARM.attributes
                0x000004d3       0x30 /home/abby/opt/gcc-arm-none-eabi-4_7-2012q4//arm-none-eabi/lib//libc.a(lib_a-memcpy.o)
 .ARM.attributes
                0x00000503       0x30 /home/abby/opt/gcc-arm-none-eabi-4_7-2012q4//arm-none-eabi/lib//libc.a(lib_a-memset.o)
 .ARM.attributes
                0x00000533       0x30 /home/abby/opt/gcc-arm-none-eabi-4_7-2012q4//arm-none-eabi/lib//libc.a(lib_a-strcmp.o)
 .ARM.attributes
                0x00000563       0x30 /home/abby/opt/gcc-arm-none-eabi-4_7-2012q4//arm-none-eabi/lib//libc.a(lib_a-strncmp.o)
 .ARM.attributes
                0x00000593       0x18 /home/abby/opt/gcc-arm-none-eabi-4_7-2012q4//lib/gcc/arm-none-eabi/4.7.3//libgcc.a(_udivsi3.o)
 .ARM.attributes
                0x000005ab       0x18 /home/abby/opt/gcc-arm-none-eabi-4_7-2012q4//lib/gcc/arm-none-eabi/4.7.3//libgcc.a(_divsi3.o)
 .ARM.attributes
                0x000005c3       0x18 /home/abby/opt/gcc-arm-none-eabi-4_7-2012q4//lib/gcc/arm-none-eabi/4.7.3//libgcc.a(_dvmd_tls.o)
 .ARM.attributes
                0x000005db       0x37 ../../../../../..//binary/armv7a/gcc/am335x/drivers/Debug/libdrivers.a(dmtimer.o)
 .ARM.attributes
                0x00000612       0x37 ../../../../../..//binary/armv7a/gcc/am335x/drivers/Debug/libdrivers.a(uart_irda_cir.o)

.debug_frame    0x00000000     0x39fc
 .debug_frame   0x00000000       0xf4 Debug/enetLwip.o
 .debug_frame   0x000000f4      0x160 Debug/httpd.o
 .debug_frame   0x00000254     0x1700 Debug/lwiplib.o
 .debug_frame   0x00001954      0x720 ../../../../../..//binary/armv7a/gcc/am335x/drivers/Debug/libdrivers.a(cpsw.o)
 .debug_frame   0x00002074       0xbc ../../../../../..//binary/armv7a/gcc/am335x/drivers/Debug/libdrivers.a(mdio.o)
 .debug_frame   0x00002130      0x144 ../../../../../..//binary/armv7a/gcc/am335x/drivers/Debug/libdrivers.a(phy.o)
 .debug_frame   0x00002274      0x108 ../../../../../..//binary/armv7a/gcc/utils/Debug/libutils.a(consoleUtils.o)
 .debug_frame   0x0000237c       0x9c ../../../../../..//binary/armv7a/gcc/utils/Debug/libutils.a(delay.o)
 .debug_frame   0x00002418      0x1a8 ../../../../../..//binary/armv7a/gcc/utils/Debug/libutils.a(uartStdio.o)
 .debug_frame   0x000025c0       0xb0 ../../../../../..//binary/armv7a/gcc/utils/Debug/libutils.a(ascii.o)
 .debug_frame   0x00002670       0x70 ../../../../../..//binary/armv7a/gcc/am335x/beaglebone/platform/Debug/libplatform.a(cpsw.o)
 .debug_frame   0x000026e0       0xb4 ../../../../../..//binary/armv7a/gcc/am335x/beaglebone/platform/Debug/libplatform.a(sysdelay.o)
 .debug_frame   0x00002794       0xb8 ../../../../../..//binary/armv7a/gcc/am335x/beaglebone/platform/Debug/libplatform.a(uartConsole.o)
 .debug_frame   0x0000284c       0xa0 ../../../../../..//binary/armv7a/gcc/am335x/beaglebone/platform/Debug/libplatform.a(dmtimer.o)
 .debug_frame   0x000028ec       0x40 ../../../../../..//binary/armv7a/gcc/am335x/beaglebone/platform/Debug/libplatform.a(uart.o)
 .debug_frame   0x0000292c      0x128 ../../../../../..//binary/armv7a/gcc/am335x/system_config/Debug/libsystem_config.a(cache.o)
 .debug_frame   0x00002a54      0x314 ../../../../../..//binary/armv7a/gcc/am335x/system_config/Debug/libsystem_config.a(interrupt.o)
 .debug_frame   0x00002d68       0x60 ../../../../../..//binary/armv7a/gcc/am335x/system_config/Debug/libsystem_config.a(mmu.o)
 .debug_frame   0x00002dc8       0x48 ../../../../../..//binary/armv7a/gcc/am335x/system_config/Debug/libsystem_config.a(startup.o)
 .debug_frame   0x00002e10       0xd4 ../../../../../..//binary/armv7a/gcc/am335x/system_config/Debug/libsystem_config.a(cpu.o)
 .debug_frame   0x00002ee4       0x2c /home/abby/opt/gcc-arm-none-eabi-4_7-2012q4//arm-none-eabi/lib//libc.a(lib_a-memcpy.o)
 .debug_frame   0x00002f10       0x28 /home/abby/opt/gcc-arm-none-eabi-4_7-2012q4//arm-none-eabi/lib//libc.a(lib_a-memset.o)
 .debug_frame   0x00002f38       0x30 /home/abby/opt/gcc-arm-none-eabi-4_7-2012q4//arm-none-eabi/lib//libc.a(lib_a-strcmp.o)
 .debug_frame   0x00002f68       0x28 /home/abby/opt/gcc-arm-none-eabi-4_7-2012q4//arm-none-eabi/lib//libc.a(lib_a-strncmp.o)
 .debug_frame   0x00002f90       0x20 /home/abby/opt/gcc-arm-none-eabi-4_7-2012q4//lib/gcc/arm-none-eabi/4.7.3//libgcc.a(_udivsi3.o)
 .debug_frame   0x00002fb0       0x20 /home/abby/opt/gcc-arm-none-eabi-4_7-2012q4//lib/gcc/arm-none-eabi/4.7.3//libgcc.a(_divsi3.o)
 .debug_frame   0x00002fd0      0x2b4 ../../../../../..//binary/armv7a/gcc/am335x/drivers/Debug/libdrivers.a(dmtimer.o)
 .debug_frame   0x00003284      0x778 ../../../../../..//binary/armv7a/gcc/am335x/drivers/Debug/libdrivers.a(uart_irda_cir.o)
