Archive member included because of file (symbol)

../../../../../..//binary/armv7a/gcc/am335x/drivers/Release/libdrivers.a(edma.o)
                              Release/hs_mmcsd_rw.o (EDMA3Init)
../../../../../..//binary/armv7a/gcc/am335x/drivers/Release/libdrivers.a(hs_mmcsd.o)
                              Release/hs_mmcsd_rw.o (HSMMCSDIntrStatusGet)
../../../../../..//binary/armv7a/gcc/am335x/drivers/Release/libdrivers.a(uart_irda_cir.o)
                              Release/hs_mmcsd_fs.o (UARTCharsAvail)
../../../../../..//binary/armv7a/gcc/utils/Release/libutils.a(cmdline.o)
                              Release/hs_mmcsd_fs.o (CmdLineProcess)
../../../../../..//binary/armv7a/gcc/utils/Release/libutils.a(consoleUtils.o)
                              Release/hs_mmcsd_rw.o (ConsoleUtilsInit)
../../../../../..//binary/armv7a/gcc/utils/Release/libutils.a(delay.o)
                              Release/hs_mmcsd_rw.o (DelayTimerSetup)
../../../../../..//binary/armv7a/gcc/utils/Release/libutils.a(uartStdio.o)
                              ../../../../../..//binary/armv7a/gcc/utils/Release/libutils.a(consoleUtils.o) (UARTStdioInit)
../../../../../..//binary/armv7a/gcc/utils/Release/libutils.a(ascii.o)
                              ../../../../../..//binary/armv7a/gcc/utils/Release/libutils.a(uartStdio.o) (ASCIIToDigit)
../../../../../..//binary/armv7a/gcc/am335x/beaglebone/platform/Release/libplatform.a(edma.o)
                              ../../../../../..//binary/armv7a/gcc/am335x/drivers/Release/libdrivers.a(edma.o) (EDMAVersionGet)
../../../../../..//binary/armv7a/gcc/am335x/beaglebone/platform/Release/libplatform.a(hs_mmcsd.o)
                              Release/hs_mmcsd_rw.o (HSMMCSDPinMuxSetup)
../../../../../..//binary/armv7a/gcc/am335x/beaglebone/platform/Release/libplatform.a(sysdelay.o)
                              ../../../../../..//binary/armv7a/gcc/utils/Release/libutils.a(delay.o) (SysDelayTimerSetup)
../../../../../..//binary/armv7a/gcc/am335x/beaglebone/platform/Release/libplatform.a(uartConsole.o)
                              ../../../../../..//binary/armv7a/gcc/utils/Release/libutils.a(uartStdio.o) (UARTConsoleInit)
../../../../../..//binary/armv7a/gcc/am335x/beaglebone/platform/Release/libplatform.a(dmtimer.o)
                              ../../../../../..//binary/armv7a/gcc/am335x/beaglebone/platform/Release/libplatform.a(sysdelay.o) (DMTimer7ModuleClkConfig)
../../../../../..//binary/armv7a/gcc/am335x/beaglebone/platform/Release/libplatform.a(uart.o)
                              ../../../../../..//binary/armv7a/gcc/am335x/beaglebone/platform/Release/libplatform.a(uartConsole.o) (UARTPinMuxSetup)
../../../../../..//binary/armv7a/gcc/mmcsdlib/Release/libmmcsd.a(hs_mmcsdlib.o)
                              Release/hs_mmcsd_fs.o (HSMMCSDCardPresent)
../../../../../..//binary/armv7a/gcc/mmcsdlib/Release/libmmcsd.a(mmcsd_proto.o)
                              Release/fat_mmcsd.o (MMCSDBusWidthSet)
../../../../../..//binary/armv7a/gcc/am335x/system_config/Release/libsystem_config.a(cache.o)
                              Release/hs_mmcsd_rw.o (CacheEnable)
../../../../../..//binary/armv7a/gcc/am335x/system_config/Release/libsystem_config.a(cp15.o)
                              ../../../../../..//binary/armv7a/gcc/am335x/system_config/Release/libsystem_config.a(cache.o) (CP15ICacheDisable)
../../../../../..//binary/armv7a/gcc/am335x/system_config/Release/libsystem_config.a(init.o)
                              (Entry)
../../../../../..//binary/armv7a/gcc/am335x/system_config/Release/libsystem_config.a(interrupt.o)
                              Release/hs_mmcsd_rw.o (IntRegister)
../../../../../..//binary/armv7a/gcc/am335x/system_config/Release/libsystem_config.a(mmu.o)
                              Release/hs_mmcsd_rw.o (MMUInit)
../../../../../..//binary/armv7a/gcc/am335x/system_config/Release/libsystem_config.a(startup.o)
                              ../../../../../..//binary/armv7a/gcc/am335x/system_config/Release/libsystem_config.a(init.o) (start_boot)
../../../../../..//binary/armv7a/gcc/am335x/system_config/Release/libsystem_config.a(cpu.o)
                              ../../../../../..//binary/armv7a/gcc/am335x/system_config/Release/libsystem_config.a(interrupt.o) (CPUIntStatus)
../../../../../..//binary/armv7a/gcc/am335x/system_config/Release/libsystem_config.a(exceptionhandler.o)
                              ../../../../../..//binary/armv7a/gcc/am335x/system_config/Release/libsystem_config.a(startup.o) (IRQHandler)
/home/abby/opt/gcc-arm-none-eabi-4_7-2012q4//arm-none-eabi/lib//libc.a(lib_a-memcmp.o)
                              Release/ff.o (memcmp)
/home/abby/opt/gcc-arm-none-eabi-4_7-2012q4//arm-none-eabi/lib//libc.a(lib_a-memcpy.o)
                              Release/ff.o (memcpy)
/home/abby/opt/gcc-arm-none-eabi-4_7-2012q4//arm-none-eabi/lib//libc.a(lib_a-memset.o)
                              Release/ff.o (memset)
[...]
Memory Configuration

Name             Origin             Length             Attributes
DDR0             0x80000000         0x10000000
*default*        0x00000000         0xffffffff

Linker script and memory map

LOAD Release/crc16.o
LOAD Release/fat_mmcsd.o
LOAD Release/ff.o
LOAD Release/hs_mmcsd_fs.o
LOAD Release/hs_mmcsd_rw.o
LOAD Release/xmodem.o
LOAD ../../../../../..//binary/armv7a/gcc/am335x/drivers/Release/libdrivers.a
LOAD ../../../../../..//binary/armv7a/gcc/utils/Release/libutils.a
LOAD ../../../../../..//binary/armv7a/gcc/am335x/beaglebone/platform/Release/libplatform.a
LOAD ../../../../../..//binary/armv7a/gcc/mmcsdlib/Release/libmmcsd.a
LOAD ../../../../../..//binary/armv7a/gcc/am335x/system_config/Release/libsystem_config.a
LOAD /home/abby/opt/gcc-arm-none-eabi-4_7-2012q4//arm-none-eabi/lib//libc.a
LOAD /home/abby/opt/gcc-arm-none-eabi-4_7-2012q4//lib/gcc/arm-none-eabi/4.7.3//libgcc.a
LOAD ../../../../../..//binary/armv7a/gcc/am335x/drivers/Release/libdrivers.a
LOAD ../../../../../..//binary/armv7a/gcc/utils/Release/libutils.a
LOAD ../../../../../..//binary/armv7a/gcc/am335x/beaglebone/platform/Release/libplatform.a
LOAD ../../../../../..//binary/armv7a/gcc/mmcsdlib/Release/libmmcsd.a
LOAD ../../../../../..//binary/armv7a/gcc/am335x/system_config/Release/libsystem_config.a
LOAD /home/abby/opt/gcc-arm-none-eabi-4_7-2012q4//arm-none-eabi/lib//libc.a
LOAD /home/abby/opt/gcc-arm-none-eabi-4_7-2012q4//lib/gcc/arm-none-eabi/4.7.3//libgcc.a

.startcode      0x80000000       0xb4
                0x80000000                . = ALIGN (0x4)
 *init.o(.text)
 .text          0x80000000       0xb4 ../../../../../..//binary/armv7a/gcc/am335x/system_config/Release/libsystem_config.a(init.o)
                0x80000000                Entry

.text           0x800000b4     0x9590
                0x800000b4                . = ALIGN (0x4)
 *(.text*)
 .text.crc16_ccitt
                0x800000b4       0x4c Release/crc16.o
                0x800000b4                crc16_ccitt
 .text.disk_initialize
                0x80000100       0xb4 Release/fat_mmcsd.o
                0x80000100                disk_initialize
 .text.disk_status
                0x800001b4        0x8 Release/fat_mmcsd.o
                0x800001b4                disk_status
 .text.disk_read
                0x800001bc       0x3c Release/fat_mmcsd.o
                0x800001bc                disk_read
 .text.disk_write
                0x800001f8       0x3c Release/fat_mmcsd.o
                0x800001f8                disk_write
 .text.disk_ioctl
                0x80000234        0x8 Release/fat_mmcsd.o
                0x80000234                disk_ioctl
 .text.get_fattime
                0x8000023c        0xc Release/fat_mmcsd.o
                0x8000023c                get_fattime
 .text.get_fileinfo
                0x80000248      0x114 Release/ff.o
 .text.move_window
                0x8000035c       0xec Release/ff.o
 .text.put_cluster
                0x80000448      0x154 Release/ff.o
 .text.validate
                0x8000059c       0x38 Release/ff.o
 .text.check_fs
                0x800005d4       0xa0 Release/ff.o
 .text.auto_mount
                0x80000674      0x30c Release/ff.o
 .text.get_cluster
                0x80000980      0x134 Release/ff.o
 .text.next_dir_entry
                0x80000ab4       0xb0 Release/ff.o
 .text.trace_path
                0x80000b64      0x330 Release/ff.o
 .text.create_chain
                0x80000e94      0x100 Release/ff.o
 .text.reserve_direntry
                0x80000f94      0x1b0 Release/ff.o
 .text.remove_chain
                0x80001144       0x9c Release/ff.o
 .text.sync     0x800011e0       0x58 Release/ff.o
 .text.f_mount  0x80001238       0x6c Release/ff.o
                0x80001238                f_mount
 .text.f_open   0x800012a4      0x304 Release/ff.o
                0x800012a4                f_open
 .text.f_read   0x800015a8      0x284 Release/ff.o
                0x800015a8                f_read
 .text.f_write  0x8000182c      0x2f4 Release/ff.o
                0x8000182c                f_write
 .text.f_sync   0x80001b20      0x148 Release/ff.o
                0x80001b20                f_sync
 .text.f_close  0x80001c68       0x20 Release/ff.o
                0x80001c68                f_close
 .text.f_opendir
                0x80001c88       0xf4 Release/ff.o
                0x80001c88                f_opendir
 .text.f_readdir
                0x80001d7c       0xdc Release/ff.o
                0x80001d7c                f_readdir
 .text.f_getfree
                0x80001e58      0x174 Release/ff.o
                0x80001e58                f_getfree
 .text.f_unlink
                0x80001fcc      0x1cc Release/ff.o
                0x80001fcc                f_unlink
 .text.f_mkdir  0x80002198      0x320 Release/ff.o
                0x80002198                f_mkdir
 .text.Cmd_help
                0x800024b8       0x5c Release/hs_mmcsd_fs.o
                0x800024b8                Cmd_help
 .text.Cmd_pwd  0x80002514       0x28 Release/hs_mmcsd_fs.o
                0x80002514                Cmd_pwd
 .text.Cmd_cat  0x8000253c      0x42c Release/hs_mmcsd_fs.o
                0x8000253c                Cmd_cat
 .text.Cmd_cd   0x80002968      0x1a0 Release/hs_mmcsd_fs.o
                0x80002968                Cmd_cd
 .text.Cmd_mkdir
                0x80002b08      0x130 Release/hs_mmcsd_fs.o
                0x80002b08                Cmd_mkdir
 .text.Cmd_rm   0x80002c38      0x190 Release/hs_mmcsd_fs.o
                0x80002c38                Cmd_rm
 .text.Cmd_ls   0x80002dc8      0x1d4 Release/hs_mmcsd_fs.o
                0x80002dc8                Cmd_ls
 .text.ReadLine
                0x80002f9c      0x254 Release/hs_mmcsd_fs.o
                0x80002f9c                ReadLine
 .text.HSMMCSDFsMount
                0x800031f0       0x84 Release/hs_mmcsd_fs.o
                0x800031f0                HSMMCSDFsMount
 .text.HSMMCSDFsProcessCmdLine
                0x80003274       0xf8 Release/hs_mmcsd_fs.o
                0x80003274                HSMMCSDFsProcessCmdLine
 .text.HSMMCSDCmdStatusGet
                0x8000336c       0x5c Release/hs_mmcsd_rw.o
 .text.HSMMCSDXferStatusGet
                0x800033c8       0xcc Release/hs_mmcsd_rw.o
 .text.HSMMCSDIsr
                0x80003494       0xd0 Release/hs_mmcsd_rw.o
 .text.Edma3CCErrorIsr
                0x80003564      0x280 Release/hs_mmcsd_rw.o
 .text.callback
                0x800037e4       0x30 Release/hs_mmcsd_rw.o
 .text.Edma3CompletionIsr
                0x80003814       0xd4 Release/hs_mmcsd_rw.o
 .text.MMUConfigAndEnable
                0x800038e8       0xa8 Release/hs_mmcsd_rw.o
                0x800038e8                MMUConfigAndEnable
 .text.HSMMCSDRxDmaConfig
                0x80003990       0xa0 Release/hs_mmcsd_rw.o
                0x80003990                HSMMCSDRxDmaConfig
 .text.HSMMCSDTxDmaConfig
                0x80003a30       0xa0 Release/hs_mmcsd_rw.o
                0x80003a30                HSMMCSDTxDmaConfig
 .text.HSMMCSDXferSetup
                0x80003ad0       0x6c Release/hs_mmcsd_rw.o
 .text.startup.main
                0x80003b3c      0x3b4 Release/hs_mmcsd_rw.o
                0x80003b3c                main
 .text._inbyte  0x80003ef0       0x20 Release/xmodem.o
                0x80003ef0                _inbyte
 .text.flushinput
                0x80003f10       0x20 Release/xmodem.o
 .text.xmodemReceive
                0x80003f30      0x2e4 Release/xmodem.o
                0x80003f30                xmodemReceive
 .text.EDMA3Init
                0x80004214      0x104 ../../../../../..//binary/armv7a/gcc/am335x/drivers/Release/libdrivers.a(edma.o)
                0x80004214                EDMA3Init
 .text.EDMA3EnableChInShadowReg
                0x80004318       0x80 ../../../../../..//binary/armv7a/gcc/am335x/drivers/Release/libdrivers.a(edma.o)
                0x80004318                EDMA3EnableChInShadowReg
 .text.EDMA3MapChToEvtQ
                0x80004398       0x60 ../../../../../..//binary/armv7a/gcc/am335x/drivers/Release/libdrivers.a(edma.o)
                0x80004398                EDMA3MapChToEvtQ
 .text.EDMA3ClrMissEvt
                0x800043f8       0x6c ../../../../../..//binary/armv7a/gcc/am335x/drivers/Release/libdrivers.a(edma.o)
                0x800043f8                EDMA3ClrMissEvt
 .text.EDMA3QdmaClrMissEvt
                0x80004464       0x34 ../../../../../..//binary/armv7a/gcc/am335x/drivers/Release/libdrivers.a(edma.o)
                0x80004464                EDMA3QdmaClrMissEvt
 .text.EDMA3ClrCCErr
                0x80004498        0x8 ../../../../../..//binary/armv7a/gcc/am335x/drivers/Release/libdrivers.a(edma.o)
                0x80004498                EDMA3ClrCCErr
 .text.EDMA3SetEvt
                0x800044a0       0x60 ../../../../../..//binary/armv7a/gcc/am335x/drivers/Release/libdrivers.a(edma.o)
                0x800044a0                EDMA3SetEvt
 .text.EDMA3ClrEvt
                0x80004500       0x60 ../../../../../..//binary/armv7a/gcc/am335x/drivers/Release/libdrivers.a(edma.o)
                0x80004500                EDMA3ClrEvt
 .text.EDMA3EnableDmaEvt
                0x80004560       0x60 ../../../../../..//binary/armv7a/gcc/am335x/drivers/Release/libdrivers.a(edma.o)
                0x80004560                EDMA3EnableDmaEvt
 .text.EDMA3DisableDmaEvt
                0x800045c0       0x34 ../../../../../..//binary/armv7a/gcc/am335x/drivers/Release/libdrivers.a(edma.o)
                0x800045c0                EDMA3DisableDmaEvt
 .text.EDMA3GetCCErrStatus
                0x800045f4        0x8 ../../../../../..//binary/armv7a/gcc/am335x/drivers/Release/libdrivers.a(edma.o)
                0x800045f4                EDMA3GetCCErrStatus
 .text.EDMA3GetIntrStatus
                0x800045fc       0x20 ../../../../../..//binary/armv7a/gcc/am335x/drivers/Release/libdrivers.a(edma.o)
                0x800045fc                EDMA3GetIntrStatus
 .text.EDMA3IntrStatusHighGet
                0x8000461c       0x20 ../../../../../..//binary/armv7a/gcc/am335x/drivers/Release/libdrivers.a(edma.o)
                0x8000461c                EDMA3IntrStatusHighGet
 .text.EDMA3GetErrIntrStatus
                0x8000463c        0x8 ../../../../../..//binary/armv7a/gcc/am335x/drivers/Release/libdrivers.a(edma.o)
                0x8000463c                EDMA3GetErrIntrStatus
 .text.EDMA3ErrIntrHighStatusGet
                0x80004644        0x8 ../../../../../..//binary/armv7a/gcc/am335x/drivers/Release/libdrivers.a(edma.o)
                0x80004644                EDMA3ErrIntrHighStatusGet
 .text.EDMA3QdmaGetErrIntrStatus
                0x8000464c        0x8 ../../../../../..//binary/armv7a/gcc/am335x/drivers/Release/libdrivers.a(edma.o)
                0x8000464c                EDMA3QdmaGetErrIntrStatus
 .text.EDMA3EnableEvtIntr
                0x80004654       0x60 ../../../../../..//binary/armv7a/gcc/am335x/drivers/Release/libdrivers.a(edma.o)
                0x80004654                EDMA3EnableEvtIntr
 .text.EDMA3ClrIntr
                0x800046b4       0x58 ../../../../../..//binary/armv7a/gcc/am335x/drivers/Release/libdrivers.a(edma.o)
                0x800046b4                EDMA3ClrIntr
 .text.EDMA3SetPaRAM
                0x8000470c       0x24 ../../../../../..//binary/armv7a/gcc/am335x/drivers/Release/libdrivers.a(edma.o)
                0x8000470c                EDMA3SetPaRAM
 .text.EDMA3RequestChannel
                0x80004730       0xb0 ../../../../../..//binary/armv7a/gcc/am335x/drivers/Release/libdrivers.a(edma.o)
                0x80004730                EDMA3RequestChannel
 .text.EDMA3EnableTransfer
                0x800047e0       0xa4 ../../../../../..//binary/armv7a/gcc/am335x/drivers/Release/libdrivers.a(edma.o)
                0x800047e0                EDMA3EnableTransfer
 .text.EDMA3DisableTransfer
                0x80004884       0xa4 ../../../../../..//binary/armv7a/gcc/am335x/drivers/Release/libdrivers.a(edma.o)
                0x80004884                EDMA3DisableTransfer
 .text.HSMMCSDSoftReset
                0x80004928       0x58 ../../../../../..//binary/armv7a/gcc/am335x/drivers/Release/libdrivers.a(hs_mmcsd.o)
                0x80004928                HSMMCSDSoftReset
 .text.HSMMCSDLinesReset
                0x80004980       0x5c ../../../../../..//binary/armv7a/gcc/am335x/drivers/Release/libdrivers.a(hs_mmcsd.o)
                0x80004980                HSMMCSDLinesReset
 .text.HSMMCSDSystemConfig
                0x800049dc       0x20 ../../../../../..//binary/armv7a/gcc/am335x/drivers/Release/libdrivers.a(hs_mmcsd.o)
                0x800049dc                HSMMCSDSystemConfig
 .text.HSMMCSDBusWidthSet
                0x800049fc       0x68 ../../../../../..//binary/armv7a/gcc/am335x/drivers/Release/libdrivers.a(hs_mmcsd.o)
                0x800049fc                HSMMCSDBusWidthSet
 .text.HSMMCSDBusVoltSet
                0x80004a64       0x1c ../../../../../..//binary/armv7a/gcc/am335x/drivers/Release/libdrivers.a(hs_mmcsd.o)
                0x80004a64                HSMMCSDBusVoltSet
 .text.HSMMCSDBusPower
                0x80004a80       0x68 ../../../../../..//binary/armv7a/gcc/am335x/drivers/Release/libdrivers.a(hs_mmcsd.o)
                0x80004a80                HSMMCSDBusPower
 .text.HSMMCSDIntClock
                0x80004ae8       0x88 ../../../../../..//binary/armv7a/gcc/am335x/drivers/Release/libdrivers.a(hs_mmcsd.o)
                0x80004ae8                HSMMCSDIntClock
 .text.HSMMCSDSupportedVoltSet
                0x80004b70       0x1c ../../../../../..//binary/armv7a/gcc/am335x/drivers/Release/libdrivers.a(hs_mmcsd.o)
                0x80004b70                HSMMCSDSupportedVoltSet
 .text.HSMMCSDDataTimeoutSet
                0x80004b8c       0x1c ../../../../../..//binary/armv7a/gcc/am335x/drivers/Release/libdrivers.a(hs_mmcsd.o)
                0x80004b8c                HSMMCSDDataTimeoutSet
 .text.HSMMCSDBusFreqSet
                0x80004ba8      0x174 ../../../../../..//binary/armv7a/gcc/am335x/drivers/Release/libdrivers.a(hs_mmcsd.o)
                0x80004ba8                HSMMCSDBusFreqSet
 .text.HSMMCSDInitStreamSend
                0x80004d1c       0x90 ../../../../../..//binary/armv7a/gcc/am335x/drivers/Release/libdrivers.a(hs_mmcsd.o)
                0x80004d1c                HSMMCSDInitStreamSend
 .text.HSMMCSDIntrEnable
                0x80004dac       0x1c ../../../../../..//binary/armv7a/gcc/am335x/drivers/Release/libdrivers.a(hs_mmcsd.o)
                0x80004dac                HSMMCSDIntrEnable
 .text.HSMMCSDIntrStatusGet
                0x80004dc8        0xc ../../../../../..//binary/armv7a/gcc/am335x/drivers/Release/libdrivers.a(hs_mmcsd.o)
                0x80004dc8                HSMMCSDIntrStatusGet
 .text.HSMMCSDIntrStatusClear
                0x80004dd4        0x8 ../../../../../..//binary/armv7a/gcc/am335x/drivers/Release/libdrivers.a(hs_mmcsd.o)
                0x80004dd4                HSMMCSDIntrStatusClear
 .text.HSMMCSDBlkLenSet
                0x80004ddc       0x20 ../../../../../..//binary/armv7a/gcc/am335x/drivers/Release/libdrivers.a(hs_mmcsd.o)
                0x80004ddc                HSMMCSDBlkLenSet
 .text.HSMMCSDCommandSend
                0x80004dfc       0x40 ../../../../../..//binary/armv7a/gcc/am335x/drivers/Release/libdrivers.a(hs_mmcsd.o)
                0x80004dfc                HSMMCSDCommandSend
 .text.HSMMCSDResponseGet
                0x80004e3c       0x24 ../../../../../..//binary/armv7a/gcc/am335x/drivers/Release/libdrivers.a(hs_mmcsd.o)
                0x80004e3c                HSMMCSDResponseGet
 .text.HSMMCSDIsCardInserted
                0x80004e60        0xc ../../../../../..//binary/armv7a/gcc/am335x/drivers/Release/libdrivers.a(hs_mmcsd.o)
                0x80004e60                HSMMCSDIsCardInserted
 .text.UARTOperatingModeSelect
                0x80004e6c       0x2c ../../../../../..//binary/armv7a/gcc/am335x/drivers/Release/libdrivers.a(uart_irda_cir.o)
                0x80004e6c                UARTOperatingModeSelect
 .text.UARTDivisorValCompute
                0x80004e98       0x68 ../../../../../..//binary/armv7a/gcc/am335x/drivers/Release/libdrivers.a(uart_irda_cir.o)
                0x80004e98                UARTDivisorValCompute
 .text.UARTDivisorLatchDisable
                0x80004f00       0x10 ../../../../../..//binary/armv7a/gcc/am335x/drivers/Release/libdrivers.a(uart_irda_cir.o)
                0x80004f00                UARTDivisorLatchDisable
 .text.UARTRegConfigModeEnable
                0x80004f10       0x44 ../../../../../..//binary/armv7a/gcc/am335x/drivers/Release/libdrivers.a(uart_irda_cir.o)
                0x80004f10                UARTRegConfigModeEnable
 .text.UARTDivisorLatchWrite
                0x80004f54      0x13c ../../../../../..//binary/armv7a/gcc/am335x/drivers/Release/libdrivers.a(uart_irda_cir.o)
                0x80004f54                UARTDivisorLatchWrite
 .text.UARTBreakCtl
                0x80005090       0x20 ../../../../../..//binary/armv7a/gcc/am335x/drivers/Release/libdrivers.a(uart_irda_cir.o)
                0x80005090                UARTBreakCtl
 .text.UARTLineCharacConfig
                0x800050b0       0x3c ../../../../../..//binary/armv7a/gcc/am335x/drivers/Release/libdrivers.a(uart_irda_cir.o)
                0x800050b0                UARTLineCharacConfig
 .text.UARTFIFORegisterWrite
                0x800050ec       0x88 ../../../../../..//binary/armv7a/gcc/am335x/drivers/Release/libdrivers.a(uart_irda_cir.o)
                0x800050ec                UARTFIFORegisterWrite
 .text.UARTSubConfigTCRTLRModeEn
                0x80005174       0x74 ../../../../../..//binary/armv7a/gcc/am335x/drivers/Release/libdrivers.a(uart_irda_cir.o)
                0x80005174                UARTSubConfigTCRTLRModeEn
 .text.UARTTCRTLRBitValRestore
                0x800051e8       0x78 ../../../../../..//binary/armv7a/gcc/am335x/drivers/Release/libdrivers.a(uart_irda_cir.o)
                0x800051e8                UARTTCRTLRBitValRestore
 .text.UARTFIFOConfig
                0x80005260      0x224 ../../../../../..//binary/armv7a/gcc/am335x/drivers/Release/libdrivers.a(uart_irda_cir.o)
                0x80005260                UARTFIFOConfig
 .text.UARTCharsAvail
                0x80005484       0x20 ../../../../../..//binary/armv7a/gcc/am335x/drivers/Release/libdrivers.a(uart_irda_cir.o)
                0x80005484                UARTCharsAvail
 .text.UARTCharGet
                0x800054a4       0x30 ../../../../../..//binary/armv7a/gcc/am335x/drivers/Release/libdrivers.a(uart_irda_cir.o)
                0x800054a4                UARTCharGet
 .text.UARTCharGetTimeout
                0x800054d4       0x68 ../../../../../..//binary/armv7a/gcc/am335x/drivers/Release/libdrivers.a(uart_irda_cir.o)
                0x800054d4                UARTCharGetTimeout
 .text.UARTCharPut
                0x8000553c       0x30 ../../../../../..//binary/armv7a/gcc/am335x/drivers/Release/libdrivers.a(uart_irda_cir.o)
                0x8000553c                UARTCharPut
 .text.UARTModuleReset
                0x8000556c       0x20 ../../../../../..//binary/armv7a/gcc/am335x/drivers/Release/libdrivers.a(uart_irda_cir.o)
                0x8000556c                UARTModuleReset
 .text.CmdLineProcess
                0x8000558c       0xd0 ../../../../../..//binary/armv7a/gcc/utils/Release/libutils.a(cmdline.o)
                0x8000558c                CmdLineProcess
 .text.ConsoleUtilsInit
                0x8000565c       0x14 ../../../../../..//binary/armv7a/gcc/utils/Release/libutils.a(consoleUtils.o)
                0x8000565c                ConsoleUtilsInit
 .text.ConsoleUtilsSetType
                0x80005670       0x38 ../../../../../..//binary/armv7a/gcc/utils/Release/libutils.a(consoleUtils.o)
                0x80005670                ConsoleUtilsSetType
 .text.ConsoleUtilsPrintf
                0x800056a8       0x64 ../../../../../..//binary/armv7a/gcc/utils/Release/libutils.a(consoleUtils.o)
                0x800056a8                ConsoleUtilsPrintf
 .text.ConsoleUtilsScanf
                0x8000570c       0x68 ../../../../../..//binary/armv7a/gcc/utils/Release/libutils.a(consoleUtils.o)
                0x8000570c                ConsoleUtilsScanf
 .text.DelayTimerSetup
                0x80005774       0x14 ../../../../../..//binary/armv7a/gcc/utils/Release/libutils.a(delay.o)
                0x80005774                DelayTimerSetup
 .text.delay    0x80005788       0x14 ../../../../../..//binary/armv7a/gcc/utils/Release/libutils.a(delay.o)
                0x80005788                delay
 .text.UARTStdioInit
                0x8000579c       0x14 ../../../../../..//binary/armv7a/gcc/utils/Release/libutils.a(uartStdio.o)
                0x8000579c                UARTStdioInit
 .text.UARTPuts
                0x800057b0       0x78 ../../../../../..//binary/armv7a/gcc/utils/Release/libutils.a(uartStdio.o)
                0x800057b0                UARTPuts
 .text.UARTPutc
                0x80005828       0x14 ../../../../../..//binary/armv7a/gcc/utils/Release/libutils.a(uartStdio.o)
                0x80005828                UARTPutc
 .text.UARTGetc
                0x8000583c       0x14 ../../../../../..//binary/armv7a/gcc/utils/Release/libutils.a(uartStdio.o)
                0x8000583c                UARTGetc
 .text.UARTwrite
                0x80005850       0x58 ../../../../../..//binary/armv7a/gcc/utils/Release/libutils.a(uartStdio.o)
                0x80005850                UARTwrite
 .text.UARTScanf
                0x800058a8      0x718 ../../../../../..//binary/armv7a/gcc/utils/Release/libutils.a(uartStdio.o)
                0x800058a8                UARTScanf
 .text.UARTPrintf
                0x80005fc0      0x4bc ../../../../../..//binary/armv7a/gcc/utils/Release/libutils.a(uartStdio.o)
                0x80005fc0                UARTPrintf
 .text.ASCIIToDigit
                0x8000647c       0x84 ../../../../../..//binary/armv7a/gcc/utils/Release/libutils.a(ascii.o)
                0x8000647c                ASCIIToDigit
 .text.EDMAVersionGet
                0x80006500        0x8 ../../../../../..//binary/armv7a/gcc/am335x/beaglebone/platform/Release/libplatform.a(edma.o)
                0x80006500                EDMAVersionGet
 .text.EDMAModuleClkConfig
                0x80006508      0x158 ../../../../../..//binary/armv7a/gcc/am335x/beaglebone/platform/Release/libplatform.a(edma.o)
                0x80006508                EDMAModuleClkConfig
 .text.HSMMCSDPinMuxSetup
                0x80006660       0x30 ../../../../../..//binary/armv7a/gcc/am335x/beaglebone/platform/Release/libplatform.a(hs_mmcsd.o)
                0x80006660                HSMMCSDPinMuxSetup
 .text.HSMMCSDModuleClkConfig
                0x80006690       0x2c ../../../../../..//binary/armv7a/gcc/am335x/beaglebone/platform/Release/libplatform.a(hs_mmcsd.o)
                0x80006690                HSMMCSDModuleClkConfig
 .text.DMTimerIsr
                0x800066bc       0x44 ../../../../../..//binary/armv7a/gcc/am335x/beaglebone/platform/Release/libplatform.a(sysdelay.o)
 .text.SysDelayTimerSetup
                0x80006700       0x84 ../../../../../..//binary/armv7a/gcc/am335x/beaglebone/platform/Release/libplatform.a(sysdelay.o)
                0x80006700                SysDelayTimerSetup
 .text.Sysdelay
                0x80006784       0x88 ../../../../../..//binary/armv7a/gcc/am335x/beaglebone/platform/Release/libplatform.a(sysdelay.o)
                0x80006784                Sysdelay
 .text.UARTConsoleInit
                0x8000680c       0xf0 ../../../../../..//binary/armv7a/gcc/am335x/beaglebone/platform/Release/libplatform.a(uartConsole.o)
                0x8000680c                UARTConsoleInit
 .text.UARTConsolePutc
                0x800068fc       0x20 ../../../../../..//binary/armv7a/gcc/am335x/beaglebone/platform/Release/libplatform.a(uartConsole.o)
                0x800068fc                UARTConsolePutc
 .text.UARTConsoleGetc
                0x8000691c       0x20 ../../../../../..//binary/armv7a/gcc/am335x/beaglebone/platform/Release/libplatform.a(uartConsole.o)
                0x8000691c                UARTConsoleGetc
 .text.DMTimer7ModuleClkConfig
                0x8000693c      0x1a8 ../../../../../..//binary/armv7a/gcc/am335x/beaglebone/platform/Release/libplatform.a(dmtimer.o)
                0x8000693c                DMTimer7ModuleClkConfig
 .text.UARTPinMuxSetup
                0x80006ae4       0x24 ../../../../../..//binary/armv7a/gcc/am335x/beaglebone/platform/Release/libplatform.a(uart.o)
                0x80006ae4                UARTPinMuxSetup
 .text.UART0ModuleClkConfig
                0x80006b08      0x25c ../../../../../..//binary/armv7a/gcc/am335x/beaglebone/platform/Release/libplatform.a(uart.o)
                0x80006b08                UART0ModuleClkConfig
 .text.HSMMCSDCardPresent
                0x80006d64       0x18 ../../../../../..//binary/armv7a/gcc/mmcsdlib/Release/libmmcsd.a(hs_mmcsdlib.o)
                0x80006d64                HSMMCSDCardPresent
 .text.HSMMCSDIntEnable
                0x80006d7c       0x20 ../../../../../..//binary/armv7a/gcc/mmcsdlib/Release/libmmcsd.a(hs_mmcsdlib.o)
                0x80006d7c                HSMMCSDIntEnable
 .text.HSMMCSDControllerInit
                0x80006d9c      0x124 ../../../../../..//binary/armv7a/gcc/mmcsdlib/Release/libmmcsd.a(hs_mmcsdlib.o)
                0x80006d9c                HSMMCSDControllerInit
 .text.HSMMCSDCmdSend
                0x80006ec0      0x12c ../../../../../..//binary/armv7a/gcc/mmcsdlib/Release/libmmcsd.a(hs_mmcsdlib.o)
                0x80006ec0                HSMMCSDCmdSend
 .text.HSMMCSDBusWidthConfig
                0x80006fec       0x20 ../../../../../..//binary/armv7a/gcc/mmcsdlib/Release/libmmcsd.a(hs_mmcsdlib.o)
                0x80006fec                HSMMCSDBusWidthConfig
 .text.HSMMCSDBusFreqConfig
                0x8000700c       0x20 ../../../../../..//binary/armv7a/gcc/mmcsdlib/Release/libmmcsd.a(hs_mmcsdlib.o)
                0x8000700c                HSMMCSDBusFreqConfig
 .text.MMCSDAppCmdSend
                0x8000702c       0x58 ../../../../../..//binary/armv7a/gcc/mmcsdlib/Release/libmmcsd.a(mmcsd_proto.o)
                0x8000702c                MMCSDAppCmdSend
 .text.MMCSDBusWidthSet
                0x80007084       0x98 ../../../../../..//binary/armv7a/gcc/mmcsdlib/Release/libmmcsd.a(mmcsd_proto.o)
                0x80007084                MMCSDBusWidthSet
 .text.MMCSDTranSpeedSet
                0x8000711c       0xf0 ../../../../../..//binary/armv7a/gcc/mmcsdlib/Release/libmmcsd.a(mmcsd_proto.o)
                0x8000711c                MMCSDTranSpeedSet
 .text.MMCSDCardTypeCheck
                0x8000720c       0x34 ../../../../../..//binary/armv7a/gcc/mmcsdlib/Release/libmmcsd.a(mmcsd_proto.o)
                0x8000720c                MMCSDCardTypeCheck
 .text.MMCSDCtrlInit
                0x80007240       0x10 ../../../../../..//binary/armv7a/gcc/mmcsdlib/Release/libmmcsd.a(mmcsd_proto.o)
                0x80007240                MMCSDCtrlInit
 .text.MMCSDIntEnable
                0x80007250       0x10 ../../../../../..//binary/armv7a/gcc/mmcsdlib/Release/libmmcsd.a(mmcsd_proto.o)
                0x80007250                MMCSDIntEnable
 .text.MMCSDCardInit
                0x80007260      0x41c ../../../../../..//binary/armv7a/gcc/mmcsdlib/Release/libmmcsd.a(mmcsd_proto.o)
                0x80007260                MMCSDCardInit
 .text.MMCSDWriteCmdSend
                0x8000767c      0x110 ../../../../../..//binary/armv7a/gcc/mmcsdlib/Release/libmmcsd.a(mmcsd_proto.o)
                0x8000767c                MMCSDWriteCmdSend
 .text.MMCSDReadCmdSend
                0x8000778c      0x108 ../../../../../..//binary/armv7a/gcc/mmcsdlib/Release/libmmcsd.a(mmcsd_proto.o)
                0x8000778c                MMCSDReadCmdSend
 .text.CacheEnable
                0x80007894       0x84 ../../../../../..//binary/armv7a/gcc/am335x/system_config/Release/libsystem_config.a(cache.o)
                0x80007894                CacheEnable
 .text.CacheDataCleanBuff
                0x80007918       0x14 ../../../../../..//binary/armv7a/gcc/am335x/system_config/Release/libsystem_config.a(cache.o)
                0x80007918                CacheDataCleanBuff
 .text.CacheDataInvalidateBuff
                0x8000792c       0x14 ../../../../../..//binary/armv7a/gcc/am335x/system_config/Release/libsystem_config.a(cache.o)
                0x8000792c                CacheDataInvalidateBuff
 .text          0x80007940      0x488 ../../../../../..//binary/armv7a/gcc/am335x/system_config/Release/libsystem_config.a(cp15.o)
                0x80007940                CP15ICacheDisable
                0x8000795c                CP15DCacheDisable
                0x80007978                CP15ICacheEnable
                0x80007988                CP15DCacheEnable
                0x80007998                CP15DCacheFlush
                0x80007a2c                CP15DCacheClean
                0x80007ac0                CP15DCacheCleanFlush
                0x80007b54                CP15ICacheFlush
                0x80007b64                CP15DCacheCleanBuff
                0x80007bb8                CP15DCacheCleanFlushBuff
                0x80007c0c                CP15DCacheFlushBuff
                0x80007c70                CP15ICacheFlushBuff
                0x80007cc4                CP15Ttb0Set
                0x80007cd0                CP15TlbInvalidate
                0x80007cdc                CP15MMUDisable
                0x80007cf4                CP15MMUEnable
                0x80007d08                CP15VectorBaseAddrSet
                0x80007d14                CP15BranchPredictorInvalidate
                0x80007d20                CP15BranchPredictionEnable
                0x80007d30                CP15BranchPredictionDisable
                0x80007d40                CP15DomainAccessClientSet
                0x80007d50                CP15ControlFeatureDisable
                0x80007d64                CP15ControlFeatureEnable
                0x80007d78                CP15TtbCtlTtb0Config
                0x80007d88                CP15AuxControlFeatureEnable
                0x80007d9c                CP15AuxControlFeatureDisable
                0x80007db0                CP15MainIdPrimPartNumGet
 .text.IntDefaultHandler
                0x80007dc8        0x4 ../../../../../..//binary/armv7a/gcc/am335x/system_config/Release/libsystem_config.a(interrupt.o)
 .text.IntRegister
                0x80007dcc       0x10 ../../../../../..//binary/armv7a/gcc/am335x/system_config/Release/libsystem_config.a(interrupt.o)
                0x80007dcc                IntRegister
 .text.IntAINTCInit
                0x80007ddc       0x54 ../../../../../..//binary/armv7a/gcc/am335x/system_config/Release/libsystem_config.a(interrupt.o)
                0x80007ddc                IntAINTCInit
 .text.IntPrioritySet
                0x80007e30       0x24 ../../../../../..//binary/armv7a/gcc/am335x/system_config/Release/libsystem_config.a(interrupt.o)
                0x80007e30                IntPrioritySet
 .text.IntSystemEnable
                0x80007e54       0x24 ../../../../../..//binary/armv7a/gcc/am335x/system_config/Release/libsystem_config.a(interrupt.o)
                0x80007e54                IntSystemEnable
 .text.IntMasterIRQEnable
                0x80007e78       0x14 ../../../../../..//binary/armv7a/gcc/am335x/system_config/Release/libsystem_config.a(interrupt.o)
                0x80007e78                IntMasterIRQEnable
 .text.MMUInit  0x80007e8c       0x54 ../../../../../..//binary/armv7a/gcc/am335x/system_config/Release/libsystem_config.a(mmu.o)
                0x80007e8c                MMUInit
 .text.MMUMemRegionMap
                0x80007ee0       0x74 ../../../../../..//binary/armv7a/gcc/am335x/system_config/Release/libsystem_config.a(mmu.o)
                0x80007ee0                MMUMemRegionMap
 .text.MMUEnable
                0x80007f54       0x20 ../../../../../..//binary/armv7a/gcc/am335x/system_config/Release/libsystem_config.a(mmu.o)
                0x80007f54                MMUEnable
 .text.start_boot
                0x80007f74       0x60 ../../../../../..//binary/armv7a/gcc/am335x/system_config/Release/libsystem_config.a(startup.o)
                0x80007f74                start_boot
 .text.CPUirqe  0x80007fd4       0x14 ../../../../../..//binary/armv7a/gcc/am335x/system_config/Release/libsystem_config.a(cpu.o)
                0x80007fd4                CPUirqe
 .text          0x80007fe8       0xf0 ../../../../../..//binary/armv7a/gcc/am335x/system_config/Release/libsystem_config.a(exceptionhandler.o)
                0x80007fe8                SVC_Handler
                0x80008010                IRQHandler
                0x800080bc                FIQHandler
                0x800080c0                UndefInstHandler
                0x800080c0                AbortHandler
 .text.memcmp   0x800080d8       0xb4 /home/abby/opt/gcc-arm-none-eabi-4_7-2012q4//arm-none-eabi/lib//libc.a(lib_a-memcmp.o)
                0x800080d8                memcmp
 .text.memcpy   0x8000818c       0xf4 /home/abby/opt/gcc-arm-none-eabi-4_7-2012q4//arm-none-eabi/lib//libc.a(lib_a-memcpy.o)
                0x8000818c                memcpy
 .text.memset   0x80008280       0xf8 /home/abby/opt/gcc-arm-none-eabi-4_7-2012q4//arm-none-eabi/lib//libc.a(lib_a-memset.o)
                0x80008280                memset
 .text.stpcpy   0x80008378       0x84 /home/abby/opt/gcc-arm-none-eabi-4_7-2012q4//arm-none-eabi/lib//libc.a(lib_a-stpcpy.o)
                0x80008378                stpcpy
 .text.strcat   0x800083fc       0xa0 /home/abby/opt/gcc-arm-none-eabi-4_7-2012q4//arm-none-eabi/lib//libc.a(lib_a-strcat.o)
                0x800083fc                strcat
 .text.strcmp   0x8000849c       0x94 /home/abby/opt/gcc-arm-none-eabi-4_7-2012q4//arm-none-eabi/lib//libc.a(lib_a-strcmp.o)
                0x8000849c                strcmp
 .text.strcmp_unaligned
                0x80008530      0x19c /home/abby/opt/gcc-arm-none-eabi-4_7-2012q4//arm-none-eabi/lib//libc.a(lib_a-strcmp.o)
 .text.strcpy   0x800086cc       0xf0 /home/abby/opt/gcc-arm-none-eabi-4_7-2012q4//arm-none-eabi/lib//libc.a(lib_a-strcpy.o)
                0x800086cc                strcpy
 .text.strlen   0x800087bc       0x60 /home/abby/opt/gcc-arm-none-eabi-4_7-2012q4//arm-none-eabi/lib//libc.a(lib_a-strlen.o)
                0x800087bc                strlen
 .text.strncmp  0x8000881c      0x140 /home/abby/opt/gcc-arm-none-eabi-4_7-2012q4//arm-none-eabi/lib//libc.a(lib_a-strncmp.o)
                0x8000881c                strncmp
 .text.strncpy  0x8000895c       0xc8 /home/abby/opt/gcc-arm-none-eabi-4_7-2012q4//arm-none-eabi/lib//libc.a(lib_a-strncpy.o)
                0x8000895c                strncpy
 .text          0x80008a24      0x114 /home/abby/opt/gcc-arm-none-eabi-4_7-2012q4//lib/gcc/arm-none-eabi/4.7.3//libgcc.a(_udivsi3.o)
                0x80008a24                __udivsi3
                0x80008a24                __aeabi_uidiv
                0x80008b18                __aeabi_uidivmod
 .text          0x80008b38      0x148 /home/abby/opt/gcc-arm-none-eabi-4_7-2012q4//lib/gcc/arm-none-eabi/4.7.3//libgcc.a(_divsi3.o)
                0x80008b38                __aeabi_idiv
                0x80008b38                __divsi3
                0x80008c60                __aeabi_idivmod
 .text          0x80008c80        0x4 /home/abby/opt/gcc-arm-none-eabi-4_7-2012q4//lib/gcc/arm-none-eabi/4.7.3//libgcc.a(_dvmd_tls.o)
                0x80008c80                __aeabi_ldiv0
                0x80008c80                __aeabi_idiv0
 .text.DMTimerEnable
                0x80008c84       0x2c ../../../../../..//binary/armv7a/gcc/am335x/drivers/Release/libdrivers.a(dmtimer.o)
                0x80008c84                DMTimerEnable
 .text.DMTimerDisable
                0x80008cb0       0x2c ../../../../../..//binary/armv7a/gcc/am335x/drivers/Release/libdrivers.a(dmtimer.o)
                0x80008cb0                DMTimerDisable
 .text.DMTimerModeConfigure
                0x80008cdc       0x58 ../../../../../..//binary/armv7a/gcc/am335x/drivers/Release/libdrivers.a(dmtimer.o)
                0x80008cdc                DMTimerModeConfigure
 .text.DMTimerCounterSet
                0x80008d34       0x24 ../../../../../..//binary/armv7a/gcc/am335x/drivers/Release/libdrivers.a(dmtimer.o)
                0x80008d34                DMTimerCounterSet
 .text.DMTimerIntStatusClear
                0x80008d58        0xc ../../../../../..//binary/armv7a/gcc/am335x/drivers/Release/libdrivers.a(dmtimer.o)
                0x80008d58                DMTimerIntStatusClear
 .text.DMTimerIntEnable
                0x80008d64        0xc ../../../../../..//binary/armv7a/gcc/am335x/drivers/Release/libdrivers.a(dmtimer.o)
                0x80008d64                DMTimerIntEnable
 .text.DMTimerIntDisable
                0x80008d70        0xc ../../../../../..//binary/armv7a/gcc/am335x/drivers/Release/libdrivers.a(dmtimer.o)
                0x80008d70                DMTimerIntDisable
 *(.rodata*)
 .rodata.crc16tab
                0x80008d7c      0x200 Release/crc16.o
 .rodata.str1.4
                0x80008f7c       0x16 Release/fat_mmcsd.o
                                 0x18 (size before relaxing)
 *fill*         0x80008f92        0x2 00
 .rodata.str1.4
                0x80008f94        0xa Release/ff.o
                                  0xc (size before relaxing)
 *fill*         0x80008f9e        0x2 00
 .rodata.str1.4
                0x80008fa0      0x4f0 Release/hs_mmcsd_fs.o
                                0x504 (size before relaxing)
 .rodata        0x80009490       0x54 Release/hs_mmcsd_rw.o
 .rodata.str1.4
                0x800094e4       0x1a Release/hs_mmcsd_rw.o
                                 0x1c (size before relaxing)
 *fill*         0x800094fe        0x2 00
 .rodata.str1.4
                0x80009500       0x50 ../../../../../..//binary/armv7a/gcc/utils/Release/libutils.a(consoleUtils.o)
 .rodata.str1.4
                0x80009550       0x5c ../../../../../..//binary/armv7a/gcc/utils/Release/libutils.a(uartStdio.o)
                                 0x60 (size before relaxing)
 .rodata.str1.4
                0x800095ac       0x60 ../../../../../..//binary/armv7a/gcc/mmcsdlib/Release/libmmcsd.a(hs_mmcsdlib.o)
 .rodata.vecTbl
                0x8000960c       0x38 ../../../../../..//binary/armv7a/gcc/am335x/system_config/Release/libsystem_config.a(startup.o)

.glue_7         0x80009644        0x0
 .glue_7        0x00000000        0x0 linker stubs

.glue_7t        0x80009644        0x0
 .glue_7t       0x00000000        0x0 linker stubs

.vfp11_veneer   0x80009644        0x0
 .vfp11_veneer  0x00000000        0x0 linker stubs

.v4_bx          0x80009644        0x0
 .v4_bx         0x00000000        0x0 linker stubs

.iplt           0x80009644        0x0
 .iplt          0x00000000        0x0 Release/crc16.o

.rel.dyn        0x80009644        0x0
 .rel.iplt      0x00000000        0x0 Release/crc16.o

.data           0x80009644      0x4f8
                0x80009644                . = ALIGN (0x4)
 *(.data*)
 .data.g_cCwdBuf
                0x80009644      0x200 Release/hs_mmcsd_fs.o
 .data.g_sCmdTable
                0x80009844       0x84 Release/hs_mmcsd_fs.o
                0x80009844                g_sCmdTable
 .data.g_sFresultStrings
                0x800098c8       0x70 Release/hs_mmcsd_fs.o
                0x800098c8                g_sFresultStrings
 .data.g_cWrBuf
                0x80009938      0x200 Release/hs_mmcsd_fs.o
 .data.flagIsr  0x80009b38        0x4 ../../../../../..//binary/armv7a/gcc/am335x/beaglebone/platform/Release/libplatform.a(sysdelay.o)

.igot.plt       0x80009b3c        0x0
 .igot.plt      0x00000000        0x0 Release/crc16.o

.bss            0x8000c000    0x184b4
                0x8000c000                . = ALIGN (0x4)
                0x8000c000                _bss_start = .
 *(.bss*)
 .bss.fsid      0x8000c000        0x2 Release/ff.o
 *fill*         0x8000c002        0x2 00
 .bss.FatFs     0x8000c004        0x8 Release/ff.o
 *fill*         0x8000c00c       0x74 00
 .bss.g_cTmpBuf
                0x8000c080      0x200 Release/hs_mmcsd_fs.o
 .bss.g_cDataBuf
                0x8000c280    0x10000 Release/hs_mmcsd_fs.o
 .bss.g_sFileInfo
                0x8001c280       0x18 Release/hs_mmcsd_fs.o
 *fill*         0x8001c298       0x68 00
 .bss.fileObjectWrite
                0x8001c300      0x280 Release/hs_mmcsd_fs.o
 .bss.g_sFileObject
                0x8001c580      0x280 Release/hs_mmcsd_fs.o
 .bss.g_sDirObject
                0x8001c800       0x14 Release/hs_mmcsd_fs.o
 .bss.g_cCmdBuf
                0x8001c814      0x200 Release/hs_mmcsd_fs.o
 *fill*         0x8001ca14       0x6c 00
 .bss.g_sFatFs  0x8001ca80      0x280 Release/hs_mmcsd_fs.o
 .bss.g_sPState
                0x8001cd00        0x4 Release/hs_mmcsd_fs.o
                0x8001cd00                g_sPState
 .bss.g_sCState
                0x8001cd04        0x4 Release/hs_mmcsd_fs.o
                0x8001cd04                g_sCState
 .bss.callbackOccured
                0x8001cd08        0x4 Release/hs_mmcsd_rw.o
                0x8001cd08                callbackOccured
 .bss.cmdTimeout
                0x8001cd0c        0x4 Release/hs_mmcsd_rw.o
                0x8001cd0c                cmdTimeout
 *fill*         0x8001cd10     0x32f0 00
 .bss.pageTable
                0x80020000     0x4000 Release/hs_mmcsd_rw.o
 .bss.cmdCompFlag
                0x80024000        0x4 Release/hs_mmcsd_rw.o
                0x80024000                cmdCompFlag
 .bss.xferCompFlag
                0x80024004        0x4 Release/hs_mmcsd_rw.o
                0x80024004                xferCompFlag
 .bss.errFlag   0x80024008        0x4 Release/hs_mmcsd_rw.o
                0x80024008                errFlag
 .bss.dataTimeout
                0x8002400c        0x4 Release/hs_mmcsd_rw.o
                0x8002400c                dataTimeout
 .bss.cb_Fxn    0x80024010      0x100 Release/hs_mmcsd_rw.o
 .bss.argv.4396
                0x80024110       0x24 ../../../../../..//binary/armv7a/gcc/utils/Release/libutils.a(cmdline.o)
 .bss.ConsoleType
                0x80024134        0x1 ../../../../../..//binary/armv7a/gcc/utils/Release/libutils.a(consoleUtils.o)
 *fill*         0x80024135       0x4b 00
 .bss.dataBuffer
                0x80024180       0x80 ../../../../../..//binary/armv7a/gcc/mmcsdlib/Release/libmmcsd.a(mmcsd_proto.o)
 *(COMMON)
 COMMON         0x80024200       0x18 Release/fat_mmcsd.o
                0x80024200                fat_devices
 COMMON         0x80024218       0x98 Release/hs_mmcsd_rw.o
                0x80024218                sdCard
                0x80024260                ctrlInfo
 COMMON         0x800242b0        0x4 ../../../../../..//binary/armv7a/gcc/am335x/drivers/Release/libdrivers.a(edma.o)
                0x800242b0                regionId
 COMMON         0x800242b4      0x200 ../../../../../..//binary/armv7a/gcc/am335x/system_config/Release/libsystem_config.a(interrupt.o)
                0x800242b4                fnRAMVectors
                0x800244b4                _bss_end = .

.heap           0x800244b4      0x800
                0x800244b4                . = ALIGN (0x4)
                0x800244b4                __end__ = .
                0x800244b4                end = __end__
                0x800244b4                __HeapBase = __end__
 *(.heap*)
                0x80024cb4                . = (. + 0x800)
 *fill*         0x800244b4      0x800 00
                0x80024cb4                __HeapLimit = .

.stack          0x80024cb4  0x7fffff8
                0x80024cb4                . = ALIGN (0x4)
                0x80024cb4                __StackLimit = .
 *(.stack*)
                0x88024cac                . = (. + 0x7fffff8)
 *fill*         0x80024cb4  0x7fffff8 00
                0x88024cac                __StackTop = .
                0x88024cac                _stack = __StackTop
OUTPUT(Release/hsMmcSdRw.out elf32-littlearm)

.debug_info     0x00000000     0xdba6
 .debug_info    0x00000000       0xc6 Release/crc16.o
 .debug_info    0x000000c6      0x79c Release/fat_mmcsd.o
 .debug_info    0x00000862     0x210b Release/ff.o
 .debug_info    0x0000296d     0x160c Release/hs_mmcsd_fs.o
 .debug_info    0x00003f79      0xf27 Release/hs_mmcsd_rw.o
 .debug_info    0x00004ea0      0x4a4 Release/xmodem.o
 .debug_info    0x00005344     0x12c6 ../../../../../..//binary/armv7a/gcc/am335x/drivers/Release/libdrivers.a(edma.o)
 .debug_info    0x0000660a      0x980 ../../../../../..//binary/armv7a/gcc/am335x/drivers/Release/libdrivers.a(hs_mmcsd.o)
 .debug_info    0x00006f8a     0x1fcd ../../../../../..//binary/armv7a/gcc/am335x/drivers/Release/libdrivers.a(uart_irda_cir.o)
 .debug_info    0x00008f57      0x1c7 ../../../../../..//binary/armv7a/gcc/utils/Release/libutils.a(cmdline.o)
 .debug_info    0x0000911e      0x384 ../../../../../..//binary/armv7a/gcc/utils/Release/libutils.a(consoleUtils.o)
 .debug_info    0x000094a2       0xfe ../../../../../..//binary/armv7a/gcc/utils/Release/libutils.a(delay.o)
 .debug_info    0x000095a0      0xfce ../../../../../..//binary/armv7a/gcc/utils/Release/libutils.a(uartStdio.o)
 .debug_info    0x0000a56e      0x38a ../../../../../..//binary/armv7a/gcc/utils/Release/libutils.a(ascii.o)
 .debug_info    0x0000a8f8       0xdc ../../../../../..//binary/armv7a/gcc/am335x/beaglebone/platform/Release/libplatform.a(edma.o)
 .debug_info    0x0000a9d4       0x62 ../../../../../..//binary/armv7a/gcc/am335x/beaglebone/platform/Release/libplatform.a(hs_mmcsd.o)
 .debug_info    0x0000aa36      0x252 ../../../../../..//binary/armv7a/gcc/am335x/beaglebone/platform/Release/libplatform.a(sysdelay.o)
 .debug_info    0x0000ac88      0x270 ../../../../../..//binary/armv7a/gcc/am335x/beaglebone/platform/Release/libplatform.a(uartConsole.o)
 .debug_info    0x0000aef8       0xcc ../../../../../..//binary/armv7a/gcc/am335x/beaglebone/platform/Release/libplatform.a(dmtimer.o)
 .debug_info    0x0000afc4       0x7b ../../../../../..//binary/armv7a/gcc/am335x/beaglebone/platform/Release/libplatform.a(uart.o)
 .debug_info    0x0000b03f      0x6ce ../../../../../..//binary/armv7a/gcc/mmcsdlib/Release/libmmcsd.a(hs_mmcsdlib.o)
 .debug_info    0x0000b70d     0x1066 ../../../../../..//binary/armv7a/gcc/mmcsdlib/Release/libmmcsd.a(mmcsd_proto.o)
 .debug_info    0x0000c773      0x277 ../../../../../..//binary/armv7a/gcc/am335x/system_config/Release/libsystem_config.a(cache.o)
 .debug_info    0x0000c9ea       0x8d ../../../../../..//binary/armv7a/gcc/am335x/system_config/Release/libsystem_config.a(cp15.o)
 .debug_info    0x0000ca77       0x8d ../../../../../..//binary/armv7a/gcc/am335x/system_config/Release/libsystem_config.a(init.o)
 .debug_info    0x0000cb04      0x4e5 ../../../../../..//binary/armv7a/gcc/am335x/system_config/Release/libsystem_config.a(interrupt.o)
 .debug_info    0x0000cfe9      0x1aa ../../../../../..//binary/armv7a/gcc/am335x/system_config/Release/libsystem_config.a(mmu.o)
 .debug_info    0x0000d193      0x116 ../../../../../..//binary/armv7a/gcc/am335x/system_config/Release/libsystem_config.a(startup.o)
 .debug_info    0x0000d2a9       0xef ../../../../../..//binary/armv7a/gcc/am335x/system_config/Release/libsystem_config.a(cpu.o)
 .debug_info    0x0000d398       0xa0 ../../../../../..//binary/armv7a/gcc/am335x/system_config/Release/libsystem_config.a(exceptionhandler.o)
 .debug_info    0x0000d438      0x76e ../../../../../..//binary/armv7a/gcc/am335x/drivers/Release/libdrivers.a(dmtimer.o)

.debug_abbrev   0x00000000     0x2cbe
 .debug_abbrev  0x00000000       0xab Release/crc16.o
 .debug_abbrev  0x000000ab      0x1a7 Release/fat_mmcsd.o
 .debug_abbrev  0x00000252      0x3b7 Release/ff.o
 .debug_abbrev  0x00000609      0x2d1 Release/hs_mmcsd_fs.o
 .debug_abbrev  0x000008da      0x30c Release/hs_mmcsd_rw.o
 .debug_abbrev  0x00000be6      0x1fb Release/xmodem.o
 .debug_abbrev  0x00000de1      0x306 ../../../../../..//binary/armv7a/gcc/am335x/drivers/Release/libdrivers.a(edma.o)
 .debug_abbrev  0x000010e7      0x2d7 ../../../../../..//binary/armv7a/gcc/am335x/drivers/Release/libdrivers.a(hs_mmcsd.o)
 .debug_abbrev  0x000013be      0x2cd ../../../../../..//binary/armv7a/gcc/am335x/drivers/Release/libdrivers.a(uart_irda_cir.o)
 .debug_abbrev  0x0000168b      0x108 ../../../../../..//binary/armv7a/gcc/utils/Release/libutils.a(cmdline.o)
 .debug_abbrev  0x00001793      0x1ab ../../../../../..//binary/armv7a/gcc/utils/Release/libutils.a(consoleUtils.o)
 .debug_abbrev  0x0000193e       0x9a ../../../../../..//binary/armv7a/gcc/utils/Release/libutils.a(delay.o)
 .debug_abbrev  0x000019d8      0x309 ../../../../../..//binary/armv7a/gcc/utils/Release/libutils.a(uartStdio.o)
 .debug_abbrev  0x00001ce1      0x171 ../../../../../..//binary/armv7a/gcc/utils/Release/libutils.a(ascii.o)
 .debug_abbrev  0x00001e52       0x9c ../../../../../..//binary/armv7a/gcc/am335x/beaglebone/platform/Release/libplatform.a(edma.o)
 .debug_abbrev  0x00001eee       0x39 ../../../../../..//binary/armv7a/gcc/am335x/beaglebone/platform/Release/libplatform.a(hs_mmcsd.o)
 .debug_abbrev  0x00001f27       0xca ../../../../../..//binary/armv7a/gcc/am335x/beaglebone/platform/Release/libplatform.a(sysdelay.o)
 .debug_abbrev  0x00001ff1      0x10e ../../../../../..//binary/armv7a/gcc/am335x/beaglebone/platform/Release/libplatform.a(uartConsole.o)
 .debug_abbrev  0x000020ff       0x7a ../../../../../..//binary/armv7a/gcc/am335x/beaglebone/platform/Release/libplatform.a(dmtimer.o)
 .debug_abbrev  0x00002179       0x62 ../../../../../..//binary/armv7a/gcc/am335x/beaglebone/platform/Release/libplatform.a(uart.o)
 .debug_abbrev  0x000021db      0x167 ../../../../../..//binary/armv7a/gcc/mmcsdlib/Release/libmmcsd.a(hs_mmcsdlib.o)
 .debug_abbrev  0x00002342      0x2e2 ../../../../../..//binary/armv7a/gcc/mmcsdlib/Release/libmmcsd.a(mmcsd_proto.o)
 .debug_abbrev  0x00002624       0x8b ../../../../../..//binary/armv7a/gcc/am335x/system_config/Release/libsystem_config.a(cache.o)
 .debug_abbrev  0x000026af       0x14 ../../../../../..//binary/armv7a/gcc/am335x/system_config/Release/libsystem_config.a(cp15.o)
 .debug_abbrev  0x000026c3       0x14 ../../../../../..//binary/armv7a/gcc/am335x/system_config/Release/libsystem_config.a(init.o)
 .debug_abbrev  0x000026d7      0x20b ../../../../../..//binary/armv7a/gcc/am335x/system_config/Release/libsystem_config.a(interrupt.o)
 .debug_abbrev  0x000028e2       0xee ../../../../../..//binary/armv7a/gcc/am335x/system_config/Release/libsystem_config.a(mmu.o)
 .debug_abbrev  0x000029d0       0xe8 ../../../../../..//binary/armv7a/gcc/am335x/system_config/Release/libsystem_config.a(startup.o)
 .debug_abbrev  0x00002ab8       0x64 ../../../../../..//binary/armv7a/gcc/am335x/system_config/Release/libsystem_config.a(cpu.o)
 .debug_abbrev  0x00002b1c       0x14 ../../../../../..//binary/armv7a/gcc/am335x/system_config/Release/libsystem_config.a(exceptionhandler.o)
 .debug_abbrev  0x00002b30      0x18e ../../../../../..//binary/armv7a/gcc/am335x/drivers/Release/libdrivers.a(dmtimer.o)

.debug_loc      0x00000000     0xbc09
 .debug_loc     0x00000000       0xa3 Release/crc16.o
 .debug_loc     0x000000a3      0x2d8 Release/fat_mmcsd.o
 .debug_loc     0x0000037b     0x260b Release/ff.o
 .debug_loc     0x00002986      0xb14 Release/hs_mmcsd_fs.o
 .debug_loc     0x0000349a      0x5db Release/hs_mmcsd_rw.o
 .debug_loc     0x00003a75      0x436 Release/xmodem.o
 .debug_loc     0x00003eab     0x14b2 ../../../../../..//binary/armv7a/gcc/am335x/drivers/Release/libdrivers.a(edma.o)
 .debug_loc     0x0000535d      0x7d0 ../../../../../..//binary/armv7a/gcc/am335x/drivers/Release/libdrivers.a(hs_mmcsd.o)
 .debug_loc     0x00005b2d     0x1e21 ../../../../../..//binary/armv7a/gcc/am335x/drivers/Release/libdrivers.a(uart_irda_cir.o)
 .debug_loc     0x0000794e       0xef ../../../../../..//binary/armv7a/gcc/utils/Release/libutils.a(cmdline.o)
 .debug_loc     0x00007a3d      0x31b ../../../../../..//binary/armv7a/gcc/utils/Release/libutils.a(consoleUtils.o)
 .debug_loc     0x00007d58       0xe2 ../../../../../..//binary/armv7a/gcc/utils/Release/libutils.a(delay.o)
 .debug_loc     0x00007e3a     0x18d9 ../../../../../..//binary/armv7a/gcc/utils/Release/libutils.a(uartStdio.o)
 .debug_loc     0x00009713      0x4e2 ../../../../../..//binary/armv7a/gcc/utils/Release/libutils.a(ascii.o)
 .debug_loc     0x00009bf5       0xd5 ../../../../../..//binary/armv7a/gcc/am335x/beaglebone/platform/Release/libplatform.a(edma.o)
 .debug_loc     0x00009cca      0x165 ../../../../../..//binary/armv7a/gcc/am335x/beaglebone/platform/Release/libplatform.a(sysdelay.o)
 .debug_loc     0x00009e2f       0xab ../../../../../..//binary/armv7a/gcc/am335x/beaglebone/platform/Release/libplatform.a(uartConsole.o)
 .debug_loc     0x00009eda      0x3e0 ../../../../../..//binary/armv7a/gcc/mmcsdlib/Release/libmmcsd.a(hs_mmcsdlib.o)
 .debug_loc     0x0000a2ba     0x1108 ../../../../../..//binary/armv7a/gcc/mmcsdlib/Release/libmmcsd.a(mmcsd_proto.o)
 .debug_loc     0x0000b3c2      0x2b0 ../../../../../..//binary/armv7a/gcc/am335x/system_config/Release/libsystem_config.a(cache.o)
 .debug_loc     0x0000b672      0x248 ../../../../../..//binary/armv7a/gcc/am335x/system_config/Release/libsystem_config.a(interrupt.o)
 .debug_loc     0x0000b8ba      0x10b ../../../../../..//binary/armv7a/gcc/am335x/system_config/Release/libsystem_config.a(mmu.o)
 .debug_loc     0x0000b9c5       0x34 ../../../../../..//binary/armv7a/gcc/am335x/system_config/Release/libsystem_config.a(startup.o)
 .debug_loc     0x0000b9f9      0x210 ../../../../../..//binary/armv7a/gcc/am335x/drivers/Release/libdrivers.a(dmtimer.o)

.debug_aranges  0x00000000      0xe30
 .debug_aranges
                0x00000000       0x20 Release/crc16.o
 .debug_aranges
                0x00000020       0x48 Release/fat_mmcsd.o
 .debug_aranges
                0x00000068       0xf8 Release/ff.o
 .debug_aranges
                0x00000160       0x70 Release/hs_mmcsd_fs.o
 .debug_aranges
                0x000001d0       0x70 Release/hs_mmcsd_rw.o
 .debug_aranges
                0x00000240       0x38 Release/xmodem.o
 .debug_aranges
                0x00000278      0x168 ../../../../../..//binary/armv7a/gcc/am335x/drivers/Release/libdrivers.a(edma.o)
 .debug_aranges
                0x000003e0       0xf8 ../../../../../..//binary/armv7a/gcc/am335x/drivers/Release/libdrivers.a(hs_mmcsd.o)
 .debug_aranges
                0x000004d8      0x268 ../../../../../..//binary/armv7a/gcc/am335x/drivers/Release/libdrivers.a(uart_irda_cir.o)
 .debug_aranges
                0x00000740       0x20 ../../../../../..//binary/armv7a/gcc/utils/Release/libutils.a(cmdline.o)
 .debug_aranges
                0x00000760       0x58 ../../../../../..//binary/armv7a/gcc/utils/Release/libutils.a(consoleUtils.o)
 .debug_aranges
                0x000007b8       0x40 ../../../../../..//binary/armv7a/gcc/utils/Release/libutils.a(delay.o)
 .debug_aranges
                0x000007f8       0x80 ../../../../../..//binary/armv7a/gcc/utils/Release/libutils.a(uartStdio.o)
 .debug_aranges
                0x00000878       0x48 ../../../../../..//binary/armv7a/gcc/utils/Release/libutils.a(ascii.o)
 .debug_aranges
                0x000008c0       0x30 ../../../../../..//binary/armv7a/gcc/am335x/beaglebone/platform/Release/libplatform.a(edma.o)
 .debug_aranges
                0x000008f0       0x28 ../../../../../..//binary/armv7a/gcc/am335x/beaglebone/platform/Release/libplatform.a(hs_mmcsd.o)
 .debug_aranges
                0x00000918       0x48 ../../../../../..//binary/armv7a/gcc/am335x/beaglebone/platform/Release/libplatform.a(sysdelay.o)
 .debug_aranges
                0x00000960       0x30 ../../../../../..//binary/armv7a/gcc/am335x/beaglebone/platform/Release/libplatform.a(uartConsole.o)
 .debug_aranges
                0x00000990       0x48 ../../../../../..//binary/armv7a/gcc/am335x/beaglebone/platform/Release/libplatform.a(dmtimer.o)
 .debug_aranges
                0x000009d8       0x28 ../../../../../..//binary/armv7a/gcc/am335x/beaglebone/platform/Release/libplatform.a(uart.o)
 .debug_aranges
                0x00000a00       0x48 ../../../../../..//binary/armv7a/gcc/mmcsdlib/Release/libmmcsd.a(hs_mmcsdlib.o)
 .debug_aranges
                0x00000a48       0x80 ../../../../../..//binary/armv7a/gcc/mmcsdlib/Release/libmmcsd.a(mmcsd_proto.o)
 .debug_aranges
                0x00000ac8       0x68 ../../../../../..//binary/armv7a/gcc/am335x/system_config/Release/libsystem_config.a(cache.o)
 .debug_aranges
                0x00000b30       0x20 ../../../../../..//binary/armv7a/gcc/am335x/system_config/Release/libsystem_config.a(cp15.o)
 .debug_aranges
                0x00000b50       0x20 ../../../../../..//binary/armv7a/gcc/am335x/system_config/Release/libsystem_config.a(init.o)
 .debug_aranges
                0x00000b70      0x110 ../../../../../..//binary/armv7a/gcc/am335x/system_config/Release/libsystem_config.a(interrupt.o)
 .debug_aranges
                0x00000c80       0x30 ../../../../../..//binary/armv7a/gcc/am335x/system_config/Release/libsystem_config.a(mmu.o)
 .debug_aranges
                0x00000cb0       0x20 ../../../../../..//binary/armv7a/gcc/am335x/system_config/Release/libsystem_config.a(startup.o)
 .debug_aranges
                0x00000cd0       0x58 ../../../../../..//binary/armv7a/gcc/am335x/system_config/Release/libsystem_config.a(cpu.o)
 .debug_aranges
                0x00000d28       0x20 ../../../../../..//binary/armv7a/gcc/am335x/system_config/Release/libsystem_config.a(exceptionhandler.o)
 .debug_aranges
                0x00000d48       0xe8 ../../../../../..//binary/armv7a/gcc/am335x/drivers/Release/libdrivers.a(dmtimer.o)

.debug_ranges   0x00000000     0x1938
 .debug_ranges  0x00000000       0x10 Release/crc16.o
 .debug_ranges  0x00000010       0x50 Release/fat_mmcsd.o
 .debug_ranges  0x00000060      0x2e0 Release/ff.o
 .debug_ranges  0x00000340       0xd8 Release/hs_mmcsd_fs.o
 .debug_ranges  0x00000418       0xd0 Release/hs_mmcsd_rw.o
 .debug_ranges  0x000004e8       0x90 Release/xmodem.o
 .debug_ranges  0x00000578      0x188 ../../../../../..//binary/armv7a/gcc/am335x/drivers/Release/libdrivers.a(edma.o)
 .debug_ranges  0x00000700      0x160 ../../../../../..//binary/armv7a/gcc/am335x/drivers/Release/libdrivers.a(hs_mmcsd.o)
 .debug_ranges  0x00000860      0x5c8 ../../../../../..//binary/armv7a/gcc/am335x/drivers/Release/libdrivers.a(uart_irda_cir.o)
 .debug_ranges  0x00000e28       0x10 ../../../../../..//binary/armv7a/gcc/utils/Release/libutils.a(cmdline.o)
 .debug_ranges  0x00000e38       0x48 ../../../../../..//binary/armv7a/gcc/utils/Release/libutils.a(consoleUtils.o)
 .debug_ranges  0x00000e80       0x30 ../../../../../..//binary/armv7a/gcc/utils/Release/libutils.a(delay.o)
 .debug_ranges  0x00000eb0      0x330 ../../../../../..//binary/armv7a/gcc/utils/Release/libutils.a(uartStdio.o)
 .debug_ranges  0x000011e0       0x38 ../../../../../..//binary/armv7a/gcc/utils/Release/libutils.a(ascii.o)
 .debug_ranges  0x00001218       0x20 ../../../../../..//binary/armv7a/gcc/am335x/beaglebone/platform/Release/libplatform.a(edma.o)
 .debug_ranges  0x00001238       0x18 ../../../../../..//binary/armv7a/gcc/am335x/beaglebone/platform/Release/libplatform.a(hs_mmcsd.o)
 .debug_ranges  0x00001250       0x38 ../../../../../..//binary/armv7a/gcc/am335x/beaglebone/platform/Release/libplatform.a(sysdelay.o)
 .debug_ranges  0x00001288       0x60 ../../../../../..//binary/armv7a/gcc/am335x/beaglebone/platform/Release/libplatform.a(uartConsole.o)
 .debug_ranges  0x000012e8       0x38 ../../../../../..//binary/armv7a/gcc/am335x/beaglebone/platform/Release/libplatform.a(dmtimer.o)
 .debug_ranges  0x00001320       0x18 ../../../../../..//binary/armv7a/gcc/am335x/beaglebone/platform/Release/libplatform.a(uart.o)
 .debug_ranges  0x00001338       0x38 ../../../../../..//binary/armv7a/gcc/mmcsdlib/Release/libmmcsd.a(hs_mmcsdlib.o)
 .debug_ranges  0x00001370      0x2f0 ../../../../../..//binary/armv7a/gcc/mmcsdlib/Release/libmmcsd.a(mmcsd_proto.o)
 .debug_ranges  0x00001660       0x58 ../../../../../..//binary/armv7a/gcc/am335x/system_config/Release/libsystem_config.a(cache.o)
 .debug_ranges  0x000016b8      0x130 ../../../../../..//binary/armv7a/gcc/am335x/system_config/Release/libsystem_config.a(interrupt.o)
 .debug_ranges  0x000017e8       0x20 ../../../../../..//binary/armv7a/gcc/am335x/system_config/Release/libsystem_config.a(mmu.o)
 .debug_ranges  0x00001808       0x10 ../../../../../..//binary/armv7a/gcc/am335x/system_config/Release/libsystem_config.a(startup.o)
 .debug_ranges  0x00001818       0x48 ../../../../../..//binary/armv7a/gcc/am335x/system_config/Release/libsystem_config.a(cpu.o)
 .debug_ranges  0x00001860       0xd8 ../../../../../..//binary/armv7a/gcc/am335x/drivers/Release/libdrivers.a(dmtimer.o)

.debug_line     0x00000000     0x4cbc
 .debug_line    0x00000000       0x77 Release/crc16.o
 .debug_line    0x00000077      0x16d Release/fat_mmcsd.o
 .debug_line    0x000001e4      0x9ac Release/ff.o
 .debug_line    0x00000b90      0x455 Release/hs_mmcsd_fs.o
 .debug_line    0x00000fe5      0x41f Release/hs_mmcsd_rw.o
 .debug_line    0x00001404      0x129 Release/xmodem.o
 .debug_line    0x0000152d      0x5ec ../../../../../..//binary/armv7a/gcc/am335x/drivers/Release/libdrivers.a(edma.o)
 .debug_line    0x00001b19      0x340 ../../../../../..//binary/armv7a/gcc/am335x/drivers/Release/libdrivers.a(hs_mmcsd.o)
 .debug_line    0x00001e59      0x999 ../../../../../..//binary/armv7a/gcc/am335x/drivers/Release/libdrivers.a(uart_irda_cir.o)
 .debug_line    0x000027f2       0xa0 ../../../../../..//binary/armv7a/gcc/utils/Release/libutils.a(cmdline.o)
 .debug_line    0x00002892      0x1aa ../../../../../..//binary/armv7a/gcc/utils/Release/libutils.a(consoleUtils.o)
 .debug_line    0x00002a3c       0x90 ../../../../../..//binary/armv7a/gcc/utils/Release/libutils.a(delay.o)
 .debug_line    0x00002acc      0x857 ../../../../../..//binary/armv7a/gcc/utils/Release/libutils.a(uartStdio.o)
 .debug_line    0x00003323      0x16a ../../../../../..//binary/armv7a/gcc/utils/Release/libutils.a(ascii.o)
 .debug_line    0x0000348d       0xf8 ../../../../../..//binary/armv7a/gcc/am335x/beaglebone/platform/Release/libplatform.a(edma.o)
 .debug_line    0x00003585       0x81 ../../../../../..//binary/armv7a/gcc/am335x/beaglebone/platform/Release/libplatform.a(hs_mmcsd.o)
 .debug_line    0x00003606       0xe7 ../../../../../..//binary/armv7a/gcc/am335x/beaglebone/platform/Release/libplatform.a(sysdelay.o)
 .debug_line    0x000036ed       0xb2 ../../../../../..//binary/armv7a/gcc/am335x/beaglebone/platform/Release/libplatform.a(uartConsole.o)
 .debug_line    0x0000379f      0x21e ../../../../../..//binary/armv7a/gcc/am335x/beaglebone/platform/Release/libplatform.a(dmtimer.o)
 .debug_line    0x000039bd      0x114 ../../../../../..//binary/armv7a/gcc/am335x/beaglebone/platform/Release/libplatform.a(uart.o)
 .debug_line    0x00003ad1      0x133 ../../../../../..//binary/armv7a/gcc/mmcsdlib/Release/libmmcsd.a(hs_mmcsdlib.o)
 .debug_line    0x00003c04      0x459 ../../../../../..//binary/armv7a/gcc/mmcsdlib/Release/libmmcsd.a(mmcsd_proto.o)
 .debug_line    0x0000405d      0x111 ../../../../../..//binary/armv7a/gcc/am335x/system_config/Release/libsystem_config.a(cache.o)
 .debug_line    0x0000416e      0x18a ../../../../../..//binary/armv7a/gcc/am335x/system_config/Release/libsystem_config.a(cp15.o)
 .debug_line    0x000042f8       0x93 ../../../../../..//binary/armv7a/gcc/am335x/system_config/Release/libsystem_config.a(init.o)
 .debug_line    0x0000438b      0x2ae ../../../../../..//binary/armv7a/gcc/am335x/system_config/Release/libsystem_config.a(interrupt.o)
 .debug_line    0x00004639      0x104 ../../../../../..//binary/armv7a/gcc/am335x/system_config/Release/libsystem_config.a(mmu.o)
 .debug_line    0x0000473d       0x76 ../../../../../..//binary/armv7a/gcc/am335x/system_config/Release/libsystem_config.a(startup.o)
 .debug_line    0x000047b3       0xd6 ../../../../../..//binary/armv7a/gcc/am335x/system_config/Release/libsystem_config.a(cpu.o)
 .debug_line    0x00004889       0xb9 ../../../../../..//binary/armv7a/gcc/am335x/system_config/Release/libsystem_config.a(exceptionhandler.o)
 .debug_line    0x00004942      0x37a ../../../../../..//binary/armv7a/gcc/am335x/drivers/Release/libdrivers.a(dmtimer.o)

.debug_str      0x00000000     0x2fda
 .debug_str     0x00000000       0xeb Release/crc16.o
 .debug_str     0x000000eb      0x2e8 Release/fat_mmcsd.o
                                0x3e3 (size before relaxing)
 .debug_str     0x000003d3      0x3f1 Release/ff.o
                                0x604 (size before relaxing)
 .debug_str     0x000007c4      0x272 Release/hs_mmcsd_fs.o
                                0x726 (size before relaxing)
 .debug_str     0x00000a36      0x313 Release/hs_mmcsd_rw.o
                                0x5b3 (size before relaxing)
 .debug_str     0x00000d49       0xb5 Release/xmodem.o
                                0x1d1 (size before relaxing)
 .debug_str     0x00000dfe      0x4ed ../../../../../..//binary/armv7a/gcc/am335x/drivers/Release/libdrivers.a(edma.o)
                                0x65e (size before relaxing)
 .debug_str     0x000012eb      0x2ef ../../../../../..//binary/armv7a/gcc/am335x/drivers/Release/libdrivers.a(hs_mmcsd.o)
                                0x3c0 (size before relaxing)
 .debug_str     0x000015da      0x89f ../../../../../..//binary/armv7a/gcc/am335x/drivers/Release/libdrivers.a(uart_irda_cir.o)
                                0x94d (size before relaxing)
 .debug_str     0x00001e79       0x76 ../../../../../..//binary/armv7a/gcc/utils/Release/libutils.a(cmdline.o)
                                0x194 (size before relaxing)
 .debug_str     0x00001eef      0x116 ../../../../../..//binary/armv7a/gcc/utils/Release/libutils.a(consoleUtils.o)
                                0x26d (size before relaxing)
 .debug_str     0x00002005       0x2d ../../../../../..//binary/armv7a/gcc/utils/Release/libutils.a(delay.o)
                                 0xe3 (size before relaxing)
 .debug_str     0x00002032      0x186 ../../../../../..//binary/armv7a/gcc/utils/Release/libutils.a(uartStdio.o)
                                0x28a (size before relaxing)
 .debug_str     0x000021b8       0xd3 ../../../../../..//binary/armv7a/gcc/utils/Release/libutils.a(ascii.o)
                                0x174 (size before relaxing)
 .debug_str     0x0000228b       0xb9 ../../../../../..//binary/armv7a/gcc/am335x/beaglebone/platform/Release/libplatform.a(edma.o)
                                0x134 (size before relaxing)
 .debug_str     0x00002344       0x5c ../../../../../..//binary/armv7a/gcc/am335x/beaglebone/platform/Release/libplatform.a(hs_mmcsd.o)
                                 0xfb (size before relaxing)
 .debug_str     0x000023a0       0x97 ../../../../../..//binary/armv7a/gcc/am335x/beaglebone/platform/Release/libplatform.a(sysdelay.o)
                                0x148 (size before relaxing)
 .debug_str     0x00002437       0xb3 ../../../../../..//binary/armv7a/gcc/am335x/beaglebone/platform/Release/libplatform.a(uartConsole.o)
                                0x181 (size before relaxing)
 .debug_str     0x000024ea       0xcd ../../../../../..//binary/armv7a/gcc/am335x/beaglebone/platform/Release/libplatform.a(dmtimer.o)
                                0x16c (size before relaxing)
 .debug_str     0x000025b7       0x5f ../../../../../..//binary/armv7a/gcc/am335x/beaglebone/platform/Release/libplatform.a(uart.o)
                                0x107 (size before relaxing)
 .debug_str     0x00002616       0xec ../../../../../..//binary/armv7a/gcc/mmcsdlib/Release/libmmcsd.a(hs_mmcsdlib.o)
                                0x338 (size before relaxing)
 .debug_str     0x00002702       0xe0 ../../../../../..//binary/armv7a/gcc/mmcsdlib/Release/libmmcsd.a(mmcsd_proto.o)
                                0x39f (size before relaxing)
 .debug_str     0x000027e2      0x14f ../../../../../..//binary/armv7a/gcc/am335x/system_config/Release/libsystem_config.a(cache.o)
                                0x1af (size before relaxing)
 .debug_str     0x00002931      0x295 ../../../../../..//binary/armv7a/gcc/am335x/system_config/Release/libsystem_config.a(interrupt.o)
                                0x363 (size before relaxing)
 .debug_str     0x00002bc6       0x69 ../../../../../..//binary/armv7a/gcc/am335x/system_config/Release/libsystem_config.a(mmu.o)
                                0x146 (size before relaxing)
 .debug_str     0x00002c2f       0x6b ../../../../../..//binary/armv7a/gcc/am335x/system_config/Release/libsystem_config.a(startup.o)
                                0x118 (size before relaxing)
 .debug_str     0x00002c9a       0x9a ../../../../../..//binary/armv7a/gcc/am335x/system_config/Release/libsystem_config.a(cpu.o)
                                0x12a (size before relaxing)
 .debug_str     0x00002d34      0x2a6 ../../../../../..//binary/armv7a/gcc/am335x/drivers/Release/libdrivers.a(dmtimer.o)
                                0x354 (size before relaxing)

.comment        0x00000000       0x70
 .comment       0x00000000       0x70 Release/crc16.o
                                 0x71 (size before relaxing)
 .comment       0x00000000       0x71 Release/fat_mmcsd.o
 .comment       0x00000000       0x71 Release/ff.o
 .comment       0x00000000       0x71 Release/hs_mmcsd_fs.o
 .comment       0x00000000       0x71 Release/hs_mmcsd_rw.o
 .comment       0x00000000       0x71 Release/xmodem.o
 .comment       0x00000000       0x71 ../../../../../..//binary/armv7a/gcc/am335x/drivers/Release/libdrivers.a(edma.o)
 .comment       0x00000000       0x71 ../../../../../..//binary/armv7a/gcc/am335x/drivers/Release/libdrivers.a(hs_mmcsd.o)
 .comment       0x00000000       0x71 ../../../../../..//binary/armv7a/gcc/am335x/drivers/Release/libdrivers.a(uart_irda_cir.o)
 .comment       0x00000000       0x71 ../../../../../..//binary/armv7a/gcc/utils/Release/libutils.a(cmdline.o)
 .comment       0x00000000       0x71 ../../../../../..//binary/armv7a/gcc/utils/Release/libutils.a(consoleUtils.o)
 .comment       0x00000000       0x71 ../../../../../..//binary/armv7a/gcc/utils/Release/libutils.a(delay.o)
 .comment       0x00000000       0x71 ../../../../../..//binary/armv7a/gcc/utils/Release/libutils.a(uartStdio.o)
 .comment       0x00000000       0x71 ../../../../../..//binary/armv7a/gcc/utils/Release/libutils.a(ascii.o)
 .comment       0x00000000       0x71 ../../../../../..//binary/armv7a/gcc/am335x/beaglebone/platform/Release/libplatform.a(edma.o)
 .comment       0x00000000       0x71 ../../../../../..//binary/armv7a/gcc/am335x/beaglebone/platform/Release/libplatform.a(hs_mmcsd.o)
 .comment       0x00000000       0x71 ../../../../../..//binary/armv7a/gcc/am335x/beaglebone/platform/Release/libplatform.a(sysdelay.o)
 .comment       0x00000000       0x71 ../../../../../..//binary/armv7a/gcc/am335x/beaglebone/platform/Release/libplatform.a(uartConsole.o)
 .comment       0x00000000       0x71 ../../../../../..//binary/armv7a/gcc/am335x/beaglebone/platform/Release/libplatform.a(dmtimer.o)
 .comment       0x00000000       0x71 ../../../../../..//binary/armv7a/gcc/am335x/beaglebone/platform/Release/libplatform.a(uart.o)
 .comment       0x00000000       0x71 ../../../../../..//binary/armv7a/gcc/mmcsdlib/Release/libmmcsd.a(hs_mmcsdlib.o)
 .comment       0x00000000       0x71 ../../../../../..//binary/armv7a/gcc/mmcsdlib/Release/libmmcsd.a(mmcsd_proto.o)
 .comment       0x00000000       0x71 ../../../../../..//binary/armv7a/gcc/am335x/system_config/Release/libsystem_config.a(cache.o)
 .comment       0x00000000       0x71 ../../../../../..//binary/armv7a/gcc/am335x/system_config/Release/libsystem_config.a(interrupt.o)
 .comment       0x00000000       0x71 ../../../../../..//binary/armv7a/gcc/am335x/system_config/Release/libsystem_config.a(mmu.o)
 .comment       0x00000000       0x71 ../../../../../..//binary/armv7a/gcc/am335x/system_config/Release/libsystem_config.a(startup.o)
 .comment       0x00000000       0x71 ../../../../../..//binary/armv7a/gcc/am335x/system_config/Release/libsystem_config.a(cpu.o)
 .comment       0x00000000       0x71 ../../../../../..//binary/armv7a/gcc/am335x/drivers/Release/libdrivers.a(dmtimer.o)

.ARM.attributes
                0x00000000       0x3b
 .ARM.attributes
                0x00000000       0x37 Release/crc16.o
 .ARM.attributes
                0x00000037       0x37 Release/fat_mmcsd.o
 .ARM.attributes
                0x0000006e       0x37 Release/ff.o
 .ARM.attributes
                0x000000a5       0x37 Release/hs_mmcsd_fs.o
 .ARM.attributes
                0x000000dc       0x37 Release/hs_mmcsd_rw.o
 .ARM.attributes
                0x00000113       0x37 Release/xmodem.o
 .ARM.attributes
                0x0000014a       0x37 ../../../../../..//binary/armv7a/gcc/am335x/drivers/Release/libdrivers.a(edma.o)
 .ARM.attributes
                0x00000181       0x37 ../../../../../..//binary/armv7a/gcc/am335x/drivers/Release/libdrivers.a(hs_mmcsd.o)
 .ARM.attributes
                0x000001b8       0x37 ../../../../../..//binary/armv7a/gcc/am335x/drivers/Release/libdrivers.a(uart_irda_cir.o)
 .ARM.attributes
                0x000001ef       0x37 ../../../../../..//binary/armv7a/gcc/utils/Release/libutils.a(cmdline.o)
 .ARM.attributes
                0x00000226       0x37 ../../../../../..//binary/armv7a/gcc/utils/Release/libutils.a(consoleUtils.o)
 .ARM.attributes
                0x0000025d       0x37 ../../../../../..//binary/armv7a/gcc/utils/Release/libutils.a(delay.o)
 .ARM.attributes
                0x00000294       0x37 ../../../../../..//binary/armv7a/gcc/utils/Release/libutils.a(uartStdio.o)
 .ARM.attributes
                0x000002cb       0x37 ../../../../../..//binary/armv7a/gcc/utils/Release/libutils.a(ascii.o)
 .ARM.attributes
                0x00000302       0x37 ../../../../../..//binary/armv7a/gcc/am335x/beaglebone/platform/Release/libplatform.a(edma.o)
 .ARM.attributes
                0x00000339       0x37 ../../../../../..//binary/armv7a/gcc/am335x/beaglebone/platform/Release/libplatform.a(hs_mmcsd.o)
 .ARM.attributes
                0x00000370       0x37 ../../../../../..//binary/armv7a/gcc/am335x/beaglebone/platform/Release/libplatform.a(sysdelay.o)
 .ARM.attributes
                0x000003a7       0x37 ../../../../../..//binary/armv7a/gcc/am335x/beaglebone/platform/Release/libplatform.a(uartConsole.o)
 .ARM.attributes
                0x000003de       0x37 ../../../../../..//binary/armv7a/gcc/am335x/beaglebone/platform/Release/libplatform.a(dmtimer.o)
 .ARM.attributes
                0x00000415       0x37 ../../../../../..//binary/armv7a/gcc/am335x/beaglebone/platform/Release/libplatform.a(uart.o)
 .ARM.attributes
                0x0000044c       0x37 ../../../../../..//binary/armv7a/gcc/mmcsdlib/Release/libmmcsd.a(hs_mmcsdlib.o)
 .ARM.attributes
                0x00000483       0x37 ../../../../../..//binary/armv7a/gcc/mmcsdlib/Release/libmmcsd.a(mmcsd_proto.o)
 .ARM.attributes
                0x000004ba       0x3d ../../../../../..//binary/armv7a/gcc/am335x/system_config/Release/libsystem_config.a(cache.o)
 .ARM.attributes
                0x000004f7       0x23 ../../../../../..//binary/armv7a/gcc/am335x/system_config/Release/libsystem_config.a(cp15.o)
 .ARM.attributes
                0x0000051a       0x23 ../../../../../..//binary/armv7a/gcc/am335x/system_config/Release/libsystem_config.a(init.o)
 .ARM.attributes
                0x0000053d       0x3d ../../../../../..//binary/armv7a/gcc/am335x/system_config/Release/libsystem_config.a(interrupt.o)
 .ARM.attributes
                0x0000057a       0x3d ../../../../../..//binary/armv7a/gcc/am335x/system_config/Release/libsystem_config.a(mmu.o)
 .ARM.attributes
                0x000005b7       0x3d ../../../../../..//binary/armv7a/gcc/am335x/system_config/Release/libsystem_config.a(startup.o)
 .ARM.attributes
                0x000005f4       0x3d ../../../../../..//binary/armv7a/gcc/am335x/system_config/Release/libsystem_config.a(cpu.o)
 .ARM.attributes
                0x00000631       0x23 ../../../../../..//binary/armv7a/gcc/am335x/system_config/Release/libsystem_config.a(exceptionhandler.o)
 .ARM.attributes
                0x00000654       0x30 /home/abby/opt/gcc-arm-none-eabi-4_7-2012q4//arm-none-eabi/lib//libc.a(lib_a-memcmp.o)
 .ARM.attributes
                0x00000684       0x30 /home/abby/opt/gcc-arm-none-eabi-4_7-2012q4//arm-none-eabi/lib//libc.a(lib_a-memcpy.o)
 .ARM.attributes
                0x000006b4       0x30 /home/abby/opt/gcc-arm-none-eabi-4_7-2012q4//arm-none-eabi/lib//libc.a(lib_a-memset.o)
 .ARM.attributes
                0x000006e4       0x30 /home/abby/opt/gcc-arm-none-eabi-4_7-2012q4//arm-none-eabi/lib//libc.a(lib_a-stpcpy.o)
 .ARM.attributes
                0x00000714       0x30 /home/abby/opt/gcc-arm-none-eabi-4_7-2012q4//arm-none-eabi/lib//libc.a(lib_a-strcat.o)
 .ARM.attributes
                0x00000744       0x30 /home/abby/opt/gcc-arm-none-eabi-4_7-2012q4//arm-none-eabi/lib//libc.a(lib_a-strcmp.o)
 .ARM.attributes
                0x00000774       0x30 /home/abby/opt/gcc-arm-none-eabi-4_7-2012q4//arm-none-eabi/lib//libc.a(lib_a-strcpy.o)
 .ARM.attributes
                0x000007a4       0x30 /home/abby/opt/gcc-arm-none-eabi-4_7-2012q4//arm-none-eabi/lib//libc.a(lib_a-strlen.o)
 .ARM.attributes
                0x000007d4       0x30 /home/abby/opt/gcc-arm-none-eabi-4_7-2012q4//arm-none-eabi/lib//libc.a(lib_a-strncmp.o)
 .ARM.attributes
                0x00000804       0x30 /home/abby/opt/gcc-arm-none-eabi-4_7-2012q4//arm-none-eabi/lib//libc.a(lib_a-strncpy.o)
 .ARM.attributes
                0x00000834       0x18 /home/abby/opt/gcc-arm-none-eabi-4_7-2012q4//lib/gcc/arm-none-eabi/4.7.3//libgcc.a(_udivsi3.o)
 .ARM.attributes
                0x0000084c       0x18 /home/abby/opt/gcc-arm-none-eabi-4_7-2012q4//lib/gcc/arm-none-eabi/4.7.3//libgcc.a(_divsi3.o)
 .ARM.attributes
                0x00000864       0x18 /home/abby/opt/gcc-arm-none-eabi-4_7-2012q4//lib/gcc/arm-none-eabi/4.7.3//libgcc.a(_dvmd_tls.o)
 .ARM.attributes
                0x0000087c       0x37 ../../../../../..//binary/armv7a/gcc/am335x/drivers/Release/libdrivers.a(dmtimer.o)

.debug_frame    0x00000000     0x223c
 .debug_frame   0x00000000       0x20 Release/crc16.o
 .debug_frame   0x00000020       0x8c Release/fat_mmcsd.o
 .debug_frame   0x000000ac      0x3a0 Release/ff.o
 .debug_frame   0x0000044c      0x16c Release/hs_mmcsd_fs.o
 .debug_frame   0x000005b8      0x160 Release/hs_mmcsd_rw.o
 .debug_frame   0x00000718       0x88 Release/xmodem.o
 .debug_frame   0x000007a0      0x320 ../../../../../..//binary/armv7a/gcc/am335x/drivers/Release/libdrivers.a(edma.o)
 .debug_frame   0x00000ac0      0x204 ../../../../../..//binary/armv7a/gcc/am335x/drivers/Release/libdrivers.a(hs_mmcsd.o)
 .debug_frame   0x00000cc4      0x53c ../../../../../..//binary/armv7a/gcc/am335x/drivers/Release/libdrivers.a(uart_irda_cir.o)
 .debug_frame   0x00001200       0x30 ../../../../../..//binary/armv7a/gcc/utils/Release/libutils.a(cmdline.o)
 .debug_frame   0x00001230       0xec ../../../../../..//binary/armv7a/gcc/utils/Release/libutils.a(consoleUtils.o)
 .debug_frame   0x0000131c       0x88 ../../../../../..//binary/armv7a/gcc/utils/Release/libutils.a(delay.o)
 .debug_frame   0x000013a4      0x1cc ../../../../../..//binary/armv7a/gcc/utils/Release/libutils.a(uartStdio.o)
 .debug_frame   0x00001570       0xcc ../../../../../..//binary/armv7a/gcc/utils/Release/libutils.a(ascii.o)
 .debug_frame   0x0000163c       0x40 ../../../../../..//binary/armv7a/gcc/am335x/beaglebone/platform/Release/libplatform.a(edma.o)
 .debug_frame   0x0000167c       0x30 ../../../../../..//binary/armv7a/gcc/am335x/beaglebone/platform/Release/libplatform.a(hs_mmcsd.o)
 .debug_frame   0x000016ac       0x98 ../../../../../..//binary/armv7a/gcc/am335x/beaglebone/platform/Release/libplatform.a(sysdelay.o)
 .debug_frame   0x00001744       0x58 ../../../../../..//binary/armv7a/gcc/am335x/beaglebone/platform/Release/libplatform.a(uartConsole.o)
 .debug_frame   0x0000179c       0x70 ../../../../../..//binary/armv7a/gcc/am335x/beaglebone/platform/Release/libplatform.a(dmtimer.o)
 .debug_frame   0x0000180c       0x30 ../../../../../..//binary/armv7a/gcc/am335x/beaglebone/platform/Release/libplatform.a(uart.o)
 .debug_frame   0x0000183c       0xb0 ../../../../../..//binary/armv7a/gcc/mmcsdlib/Release/libmmcsd.a(hs_mmcsdlib.o)
 .debug_frame   0x000018ec      0x17c ../../../../../..//binary/armv7a/gcc/mmcsdlib/Release/libmmcsd.a(mmcsd_proto.o)
 .debug_frame   0x00001a68      0x100 ../../../../../..//binary/armv7a/gcc/am335x/system_config/Release/libsystem_config.a(cache.o)
 .debug_frame   0x00001b68      0x238 ../../../../../..//binary/armv7a/gcc/am335x/system_config/Release/libsystem_config.a(interrupt.o)
 .debug_frame   0x00001da0       0x60 ../../../../../..//binary/armv7a/gcc/am335x/system_config/Release/libsystem_config.a(mmu.o)
 .debug_frame   0x00001e00       0x28 ../../../../../..//binary/armv7a/gcc/am335x/system_config/Release/libsystem_config.a(startup.o)
 .debug_frame   0x00001e28       0x90 ../../../../../..//binary/armv7a/gcc/am335x/system_config/Release/libsystem_config.a(cpu.o)
 .debug_frame   0x00001eb8       0x28 /home/abby/opt/gcc-arm-none-eabi-4_7-2012q4//arm-none-eabi/lib//libc.a(lib_a-memcmp.o)
 .debug_frame   0x00001ee0       0x2c /home/abby/opt/gcc-arm-none-eabi-4_7-2012q4//arm-none-eabi/lib//libc.a(lib_a-memcpy.o)
 .debug_frame   0x00001f0c       0x28 /home/abby/opt/gcc-arm-none-eabi-4_7-2012q4//arm-none-eabi/lib//libc.a(lib_a-memset.o)
 .debug_frame   0x00001f34       0x28 /home/abby/opt/gcc-arm-none-eabi-4_7-2012q4//arm-none-eabi/lib//libc.a(lib_a-stpcpy.o)
 .debug_frame   0x00001f5c       0x2c /home/abby/opt/gcc-arm-none-eabi-4_7-2012q4//arm-none-eabi/lib//libc.a(lib_a-strcat.o)
 .debug_frame   0x00001f88       0x30 /home/abby/opt/gcc-arm-none-eabi-4_7-2012q4//arm-none-eabi/lib//libc.a(lib_a-strcmp.o)
 .debug_frame   0x00001fb8       0x20 /home/abby/opt/gcc-arm-none-eabi-4_7-2012q4//arm-none-eabi/lib//libc.a(lib_a-strcpy.o)
 .debug_frame   0x00001fd8       0x20 /home/abby/opt/gcc-arm-none-eabi-4_7-2012q4//arm-none-eabi/lib//libc.a(lib_a-strlen.o)
 .debug_frame   0x00001ff8       0x28 /home/abby/opt/gcc-arm-none-eabi-4_7-2012q4//arm-none-eabi/lib//libc.a(lib_a-strncmp.o)
 .debug_frame   0x00002020       0x2c /home/abby/opt/gcc-arm-none-eabi-4_7-2012q4//arm-none-eabi/lib//libc.a(lib_a-strncpy.o)
 .debug_frame   0x0000204c       0x20 /home/abby/opt/gcc-arm-none-eabi-4_7-2012q4//lib/gcc/arm-none-eabi/4.7.3//libgcc.a(_udivsi3.o)
 .debug_frame   0x0000206c       0x20 /home/abby/opt/gcc-arm-none-eabi-4_7-2012q4//lib/gcc/arm-none-eabi/4.7.3//libgcc.a(_divsi3.o)
 .debug_frame   0x0000208c      0x1b0 ../../../../../..//binary/armv7a/gcc/am335x/drivers/Release/libdrivers.a(dmtimer.o)
