Archive member included because of file (symbol)

../../../../../..//binary/armv7a/gcc/utils/Release/libutils.a(delay.o)
                              Release/usb_dev_serial.o (DelayTimerSetup)
../../../../../..//binary/armv7a/gcc/am335x/beaglebone/platform/Release/libplatform.a(sysdelay.o)
                              ../../../../../..//binary/armv7a/gcc/utils/Release/libutils.a(delay.o) (SysDelayTimerSetup)
../../../../../..//binary/armv7a/gcc/am335x/beaglebone/platform/Release/libplatform.a(usb.o)
                              Release/usb_dev_twocdcserial.o (USB0ModuleClkConfig)
../../../../../..//binary/armv7a/gcc/am335x/beaglebone/platform/Release/libplatform.a(dmtimer.o)
                              ../../../../../..//binary/armv7a/gcc/am335x/beaglebone/platform/Release/libplatform.a(sysdelay.o) (DMTimer7ModuleClkConfig)
../../../../../..//binary/armv7a/gcc/am335x/usblib/Release/libusblib.a(usbbuffer.o)
                              Release/usb_dev_serial.o (USBBufferInit)
../../../../../..//binary/armv7a/gcc/am335x/usblib/Release/libusblib.a(usbdcdc.o)
                              Release/usb_dev_twocdcserial.o (USBDCDCCompositeInit)
../../../../../..//binary/armv7a/gcc/am335x/usblib/Release/libusblib.a(usbdcomp.o)
                              Release/usb_dev_twocdcserial.o (USBDCompositeInit)
../../../../../..//binary/armv7a/gcc/am335x/usblib/Release/libusblib.a(usbdenum.o)
                              ../../../../../..//binary/armv7a/gcc/am335x/usblib/Release/libusblib.a(usbdcdc.o) (USBDCDInit)
../../../../../..//binary/armv7a/gcc/am335x/usblib/Release/libusblib.a(usbdhandler.o)
                              Release/usb_dev_twocdcserial.o (USB0DeviceIntHandler)
../../../../../..//binary/armv7a/gcc/am335x/usblib/Release/libusblib.a(usbringbuf.o)
                              ../../../../../..//binary/armv7a/gcc/am335x/usblib/Release/libusblib.a(usbbuffer.o) (USBRingBufFlush)
../../../../../..//binary/armv7a/gcc/am335x/usblib/Release/libusblib.a(usbtick.o)
                              ../../../../../..//binary/armv7a/gcc/am335x/usblib/Release/libusblib.a(usbdcdc.o) (InternalUSBRegisterTickHandler)
../../../../../..//binary/armv7a/gcc/am335x/usblib/Release/libusblib.a(usbdata.o)
                              ../../../../../..//binary/armv7a/gcc/am335x/usblib/Release/libusblib.a(usbdcdc.o) (g_USBInstance)
../../../../../..//binary/armv7a/gcc/am335x/usblib/Release/libusblib.a(usbdcdesc.o)
                              ../../../../../..//binary/armv7a/gcc/am335x/usblib/Release/libusblib.a(usbdenum.o) (USBDCDConfigDescGetSize)
../../../../../..//binary/armv7a/gcc/am335x/usblib/Release/libusblib.a(usbdconfig.o)
                              ../../../../../..//binary/armv7a/gcc/am335x/usblib/Release/libusblib.a(usbdenum.o) (USBDeviceConfig)
../../../../../..//binary/armv7a/gcc/am335x/usblib/Release/libusblib.a(usbdesc.o)
                              ../../../../../..//binary/armv7a/gcc/am335x/usblib/Release/libusblib.a(usbdcdesc.o) (USBDescGetNum)
../../../../../..//binary/armv7a/gcc/am335x/system_config/Release/libsystem_config.a(init.o)
                              (Entry)
../../../../../..//binary/armv7a/gcc/am335x/system_config/Release/libsystem_config.a(interrupt.o)
                              Release/usb_dev_twocdcserial.o (IntRegister)
../../../../../..//binary/armv7a/gcc/am335x/system_config/Release/libsystem_config.a(mmu.o)
                              Release/usb_dev_twocdcserial.o (MMUInit)
../../../../../..//binary/armv7a/gcc/am335x/system_config/Release/libsystem_config.a(startup.o)
                              ../../../../../..//binary/armv7a/gcc/am335x/system_config/Release/libsystem_config.a(init.o) (start_boot)
../../../../../..//binary/armv7a/gcc/am335x/system_config/Release/libsystem_config.a(cp15.o)
                              ../../../../../..//binary/armv7a/gcc/am335x/system_config/Release/libsystem_config.a(mmu.o) (CP15Ttb0Set)
../../../../../..//binary/armv7a/gcc/am335x/system_config/Release/libsystem_config.a(cpu.o)
                              ../../../../../..//binary/armv7a/gcc/am335x/system_config/Release/libsystem_config.a(interrupt.o) (CPUIntStatus)
../../../../../..//binary/armv7a/gcc/am335x/system_config/Release/libsystem_config.a(exceptionhandler.o)
                              ../../../../../..//binary/armv7a/gcc/am335x/system_config/Release/libsystem_config.a(startup.o) (IRQHandler)
/home/abby/opt/gcc-arm-none-eabi-4_7-2012q4//arm-none-eabi/lib//libc.a(lib_a-strlen.o)
                              Release/ustdlib.o (strlen)
/home/abby/opt/gcc-arm-none-eabi-4_7-2012q4//arm-none-eabi/lib//libc.a(lib_a-strncmp.o)
                              Release/ustdlib.o (strncmp)
/home/abby/opt/gcc-arm-none-eabi-4_7-2012q4//arm-none-eabi/lib//libc.a(lib_a-strncpy.o)
                              Release/ustdlib.o (strncpy)
/home/abby/opt/gcc-arm-none-eabi-4_7-2012q4//lib/gcc/arm-none-eabi/4.7.3//libgcc.a(_udivsi3.o)
                              (__aeabi_uidiv)
[...]
Memory Configuration

Name             Origin             Length             Attributes
DDR0             0x80000000         0x10000000
*default*        0x00000000         0xffffffff

Linker script and memory map

LOAD Release/usb_dev_serial.o
LOAD Release/usb_dev_twocdcserial.o
LOAD Release/usb_structs.o
LOAD Release/ustdlib.o
LOAD ../../../../../..//binary/armv7a/gcc/am335x/drivers/Release/libdrivers.a
LOAD ../../../../../..//binary/armv7a/gcc/utils/Release/libutils.a
LOAD ../../../../../..//binary/armv7a/gcc/am335x/beaglebone/platform/Release/libplatform.a
LOAD ../../../../../..//binary/armv7a/gcc/am335x/usblib/Release/libusblib.a
LOAD ../../../../../..//binary/armv7a/gcc/am335x/system_config/Release/libsystem_config.a
LOAD /home/abby/opt/gcc-arm-none-eabi-4_7-2012q4//arm-none-eabi/lib//libc.a
LOAD /home/abby/opt/gcc-arm-none-eabi-4_7-2012q4//lib/gcc/arm-none-eabi/4.7.3//libgcc.a
LOAD ../../../../../..//binary/armv7a/gcc/am335x/drivers/Release/libdrivers.a
LOAD ../../../../../..//binary/armv7a/gcc/utils/Release/libutils.a
LOAD ../../../../../..//binary/armv7a/gcc/am335x/beaglebone/platform/Release/libplatform.a
LOAD ../../../../../..//binary/armv7a/gcc/am335x/usblib/Release/libusblib.a
LOAD ../../../../../..//binary/armv7a/gcc/am335x/system_config/Release/libsystem_config.a
LOAD /home/abby/opt/gcc-arm-none-eabi-4_7-2012q4//arm-none-eabi/lib//libc.a
LOAD /home/abby/opt/gcc-arm-none-eabi-4_7-2012q4//lib/gcc/arm-none-eabi/4.7.3//libgcc.a

.startcode      0x80000000       0xb4
                0x80000000                . = ALIGN (0x4)
 *init.o(.text)
 .text          0x80000000       0xb4 ../../../../../..//binary/armv7a/gcc/am335x/system_config/Release/libsystem_config.a(init.o)
                0x80000000                Entry

.text           0x800000b4     0x5aa8
                0x800000b4                . = ALIGN (0x4)
 *(.text*)
 .text.ControlHandler
                0x800000b4       0xb4 Release/usb_dev_serial.o
                0x800000b4                ControlHandler
 .text.TxHandler1
                0x80000168        0x8 Release/usb_dev_serial.o
                0x80000168                TxHandler1
 .text.TxHandler2
                0x80000170        0x8 Release/usb_dev_serial.o
                0x80000170                TxHandler2
 .text.RxHandler1
                0x80000178       0x8c Release/usb_dev_serial.o
                0x80000178                RxHandler1
 .text.RxHandler2
                0x80000204       0x8c Release/usb_dev_serial.o
                0x80000204                RxHandler2
 .text.SerialInit
                0x80000290       0x4c Release/usb_dev_serial.o
                0x80000290                SerialInit
 .text.SerialMain
                0x800002dc       0x40 Release/usb_dev_serial.o
                0x800002dc                SerialMain
 .text.MMUConfigAndEnable
                0x8000031c       0xa8 Release/usb_dev_twocdcserial.o
                0x8000031c                MMUConfigAndEnable
 .text.EventHandler
                0x800003c4       0xb4 Release/usb_dev_twocdcserial.o
                0x800003c4                EventHandler
 .text.startup.main
                0x80000478       0xf8 Release/usb_dev_twocdcserial.o
                0x80000478                main
 .text.DelayTimerSetup
                0x80000570       0x14 ../../../../../..//binary/armv7a/gcc/utils/Release/libutils.a(delay.o)
                0x80000570                DelayTimerSetup
 .text.delay    0x80000584       0x14 ../../../../../..//binary/armv7a/gcc/utils/Release/libutils.a(delay.o)
                0x80000584                delay
 .text.DMTimerIsr
                0x80000598       0x44 ../../../../../..//binary/armv7a/gcc/am335x/beaglebone/platform/Release/libplatform.a(sysdelay.o)
 .text.SysDelayTimerSetup
                0x800005dc       0x84 ../../../../../..//binary/armv7a/gcc/am335x/beaglebone/platform/Release/libplatform.a(sysdelay.o)
                0x800005dc                SysDelayTimerSetup
 .text.Sysdelay
                0x80000660       0x88 ../../../../../..//binary/armv7a/gcc/am335x/beaglebone/platform/Release/libplatform.a(sysdelay.o)
                0x80000660                Sysdelay
 .text.USBVersionGet
                0x800006e8        0x8 ../../../../../..//binary/armv7a/gcc/am335x/beaglebone/platform/Release/libplatform.a(usb.o)
                0x800006e8                USBVersionGet
 .text.USB0ModuleClkConfig
                0x800006f0       0x4c ../../../../../..//binary/armv7a/gcc/am335x/beaglebone/platform/Release/libplatform.a(usb.o)
                0x800006f0                USB0ModuleClkConfig
 .text.USBEnableInt
                0x8000073c       0x10 ../../../../../..//binary/armv7a/gcc/am335x/beaglebone/platform/Release/libplatform.a(usb.o)
                0x8000073c                USBEnableInt
 .text.USBClearInt
                0x8000074c        0x4 ../../../../../..//binary/armv7a/gcc/am335x/beaglebone/platform/Release/libplatform.a(usb.o)
                0x8000074c                USBClearInt
 .text.USBModuleClkEnable
                0x80000750       0x14 ../../../../../..//binary/armv7a/gcc/am335x/beaglebone/platform/Release/libplatform.a(usb.o)
                0x80000750                USBModuleClkEnable
 .text.DMTimer7ModuleClkConfig
                0x80000764      0x1a8 ../../../../../..//binary/armv7a/gcc/am335x/beaglebone/platform/Release/libplatform.a(dmtimer.o)
                0x80000764                DMTimer7ModuleClkConfig
 .text.ScheduleNextTransmission
                0x8000090c       0xb8 ../../../../../..//binary/armv7a/gcc/am335x/usblib/Release/libusblib.a(usbbuffer.o)
 .text.USBBufferInit
                0x800009c4       0x28 ../../../../../..//binary/armv7a/gcc/am335x/usblib/Release/libusblib.a(usbbuffer.o)
                0x800009c4                USBBufferInit
 .text.USBBufferWrite
                0x800009ec       0x64 ../../../../../..//binary/armv7a/gcc/am335x/usblib/Release/libusblib.a(usbbuffer.o)
                0x800009ec                USBBufferWrite
 .text.USBBufferFlush
                0x80000a50       0x18 ../../../../../..//binary/armv7a/gcc/am335x/usblib/Release/libusblib.a(usbbuffer.o)
                0x80000a50                USBBufferFlush
 .text.USBBufferRead
                0x80000a68       0x50 ../../../../../..//binary/armv7a/gcc/am335x/usblib/Release/libusblib.a(usbbuffer.o)
                0x80000a68                USBBufferRead
 .text.USBBufferEventCallback
                0x80000ab8      0x288 ../../../../../..//binary/armv7a/gcc/am335x/usblib/Release/libusblib.a(usbbuffer.o)
                0x80000ab8                USBBufferEventCallback
 .text.HandleConfigChange
                0x80000d40       0x48 ../../../../../..//binary/armv7a/gcc/am335x/usblib/Release/libusblib.a(usbdcdc.o)
 .text.HandleDevice
                0x80000d88       0xa0 ../../../../../..//binary/armv7a/gcc/am335x/usblib/Release/libusblib.a(usbdcdc.o)
 .text.HandleDisconnect
                0x80000e28       0x38 ../../../../../..//binary/armv7a/gcc/am335x/usblib/Release/libusblib.a(usbdcdc.o)
 .text.HandleSuspend
                0x80000e60       0x20 ../../../../../..//binary/armv7a/gcc/am335x/usblib/Release/libusblib.a(usbdcdc.o)
 .text.HandleResume
                0x80000e80       0x20 ../../../../../..//binary/armv7a/gcc/am335x/usblib/Release/libusblib.a(usbdcdc.o)
 .text.SendBreak
                0x80000ea0       0x54 ../../../../../..//binary/armv7a/gcc/am335x/usblib/Release/libusblib.a(usbdcdc.o)
 .text.SendLineCodingChange
                0x80000ef4       0x30 ../../../../../..//binary/armv7a/gcc/am335x/usblib/Release/libusblib.a(usbdcdc.o)
 .text.HandleEP0Data
                0x80000f24       0x98 ../../../../../..//binary/armv7a/gcc/am335x/usblib/Release/libusblib.a(usbdcdc.o)
 .text.SendLineStateChange
                0x80000fbc       0x30 ../../../../../..//binary/armv7a/gcc/am335x/usblib/Release/libusblib.a(usbdcdc.o)
 .text.HandleRequests
                0x80000fec      0x300 ../../../../../..//binary/armv7a/gcc/am335x/usblib/Release/libusblib.a(usbdcdc.o)
 .text.CDCTickHandler
                0x800012ec      0x148 ../../../../../..//binary/armv7a/gcc/am335x/usblib/Release/libusblib.a(usbdcdc.o)
 .text.SendSerialState
                0x80001434       0xd0 ../../../../../..//binary/armv7a/gcc/am335x/usblib/Release/libusblib.a(usbdcdc.o)
 .text.ProcessDataFromHost
                0x80001504       0xd0 ../../../../../..//binary/armv7a/gcc/am335x/usblib/Release/libusblib.a(usbdcdc.o)
                0x80001504                ProcessDataFromHost
 .text.ProcessNotificationToHost
                0x800015d4       0x64 ../../../../../..//binary/armv7a/gcc/am335x/usblib/Release/libusblib.a(usbdcdc.o)
                0x800015d4                ProcessNotificationToHost
 .text.ProcessDataToHost
                0x80001638       0x64 ../../../../../..//binary/armv7a/gcc/am335x/usblib/Release/libusblib.a(usbdcdc.o)
                0x80001638                ProcessDataToHost
 .text.HandleEndpoints
                0x8000169c       0x98 ../../../../../..//binary/armv7a/gcc/am335x/usblib/Release/libusblib.a(usbdcdc.o)
 .text.USBDCDCCompositeInit
                0x80001734      0x16c ../../../../../..//binary/armv7a/gcc/am335x/usblib/Release/libusblib.a(usbdcdc.o)
                0x80001734                USBDCDCCompositeInit
 .text.USBDCDCPacketWrite
                0x800018a0       0x94 ../../../../../..//binary/armv7a/gcc/am335x/usblib/Release/libusblib.a(usbdcdc.o)
                0x800018a0                USBDCDCPacketWrite
 .text.USBDCDCPacketRead
                0x80001934      0x104 ../../../../../..//binary/armv7a/gcc/am335x/usblib/Release/libusblib.a(usbdcdc.o)
                0x80001934                USBDCDCPacketRead
 .text.USBDCDCTxPacketAvailable
                0x80001a38       0x18 ../../../../../..//binary/armv7a/gcc/am335x/usblib/Release/libusblib.a(usbdcdc.o)
                0x80001a38                USBDCDCTxPacketAvailable
 .text.USBDCDCRxPacketAvailable
                0x80001a50       0x5c ../../../../../..//binary/armv7a/gcc/am335x/usblib/Release/libusblib.a(usbdcdc.o)
                0x80001a50                USBDCDCRxPacketAvailable
 .text.GetDescriptor
                0x80001aac       0x5c ../../../../../..//binary/armv7a/gcc/am335x/usblib/Release/libusblib.a(usbdcomp.o)
 .text.SuspendHandler
                0x80001b08       0x68 ../../../../../..//binary/armv7a/gcc/am335x/usblib/Release/libusblib.a(usbdcomp.o)
 .text.ResumeHandler
                0x80001b70       0x68 ../../../../../..//binary/armv7a/gcc/am335x/usblib/Release/libusblib.a(usbdcomp.o)
 .text.ResetHandler
                0x80001bd8       0x68 ../../../../../..//binary/armv7a/gcc/am335x/usblib/Release/libusblib.a(usbdcomp.o)
 .text.DataSent
                0x80001c40       0x5c ../../../../../..//binary/armv7a/gcc/am335x/usblib/Release/libusblib.a(usbdcomp.o)
 .text.DataReceived
                0x80001c9c       0x5c ../../../../../..//binary/armv7a/gcc/am335x/usblib/Release/libusblib.a(usbdcomp.o)
 .text.HandleEndpoints
                0x80001cf8       0x5c ../../../../../..//binary/armv7a/gcc/am335x/usblib/Release/libusblib.a(usbdcomp.o)
 .text.HandleDisconnect
                0x80001d54       0x6c ../../../../../..//binary/armv7a/gcc/am335x/usblib/Release/libusblib.a(usbdcomp.o)
 .text.InterfaceChange
                0x80001dc0       0x5c ../../../../../..//binary/armv7a/gcc/am335x/usblib/Release/libusblib.a(usbdcomp.o)
 .text.ConfigChangeHandler
                0x80001e1c       0x5c ../../../../../..//binary/armv7a/gcc/am335x/usblib/Release/libusblib.a(usbdcomp.o)
 .text.HandleRequests
                0x80001e78       0x5c ../../../../../..//binary/armv7a/gcc/am335x/usblib/Release/libusblib.a(usbdcomp.o)
 .text.CompositeEPChange
                0x80001ed4       0xf4 ../../../../../..//binary/armv7a/gcc/am335x/usblib/Release/libusblib.a(usbdcomp.o)
 .text.BuildCompositeDescriptor
                0x80001fc8      0x3fc ../../../../../..//binary/armv7a/gcc/am335x/usblib/Release/libusblib.a(usbdcomp.o)
                0x80001fc8                BuildCompositeDescriptor
 .text.USBDCompositeInit
                0x800023c4      0x124 ../../../../../..//binary/armv7a/gcc/am335x/usblib/Release/libusblib.a(usbdcomp.o)
                0x800023c4                USBDCompositeInit
 .text.USBDSetAddress
                0x800024e8       0x4c ../../../../../..//binary/armv7a/gcc/am335x/usblib/Release/libusblib.a(usbdenum.o)
 .text.USBDEP0StateTx
                0x80002534      0x134 ../../../../../..//binary/armv7a/gcc/am335x/usblib/Release/libusblib.a(usbdenum.o)
 .text.USBDGetConfiguration
                0x80002668       0x74 ../../../../../..//binary/armv7a/gcc/am335x/usblib/Release/libusblib.a(usbdenum.o)
 .text.USBDEP0StateTxConfig
                0x800026dc      0x330 ../../../../../..//binary/armv7a/gcc/am335x/usblib/Release/libusblib.a(usbdenum.o)
 .text.USBDCDInit
                0x80002a0c      0x1f4 ../../../../../..//binary/armv7a/gcc/am335x/usblib/Release/libusblib.a(usbdenum.o)
                0x80002a0c                USBDCDInit
 .text.USBDCDRequestDataEP0
                0x80002c00       0x28 ../../../../../..//binary/armv7a/gcc/am335x/usblib/Release/libusblib.a(usbdenum.o)
                0x80002c00                USBDCDRequestDataEP0
 .text.USBDCDSendDataEP0
                0x80002c28       0x30 ../../../../../..//binary/armv7a/gcc/am335x/usblib/Release/libusblib.a(usbdenum.o)
                0x80002c28                USBDCDSendDataEP0
 .text.USBDCDStallEP0
                0x80002c58       0x4c ../../../../../..//binary/armv7a/gcc/am335x/usblib/Release/libusblib.a(usbdenum.o)
                0x80002c58                USBDCDStallEP0
 .text.USBDSyncFrame
                0x80002ca4       0x44 ../../../../../..//binary/armv7a/gcc/am335x/usblib/Release/libusblib.a(usbdenum.o)
 .text.USBDSetInterface
                0x80002ce8      0x138 ../../../../../..//binary/armv7a/gcc/am335x/usblib/Release/libusblib.a(usbdenum.o)
 .text.USBDGetInterface
                0x80002e20       0xa4 ../../../../../..//binary/armv7a/gcc/am335x/usblib/Release/libusblib.a(usbdenum.o)
 .text.USBDSetConfiguration
                0x80002ec4       0xfc ../../../../../..//binary/armv7a/gcc/am335x/usblib/Release/libusblib.a(usbdenum.o)
 .text.USBDSetDescriptor
                0x80002fc0       0x44 ../../../../../..//binary/armv7a/gcc/am335x/usblib/Release/libusblib.a(usbdenum.o)
 .text.USBDGetDescriptor
                0x80003004      0x260 ../../../../../..//binary/armv7a/gcc/am335x/usblib/Release/libusblib.a(usbdenum.o)
 .text.USBDSetFeature
                0x80003264       0xbc ../../../../../..//binary/armv7a/gcc/am335x/usblib/Release/libusblib.a(usbdenum.o)
 .text.USBDClearFeature
                0x80003320       0xd4 ../../../../../..//binary/armv7a/gcc/am335x/usblib/Release/libusblib.a(usbdenum.o)
 .text.USBDGetStatus
                0x800033f4       0xdc ../../../../../..//binary/armv7a/gcc/am335x/usblib/Release/libusblib.a(usbdenum.o)
 .text.USBDReadAndDispatchRequest.constprop.3
                0x800034d0       0xc8 ../../../../../..//binary/armv7a/gcc/am335x/usblib/Release/libusblib.a(usbdenum.o)
 .text.USBDeviceResumeTickHandler
                0x80003598       0xa0 ../../../../../..//binary/armv7a/gcc/am335x/usblib/Release/libusblib.a(usbdenum.o)
                0x80003598                USBDeviceResumeTickHandler
 .text.USBDeviceEnumHandler
                0x80003638      0x1e4 ../../../../../..//binary/armv7a/gcc/am335x/usblib/Release/libusblib.a(usbdenum.o)
                0x80003638                USBDeviceEnumHandler
 .text.USBDeviceEnumResetHandler
                0x8000381c       0x64 ../../../../../..//binary/armv7a/gcc/am335x/usblib/Release/libusblib.a(usbdenum.o)
                0x8000381c                USBDeviceEnumResetHandler
 .text.USBDeviceIntHandlerInternal
                0x80003880      0x1ac ../../../../../..//binary/armv7a/gcc/am335x/usblib/Release/libusblib.a(usbdenum.o)
                0x80003880                USBDeviceIntHandlerInternal
 .text.USB0DeviceIntHandler
                0x80003a2c       0x74 ../../../../../..//binary/armv7a/gcc/am335x/usblib/Release/libusblib.a(usbdhandler.o)
                0x80003a2c                USB0DeviceIntHandler
 .text.UpdateIndexAtomic
                0x80003aa0       0x5c ../../../../../..//binary/armv7a/gcc/am335x/usblib/Release/libusblib.a(usbringbuf.o)
 .text.USBRingBufFlush
                0x80003afc       0x2c ../../../../../..//binary/armv7a/gcc/am335x/usblib/Release/libusblib.a(usbringbuf.o)
                0x80003afc                USBRingBufFlush
 .text.USBRingBufUsed
                0x80003b28       0x1c ../../../../../..//binary/armv7a/gcc/am335x/usblib/Release/libusblib.a(usbringbuf.o)
                0x80003b28                USBRingBufUsed
 .text.USBRingBufFree
                0x80003b44       0x24 ../../../../../..//binary/armv7a/gcc/am335x/usblib/Release/libusblib.a(usbringbuf.o)
                0x80003b44                USBRingBufFree
 .text.USBRingBufContigUsed
                0x80003b68       0x1c ../../../../../..//binary/armv7a/gcc/am335x/usblib/Release/libusblib.a(usbringbuf.o)
                0x80003b68                USBRingBufContigUsed
 .text.USBRingBufContigFree
                0x80003b84       0x34 ../../../../../..//binary/armv7a/gcc/am335x/usblib/Release/libusblib.a(usbringbuf.o)
                0x80003b84                USBRingBufContigFree
 .text.USBRingBufReadOne
                0x80003bb8       0x34 ../../../../../..//binary/armv7a/gcc/am335x/usblib/Release/libusblib.a(usbringbuf.o)
                0x80003bb8                USBRingBufReadOne
 .text.USBRingBufRead
                0x80003bec       0x38 ../../../../../..//binary/armv7a/gcc/am335x/usblib/Release/libusblib.a(usbringbuf.o)
                0x80003bec                USBRingBufRead
 .text.USBRingBufAdvanceRead
                0x80003c24       0x40 ../../../../../..//binary/armv7a/gcc/am335x/usblib/Release/libusblib.a(usbringbuf.o)
                0x80003c24                USBRingBufAdvanceRead
 .text.USBRingBufAdvanceWrite
                0x80003c64       0x74 ../../../../../..//binary/armv7a/gcc/am335x/usblib/Release/libusblib.a(usbringbuf.o)
                0x80003c64                USBRingBufAdvanceWrite
 .text.USBRingBufWriteOne
                0x80003cd8       0x30 ../../../../../..//binary/armv7a/gcc/am335x/usblib/Release/libusblib.a(usbringbuf.o)
                0x80003cd8                USBRingBufWriteOne
 .text.USBRingBufWrite
                0x80003d08       0x38 ../../../../../..//binary/armv7a/gcc/am335x/usblib/Release/libusblib.a(usbringbuf.o)
                0x80003d08                USBRingBufWrite
 .text.USBRingBufInit
                0x80003d40       0x18 ../../../../../..//binary/armv7a/gcc/am335x/usblib/Release/libusblib.a(usbringbuf.o)
                0x80003d40                USBRingBufInit
 .text.InternalUSBRegisterTickHandler
                0x80003d58       0x1c ../../../../../..//binary/armv7a/gcc/am335x/usblib/Release/libusblib.a(usbtick.o)
                0x80003d58                InternalUSBRegisterTickHandler
 .text.InternalUSBStartOfFrameTick
                0x80003d74       0x60 ../../../../../..//binary/armv7a/gcc/am335x/usblib/Release/libusblib.a(usbtick.o)
                0x80003d74                InternalUSBStartOfFrameTick
 .text.NextConfigDescGet
                0x80003dd4       0x54 ../../../../../..//binary/armv7a/gcc/am335x/usblib/Release/libusblib.a(usbdcdesc.o)
 .text.USBDCDConfigDescGetSize
                0x80003e28       0x40 ../../../../../..//binary/armv7a/gcc/am335x/usblib/Release/libusblib.a(usbdcdesc.o)
                0x80003e28                USBDCDConfigDescGetSize
 .text.USBDCDConfigDescGetNum
                0x80003e68       0x5c ../../../../../..//binary/armv7a/gcc/am335x/usblib/Release/libusblib.a(usbdcdesc.o)
                0x80003e68                USBDCDConfigDescGetNum
 .text.USBDCDConfigDescGet
                0x80003ec4       0xa4 ../../../../../..//binary/armv7a/gcc/am335x/usblib/Release/libusblib.a(usbdcdesc.o)
                0x80003ec4                USBDCDConfigDescGet
 .text.USBDCDConfigGetInterface
                0x80003f68       0xbc ../../../../../..//binary/armv7a/gcc/am335x/usblib/Release/libusblib.a(usbdcdesc.o)
                0x80003f68                USBDCDConfigGetInterface
 .text.USBDCDConfigGetInterfaceEndpoint
                0x80004024       0x84 ../../../../../..//binary/armv7a/gcc/am335x/usblib/Release/libusblib.a(usbdcdesc.o)
                0x80004024                USBDCDConfigGetInterfaceEndpoint
 .text.GetEndpointFIFOSize
                0x800040a8       0x78 ../../../../../..//binary/armv7a/gcc/am335x/usblib/Release/libusblib.a(usbdconfig.o)
 .text.GetEPDescriptorType
                0x80004120       0x70 ../../../../../..//binary/armv7a/gcc/am335x/usblib/Release/libusblib.a(usbdconfig.o)
 .text.USBDeviceConfig
                0x80004190      0x334 ../../../../../..//binary/armv7a/gcc/am335x/usblib/Release/libusblib.a(usbdconfig.o)
                0x80004190                USBDeviceConfig
 .text.USBDeviceConfigAlternate
                0x800044c4      0x174 ../../../../../..//binary/armv7a/gcc/am335x/usblib/Release/libusblib.a(usbdconfig.o)
                0x800044c4                USBDeviceConfigAlternate
 .text.USBDescGetNum
                0x80004638       0x5c ../../../../../..//binary/armv7a/gcc/am335x/usblib/Release/libusblib.a(usbdesc.o)
                0x80004638                USBDescGetNum
 .text.USBDescGet
                0x80004694       0x68 ../../../../../..//binary/armv7a/gcc/am335x/usblib/Release/libusblib.a(usbdesc.o)
                0x80004694                USBDescGet
 .text.IntDefaultHandler
                0x800046fc        0x4 ../../../../../..//binary/armv7a/gcc/am335x/system_config/Release/libsystem_config.a(interrupt.o)
 .text.IntRegister
                0x80004700       0x10 ../../../../../..//binary/armv7a/gcc/am335x/system_config/Release/libsystem_config.a(interrupt.o)
                0x80004700                IntRegister
 .text.IntAINTCInit
                0x80004710       0x54 ../../../../../..//binary/armv7a/gcc/am335x/system_config/Release/libsystem_config.a(interrupt.o)
                0x80004710                IntAINTCInit
 .text.IntPrioritySet
                0x80004764       0x24 ../../../../../..//binary/armv7a/gcc/am335x/system_config/Release/libsystem_config.a(interrupt.o)
                0x80004764                IntPrioritySet
 .text.IntSystemEnable
                0x80004788       0x24 ../../../../../..//binary/armv7a/gcc/am335x/system_config/Release/libsystem_config.a(interrupt.o)
                0x80004788                IntSystemEnable
 .text.IntMasterIRQEnable
                0x800047ac       0x14 ../../../../../..//binary/armv7a/gcc/am335x/system_config/Release/libsystem_config.a(interrupt.o)
                0x800047ac                IntMasterIRQEnable
 .text.IntDisable
                0x800047c0       0x28 ../../../../../..//binary/armv7a/gcc/am335x/system_config/Release/libsystem_config.a(interrupt.o)
                0x800047c0                IntDisable
 .text.IntEnable
                0x800047e8       0x1c ../../../../../..//binary/armv7a/gcc/am335x/system_config/Release/libsystem_config.a(interrupt.o)
                0x800047e8                IntEnable
 .text.MMUInit  0x80004804       0x54 ../../../../../..//binary/armv7a/gcc/am335x/system_config/Release/libsystem_config.a(mmu.o)
                0x80004804                MMUInit
 .text.MMUMemRegionMap
                0x80004858       0x74 ../../../../../..//binary/armv7a/gcc/am335x/system_config/Release/libsystem_config.a(mmu.o)
                0x80004858                MMUMemRegionMap
 .text.MMUEnable
                0x800048cc       0x20 ../../../../../..//binary/armv7a/gcc/am335x/system_config/Release/libsystem_config.a(mmu.o)
                0x800048cc                MMUEnable
 .text.start_boot
                0x800048ec       0x60 ../../../../../..//binary/armv7a/gcc/am335x/system_config/Release/libsystem_config.a(startup.o)
                0x800048ec                start_boot
 .text          0x8000494c      0x488 ../../../../../..//binary/armv7a/gcc/am335x/system_config/Release/libsystem_config.a(cp15.o)
                0x8000494c                CP15ICacheDisable
                0x80004968                CP15DCacheDisable
                0x80004984                CP15ICacheEnable
                0x80004994                CP15DCacheEnable
                0x800049a4                CP15DCacheFlush
                0x80004a38                CP15DCacheClean
                0x80004acc                CP15DCacheCleanFlush
                0x80004b60                CP15ICacheFlush
                0x80004b70                CP15DCacheCleanBuff
                0x80004bc4                CP15DCacheCleanFlushBuff
                0x80004c18                CP15DCacheFlushBuff
                0x80004c7c                CP15ICacheFlushBuff
                0x80004cd0                CP15Ttb0Set
                0x80004cdc                CP15TlbInvalidate
                0x80004ce8                CP15MMUDisable
                0x80004d00                CP15MMUEnable
                0x80004d14                CP15VectorBaseAddrSet
                0x80004d20                CP15BranchPredictorInvalidate
                0x80004d2c                CP15BranchPredictionEnable
                0x80004d3c                CP15BranchPredictionDisable
                0x80004d4c                CP15DomainAccessClientSet
                0x80004d5c                CP15ControlFeatureDisable
                0x80004d70                CP15ControlFeatureEnable
                0x80004d84                CP15TtbCtlTtb0Config
                0x80004d94                CP15AuxControlFeatureEnable
                0x80004da8                CP15AuxControlFeatureDisable
                0x80004dbc                CP15MainIdPrimPartNumGet
 .text.CPUIntStatus
                0x80004dd4        0xc ../../../../../..//binary/armv7a/gcc/am335x/system_config/Release/libsystem_config.a(cpu.o)
                0x80004dd4                CPUIntStatus
 .text.CPUirqd  0x80004de0       0x14 ../../../../../..//binary/armv7a/gcc/am335x/system_config/Release/libsystem_config.a(cpu.o)
                0x80004de0                CPUirqd
 .text.CPUirqe  0x80004df4       0x14 ../../../../../..//binary/armv7a/gcc/am335x/system_config/Release/libsystem_config.a(cpu.o)
                0x80004df4                CPUirqe
 .text          0x80004e08       0xf0 ../../../../../..//binary/armv7a/gcc/am335x/system_config/Release/libsystem_config.a(exceptionhandler.o)
                0x80004e08                SVC_Handler
                0x80004e30                IRQHandler
                0x80004edc                FIQHandler
                0x80004ee0                UndefInstHandler
                0x80004ee0                AbortHandler
 .text          0x80004ef8      0x114 /home/abby/opt/gcc-arm-none-eabi-4_7-2012q4//lib/gcc/arm-none-eabi/4.7.3//libgcc.a(_udivsi3.o)
                0x80004ef8                __udivsi3
                0x80004ef8                __aeabi_uidiv
                0x80004fec                __aeabi_uidivmod
 .text          0x8000500c      0x148 /home/abby/opt/gcc-arm-none-eabi-4_7-2012q4//lib/gcc/arm-none-eabi/4.7.3//libgcc.a(_divsi3.o)
                0x8000500c                __aeabi_idiv
                0x8000500c                __divsi3
                0x80005134                __aeabi_idivmod
 .text          0x80005154        0x4 /home/abby/opt/gcc-arm-none-eabi-4_7-2012q4//lib/gcc/arm-none-eabi/4.7.3//libgcc.a(_dvmd_tls.o)
                0x80005154                __aeabi_ldiv0
                0x80005154                __aeabi_idiv0
 .text.DMTimerEnable
                0x80005158       0x2c ../../../../../..//binary/armv7a/gcc/am335x/drivers/Release/libdrivers.a(dmtimer.o)
                0x80005158                DMTimerEnable
 .text.DMTimerDisable
                0x80005184       0x2c ../../../../../..//binary/armv7a/gcc/am335x/drivers/Release/libdrivers.a(dmtimer.o)
                0x80005184                DMTimerDisable
 .text.DMTimerModeConfigure
                0x800051b0       0x58 ../../../../../..//binary/armv7a/gcc/am335x/drivers/Release/libdrivers.a(dmtimer.o)
                0x800051b0                DMTimerModeConfigure
 .text.DMTimerCounterSet
                0x80005208       0x24 ../../../../../..//binary/armv7a/gcc/am335x/drivers/Release/libdrivers.a(dmtimer.o)
                0x80005208                DMTimerCounterSet
 .text.DMTimerIntStatusClear
                0x8000522c        0xc ../../../../../..//binary/armv7a/gcc/am335x/drivers/Release/libdrivers.a(dmtimer.o)
                0x8000522c                DMTimerIntStatusClear
 .text.DMTimerIntEnable
                0x80005238        0xc ../../../../../..//binary/armv7a/gcc/am335x/drivers/Release/libdrivers.a(dmtimer.o)
                0x80005238                DMTimerIntEnable
 .text.DMTimerIntDisable
                0x80005244        0xc ../../../../../..//binary/armv7a/gcc/am335x/drivers/Release/libdrivers.a(dmtimer.o)
                0x80005244                DMTimerIntDisable
 .text.USBHostResume
                0x80005250       0x18 ../../../../../..//binary/armv7a/gcc/am335x/drivers/Release/libdrivers.a(usb.o)
                0x80005250                USBHostResume
 .text.USBIntEnableControl
                0x80005268       0x30 ../../../../../..//binary/armv7a/gcc/am335x/drivers/Release/libdrivers.a(usb.o)
                0x80005268                USBIntEnableControl
 .text.USBIntStatusControl
                0x80005298       0x38 ../../../../../..//binary/armv7a/gcc/am335x/drivers/Release/libdrivers.a(usb.o)
                0x80005298                USBIntStatusControl
 .text.USBIntEnableEndpoint
                0x800052d0       0x24 ../../../../../..//binary/armv7a/gcc/am335x/drivers/Release/libdrivers.a(usb.o)
                0x800052d0                USBIntEnableEndpoint
 .text.USBIntStatusEndpoint
                0x800052f4       0x10 ../../../../../..//binary/armv7a/gcc/am335x/drivers/Release/libdrivers.a(usb.o)
                0x800052f4                USBIntStatusEndpoint
 .text.USBEndpointStatus
                0x80005304       0x1c ../../../../../..//binary/armv7a/gcc/am335x/drivers/Release/libdrivers.a(usb.o)
                0x80005304                USBEndpointStatus
 .text.USBDevEndpointStatusClear
                0x80005320       0x64 ../../../../../..//binary/armv7a/gcc/am335x/drivers/Release/libdrivers.a(usb.o)
                0x80005320                USBDevEndpointStatusClear
 .text.USBDevEndpointStall
                0x80005384       0x44 ../../../../../..//binary/armv7a/gcc/am335x/drivers/Release/libdrivers.a(usb.o)
                0x80005384                USBDevEndpointStall
 .text.USBDevEndpointStallClear
                0x800053c8       0x68 ../../../../../..//binary/armv7a/gcc/am335x/drivers/Release/libdrivers.a(usb.o)
                0x800053c8                USBDevEndpointStallClear
 .text.USBDevConnect
                0x80005430       0x10 ../../../../../..//binary/armv7a/gcc/am335x/drivers/Release/libdrivers.a(usb.o)
                0x80005430                USBDevConnect
 .text.USBDevDisconnect
                0x80005440       0x10 ../../../../../..//binary/armv7a/gcc/am335x/drivers/Release/libdrivers.a(usb.o)
                0x80005440                USBDevDisconnect
 .text.USBDevAddrSet
                0x80005450        0xc ../../../../../..//binary/armv7a/gcc/am335x/drivers/Release/libdrivers.a(usb.o)
                0x80005450                USBDevAddrSet
 .text.USBDevEndpointConfigSet
                0x8000545c       0xa0 ../../../../../..//binary/armv7a/gcc/am335x/drivers/Release/libdrivers.a(usb.o)
                0x8000545c                USBDevEndpointConfigSet
 .text.USBDevEndpointConfigGet
                0x800054fc       0xe4 ../../../../../..//binary/armv7a/gcc/am335x/drivers/Release/libdrivers.a(usb.o)
                0x800054fc                USBDevEndpointConfigGet
 .text.USBFIFOConfigSet
                0x800055e0       0x5c ../../../../../..//binary/armv7a/gcc/am335x/drivers/Release/libdrivers.a(usb.o)
                0x800055e0                USBFIFOConfigSet
 .text.USBEndpointDataAvail
                0x8000563c       0x28 ../../../../../..//binary/armv7a/gcc/am335x/drivers/Release/libdrivers.a(usb.o)
                0x8000563c                USBEndpointDataAvail
 .text.USBEndpointDataGet
                0x80005664       0x70 ../../../../../..//binary/armv7a/gcc/am335x/drivers/Release/libdrivers.a(usb.o)
                0x80005664                USBEndpointDataGet
 .text.USBDevEndpointDataAck
                0x800056d4       0x34 ../../../../../..//binary/armv7a/gcc/am335x/drivers/Release/libdrivers.a(usb.o)
                0x800056d4                USBDevEndpointDataAck
 .text.USBEndpointDataPut
                0x80005708       0x5c ../../../../../..//binary/armv7a/gcc/am335x/drivers/Release/libdrivers.a(usb.o)
                0x80005708                USBEndpointDataPut
 .text.USBEndpointDataSend
                0x80005764       0x34 ../../../../../..//binary/armv7a/gcc/am335x/drivers/Release/libdrivers.a(usb.o)
                0x80005764                USBEndpointDataSend
 .text.USBEnableOtgIntr
                0x80005798       0x20 ../../../../../..//binary/armv7a/gcc/am335x/drivers/Release/libdrivers.a(usb.o)
                0x80005798                USBEnableOtgIntr
 .text.USBReset
                0x800057b8       0x20 ../../../../../..//binary/armv7a/gcc/am335x/drivers/Release/libdrivers.a(usb.o)
                0x800057b8                USBReset
 .text.USBClearOtgIntr
                0x800057d8       0x14 ../../../../../..//binary/armv7a/gcc/am335x/drivers/Release/libdrivers.a(usb.o)
                0x800057d8                USBClearOtgIntr
 .text.UsbPhyOn
                0x800057ec       0x28 ../../../../../..//binary/armv7a/gcc/am335x/drivers/Release/libdrivers.a(usbphyGS70.o)
                0x800057ec                UsbPhyOn
 *(.rodata*)
 .rodata.str1.4
                0x80005814       0x24 Release/usb_dev_serial.o
 .rodata        0x80005838       0x54 Release/usb_dev_twocdcserial.o
 .rodata.str1.4
                0x00000000       0x24 Release/usb_dev_twocdcserial.o
 .rodata.g_pStringDescriptors
                0x8000588c       0x10 Release/usb_structs.o
                0x8000588c                g_pStringDescriptors
 .rodata.g_sTxBuffer2
                0x8000589c       0x24 Release/usb_structs.o
                0x8000589c                g_sTxBuffer2
 .rodata.g_sCDCDevice1
                0x800058c0       0x2c Release/usb_structs.o
                0x800058c0                g_sCDCDevice1
 .rodata.g_sCDCDevice2
                0x800058ec       0x2c Release/usb_structs.o
                0x800058ec                g_sCDCDevice2
 .rodata.g_pManufacturerString
                0x80005918       0x24 Release/usb_structs.o
                0x80005918                g_pManufacturerString
 .rodata.g_pSerialNumberString
                0x8000593c       0x14 Release/usb_structs.o
                0x8000593c                g_pSerialNumberString
 .rodata.g_pProductString
                0x80005950       0x44 Release/usb_structs.o
                0x80005950                g_pProductString
 .rodata.g_sTxBuffer1
                0x80005994       0x24 Release/usb_structs.o
                0x80005994                g_sTxBuffer1
 .rodata.g_pLangDescriptor
                0x800059b8        0x4 Release/usb_structs.o
                0x800059b8                g_pLangDescriptor
 .rodata.g_sRxBuffer1
                0x800059bc       0x24 Release/usb_structs.o
                0x800059bc                g_sRxBuffer1
 .rodata.g_sRxBuffer2
                0x800059e0       0x24 Release/usb_structs.o
                0x800059e0                g_sRxBuffer2
 .rodata.g_sCDCSerConfigSection
                0x80005a04        0x8 ../../../../../..//binary/armv7a/gcc/am335x/usblib/Release/libusblib.a(usbdcdc.o)
                0x80005a04                g_sCDCSerConfigSection
 .rodata.g_pCDCSerCommInterface
                0x80005a0c       0x24 ../../../../../..//binary/armv7a/gcc/am335x/usblib/Release/libusblib.a(usbdcdc.o)
                0x80005a0c                g_pCDCSerCommInterface
 .rodata.g_sCDCSerDataInterfaceSection
                0x80005a30        0x8 ../../../../../..//binary/armv7a/gcc/am335x/usblib/Release/libusblib.a(usbdcdc.o)
                0x80005a30                g_sCDCSerDataInterfaceSection
 .rodata.g_sCDCCompSerConfigHeader
                0x80005a38        0x8 ../../../../../..//binary/armv7a/gcc/am335x/usblib/Release/libusblib.a(usbdcdc.o)
                0x80005a38                g_sCDCCompSerConfigHeader
 .rodata.g_pCDCCompSerConfigDescriptors
                0x80005a40        0x4 ../../../../../..//binary/armv7a/gcc/am335x/usblib/Release/libusblib.a(usbdcdc.o)
                0x80005a40                g_pCDCCompSerConfigDescriptors
 .rodata.g_pCDCSerDataInterface
                0x80005a44       0x18 ../../../../../..//binary/armv7a/gcc/am335x/usblib/Release/libusblib.a(usbdcdc.o)
                0x80005a44                g_pCDCSerDataInterface
 .rodata.g_sIADSerConfigSection
                0x80005a5c        0x8 ../../../../../..//binary/armv7a/gcc/am335x/usblib/Release/libusblib.a(usbdcdc.o)
                0x80005a5c                g_sIADSerConfigSection
 .rodata.g_sCDCSerCommInterfaceSection
                0x80005a64        0x8 ../../../../../..//binary/armv7a/gcc/am335x/usblib/Release/libusblib.a(usbdcdc.o)
                0x80005a64                g_sCDCSerCommInterfaceSection
 .rodata.g_pCompConfigDescriptor
                0x80005a6c        0xc ../../../../../..//binary/armv7a/gcc/am335x/usblib/Release/libusblib.a(usbdcomp.o)
 .rodata.g_sUSBDefaultFIFOConfig
                0x80005a78       0x78 ../../../../../..//binary/armv7a/gcc/am335x/usblib/Release/libusblib.a(usbdenum.o)
                0x80005a78                g_sUSBDefaultFIFOConfig
 .rodata.g_psUSBDStdRequests
                0x80005af0       0x34 ../../../../../..//binary/armv7a/gcc/am335x/usblib/Release/libusblib.a(usbdenum.o)
 .rodata.vecTbl
                0x80005b24       0x38 ../../../../../..//binary/armv7a/gcc/am335x/system_config/Release/libsystem_config.a(startup.o)

.glue_7         0x80005b5c        0x0
 .glue_7        0x00000000        0x0 linker stubs

.glue_7t        0x80005b5c        0x0
 .glue_7t       0x00000000        0x0 linker stubs

.vfp11_veneer   0x80005b5c        0x0
 .vfp11_veneer  0x00000000        0x0 linker stubs

.v4_bx          0x80005b5c        0x0
 .v4_bx         0x00000000        0x0 linker stubs

.iplt           0x80005b5c        0x0
 .iplt          0x00000000        0x0 Release/usb_dev_serial.o

.rel.dyn        0x80005b5c        0x0
 .rel.iplt      0x00000000        0x0 Release/usb_dev_serial.o

.data           0x80005b5c      0x188
                0x80005b5c                . = ALIGN (0x4)
 *(.data*)
 .data.g_psCompDevices
                0x80005b5c       0x10 Release/usb_structs.o
                0x80005b5c                g_psCompDevices
 .data.g_sCompDevice
                0x80005b6c       0x20 Release/usb_structs.o
                0x80005b6c                g_sCompDevice
 .data.flagIsr  0x80005b8c        0x4 ../../../../../..//binary/armv7a/gcc/am335x/beaglebone/platform/Release/libplatform.a(sysdelay.o)
 .data.g_pCDCSerDeviceDescriptor
                0x80005b90       0x14 ../../../../../..//binary/armv7a/gcc/am335x/usblib/Release/libusblib.a(usbdcdc.o)
                0x80005b90                g_pCDCSerDeviceDescriptor
 .data.g_sCDCSerDeviceInfo
                0x80005ba4       0x48 ../../../../../..//binary/armv7a/gcc/am335x/usblib/Release/libusblib.a(usbdcdc.o)
                0x80005ba4                g_sCDCSerDeviceInfo
 .data.g_psCDCCompSerSections
                0x80005bec       0x10 ../../../../../..//binary/armv7a/gcc/am335x/usblib/Release/libusblib.a(usbdcdc.o)
                0x80005bec                g_psCDCCompSerSections
 .data.g_pIADSerDescriptor
                0x80005bfc        0x8 ../../../../../..//binary/armv7a/gcc/am335x/usblib/Release/libusblib.a(usbdcdc.o)
                0x80005bfc                g_pIADSerDescriptor
 .data.g_pCDCSerDescriptor
                0x80005c04        0xc ../../../../../..//binary/armv7a/gcc/am335x/usblib/Release/libusblib.a(usbdcdc.o)
                0x80005c04                g_pCDCSerDescriptor
 .data.g_sCompositeDeviceInfo
                0x80005c10       0x48 ../../../../../..//binary/armv7a/gcc/am335x/usblib/Release/libusblib.a(usbdcomp.o)
                0x80005c10                g_sCompositeDeviceInfo
 .data.g_pCompDeviceDescriptor
                0x80005c58       0x14 ../../../../../..//binary/armv7a/gcc/am335x/usblib/Release/libusblib.a(usbdcomp.o)
 .data.g_sUSBCompositeFIFOConfig
                0x80005c6c       0x78 ../../../../../..//binary/armv7a/gcc/am335x/usblib/Release/libusblib.a(usbdcomp.o)
                0x80005c6c                g_sUSBCompositeFIFOConfig

.igot.plt       0x80005ce4        0x0
 .igot.plt      0x00000000        0x0 Release/usb_dev_serial.o

.bss            0x80008000    0x124fc
                0x80008000                . = ALIGN (0x4)
                0x80008000                _bss_start = .
 *(.bss*)
 .bss.g_ulUARTTxCount1
                0x80008000        0x4 Release/usb_dev_serial.o
                0x80008000                g_ulUARTTxCount1
 .bss.g_ulUARTTxCount2
                0x80008004        0x4 Release/usb_dev_serial.o
                0x80008004                g_ulUARTTxCount2
 .bss.g_ulUARTRxCount1
                0x80008008        0x4 Release/usb_dev_serial.o
                0x80008008                g_ulUARTRxCount1
 .bss.g_ulUARTRxCount2
                0x8000800c        0x4 Release/usb_dev_serial.o
                0x8000800c                g_ulUARTRxCount2
 *fill*         0x80008010     0x3ff0 00
 .bss.pageTable
                0x8000c000     0x4000 Release/usb_dev_twocdcserial.o
 .bss.ulSOFDivide.5080
                0x80010000        0x4 ../../../../../..//binary/armv7a/gcc/am335x/usblib/Release/libusblib.a(usbdenum.o)
 .bss.g_eUSBMode
                0x80010004        0x1 ../../../../../..//binary/armv7a/gcc/am335x/usblib/Release/libusblib.a(usbdenum.o)
 *fill*         0x80010005        0x3 00
 .bss.g_pucDataBufferIn
                0x80010008       0x40 ../../../../../..//binary/armv7a/gcc/am335x/usblib/Release/libusblib.a(usbdenum.o)
 .bss.g_ulCurrentUSBTick
                0x80010048        0x4 ../../../../../..//binary/armv7a/gcc/am335x/usblib/Release/libusblib.a(usbtick.o)
                0x80010048                g_ulCurrentUSBTick
 .bss.g_ulUSBSOFCount
                0x8001004c        0x4 ../../../../../..//binary/armv7a/gcc/am335x/usblib/Release/libusblib.a(usbtick.o)
                0x8001004c                g_ulUSBSOFCount
 *(COMMON)
 COMMON         0x80010050        0x4 Release/usb_dev_serial.o
                0x80010050                g_pcStatus
 COMMON         0x80010054       0x88 Release/usb_dev_twocdcserial.o
                0x80010054                g_pucDescriptorData
                0x800100d8                g_ulFlags
 COMMON         0x800100dc      0x4ec Release/usb_structs.o
                0x800100dc                g_pcUSBRxBuffer2
                0x800101dc                g_sCDCInstance2
                0x80010208                g_pucTxBufferWorkspace2
                0x80010218                g_pucRxBufferWorkspace2
                0x80010228                g_pucRxBufferWorkspace1
                0x80010238                g_sCDCInstance1
                0x80010264                g_pcUSBTxBuffer2
                0x80010364                g_pcUSBRxBuffer1
                0x80010464                g_pucTxBufferWorkspace1
                0x80010474                g_pulCompWorkspace
                0x8001047c                g_CompInstance
                0x800104c8                g_pcUSBTxBuffer1
 COMMON         0x800105c8        0x4 ../../../../../..//binary/armv7a/gcc/am335x/usblib/Release/libusblib.a(usbdcomp.o)
                0x800105c8                g_pCompConfigDescriptors
 COMMON         0x800105cc       0xa8 ../../../../../..//binary/armv7a/gcc/am335x/usblib/Release/libusblib.a(usbdenum.o)
                0x800105cc                g_psUSBDevice
 COMMON         0x80010674       0x18 ../../../../../..//binary/armv7a/gcc/am335x/usblib/Release/libusblib.a(usbtick.o)
                0x80010674                g_pfTickHandlers
                0x80010680                g_pvTickInstance
 COMMON         0x8001068c     0x9c70 ../../../../../..//binary/armv7a/gcc/am335x/usblib/Release/libusblib.a(usbdata.o)
                0x8001068c                g_USBPerfInfo
                0x8001a2cc                g_USBInstance
 COMMON         0x8001a2fc      0x200 ../../../../../..//binary/armv7a/gcc/am335x/system_config/Release/libsystem_config.a(interrupt.o)
                0x8001a2fc                fnRAMVectors
                0x8001a4fc                _bss_end = .

.heap           0x8001a4fc      0x800
                0x8001a4fc                . = ALIGN (0x4)
                0x8001a4fc                __end__ = .
                0x8001a4fc                end = __end__
                0x8001a4fc                __HeapBase = __end__
 *(.heap*)
                0x8001acfc                . = (. + 0x800)
 *fill*         0x8001a4fc      0x800 00
                0x8001acfc                __HeapLimit = .

.stack          0x8001acfc  0x7fffff8
                0x8001acfc                . = ALIGN (0x4)
                0x8001acfc                __StackLimit = .
 *(.stack*)
                0x8801acf4                . = (. + 0x7fffff8)
 *fill*         0x8001acfc  0x7fffff8 00
                0x8801acf4                __StackTop = .
                0x8801acf4                _stack = __StackTop
OUTPUT(Release/usb_dev_comp_ser_ser.out elf32-littlearm)

.debug_info     0x00000000     0xc679
 .debug_info    0x00000000      0x4e4 Release/usb_dev_serial.o
 .debug_info    0x000004e4      0xead Release/usb_dev_twocdcserial.o
 .debug_info    0x00001391      0xd91 Release/usb_structs.o
 .debug_info    0x00002122       0xfe ../../../../../..//binary/armv7a/gcc/utils/Release/libutils.a(delay.o)
 .debug_info    0x00002220      0x252 ../../../../../..//binary/armv7a/gcc/am335x/beaglebone/platform/Release/libplatform.a(sysdelay.o)
 .debug_info    0x00002472      0x12f ../../../../../..//binary/armv7a/gcc/am335x/beaglebone/platform/Release/libplatform.a(usb.o)
 .debug_info    0x000025a1       0xcc ../../../../../..//binary/armv7a/gcc/am335x/beaglebone/platform/Release/libplatform.a(dmtimer.o)
 .debug_info    0x0000266d      0xab9 ../../../../../..//binary/armv7a/gcc/am335x/usblib/Release/libusblib.a(usbbuffer.o)
 .debug_info    0x00003126     0x1f1a ../../../../../..//binary/armv7a/gcc/am335x/usblib/Release/libusblib.a(usbdcdc.o)
 .debug_info    0x00005040     0x12c9 ../../../../../..//binary/armv7a/gcc/am335x/usblib/Release/libusblib.a(usbdcomp.o)
 .debug_info    0x00006309     0x1b9f ../../../../../..//binary/armv7a/gcc/am335x/usblib/Release/libusblib.a(usbdenum.o)
 .debug_info    0x00007ea8      0x163 ../../../../../..//binary/armv7a/gcc/am335x/usblib/Release/libusblib.a(usbdhandler.o)
 .debug_info    0x0000800b      0x687 ../../../../../..//binary/armv7a/gcc/am335x/usblib/Release/libusblib.a(usbringbuf.o)
 .debug_info    0x00008692      0x1bb ../../../../../..//binary/armv7a/gcc/am335x/usblib/Release/libusblib.a(usbtick.o)
 .debug_info    0x0000884d      0x16f ../../../../../..//binary/armv7a/gcc/am335x/usblib/Release/libusblib.a(usbdata.o)
 .debug_info    0x000089bc      0x658 ../../../../../..//binary/armv7a/gcc/am335x/usblib/Release/libusblib.a(usbdcdesc.o)
 .debug_info    0x00009014      0x81f ../../../../../..//binary/armv7a/gcc/am335x/usblib/Release/libusblib.a(usbdconfig.o)
 .debug_info    0x00009833      0x59e ../../../../../..//binary/armv7a/gcc/am335x/usblib/Release/libusblib.a(usbdesc.o)
 .debug_info    0x00009dd1       0x8d ../../../../../..//binary/armv7a/gcc/am335x/system_config/Release/libsystem_config.a(init.o)
 .debug_info    0x00009e5e      0x4e5 ../../../../../..//binary/armv7a/gcc/am335x/system_config/Release/libsystem_config.a(interrupt.o)
 .debug_info    0x0000a343      0x1aa ../../../../../..//binary/armv7a/gcc/am335x/system_config/Release/libsystem_config.a(mmu.o)
 .debug_info    0x0000a4ed      0x116 ../../../../../..//binary/armv7a/gcc/am335x/system_config/Release/libsystem_config.a(startup.o)
 .debug_info    0x0000a603       0x8d ../../../../../..//binary/armv7a/gcc/am335x/system_config/Release/libsystem_config.a(cp15.o)
 .debug_info    0x0000a690       0xef ../../../../../..//binary/armv7a/gcc/am335x/system_config/Release/libsystem_config.a(cpu.o)
 .debug_info    0x0000a77f       0xa0 ../../../../../..//binary/armv7a/gcc/am335x/system_config/Release/libsystem_config.a(exceptionhandler.o)
 .debug_info    0x0000a81f      0x76e ../../../../../..//binary/armv7a/gcc/am335x/drivers/Release/libdrivers.a(dmtimer.o)
 .debug_info    0x0000af8d     0x15ae ../../../../../..//binary/armv7a/gcc/am335x/drivers/Release/libdrivers.a(usb.o)
 .debug_info    0x0000c53b      0x13e ../../../../../..//binary/armv7a/gcc/am335x/drivers/Release/libdrivers.a(usbphyGS70.o)

.debug_abbrev   0x00000000     0x24e6
 .debug_abbrev  0x00000000      0x19b Release/usb_dev_serial.o
 .debug_abbrev  0x0000019b      0x220 Release/usb_dev_twocdcserial.o
 .debug_abbrev  0x000003bb      0x11b Release/usb_structs.o
 .debug_abbrev  0x000004d6       0x9a ../../../../../..//binary/armv7a/gcc/utils/Release/libutils.a(delay.o)
 .debug_abbrev  0x00000570       0xca ../../../../../..//binary/armv7a/gcc/am335x/beaglebone/platform/Release/libplatform.a(sysdelay.o)
 .debug_abbrev  0x0000063a       0xc9 ../../../../../..//binary/armv7a/gcc/am335x/beaglebone/platform/Release/libplatform.a(usb.o)
 .debug_abbrev  0x00000703       0x7a ../../../../../..//binary/armv7a/gcc/am335x/beaglebone/platform/Release/libplatform.a(dmtimer.o)
 .debug_abbrev  0x0000077d      0x294 ../../../../../..//binary/armv7a/gcc/am335x/usblib/Release/libusblib.a(usbbuffer.o)
 .debug_abbrev  0x00000a11      0x340 ../../../../../..//binary/armv7a/gcc/am335x/usblib/Release/libusblib.a(usbdcdc.o)
 .debug_abbrev  0x00000d51      0x20d ../../../../../..//binary/armv7a/gcc/am335x/usblib/Release/libusblib.a(usbdcomp.o)
 .debug_abbrev  0x00000f5e      0x329 ../../../../../..//binary/armv7a/gcc/am335x/usblib/Release/libusblib.a(usbdenum.o)
 .debug_abbrev  0x00001287       0xa7 ../../../../../..//binary/armv7a/gcc/am335x/usblib/Release/libusblib.a(usbdhandler.o)
 .debug_abbrev  0x0000132e      0x261 ../../../../../..//binary/armv7a/gcc/am335x/usblib/Release/libusblib.a(usbringbuf.o)
 .debug_abbrev  0x0000158f       0xff ../../../../../..//binary/armv7a/gcc/am335x/usblib/Release/libusblib.a(usbtick.o)
 .debug_abbrev  0x0000168e       0x7f ../../../../../..//binary/armv7a/gcc/am335x/usblib/Release/libusblib.a(usbdata.o)
 .debug_abbrev  0x0000170d      0x1a5 ../../../../../..//binary/armv7a/gcc/am335x/usblib/Release/libusblib.a(usbdcdesc.o)
 .debug_abbrev  0x000018b2      0x1c4 ../../../../../..//binary/armv7a/gcc/am335x/usblib/Release/libusblib.a(usbdconfig.o)
 .debug_abbrev  0x00001a76      0x18d ../../../../../..//binary/armv7a/gcc/am335x/usblib/Release/libusblib.a(usbdesc.o)
 .debug_abbrev  0x00001c03       0x14 ../../../../../..//binary/armv7a/gcc/am335x/system_config/Release/libsystem_config.a(init.o)
 .debug_abbrev  0x00001c17      0x20b ../../../../../..//binary/armv7a/gcc/am335x/system_config/Release/libsystem_config.a(interrupt.o)
 .debug_abbrev  0x00001e22       0xee ../../../../../..//binary/armv7a/gcc/am335x/system_config/Release/libsystem_config.a(mmu.o)
 .debug_abbrev  0x00001f10       0xe8 ../../../../../..//binary/armv7a/gcc/am335x/system_config/Release/libsystem_config.a(startup.o)
 .debug_abbrev  0x00001ff8       0x14 ../../../../../..//binary/armv7a/gcc/am335x/system_config/Release/libsystem_config.a(cp15.o)
 .debug_abbrev  0x0000200c       0x64 ../../../../../..//binary/armv7a/gcc/am335x/system_config/Release/libsystem_config.a(cpu.o)
 .debug_abbrev  0x00002070       0x14 ../../../../../..//binary/armv7a/gcc/am335x/system_config/Release/libsystem_config.a(exceptionhandler.o)
 .debug_abbrev  0x00002084      0x18e ../../../../../..//binary/armv7a/gcc/am335x/drivers/Release/libdrivers.a(dmtimer.o)
 .debug_abbrev  0x00002212      0x233 ../../../../../..//binary/armv7a/gcc/am335x/drivers/Release/libdrivers.a(usb.o)
 .debug_abbrev  0x00002445       0xa1 ../../../../../..//binary/armv7a/gcc/am335x/drivers/Release/libdrivers.a(usbphyGS70.o)

.debug_loc      0x00000000     0x8278
 .debug_loc     0x00000000      0x3e3 Release/usb_dev_serial.o
 .debug_loc     0x000003e3      0x173 Release/usb_dev_twocdcserial.o
 .debug_loc     0x00000556       0xe2 ../../../../../..//binary/armv7a/gcc/utils/Release/libutils.a(delay.o)
 .debug_loc     0x00000638      0x165 ../../../../../..//binary/armv7a/gcc/am335x/beaglebone/platform/Release/libplatform.a(sysdelay.o)
 .debug_loc     0x0000079d       0x62 ../../../../../..//binary/armv7a/gcc/am335x/beaglebone/platform/Release/libplatform.a(usb.o)
 .debug_loc     0x000007ff      0xbd3 ../../../../../..//binary/armv7a/gcc/am335x/usblib/Release/libusblib.a(usbbuffer.o)
 .debug_loc     0x000013d2     0x14db ../../../../../..//binary/armv7a/gcc/am335x/usblib/Release/libusblib.a(usbdcdc.o)
 .debug_loc     0x000028ad     0x102a ../../../../../..//binary/armv7a/gcc/am335x/usblib/Release/libusblib.a(usbdcomp.o)
 .debug_loc     0x000038d7     0x1322 ../../../../../..//binary/armv7a/gcc/am335x/usblib/Release/libusblib.a(usbdenum.o)
 .debug_loc     0x00004bf9       0xea ../../../../../..//binary/armv7a/gcc/am335x/usblib/Release/libusblib.a(usbdhandler.o)
 .debug_loc     0x00004ce3      0x603 ../../../../../..//binary/armv7a/gcc/am335x/usblib/Release/libusblib.a(usbringbuf.o)
 .debug_loc     0x000052e6       0xc0 ../../../../../..//binary/armv7a/gcc/am335x/usblib/Release/libusblib.a(usbtick.o)
 .debug_loc     0x000053a6      0x6bc ../../../../../..//binary/armv7a/gcc/am335x/usblib/Release/libusblib.a(usbdcdesc.o)
 .debug_loc     0x00005a62      0x605 ../../../../../..//binary/armv7a/gcc/am335x/usblib/Release/libusblib.a(usbdconfig.o)
 .debug_loc     0x00006067      0x71f ../../../../../..//binary/armv7a/gcc/am335x/usblib/Release/libusblib.a(usbdesc.o)
 .debug_loc     0x00006786      0x248 ../../../../../..//binary/armv7a/gcc/am335x/system_config/Release/libsystem_config.a(interrupt.o)
 .debug_loc     0x000069ce      0x10b ../../../../../..//binary/armv7a/gcc/am335x/system_config/Release/libsystem_config.a(mmu.o)
 .debug_loc     0x00006ad9       0x34 ../../../../../..//binary/armv7a/gcc/am335x/system_config/Release/libsystem_config.a(startup.o)
 .debug_loc     0x00006b0d      0x210 ../../../../../..//binary/armv7a/gcc/am335x/drivers/Release/libdrivers.a(dmtimer.o)
 .debug_loc     0x00006d1d     0x14db ../../../../../..//binary/armv7a/gcc/am335x/drivers/Release/libdrivers.a(usb.o)
 .debug_loc     0x000081f8       0x80 ../../../../../..//binary/armv7a/gcc/am335x/drivers/Release/libdrivers.a(usbphyGS70.o)

.debug_aranges  0x00000000      0xbc0
 .debug_aranges
                0x00000000       0x50 Release/usb_dev_serial.o
 .debug_aranges
                0x00000050       0x30 Release/usb_dev_twocdcserial.o
 .debug_aranges
                0x00000080       0x18 Release/usb_structs.o
 .debug_aranges
                0x00000098       0x40 ../../../../../..//binary/armv7a/gcc/utils/Release/libutils.a(delay.o)
 .debug_aranges
                0x000000d8       0x48 ../../../../../..//binary/armv7a/gcc/am335x/beaglebone/platform/Release/libplatform.a(sysdelay.o)
 .debug_aranges
                0x00000120       0x48 ../../../../../..//binary/armv7a/gcc/am335x/beaglebone/platform/Release/libplatform.a(usb.o)
 .debug_aranges
                0x00000168       0x48 ../../../../../..//binary/armv7a/gcc/am335x/beaglebone/platform/Release/libplatform.a(dmtimer.o)
 .debug_aranges
                0x000001b0       0x78 ../../../../../..//binary/armv7a/gcc/am335x/usblib/Release/libusblib.a(usbbuffer.o)
 .debug_aranges
                0x00000228      0x100 ../../../../../..//binary/armv7a/gcc/am335x/usblib/Release/libusblib.a(usbdcdc.o)
 .debug_aranges
                0x00000328       0x90 ../../../../../..//binary/armv7a/gcc/am335x/usblib/Release/libusblib.a(usbdcomp.o)
 .debug_aranges
                0x000003b8       0xe8 ../../../../../..//binary/armv7a/gcc/am335x/usblib/Release/libusblib.a(usbdenum.o)
 .debug_aranges
                0x000004a0       0x28 ../../../../../..//binary/armv7a/gcc/am335x/usblib/Release/libusblib.a(usbdhandler.o)
 .debug_aranges
                0x000004c8       0x98 ../../../../../..//binary/armv7a/gcc/am335x/usblib/Release/libusblib.a(usbringbuf.o)
 .debug_aranges
                0x00000560       0x30 ../../../../../..//binary/armv7a/gcc/am335x/usblib/Release/libusblib.a(usbtick.o)
 .debug_aranges
                0x00000590       0x18 ../../../../../..//binary/armv7a/gcc/am335x/usblib/Release/libusblib.a(usbdata.o)
 .debug_aranges
                0x000005a8       0x50 ../../../../../..//binary/armv7a/gcc/am335x/usblib/Release/libusblib.a(usbdcdesc.o)
 .debug_aranges
                0x000005f8       0x38 ../../../../../..//binary/armv7a/gcc/am335x/usblib/Release/libusblib.a(usbdconfig.o)
 .debug_aranges
                0x00000630       0x40 ../../../../../..//binary/armv7a/gcc/am335x/usblib/Release/libusblib.a(usbdesc.o)
 .debug_aranges
                0x00000670       0x20 ../../../../../..//binary/armv7a/gcc/am335x/system_config/Release/libsystem_config.a(init.o)
 .debug_aranges
                0x00000690      0x110 ../../../../../..//binary/armv7a/gcc/am335x/system_config/Release/libsystem_config.a(interrupt.o)
 .debug_aranges
                0x000007a0       0x30 ../../../../../..//binary/armv7a/gcc/am335x/system_config/Release/libsystem_config.a(mmu.o)
 .debug_aranges
                0x000007d0       0x20 ../../../../../..//binary/armv7a/gcc/am335x/system_config/Release/libsystem_config.a(startup.o)
 .debug_aranges
                0x000007f0       0x20 ../../../../../..//binary/armv7a/gcc/am335x/system_config/Release/libsystem_config.a(cp15.o)
 .debug_aranges
                0x00000810       0x58 ../../../../../..//binary/armv7a/gcc/am335x/system_config/Release/libsystem_config.a(cpu.o)
 .debug_aranges
                0x00000868       0x20 ../../../../../..//binary/armv7a/gcc/am335x/system_config/Release/libsystem_config.a(exceptionhandler.o)
 .debug_aranges
                0x00000888       0xe8 ../../../../../..//binary/armv7a/gcc/am335x/drivers/Release/libdrivers.a(dmtimer.o)
 .debug_aranges
                0x00000970      0x228 ../../../../../..//binary/armv7a/gcc/am335x/drivers/Release/libdrivers.a(usb.o)
 .debug_aranges
                0x00000b98       0x28 ../../../../../..//binary/armv7a/gcc/am335x/drivers/Release/libdrivers.a(usbphyGS70.o)

.debug_ranges   0x00000000     0x1178
 .debug_ranges  0x00000000       0x40 Release/usb_dev_serial.o
 .debug_ranges  0x00000040       0x20 Release/usb_dev_twocdcserial.o
 .debug_ranges  0x00000060       0x30 ../../../../../..//binary/armv7a/gcc/utils/Release/libutils.a(delay.o)
 .debug_ranges  0x00000090       0x38 ../../../../../..//binary/armv7a/gcc/am335x/beaglebone/platform/Release/libplatform.a(sysdelay.o)
 .debug_ranges  0x000000c8       0x38 ../../../../../..//binary/armv7a/gcc/am335x/beaglebone/platform/Release/libplatform.a(usb.o)
 .debug_ranges  0x00000100       0x38 ../../../../../..//binary/armv7a/gcc/am335x/beaglebone/platform/Release/libplatform.a(dmtimer.o)
 .debug_ranges  0x00000138       0x98 ../../../../../..//binary/armv7a/gcc/am335x/usblib/Release/libusblib.a(usbbuffer.o)
 .debug_ranges  0x000001d0      0x4d8 ../../../../../..//binary/armv7a/gcc/am335x/usblib/Release/libusblib.a(usbdcdc.o)
 .debug_ranges  0x000006a8       0x80 ../../../../../..//binary/armv7a/gcc/am335x/usblib/Release/libusblib.a(usbdcomp.o)
 .debug_ranges  0x00000728      0x158 ../../../../../..//binary/armv7a/gcc/am335x/usblib/Release/libusblib.a(usbdenum.o)
 .debug_ranges  0x00000880       0x18 ../../../../../..//binary/armv7a/gcc/am335x/usblib/Release/libusblib.a(usbdhandler.o)
 .debug_ranges  0x00000898      0x158 ../../../../../..//binary/armv7a/gcc/am335x/usblib/Release/libusblib.a(usbringbuf.o)
 .debug_ranges  0x000009f0       0x20 ../../../../../..//binary/armv7a/gcc/am335x/usblib/Release/libusblib.a(usbtick.o)
 .debug_ranges  0x00000a10       0x80 ../../../../../..//binary/armv7a/gcc/am335x/usblib/Release/libusblib.a(usbdcdesc.o)
 .debug_ranges  0x00000a90       0x28 ../../../../../..//binary/armv7a/gcc/am335x/usblib/Release/libusblib.a(usbdconfig.o)
 .debug_ranges  0x00000ab8       0xe0 ../../../../../..//binary/armv7a/gcc/am335x/usblib/Release/libusblib.a(usbdesc.o)
 .debug_ranges  0x00000b98      0x130 ../../../../../..//binary/armv7a/gcc/am335x/system_config/Release/libsystem_config.a(interrupt.o)
 .debug_ranges  0x00000cc8       0x20 ../../../../../..//binary/armv7a/gcc/am335x/system_config/Release/libsystem_config.a(mmu.o)
 .debug_ranges  0x00000ce8       0x10 ../../../../../..//binary/armv7a/gcc/am335x/system_config/Release/libsystem_config.a(startup.o)
 .debug_ranges  0x00000cf8       0x48 ../../../../../..//binary/armv7a/gcc/am335x/system_config/Release/libsystem_config.a(cpu.o)
 .debug_ranges  0x00000d40       0xd8 ../../../../../..//binary/armv7a/gcc/am335x/drivers/Release/libdrivers.a(dmtimer.o)
 .debug_ranges  0x00000e18      0x348 ../../../../../..//binary/armv7a/gcc/am335x/drivers/Release/libdrivers.a(usb.o)
 .debug_ranges  0x00001160       0x18 ../../../../../..//binary/armv7a/gcc/am335x/drivers/Release/libdrivers.a(usbphyGS70.o)

.debug_line     0x00000000     0x3c04
 .debug_line    0x00000000      0x1cb Release/usb_dev_serial.o
 .debug_line    0x000001cb      0x1b8 Release/usb_dev_twocdcserial.o
 .debug_line    0x00000383       0xeb Release/usb_structs.o
 .debug_line    0x0000046e       0x90 ../../../../../..//binary/armv7a/gcc/utils/Release/libutils.a(delay.o)
 .debug_line    0x000004fe       0xe7 ../../../../../..//binary/armv7a/gcc/am335x/beaglebone/platform/Release/libplatform.a(sysdelay.o)
 .debug_line    0x000005e5       0xc2 ../../../../../..//binary/armv7a/gcc/am335x/beaglebone/platform/Release/libplatform.a(usb.o)
 .debug_line    0x000006a7      0x21e ../../../../../..//binary/armv7a/gcc/am335x/beaglebone/platform/Release/libplatform.a(dmtimer.o)
 .debug_line    0x000008c5      0x265 ../../../../../..//binary/armv7a/gcc/am335x/usblib/Release/libusblib.a(usbbuffer.o)
 .debug_line    0x00000b2a      0x651 ../../../../../..//binary/armv7a/gcc/am335x/usblib/Release/libusblib.a(usbdcdc.o)
 .debug_line    0x0000117b      0x448 ../../../../../..//binary/armv7a/gcc/am335x/usblib/Release/libusblib.a(usbdcomp.o)
 .debug_line    0x000015c3      0x732 ../../../../../..//binary/armv7a/gcc/am335x/usblib/Release/libusblib.a(usbdenum.o)
 .debug_line    0x00001cf5       0xf6 ../../../../../..//binary/armv7a/gcc/am335x/usblib/Release/libusblib.a(usbdhandler.o)
 .debug_line    0x00001deb      0x28f ../../../../../..//binary/armv7a/gcc/am335x/usblib/Release/libusblib.a(usbringbuf.o)
 .debug_line    0x0000207a      0x114 ../../../../../..//binary/armv7a/gcc/am335x/usblib/Release/libusblib.a(usbtick.o)
 .debug_line    0x0000218e       0x6b ../../../../../..//binary/armv7a/gcc/am335x/usblib/Release/libusblib.a(usbdata.o)
 .debug_line    0x000021f9      0x1f6 ../../../../../..//binary/armv7a/gcc/am335x/usblib/Release/libusblib.a(usbdcdesc.o)
 .debug_line    0x000023ef      0x27c ../../../../../..//binary/armv7a/gcc/am335x/usblib/Release/libusblib.a(usbdconfig.o)
 .debug_line    0x0000266b      0x17c ../../../../../..//binary/armv7a/gcc/am335x/usblib/Release/libusblib.a(usbdesc.o)
 .debug_line    0x000027e7       0x93 ../../../../../..//binary/armv7a/gcc/am335x/system_config/Release/libsystem_config.a(init.o)
 .debug_line    0x0000287a      0x2ae ../../../../../..//binary/armv7a/gcc/am335x/system_config/Release/libsystem_config.a(interrupt.o)
 .debug_line    0x00002b28      0x104 ../../../../../..//binary/armv7a/gcc/am335x/system_config/Release/libsystem_config.a(mmu.o)
 .debug_line    0x00002c2c       0x76 ../../../../../..//binary/armv7a/gcc/am335x/system_config/Release/libsystem_config.a(startup.o)
 .debug_line    0x00002ca2      0x18a ../../../../../..//binary/armv7a/gcc/am335x/system_config/Release/libsystem_config.a(cp15.o)
 .debug_line    0x00002e2c       0xd6 ../../../../../..//binary/armv7a/gcc/am335x/system_config/Release/libsystem_config.a(cpu.o)
 .debug_line    0x00002f02       0xb9 ../../../../../..//binary/armv7a/gcc/am335x/system_config/Release/libsystem_config.a(exceptionhandler.o)
 .debug_line    0x00002fbb      0x37a ../../../../../..//binary/armv7a/gcc/am335x/drivers/Release/libdrivers.a(dmtimer.o)
 .debug_line    0x00003335      0x836 ../../../../../..//binary/armv7a/gcc/am335x/drivers/Release/libdrivers.a(usb.o)
 .debug_line    0x00003b6b       0x99 ../../../../../..//binary/armv7a/gcc/am335x/drivers/Release/libdrivers.a(usbphyGS70.o)

.debug_str      0x00000000     0x33ae
 .debug_str     0x00000000      0x2ce Release/usb_dev_serial.o
                                0x2e0 (size before relaxing)
 .debug_str     0x000002ce      0x826 Release/usb_dev_twocdcserial.o
                                0xa45 (size before relaxing)
 .debug_str     0x00000af4      0x1b2 Release/usb_structs.o
                                0xa89 (size before relaxing)
 .debug_str     0x00000ca6       0x53 ../../../../../..//binary/armv7a/gcc/utils/Release/libutils.a(delay.o)
                                 0xe3 (size before relaxing)
 .debug_str     0x00000cf9       0xd2 ../../../../../..//binary/armv7a/gcc/am335x/beaglebone/platform/Release/libplatform.a(sysdelay.o)
                                0x148 (size before relaxing)
 .debug_str     0x00000dcb       0x9e ../../../../../..//binary/armv7a/gcc/am335x/beaglebone/platform/Release/libplatform.a(usb.o)
                                0x146 (size before relaxing)
 .debug_str     0x00000e69       0xcd ../../../../../..//binary/armv7a/gcc/am335x/beaglebone/platform/Release/libplatform.a(dmtimer.o)
                                0x16c (size before relaxing)
 .debug_str     0x00000f36      0x24b ../../../../../..//binary/armv7a/gcc/am335x/usblib/Release/libusblib.a(usbbuffer.o)
                                0x3b1 (size before relaxing)
 .debug_str     0x00001181      0x58e ../../../../../..//binary/armv7a/gcc/am335x/usblib/Release/libusblib.a(usbdcdc.o)
                                0xcf9 (size before relaxing)
 .debug_str     0x0000170f      0x317 ../../../../../..//binary/armv7a/gcc/am335x/usblib/Release/libusblib.a(usbdcomp.o)
                                0x95e (size before relaxing)
 .debug_str     0x00001a26      0x55d ../../../../../..//binary/armv7a/gcc/am335x/usblib/Release/libusblib.a(usbdenum.o)
                                0xb63 (size before relaxing)
 .debug_str     0x00001f83       0x55 ../../../../../..//binary/armv7a/gcc/am335x/usblib/Release/libusblib.a(usbdhandler.o)
                                0x191 (size before relaxing)
 .debug_str     0x00001fd8      0x16f ../../../../../..//binary/armv7a/gcc/am335x/usblib/Release/libusblib.a(usbringbuf.o)
                                0x2a2 (size before relaxing)
 .debug_str     0x00002147       0xe9 ../../../../../..//binary/armv7a/gcc/am335x/usblib/Release/libusblib.a(usbtick.o)
                                0x1cf (size before relaxing)
 .debug_str     0x00002230       0xa8 ../../../../../..//binary/armv7a/gcc/am335x/usblib/Release/libusblib.a(usbdata.o)
                                0x1d2 (size before relaxing)
 .debug_str     0x000022d8      0x170 ../../../../../..//binary/armv7a/gcc/am335x/usblib/Release/libusblib.a(usbdcdesc.o)
                                0x3ad (size before relaxing)
 .debug_str     0x00002448      0x127 ../../../../../..//binary/armv7a/gcc/am335x/usblib/Release/libusblib.a(usbdconfig.o)
                                0x477 (size before relaxing)
 .debug_str     0x0000256f       0xb3 ../../../../../..//binary/armv7a/gcc/am335x/usblib/Release/libusblib.a(usbdesc.o)
                                0x316 (size before relaxing)
 .debug_str     0x00002622      0x2b4 ../../../../../..//binary/armv7a/gcc/am335x/system_config/Release/libsystem_config.a(interrupt.o)
                                0x363 (size before relaxing)
 .debug_str     0x000028d6       0x69 ../../../../../..//binary/armv7a/gcc/am335x/system_config/Release/libsystem_config.a(mmu.o)
                                0x146 (size before relaxing)
 .debug_str     0x0000293f       0x76 ../../../../../..//binary/armv7a/gcc/am335x/system_config/Release/libsystem_config.a(startup.o)
                                0x118 (size before relaxing)
 .debug_str     0x000029b5       0x9f ../../../../../..//binary/armv7a/gcc/am335x/system_config/Release/libsystem_config.a(cpu.o)
                                0x12a (size before relaxing)
 .debug_str     0x00002a54      0x2f0 ../../../../../..//binary/armv7a/gcc/am335x/drivers/Release/libdrivers.a(dmtimer.o)
                                0x354 (size before relaxing)
 .debug_str     0x00002d44      0x628 ../../../../../..//binary/armv7a/gcc/am335x/drivers/Release/libdrivers.a(usb.o)
                                0x753 (size before relaxing)
 .debug_str     0x0000336c       0x42 ../../../../../..//binary/armv7a/gcc/am335x/drivers/Release/libdrivers.a(usbphyGS70.o)
                                0x175 (size before relaxing)

.comment        0x00000000       0x70
 .comment       0x00000000       0x70 Release/usb_dev_serial.o
                                 0x71 (size before relaxing)
 .comment       0x00000000       0x71 Release/usb_dev_twocdcserial.o
 .comment       0x00000000       0x71 Release/usb_structs.o
 .comment       0x00000000       0x71 ../../../../../..//binary/armv7a/gcc/utils/Release/libutils.a(delay.o)
 .comment       0x00000000       0x71 ../../../../../..//binary/armv7a/gcc/am335x/beaglebone/platform/Release/libplatform.a(sysdelay.o)
 .comment       0x00000000       0x71 ../../../../../..//binary/armv7a/gcc/am335x/beaglebone/platform/Release/libplatform.a(usb.o)
 .comment       0x00000000       0x71 ../../../../../..//binary/armv7a/gcc/am335x/beaglebone/platform/Release/libplatform.a(dmtimer.o)
 .comment       0x00000000       0x71 ../../../../../..//binary/armv7a/gcc/am335x/usblib/Release/libusblib.a(usbbuffer.o)
 .comment       0x00000000       0x71 ../../../../../..//binary/armv7a/gcc/am335x/usblib/Release/libusblib.a(usbdcdc.o)
 .comment       0x00000000       0x71 ../../../../../..//binary/armv7a/gcc/am335x/usblib/Release/libusblib.a(usbdcomp.o)
 .comment       0x00000000       0x71 ../../../../../..//binary/armv7a/gcc/am335x/usblib/Release/libusblib.a(usbdenum.o)
 .comment       0x00000000       0x71 ../../../../../..//binary/armv7a/gcc/am335x/usblib/Release/libusblib.a(usbdhandler.o)
 .comment       0x00000000       0x71 ../../../../../..//binary/armv7a/gcc/am335x/usblib/Release/libusblib.a(usbringbuf.o)
 .comment       0x00000000       0x71 ../../../../../..//binary/armv7a/gcc/am335x/usblib/Release/libusblib.a(usbtick.o)
 .comment       0x00000000       0x71 ../../../../../..//binary/armv7a/gcc/am335x/usblib/Release/libusblib.a(usbdata.o)
 .comment       0x00000000       0x71 ../../../../../..//binary/armv7a/gcc/am335x/usblib/Release/libusblib.a(usbdcdesc.o)
 .comment       0x00000000       0x71 ../../../../../..//binary/armv7a/gcc/am335x/usblib/Release/libusblib.a(usbdconfig.o)
 .comment       0x00000000       0x71 ../../../../../..//binary/armv7a/gcc/am335x/usblib/Release/libusblib.a(usbdesc.o)
 .comment       0x00000000       0x71 ../../../../../..//binary/armv7a/gcc/am335x/system_config/Release/libsystem_config.a(interrupt.o)
 .comment       0x00000000       0x71 ../../../../../..//binary/armv7a/gcc/am335x/system_config/Release/libsystem_config.a(mmu.o)
 .comment       0x00000000       0x71 ../../../../../..//binary/armv7a/gcc/am335x/system_config/Release/libsystem_config.a(startup.o)
 .comment       0x00000000       0x71 ../../../../../..//binary/armv7a/gcc/am335x/system_config/Release/libsystem_config.a(cpu.o)
 .comment       0x00000000       0x71 ../../../../../..//binary/armv7a/gcc/am335x/drivers/Release/libdrivers.a(dmtimer.o)
 .comment       0x00000000       0x71 ../../../../../..//binary/armv7a/gcc/am335x/drivers/Release/libdrivers.a(usb.o)
 .comment       0x00000000       0x71 ../../../../../..//binary/armv7a/gcc/am335x/drivers/Release/libdrivers.a(usbphyGS70.o)

.ARM.attributes
                0x00000000       0x3b
 .ARM.attributes
                0x00000000       0x37 Release/usb_dev_serial.o
 .ARM.attributes
                0x00000037       0x37 Release/usb_dev_twocdcserial.o
 .ARM.attributes
                0x0000006e       0x37 Release/usb_structs.o
 .ARM.attributes
                0x000000a5       0x37 ../../../../../..//binary/armv7a/gcc/utils/Release/libutils.a(delay.o)
 .ARM.attributes
                0x000000dc       0x37 ../../../../../..//binary/armv7a/gcc/am335x/beaglebone/platform/Release/libplatform.a(sysdelay.o)
 .ARM.attributes
                0x00000113       0x37 ../../../../../..//binary/armv7a/gcc/am335x/beaglebone/platform/Release/libplatform.a(usb.o)
 .ARM.attributes
                0x0000014a       0x37 ../../../../../..//binary/armv7a/gcc/am335x/beaglebone/platform/Release/libplatform.a(dmtimer.o)
 .ARM.attributes
                0x00000181       0x37 ../../../../../..//binary/armv7a/gcc/am335x/usblib/Release/libusblib.a(usbbuffer.o)
 .ARM.attributes
                0x000001b8       0x37 ../../../../../..//binary/armv7a/gcc/am335x/usblib/Release/libusblib.a(usbdcdc.o)
 .ARM.attributes
                0x000001ef       0x37 ../../../../../..//binary/armv7a/gcc/am335x/usblib/Release/libusblib.a(usbdcomp.o)
 .ARM.attributes
                0x00000226       0x37 ../../../../../..//binary/armv7a/gcc/am335x/usblib/Release/libusblib.a(usbdenum.o)
 .ARM.attributes
                0x0000025d       0x37 ../../../../../..//binary/armv7a/gcc/am335x/usblib/Release/libusblib.a(usbdhandler.o)
 .ARM.attributes
                0x00000294       0x37 ../../../../../..//binary/armv7a/gcc/am335x/usblib/Release/libusblib.a(usbringbuf.o)
 .ARM.attributes
                0x000002cb       0x37 ../../../../../..//binary/armv7a/gcc/am335x/usblib/Release/libusblib.a(usbtick.o)
 .ARM.attributes
                0x00000302       0x37 ../../../../../..//binary/armv7a/gcc/am335x/usblib/Release/libusblib.a(usbdata.o)
 .ARM.attributes
                0x00000339       0x37 ../../../../../..//binary/armv7a/gcc/am335x/usblib/Release/libusblib.a(usbdcdesc.o)
 .ARM.attributes
                0x00000370       0x37 ../../../../../..//binary/armv7a/gcc/am335x/usblib/Release/libusblib.a(usbdconfig.o)
 .ARM.attributes
                0x000003a7       0x37 ../../../../../..//binary/armv7a/gcc/am335x/usblib/Release/libusblib.a(usbdesc.o)
 .ARM.attributes
                0x000003de       0x23 ../../../../../..//binary/armv7a/gcc/am335x/system_config/Release/libsystem_config.a(init.o)
 .ARM.attributes
                0x00000401       0x3d ../../../../../..//binary/armv7a/gcc/am335x/system_config/Release/libsystem_config.a(interrupt.o)
 .ARM.attributes
                0x0000043e       0x3d ../../../../../..//binary/armv7a/gcc/am335x/system_config/Release/libsystem_config.a(mmu.o)
 .ARM.attributes
                0x0000047b       0x3d ../../../../../..//binary/armv7a/gcc/am335x/system_config/Release/libsystem_config.a(startup.o)
 .ARM.attributes
                0x000004b8       0x23 ../../../../../..//binary/armv7a/gcc/am335x/system_config/Release/libsystem_config.a(cp15.o)
 .ARM.attributes
                0x000004db       0x3d ../../../../../..//binary/armv7a/gcc/am335x/system_config/Release/libsystem_config.a(cpu.o)
 .ARM.attributes
                0x00000518       0x23 ../../../../../..//binary/armv7a/gcc/am335x/system_config/Release/libsystem_config.a(exceptionhandler.o)
 .ARM.attributes
                0x0000053b       0x18 /home/abby/opt/gcc-arm-none-eabi-4_7-2012q4//lib/gcc/arm-none-eabi/4.7.3//libgcc.a(_udivsi3.o)
 .ARM.attributes
                0x00000553       0x18 /home/abby/opt/gcc-arm-none-eabi-4_7-2012q4//lib/gcc/arm-none-eabi/4.7.3//libgcc.a(_divsi3.o)
 .ARM.attributes
                0x0000056b       0x18 /home/abby/opt/gcc-arm-none-eabi-4_7-2012q4//lib/gcc/arm-none-eabi/4.7.3//libgcc.a(_dvmd_tls.o)
 .ARM.attributes
                0x00000583       0x37 ../../../../../..//binary/armv7a/gcc/am335x/drivers/Release/libdrivers.a(dmtimer.o)
 .ARM.attributes
                0x000005ba       0x37 ../../../../../..//binary/armv7a/gcc/am335x/drivers/Release/libdrivers.a(usb.o)
 .ARM.attributes
                0x000005f1       0x37 ../../../../../..//binary/armv7a/gcc/am335x/drivers/Release/libdrivers.a(usbphyGS70.o)

.debug_frame    0x00000000     0x1a40
 .debug_frame   0x00000000       0xb8 Release/usb_dev_serial.o
 .debug_frame   0x000000b8       0x6c Release/usb_dev_twocdcserial.o
 .debug_frame   0x00000124       0x88 ../../../../../..//binary/armv7a/gcc/utils/Release/libutils.a(delay.o)
 .debug_frame   0x000001ac       0x98 ../../../../../..//binary/armv7a/gcc/am335x/beaglebone/platform/Release/libplatform.a(sysdelay.o)
 .debug_frame   0x00000244       0x78 ../../../../../..//binary/armv7a/gcc/am335x/beaglebone/platform/Release/libplatform.a(usb.o)
 .debug_frame   0x000002bc       0x70 ../../../../../..//binary/armv7a/gcc/am335x/beaglebone/platform/Release/libplatform.a(dmtimer.o)
 .debug_frame   0x0000032c      0x140 ../../../../../..//binary/armv7a/gcc/am335x/usblib/Release/libusblib.a(usbbuffer.o)
 .debug_frame   0x0000046c      0x2ec ../../../../../..//binary/armv7a/gcc/am335x/usblib/Release/libusblib.a(usbdcdc.o)
 .debug_frame   0x00000758      0x1d4 ../../../../../..//binary/armv7a/gcc/am335x/usblib/Release/libusblib.a(usbdcomp.o)
 .debug_frame   0x0000092c      0x304 ../../../../../..//binary/armv7a/gcc/am335x/usblib/Release/libusblib.a(usbdenum.o)
 .debug_frame   0x00000c30       0x50 ../../../../../..//binary/armv7a/gcc/am335x/usblib/Release/libusblib.a(usbdhandler.o)
 .debug_frame   0x00000c80      0x16c ../../../../../..//binary/armv7a/gcc/am335x/usblib/Release/libusblib.a(usbringbuf.o)
 .debug_frame   0x00000dec       0x50 ../../../../../..//binary/armv7a/gcc/am335x/usblib/Release/libusblib.a(usbtick.o)
 .debug_frame   0x00000e3c       0xec ../../../../../..//binary/armv7a/gcc/am335x/usblib/Release/libusblib.a(usbdcdesc.o)
 .debug_frame   0x00000f28       0x90 ../../../../../..//binary/armv7a/gcc/am335x/usblib/Release/libusblib.a(usbdconfig.o)
 .debug_frame   0x00000fb8       0x8c ../../../../../..//binary/armv7a/gcc/am335x/usblib/Release/libusblib.a(usbdesc.o)
 .debug_frame   0x00001044      0x238 ../../../../../..//binary/armv7a/gcc/am335x/system_config/Release/libsystem_config.a(interrupt.o)
 .debug_frame   0x0000127c       0x60 ../../../../../..//binary/armv7a/gcc/am335x/system_config/Release/libsystem_config.a(mmu.o)
 .debug_frame   0x000012dc       0x28 ../../../../../..//binary/armv7a/gcc/am335x/system_config/Release/libsystem_config.a(startup.o)
 .debug_frame   0x00001304       0x90 ../../../../../..//binary/armv7a/gcc/am335x/system_config/Release/libsystem_config.a(cpu.o)
 .debug_frame   0x00001394       0x20 /home/abby/opt/gcc-arm-none-eabi-4_7-2012q4//lib/gcc/arm-none-eabi/4.7.3//libgcc.a(_udivsi3.o)
 .debug_frame   0x000013b4       0x20 /home/abby/opt/gcc-arm-none-eabi-4_7-2012q4//lib/gcc/arm-none-eabi/4.7.3//libgcc.a(_divsi3.o)
 .debug_frame   0x000013d4      0x1b0 ../../../../../..//binary/armv7a/gcc/am335x/drivers/Release/libdrivers.a(dmtimer.o)
 .debug_frame   0x00001584      0x48c ../../../../../..//binary/armv7a/gcc/am335x/drivers/Release/libdrivers.a(usb.o)
 .debug_frame   0x00001a10       0x30 ../../../../../..//binary/armv7a/gcc/am335x/drivers/Release/libdrivers.a(usbphyGS70.o)
