Archive member included because of file (symbol)

../../../../../..//binary/armv7a/gcc/am335x/drivers/Release/libdrivers.a(cpsw.o)
                              Release/lwiplib.o (CPSWSSReset)
../../../../../..//binary/armv7a/gcc/am335x/drivers/Release/libdrivers.a(mdio.o)
                              Release/lwiplib.o (MDIOPhyAliveStatusGet)
../../../../../..//binary/armv7a/gcc/am335x/drivers/Release/libdrivers.a(phy.o)
                              Release/lwiplib.o (PhyReset)
../../../../../..//binary/armv7a/gcc/utils/Release/libutils.a(consoleUtils.o)
                              Release/enetEcho.o (ConsoleUtilsInit)
../../../../../..//binary/armv7a/gcc/utils/Release/libutils.a(delay.o)
                              Release/enetEcho.o (DelayTimerSetup)
../../../../../..//binary/armv7a/gcc/utils/Release/libutils.a(uartStdio.o)
                              ../../../../../..//binary/armv7a/gcc/utils/Release/libutils.a(consoleUtils.o) (UARTStdioInit)
../../../../../..//binary/armv7a/gcc/utils/Release/libutils.a(ascii.o)
                              ../../../../../..//binary/armv7a/gcc/utils/Release/libutils.a(uartStdio.o) (ASCIIToDigit)
../../../../../..//binary/armv7a/gcc/am335x/beaglebone/platform/Release/libplatform.a(cpsw.o)
                              Release/enetEcho.o (CPSWPinMuxSetup)
../../../../../..//binary/armv7a/gcc/am335x/beaglebone/platform/Release/libplatform.a(sysdelay.o)
                              ../../../../../..//binary/armv7a/gcc/utils/Release/libutils.a(delay.o) (SysDelayTimerSetup)
../../../../../..//binary/armv7a/gcc/am335x/beaglebone/platform/Release/libplatform.a(uartConsole.o)
                              ../../../../../..//binary/armv7a/gcc/utils/Release/libutils.a(uartStdio.o) (UARTConsoleInit)
../../../../../..//binary/armv7a/gcc/am335x/beaglebone/platform/Release/libplatform.a(dmtimer.o)
                              ../../../../../..//binary/armv7a/gcc/am335x/beaglebone/platform/Release/libplatform.a(sysdelay.o) (DMTimer7ModuleClkConfig)
../../../../../..//binary/armv7a/gcc/am335x/beaglebone/platform/Release/libplatform.a(uart.o)
                              ../../../../../..//binary/armv7a/gcc/am335x/beaglebone/platform/Release/libplatform.a(uartConsole.o) (UARTPinMuxSetup)
../../../../../..//binary/armv7a/gcc/am335x/system_config/Release/libsystem_config.a(cache.o)
                              Release/enetEcho.o (CacheEnable)
../../../../../..//binary/armv7a/gcc/am335x/system_config/Release/libsystem_config.a(cp15.o)
                              ../../../../../..//binary/armv7a/gcc/am335x/system_config/Release/libsystem_config.a(cache.o) (CP15ICacheDisable)
../../../../../..//binary/armv7a/gcc/am335x/system_config/Release/libsystem_config.a(init.o)
                              (Entry)
../../../../../..//binary/armv7a/gcc/am335x/system_config/Release/libsystem_config.a(interrupt.o)
                              Release/enetEcho.o (IntRegister)
../../../../../..//binary/armv7a/gcc/am335x/system_config/Release/libsystem_config.a(mmu.o)
                              Release/enetEcho.o (MMUInit)
../../../../../..//binary/armv7a/gcc/am335x/system_config/Release/libsystem_config.a(startup.o)
                              ../../../../../..//binary/armv7a/gcc/am335x/system_config/Release/libsystem_config.a(init.o) (start_boot)
../../../../../..//binary/armv7a/gcc/am335x/system_config/Release/libsystem_config.a(cpu.o)
                              ../../../../../..//binary/armv7a/gcc/am335x/system_config/Release/libsystem_config.a(interrupt.o) (CPUIntStatus)
../../../../../..//binary/armv7a/gcc/am335x/system_config/Release/libsystem_config.a(exceptionhandler.o)
                              ../../../../../..//binary/armv7a/gcc/am335x/system_config/Release/libsystem_config.a(startup.o) (IRQHandler)
/home/abby/opt/gcc-arm-none-eabi-4_7-2012q4//arm-none-eabi/lib//libc.a(lib_a-memcpy.o)
                              Release/lwiplib.o (memcpy)
/home/abby/opt/gcc-arm-none-eabi-4_7-2012q4//arm-none-eabi/lib//libc.a(lib_a-memset.o)
                              Release/lwiplib.o (memset)
/home/abby/opt/gcc-arm-none-eabi-4_7-2012q4//arm-none-eabi/lib//libc.a(lib_a-strlen.o)
                              Release/lwiplib.o (strlen)
/home/abby/opt/gcc-arm-none-eabi-4_7-2012q4//lib/gcc/arm-none-eabi/4.7.3//libgcc.a(_udivsi3.o)
                              (__aeabi_uidiv)
/home/abby/opt/gcc-arm-none-eabi-4_7-2012q4//lib/gcc/arm-none-eabi/4.7.3//libgcc.a(_divsi3.o)
                              (__aeabi_idiv)
/home/abby/opt/gcc-arm-none-eabi-4_7-2012q4//lib/gcc/arm-none-eabi/4.7.3//libgcc.a(_dvmd_tls.o)
                              /home/abby/opt/gcc-arm-none-eabi-4_7-2012q4//lib/gcc/arm-none-eabi/4.7.3//libgcc.a(_udivsi3.o) (__aeabi_idiv0)
../../../../../..//binary/armv7a/gcc/am335x/drivers/Release/libdrivers.a(dmtimer.o)
                              ../../../../../..//binary/armv7a/gcc/am335x/beaglebone/platform/Release/libplatform.a(sysdelay.o) (DMTimerEnable)
[...]
Memory Configuration

Name             Origin             Length             Attributes
DDR0             0x80000000         0x10000000
*default*        0x00000000         0xffffffff

Linker script and memory map

LOAD Release/echod.o
LOAD Release/enetEcho.o
LOAD Release/lwiplib.o
LOAD ../../../../../..//binary/armv7a/gcc/am335x/drivers/Release/libdrivers.a
LOAD ../../../../../..//binary/armv7a/gcc/utils/Release/libutils.a
LOAD ../../../../../..//binary/armv7a/gcc/am335x/beaglebone/platform/Release/libplatform.a
LOAD ../../../../../..//binary/armv7a/gcc/am335x/system_config/Release/libsystem_config.a
LOAD /home/abby/opt/gcc-arm-none-eabi-4_7-2012q4//arm-none-eabi/lib//libc.a
LOAD /home/abby/opt/gcc-arm-none-eabi-4_7-2012q4//lib/gcc/arm-none-eabi/4.7.3//libgcc.a
LOAD ../../../../../..//binary/armv7a/gcc/am335x/drivers/Release/libdrivers.a
LOAD ../../../../../..//binary/armv7a/gcc/utils/Release/libutils.a
LOAD ../../../../../..//binary/armv7a/gcc/am335x/beaglebone/platform/Release/libplatform.a
LOAD ../../../../../..//binary/armv7a/gcc/am335x/system_config/Release/libsystem_config.a
LOAD /home/abby/opt/gcc-arm-none-eabi-4_7-2012q4//arm-none-eabi/lib//libc.a
LOAD /home/abby/opt/gcc-arm-none-eabi-4_7-2012q4//lib/gcc/arm-none-eabi/4.7.3//libgcc.a

.startcode      0x80000000       0xb4
                0x80000000                . = ALIGN (0x4)
 *init.o(.text)
 .text          0x80000000       0xb4 ../../../../../..//binary/armv7a/gcc/am335x/system_config/Release/libsystem_config.a(init.o)
                0x80000000                Entry

.text           0x800000b4     0xbfc0
                0x800000b4                . = ALIGN (0x4)
 *(.text*)
 .text.echo_accept
                0x800000b4       0x7c Release/echod.o
                0x800000b4                echo_accept
 .text.echo_close_conn
                0x80000130       0x54 Release/echod.o
                0x80000130                echo_close_conn
 .text.echo_send_data
                0x80000184       0x88 Release/echod.o
                0x80000184                echo_send_data
 .text.echo_recv
                0x8000020c       0x78 Release/echod.o
                0x8000020c                echo_recv
 .text.echo_init
                0x80000284       0x70 Release/echod.o
                0x80000284                echo_init
 .text.CPSWCore0TxIsr
                0x800002f4       0x18 Release/enetEcho.o
 .text.CPSWCore0RxIsr
                0x8000030c       0x18 Release/enetEcho.o
 .text.startup.main
                0x80000324      0x238 Release/enetEcho.o
                0x80000324                main
 .text.dhcp_option_long
                0x8000055c       0x60 Release/lwiplib.o
 .text.dhcp_option_trailer
                0x800005bc       0x5c Release/lwiplib.o
 .text.tcp_accept_null
                0x80000618        0x8 Release/lwiplib.o
 .text.tcp_new_port
                0x80000620       0x70 Release/lwiplib.o
 .text.tcp_parseopt
                0x80000690       0xd8 Release/lwiplib.o
 .text.lwip_standard_chksum
                0x80000768       0xb8 Release/lwiplib.o
 .text.cpswif_ale_entry_match_free
                0x80000820       0x5c Release/lwiplib.o
 .text.etharp_send_ip
                0x8000087c       0x44 Release/lwiplib.o
 .text.mem_init
                0x800008c0       0x70 Release/lwiplib.o
                0x800008c0                mem_init
 .text.mem_malloc
                0x80000930      0x1a8 Release/lwiplib.o
                0x80000930                mem_malloc
 .text.memp_init
                0x80000ad8       0xd4 Release/lwiplib.o
                0x80000ad8                memp_init
 .text.lwip_init
                0x80000bac       0x20 Release/lwiplib.o
                0x80000bac                lwip_init
 .text.pbuf_header
                0x80000bcc       0xbc Release/lwiplib.o
                0x80000bcc                pbuf_header
 .text.pbuf_cat
                0x80000c88       0x68 Release/lwiplib.o
                0x80000c88                pbuf_cat
 .text.pbuf_copy
                0x80000cf0      0x124 Release/lwiplib.o
                0x80000cf0                pbuf_copy
 .text.pbuf_copy_partial
                0x80000e14       0xc4 Release/lwiplib.o
                0x80000e14                pbuf_copy_partial
 .text.raw_input
                0x80000ed8       0xc4 Release/lwiplib.o
                0x80000ed8                raw_input
 .text.tcp_bind
                0x80000f9c       0xe8 Release/lwiplib.o
                0x80000f9c                tcp_bind
 .text.tcp_update_rcv_ann_wnd
                0x80001084       0x5c Release/lwiplib.o
                0x80001084                tcp_update_rcv_ann_wnd
 .text.tcp_setprio
                0x800010e0        0x8 Release/lwiplib.o
                0x800010e0                tcp_setprio
 .text.tcp_arg  0x800010e8        0x8 Release/lwiplib.o
                0x800010e8                tcp_arg
 .text.tcp_recv
                0x800010f0        0x8 Release/lwiplib.o
                0x800010f0                tcp_recv
 .text.tcp_sent
                0x800010f8        0x8 Release/lwiplib.o
                0x800010f8                tcp_sent
 .text.tcp_err  0x80001100        0x8 Release/lwiplib.o
                0x80001100                tcp_err
 .text.tcp_accept
                0x80001108        0x8 Release/lwiplib.o
                0x80001108                tcp_accept
 .text.tcp_poll
                0x80001110        0xc Release/lwiplib.o
                0x80001110                tcp_poll
 .text.tcp_rexmit
                0x8000111c       0x84 Release/lwiplib.o
                0x8000111c                tcp_rexmit
 .text.tcp_rexmit_fast
                0x800011a0       0x7c Release/lwiplib.o
                0x800011a0                tcp_rexmit_fast
 .text.udp_bind
                0x8000121c       0xfc Release/lwiplib.o
                0x8000121c                udp_bind
 .text.udp_connect
                0x80001318       0xb4 Release/lwiplib.o
                0x80001318                udp_connect
 .text.inet_chksum_pseudo
                0x800013cc       0xd0 Release/lwiplib.o
                0x800013cc                inet_chksum_pseudo
 .text.inet_chksum
                0x8000149c       0x1c Release/lwiplib.o
                0x8000149c                inet_chksum
 .text.inet_chksum_pbuf
                0x800014b8       0x88 Release/lwiplib.o
                0x800014b8                inet_chksum_pbuf
 .text.ip_route
                0x80001540       0x7c Release/lwiplib.o
                0x80001540                ip_route
 .text.tcp_eff_send_mss
                0x800015bc       0x44 Release/lwiplib.o
                0x800015bc                tcp_eff_send_mss
 .text.ip_output_if
                0x80001600      0x170 Release/lwiplib.o
                0x80001600                ip_output_if
 .text.ip_output
                0x80001770       0x88 Release/lwiplib.o
                0x80001770                ip_output
 .text.ip4_addr_isbroadcast
                0x800017f8       0x6c Release/lwiplib.o
                0x800017f8                ip4_addr_isbroadcast
 .text.sys_arch_protect
                0x80001864       0x28 Release/lwiplib.o
                0x80001864                sys_arch_protect
 .text.sys_arch_unprotect
                0x8000188c       0x1c Release/lwiplib.o
                0x8000188c                sys_arch_unprotect
 .text.pbuf_ref
                0x800018a8       0x34 Release/lwiplib.o
                0x800018a8                pbuf_ref
 .text.pbuf_chain
                0x800018dc       0x28 Release/lwiplib.o
                0x800018dc                pbuf_chain
 .text.cpswif_output
                0x80001904      0x1c0 Release/lwiplib.o
 .text.memp_free
                0x80001ac4       0x5c Release/lwiplib.o
                0x80001ac4                memp_free
 .text.udp_remove
                0x80001b20       0x74 Release/lwiplib.o
                0x80001b20                udp_remove
 .text.dhcp_stop
                0x80001b94       0x60 Release/lwiplib.o
                0x80001b94                dhcp_stop
 .text.memp_malloc
                0x80001bf4       0x94 Release/lwiplib.o
                0x80001bf4                memp_malloc
 .text.udp_new  0x80001c88       0x40 Release/lwiplib.o
                0x80001c88                udp_new
 .text.tcp_seg_copy
                0x80001cc8       0x58 Release/lwiplib.o
                0x80001cc8                tcp_seg_copy
 .text.tcp_listen_with_backlog
                0x80001d20      0x148 Release/lwiplib.o
                0x80001d20                tcp_listen_with_backlog
 .text.mem_trim
                0x80001e68      0x184 Release/lwiplib.o
                0x80001e68                mem_trim
 .text.mem_free
                0x80001fec      0x134 Release/lwiplib.o
                0x80001fec                mem_free
 .text.pbuf_free
                0x80002120       0xc0 Release/lwiplib.o
                0x80002120                pbuf_free
 .text.find_entry
                0x800021e0      0x1c4 Release/lwiplib.o
 .text.tcp_seg_free
                0x800023a4       0x3c Release/lwiplib.o
                0x800023a4                tcp_seg_free
 .text.tcp_segs_free
                0x800023e0       0x28 Release/lwiplib.o
                0x800023e0                tcp_segs_free
 .text.tcp_create_segment
                0x80002408      0x128 Release/lwiplib.o
 .text.tcp_pcb_purge
                0x80002530       0x80 Release/lwiplib.o
                0x80002530                tcp_pcb_purge
 .text.pbuf_realloc
                0x800025b0       0xc0 Release/lwiplib.o
                0x800025b0                pbuf_realloc
 .text.tcp_oos_insert_segment
                0x80002670      0x104 Release/lwiplib.o
 .text.pbuf_alloc
                0x80002774      0x1ec Release/lwiplib.o
                0x80002774                pbuf_alloc
 .text.cpswif_rxbd_alloc
                0x80002960      0x124 Release/lwiplib.o
 .text.cpswif_init
                0x80002a84      0x800 Release/lwiplib.o
                0x80002a84                cpswif_init
 .text.tcp_enqueue_flags
                0x80003284      0x19c Release/lwiplib.o
                0x80003284                tcp_enqueue_flags
 .text.tcp_send_fin
                0x80003420       0x64 Release/lwiplib.o
                0x80003420                tcp_send_fin
 .text.tcp_pbuf_prealloc
                0x80003484       0xb8 Release/lwiplib.o
 .text.dhcp_create_msg
                0x8000353c      0x254 Release/lwiplib.o
 .text.tcp_output_alloc_header.constprop.15
                0x80003790       0xa4 Release/lwiplib.o
 .text.icmp_input
                0x80003834      0x2e4 Release/lwiplib.o
                0x80003834                icmp_input
 .text.udp_sendto_if
                0x80003b18      0x1d4 Release/lwiplib.o
                0x80003b18                udp_sendto_if
 .text.tcp_send_empty_ack
                0x80003cec       0xb4 Release/lwiplib.o
                0x80003cec                tcp_send_empty_ack
 .text.tcp_output
                0x80003da0      0x470 Release/lwiplib.o
                0x80003da0                tcp_output
 .text.tcp_pcb_remove
                0x80004210       0xd4 Release/lwiplib.o
                0x80004210                tcp_pcb_remove
 .text.tcp_recved
                0x800042e4       0x5c Release/lwiplib.o
                0x800042e4                tcp_recved
 .text.tcp_receive
                0x80004340      0xc0c Release/lwiplib.o
 .text.tcp_rst  0x80004f4c      0x11c Release/lwiplib.o
                0x80004f4c                tcp_rst
 .text.tcp_abandon
                0x80005068      0x124 Release/lwiplib.o
                0x80005068                tcp_abandon
 .text.tcp_abort
                0x8000518c       0x18 Release/lwiplib.o
                0x8000518c                tcp_abort
 .text.tcp_alloc
                0x800051a4      0x1f8 Release/lwiplib.o
                0x800051a4                tcp_alloc
 .text.tcp_new  0x8000539c       0x18 Release/lwiplib.o
                0x8000539c                tcp_new
 .text.netif_set_ipaddr
                0x800053b4       0xb4 Release/lwiplib.o
                0x800053b4                netif_set_ipaddr
 .text.netif_set_addr
                0x80005468       0x38 Release/lwiplib.o
                0x80005468                netif_set_addr
 .text.netif_add
                0x800054a0       0x84 Release/lwiplib.o
                0x800054a0                netif_add
 .text.tcp_close_shutdown
                0x80005524      0x280 Release/lwiplib.o
 .text.tcp_close
                0x800057a4       0x2c Release/lwiplib.o
                0x800057a4                tcp_close
 .text.tcp_recv_null
                0x800057d0       0x5c Release/lwiplib.o
                0x800057d0                tcp_recv_null
 .text.tcp_input
                0x8000582c      0xfc8 Release/lwiplib.o
                0x8000582c                tcp_input
 .text.tcp_write
                0x800067f4      0x5ec Release/lwiplib.o
                0x800067f4                tcp_write
 .text.dhcp_delete_msg
                0x80006de0       0x34 Release/lwiplib.o
 .text.dhcp_discover
                0x80006e14      0x1e0 Release/lwiplib.o
 .text.dhcp_start
                0x80006ff4      0x148 Release/lwiplib.o
                0x80006ff4                dhcp_start
 .text.lwIPDHCPComplete
                0x8000713c       0x94 Release/lwiplib.o
 .text.dhcp_select
                0x800071d0      0x254 Release/lwiplib.o
 .text.icmp_dest_unreach
                0x80007424      0x114 Release/lwiplib.o
                0x80007424                icmp_dest_unreach
 .text.udp_input
                0x80007538      0x384 Release/lwiplib.o
                0x80007538                udp_input
 .text.ip_input
                0x800078bc      0x3b0 Release/lwiplib.o
                0x800078bc                ip_input
 .text.ethernet_input
                0x80007c6c      0x348 Release/lwiplib.o
                0x80007c6c                ethernet_input
 .text.etharp_request
                0x80007fb4      0x144 Release/lwiplib.o
                0x80007fb4                etharp_request
 .text.netif_set_up
                0x800080f8       0x38 Release/lwiplib.o
                0x800080f8                netif_set_up
 .text.unlikely.dhcp_bind
                0x80008130      0x120 Release/lwiplib.o
 .text.dhcp_recv
                0x80008250      0x6ac Release/lwiplib.o
 .text.etharp_query
                0x800088fc      0x224 Release/lwiplib.o
                0x800088fc                etharp_query
 .text.etharp_output
                0x80008b20      0x198 Release/lwiplib.o
                0x80008b20                etharp_output
 .text.cpswif_rx_inthandler
                0x80008cb8      0x140 Release/lwiplib.o
                0x80008cb8                cpswif_rx_inthandler
 .text.cpswif_tx_inthandler
                0x80008df8      0x14c Release/lwiplib.o
                0x80008df8                cpswif_tx_inthandler
 .text.lwIPInit
                0x80008f44      0x19c Release/lwiplib.o
                0x80008f44                lwIPInit
 .text.lwIPRxIntHandler
                0x800090e0       0x1c Release/lwiplib.o
                0x800090e0                lwIPRxIntHandler
 .text.lwIPTxIntHandler
                0x800090fc       0x14 Release/lwiplib.o
                0x800090fc                lwIPTxIntHandler
 .text.CPSWSSReset
                0x80009110       0x1c ../../../../../..//binary/armv7a/gcc/am335x/drivers/Release/libdrivers.a(cpsw.o)
                0x80009110                CPSWSSReset
 .text.CPSWSlTransferModeSet
                0x8000912c       0x1c ../../../../../..//binary/armv7a/gcc/am335x/drivers/Release/libdrivers.a(cpsw.o)
                0x8000912c                CPSWSlTransferModeSet
 .text.CPSWSlReset
                0x80009148       0x1c ../../../../../..//binary/armv7a/gcc/am335x/drivers/Release/libdrivers.a(cpsw.o)
                0x80009148                CPSWSlReset
 .text.CPSWSlRGMIIEnable
                0x80009164       0x14 ../../../../../..//binary/armv7a/gcc/am335x/drivers/Release/libdrivers.a(cpsw.o)
                0x80009164                CPSWSlRGMIIEnable
 .text.CPSWWrReset
                0x80009178       0x1c ../../../../../..//binary/armv7a/gcc/am335x/drivers/Release/libdrivers.a(cpsw.o)
                0x80009178                CPSWWrReset
 .text.CPSWWrCoreIntEnable
                0x80009194       0x1c ../../../../../..//binary/armv7a/gcc/am335x/drivers/Release/libdrivers.a(cpsw.o)
                0x80009194                CPSWWrCoreIntEnable
 .text.CPSWALEInit
                0x800091b0        0xc ../../../../../..//binary/armv7a/gcc/am335x/drivers/Release/libdrivers.a(cpsw.o)
                0x800091b0                CPSWALEInit
 .text.CPSWALEPortStateSet
                0x800091bc       0x20 ../../../../../..//binary/armv7a/gcc/am335x/drivers/Release/libdrivers.a(cpsw.o)
                0x800091bc                CPSWALEPortStateSet
 .text.CPSWALEVLANAwareSet
                0x800091dc       0x10 ../../../../../..//binary/armv7a/gcc/am335x/drivers/Release/libdrivers.a(cpsw.o)
                0x800091dc                CPSWALEVLANAwareSet
 .text.CPSWALETableEntrySet
                0x800091ec       0x24 ../../../../../..//binary/armv7a/gcc/am335x/drivers/Release/libdrivers.a(cpsw.o)
                0x800091ec                CPSWALETableEntrySet
 .text.CPSWALETableEntryGet
                0x80009210       0x20 ../../../../../..//binary/armv7a/gcc/am335x/drivers/Release/libdrivers.a(cpsw.o)
                0x80009210                CPSWALETableEntryGet
 .text.CPSWStatisticsEnable
                0x80009230        0xc ../../../../../..//binary/armv7a/gcc/am335x/drivers/Release/libdrivers.a(cpsw.o)
                0x80009230                CPSWStatisticsEnable
 .text.CPSWPortSrcAddrSet
                0x8000923c       0x40 ../../../../../..//binary/armv7a/gcc/am335x/drivers/Release/libdrivers.a(cpsw.o)
                0x8000923c                CPSWPortSrcAddrSet
 .text.CPSWHostPortDualMacModeSet
                0x8000927c       0x1c ../../../../../..//binary/armv7a/gcc/am335x/drivers/Release/libdrivers.a(cpsw.o)
                0x8000927c                CPSWHostPortDualMacModeSet
 .text.CPSWPortVLANConfig
                0x80009298       0x10 ../../../../../..//binary/armv7a/gcc/am335x/drivers/Release/libdrivers.a(cpsw.o)
                0x80009298                CPSWPortVLANConfig
 .text.CPSWCPDMAReset
                0x800092a8       0x54 ../../../../../..//binary/armv7a/gcc/am335x/drivers/Release/libdrivers.a(cpsw.o)
                0x800092a8                CPSWCPDMAReset
 .text.CPSWCPDMATxIntEnable
                0x800092fc       0x14 ../../../../../..//binary/armv7a/gcc/am335x/drivers/Release/libdrivers.a(cpsw.o)
                0x800092fc                CPSWCPDMATxIntEnable
 .text.CPSWCPDMARxIntEnable
                0x80009310       0x14 ../../../../../..//binary/armv7a/gcc/am335x/drivers/Release/libdrivers.a(cpsw.o)
                0x80009310                CPSWCPDMARxIntEnable
 .text.CPSWCPDMATxEnable
                0x80009324        0xc ../../../../../..//binary/armv7a/gcc/am335x/drivers/Release/libdrivers.a(cpsw.o)
                0x80009324                CPSWCPDMATxEnable
 .text.CPSWCPDMARxEnable
                0x80009330        0xc ../../../../../..//binary/armv7a/gcc/am335x/drivers/Release/libdrivers.a(cpsw.o)
                0x80009330                CPSWCPDMARxEnable
 .text.CPSWCPDMATxHdrDescPtrWrite
                0x8000933c        0xc ../../../../../..//binary/armv7a/gcc/am335x/drivers/Release/libdrivers.a(cpsw.o)
                0x8000933c                CPSWCPDMATxHdrDescPtrWrite
 .text.CPSWCPDMARxHdrDescPtrWrite
                0x80009348        0xc ../../../../../..//binary/armv7a/gcc/am335x/drivers/Release/libdrivers.a(cpsw.o)
                0x80009348                CPSWCPDMARxHdrDescPtrWrite
 .text.CPSWCPDMAEndOfIntVectorWrite
                0x80009354        0x8 ../../../../../..//binary/armv7a/gcc/am335x/drivers/Release/libdrivers.a(cpsw.o)
                0x80009354                CPSWCPDMAEndOfIntVectorWrite
 .text.CPSWCPDMATxCPWrite
                0x8000935c        0xc ../../../../../..//binary/armv7a/gcc/am335x/drivers/Release/libdrivers.a(cpsw.o)
                0x8000935c                CPSWCPDMATxCPWrite
 .text.CPSWCPDMARxCPWrite
                0x80009368        0xc ../../../../../..//binary/armv7a/gcc/am335x/drivers/Release/libdrivers.a(cpsw.o)
                0x80009368                CPSWCPDMARxCPWrite
 .text.MDIOPhyRegRead
                0x80009374       0x5c ../../../../../..//binary/armv7a/gcc/am335x/drivers/Release/libdrivers.a(mdio.o)
                0x80009374                MDIOPhyRegRead
 .text.MDIOPhyRegWrite
                0x800093d0       0x44 ../../../../../..//binary/armv7a/gcc/am335x/drivers/Release/libdrivers.a(mdio.o)
                0x800093d0                MDIOPhyRegWrite
 .text.MDIOPhyAliveStatusGet
                0x80009414        0x8 ../../../../../..//binary/armv7a/gcc/am335x/drivers/Release/libdrivers.a(mdio.o)
                0x80009414                MDIOPhyAliveStatusGet
 .text.MDIOInit
                0x8000941c       0x34 ../../../../../..//binary/armv7a/gcc/am335x/drivers/Release/libdrivers.a(mdio.o)
                0x8000941c                MDIOInit
 .text.PhyAutoNegotiate
                0x80009450      0x164 ../../../../../..//binary/armv7a/gcc/am335x/drivers/Release/libdrivers.a(phy.o)
                0x80009450                PhyAutoNegotiate
 .text.PhyAutoNegStatusGet
                0x800095b4       0x2c ../../../../../..//binary/armv7a/gcc/am335x/drivers/Release/libdrivers.a(phy.o)
                0x800095b4                PhyAutoNegStatusGet
 .text.PhyPartnerAbilityGet
                0x800095e0       0x58 ../../../../../..//binary/armv7a/gcc/am335x/drivers/Release/libdrivers.a(phy.o)
                0x800095e0                PhyPartnerAbilityGet
 .text.PhyLinkStatusGet
                0x80009638       0x8c ../../../../../..//binary/armv7a/gcc/am335x/drivers/Release/libdrivers.a(phy.o)
                0x80009638                PhyLinkStatusGet
 .text.ConsoleUtilsInit
                0x800096c4       0x14 ../../../../../..//binary/armv7a/gcc/utils/Release/libutils.a(consoleUtils.o)
                0x800096c4                ConsoleUtilsInit
 .text.ConsoleUtilsSetType
                0x800096d8       0x38 ../../../../../..//binary/armv7a/gcc/utils/Release/libutils.a(consoleUtils.o)
                0x800096d8                ConsoleUtilsSetType
 .text.ConsoleUtilsPrintf
                0x80009710       0x64 ../../../../../..//binary/armv7a/gcc/utils/Release/libutils.a(consoleUtils.o)
                0x80009710                ConsoleUtilsPrintf
 .text.DelayTimerSetup
                0x80009774       0x14 ../../../../../..//binary/armv7a/gcc/utils/Release/libutils.a(delay.o)
                0x80009774                DelayTimerSetup
 .text.delay    0x80009788       0x14 ../../../../../..//binary/armv7a/gcc/utils/Release/libutils.a(delay.o)
                0x80009788                delay
 .text.UARTStdioInit
                0x8000979c       0x14 ../../../../../..//binary/armv7a/gcc/utils/Release/libutils.a(uartStdio.o)
                0x8000979c                UARTStdioInit
 .text.UARTPuts
                0x800097b0       0x78 ../../../../../..//binary/armv7a/gcc/utils/Release/libutils.a(uartStdio.o)
                0x800097b0                UARTPuts
 .text.UARTwrite
                0x80009828       0x58 ../../../../../..//binary/armv7a/gcc/utils/Release/libutils.a(uartStdio.o)
                0x80009828                UARTwrite
 .text.UARTPrintf
                0x80009880      0x4bc ../../../../../..//binary/armv7a/gcc/utils/Release/libutils.a(uartStdio.o)
                0x80009880                UARTPrintf
 .text.CPSWPinMuxSetup
                0x80009d3c       0x60 ../../../../../..//binary/armv7a/gcc/am335x/beaglebone/platform/Release/libplatform.a(cpsw.o)
                0x80009d3c                CPSWPinMuxSetup
 .text.CPSWClkEnable
                0x80009d9c       0x44 ../../../../../..//binary/armv7a/gcc/am335x/beaglebone/platform/Release/libplatform.a(cpsw.o)
                0x80009d9c                CPSWClkEnable
 .text.EVMPortMIIModeSelect
                0x80009de0       0x14 ../../../../../..//binary/armv7a/gcc/am335x/beaglebone/platform/Release/libplatform.a(cpsw.o)
                0x80009de0                EVMPortMIIModeSelect
 .text.EVMMACAddrGet
                0x80009df4       0x5c ../../../../../..//binary/armv7a/gcc/am335x/beaglebone/platform/Release/libplatform.a(cpsw.o)
                0x80009df4                EVMMACAddrGet
 .text.DMTimerIsr
                0x80009e50       0x44 ../../../../../..//binary/armv7a/gcc/am335x/beaglebone/platform/Release/libplatform.a(sysdelay.o)
 .text.SysDelayTimerSetup
                0x80009e94       0x84 ../../../../../..//binary/armv7a/gcc/am335x/beaglebone/platform/Release/libplatform.a(sysdelay.o)
                0x80009e94                SysDelayTimerSetup
 .text.Sysdelay
                0x80009f18       0x88 ../../../../../..//binary/armv7a/gcc/am335x/beaglebone/platform/Release/libplatform.a(sysdelay.o)
                0x80009f18                Sysdelay
 .text.UARTConsoleInit
                0x80009fa0       0xf0 ../../../../../..//binary/armv7a/gcc/am335x/beaglebone/platform/Release/libplatform.a(uartConsole.o)
                0x80009fa0                UARTConsoleInit
 .text.UARTConsolePutc
                0x8000a090       0x20 ../../../../../..//binary/armv7a/gcc/am335x/beaglebone/platform/Release/libplatform.a(uartConsole.o)
                0x8000a090                UARTConsolePutc
 .text.DMTimer7ModuleClkConfig
                0x8000a0b0      0x1a8 ../../../../../..//binary/armv7a/gcc/am335x/beaglebone/platform/Release/libplatform.a(dmtimer.o)
                0x8000a0b0                DMTimer7ModuleClkConfig
 .text.UARTPinMuxSetup
                0x8000a258       0x24 ../../../../../..//binary/armv7a/gcc/am335x/beaglebone/platform/Release/libplatform.a(uart.o)
                0x8000a258                UARTPinMuxSetup
 .text.UART0ModuleClkConfig
                0x8000a27c      0x25c ../../../../../..//binary/armv7a/gcc/am335x/beaglebone/platform/Release/libplatform.a(uart.o)
                0x8000a27c                UART0ModuleClkConfig
 .text.CacheEnable
                0x8000a4d8       0x84 ../../../../../..//binary/armv7a/gcc/am335x/system_config/Release/libsystem_config.a(cache.o)
                0x8000a4d8                CacheEnable
 .text.CacheDataCleanBuff
                0x8000a55c       0x14 ../../../../../..//binary/armv7a/gcc/am335x/system_config/Release/libsystem_config.a(cache.o)
                0x8000a55c                CacheDataCleanBuff
 .text.CacheDataInvalidateBuff
                0x8000a570       0x14 ../../../../../..//binary/armv7a/gcc/am335x/system_config/Release/libsystem_config.a(cache.o)
                0x8000a570                CacheDataInvalidateBuff
 .text          0x8000a584      0x488 ../../../../../..//binary/armv7a/gcc/am335x/system_config/Release/libsystem_config.a(cp15.o)
                0x8000a584                CP15ICacheDisable
                0x8000a5a0                CP15DCacheDisable
                0x8000a5bc                CP15ICacheEnable
                0x8000a5cc                CP15DCacheEnable
                0x8000a5dc                CP15DCacheFlush
                0x8000a670                CP15DCacheClean
                0x8000a704                CP15DCacheCleanFlush
                0x8000a798                CP15ICacheFlush
                0x8000a7a8                CP15DCacheCleanBuff
                0x8000a7fc                CP15DCacheCleanFlushBuff
                0x8000a850                CP15DCacheFlushBuff
                0x8000a8b4                CP15ICacheFlushBuff
                0x8000a908                CP15Ttb0Set
                0x8000a914                CP15TlbInvalidate
                0x8000a920                CP15MMUDisable
                0x8000a938                CP15MMUEnable
                0x8000a94c                CP15VectorBaseAddrSet
                0x8000a958                CP15BranchPredictorInvalidate
                0x8000a964                CP15BranchPredictionEnable
                0x8000a974                CP15BranchPredictionDisable
                0x8000a984                CP15DomainAccessClientSet
                0x8000a994                CP15ControlFeatureDisable
                0x8000a9a8                CP15ControlFeatureEnable
                0x8000a9bc                CP15TtbCtlTtb0Config
                0x8000a9cc                CP15AuxControlFeatureEnable
                0x8000a9e0                CP15AuxControlFeatureDisable
                0x8000a9f4                CP15MainIdPrimPartNumGet
 .text.IntDefaultHandler
                0x8000aa0c        0x4 ../../../../../..//binary/armv7a/gcc/am335x/system_config/Release/libsystem_config.a(interrupt.o)
 .text.IntRegister
                0x8000aa10       0x10 ../../../../../..//binary/armv7a/gcc/am335x/system_config/Release/libsystem_config.a(interrupt.o)
                0x8000aa10                IntRegister
 .text.IntAINTCInit
                0x8000aa20       0x54 ../../../../../..//binary/armv7a/gcc/am335x/system_config/Release/libsystem_config.a(interrupt.o)
                0x8000aa20                IntAINTCInit
 .text.IntPrioritySet
                0x8000aa74       0x24 ../../../../../..//binary/armv7a/gcc/am335x/system_config/Release/libsystem_config.a(interrupt.o)
                0x8000aa74                IntPrioritySet
 .text.IntSystemEnable
                0x8000aa98       0x24 ../../../../../..//binary/armv7a/gcc/am335x/system_config/Release/libsystem_config.a(interrupt.o)
                0x8000aa98                IntSystemEnable
 .text.IntMasterIRQEnable
                0x8000aabc       0x14 ../../../../../..//binary/armv7a/gcc/am335x/system_config/Release/libsystem_config.a(interrupt.o)
                0x8000aabc                IntMasterIRQEnable
 .text.IntMasterIRQDisable
                0x8000aad0       0x14 ../../../../../..//binary/armv7a/gcc/am335x/system_config/Release/libsystem_config.a(interrupt.o)
                0x8000aad0                IntMasterIRQDisable
 .text.IntMasterStatusGet
                0x8000aae4       0x14 ../../../../../..//binary/armv7a/gcc/am335x/system_config/Release/libsystem_config.a(interrupt.o)
                0x8000aae4                IntMasterStatusGet
 .text.MMUInit  0x8000aaf8       0x54 ../../../../../..//binary/armv7a/gcc/am335x/system_config/Release/libsystem_config.a(mmu.o)
                0x8000aaf8                MMUInit
 .text.MMUMemRegionMap
                0x8000ab4c       0x74 ../../../../../..//binary/armv7a/gcc/am335x/system_config/Release/libsystem_config.a(mmu.o)
                0x8000ab4c                MMUMemRegionMap
 .text.MMUEnable
                0x8000abc0       0x20 ../../../../../..//binary/armv7a/gcc/am335x/system_config/Release/libsystem_config.a(mmu.o)
                0x8000abc0                MMUEnable
 .text.start_boot
                0x8000abe0       0x60 ../../../../../..//binary/armv7a/gcc/am335x/system_config/Release/libsystem_config.a(startup.o)
                0x8000abe0                start_boot
 .text.CPUIntStatus
                0x8000ac40        0xc ../../../../../..//binary/armv7a/gcc/am335x/system_config/Release/libsystem_config.a(cpu.o)
                0x8000ac40                CPUIntStatus
 .text.CPUirqd  0x8000ac4c       0x14 ../../../../../..//binary/armv7a/gcc/am335x/system_config/Release/libsystem_config.a(cpu.o)
                0x8000ac4c                CPUirqd
 .text.CPUirqe  0x8000ac60       0x14 ../../../../../..//binary/armv7a/gcc/am335x/system_config/Release/libsystem_config.a(cpu.o)
                0x8000ac60                CPUirqe
 .text          0x8000ac74       0xf0 ../../../../../..//binary/armv7a/gcc/am335x/system_config/Release/libsystem_config.a(exceptionhandler.o)
                0x8000ac74                SVC_Handler
                0x8000ac9c                IRQHandler
                0x8000ad48                FIQHandler
                0x8000ad4c                UndefInstHandler
                0x8000ad4c                AbortHandler
 .text.memcpy   0x8000ad64       0xf4 /home/abby/opt/gcc-arm-none-eabi-4_7-2012q4//arm-none-eabi/lib//libc.a(lib_a-memcpy.o)
                0x8000ad64                memcpy
 .text.memset   0x8000ae58       0xf8 /home/abby/opt/gcc-arm-none-eabi-4_7-2012q4//arm-none-eabi/lib//libc.a(lib_a-memset.o)
                0x8000ae58                memset
 .text          0x8000af50      0x114 /home/abby/opt/gcc-arm-none-eabi-4_7-2012q4//lib/gcc/arm-none-eabi/4.7.3//libgcc.a(_udivsi3.o)
                0x8000af50                __udivsi3
                0x8000af50                __aeabi_uidiv
                0x8000b044                __aeabi_uidivmod
 .text          0x8000b064      0x148 /home/abby/opt/gcc-arm-none-eabi-4_7-2012q4//lib/gcc/arm-none-eabi/4.7.3//libgcc.a(_divsi3.o)
                0x8000b064                __aeabi_idiv
                0x8000b064                __divsi3
                0x8000b18c                __aeabi_idivmod
 .text          0x8000b1ac        0x4 /home/abby/opt/gcc-arm-none-eabi-4_7-2012q4//lib/gcc/arm-none-eabi/4.7.3//libgcc.a(_dvmd_tls.o)
                0x8000b1ac                __aeabi_ldiv0
                0x8000b1ac                __aeabi_idiv0
 .text.DMTimerEnable
                0x8000b1b0       0x2c ../../../../../..//binary/armv7a/gcc/am335x/drivers/Release/libdrivers.a(dmtimer.o)
                0x8000b1b0                DMTimerEnable
 .text.DMTimerDisable
                0x8000b1dc       0x2c ../../../../../..//binary/armv7a/gcc/am335x/drivers/Release/libdrivers.a(dmtimer.o)
                0x8000b1dc                DMTimerDisable
 .text.DMTimerModeConfigure
                0x8000b208       0x58 ../../../../../..//binary/armv7a/gcc/am335x/drivers/Release/libdrivers.a(dmtimer.o)
                0x8000b208                DMTimerModeConfigure
 .text.DMTimerCounterSet
                0x8000b260       0x24 ../../../../../..//binary/armv7a/gcc/am335x/drivers/Release/libdrivers.a(dmtimer.o)
                0x8000b260                DMTimerCounterSet
 .text.DMTimerIntStatusClear
                0x8000b284        0xc ../../../../../..//binary/armv7a/gcc/am335x/drivers/Release/libdrivers.a(dmtimer.o)
                0x8000b284                DMTimerIntStatusClear
 .text.DMTimerIntEnable
                0x8000b290        0xc ../../../../../..//binary/armv7a/gcc/am335x/drivers/Release/libdrivers.a(dmtimer.o)
                0x8000b290                DMTimerIntEnable
 .text.DMTimerIntDisable
                0x8000b29c        0xc ../../../../../..//binary/armv7a/gcc/am335x/drivers/Release/libdrivers.a(dmtimer.o)
                0x8000b29c                DMTimerIntDisable
 .text.UARTOperatingModeSelect
                0x8000b2a8       0x2c ../../../../../..//binary/armv7a/gcc/am335x/drivers/Release/libdrivers.a(uart_irda_cir.o)
                0x8000b2a8                UARTOperatingModeSelect
 .text.UARTDivisorValCompute
                0x8000b2d4       0x68 ../../../../../..//binary/armv7a/gcc/am335x/drivers/Release/libdrivers.a(uart_irda_cir.o)
                0x8000b2d4                UARTDivisorValCompute
 .text.UARTDivisorLatchDisable
                0x8000b33c       0x10 ../../../../../..//binary/armv7a/gcc/am335x/drivers/Release/libdrivers.a(uart_irda_cir.o)
                0x8000b33c                UARTDivisorLatchDisable
 .text.UARTRegConfigModeEnable
                0x8000b34c       0x44 ../../../../../..//binary/armv7a/gcc/am335x/drivers/Release/libdrivers.a(uart_irda_cir.o)
                0x8000b34c                UARTRegConfigModeEnable
 .text.UARTDivisorLatchWrite
                0x8000b390      0x13c ../../../../../..//binary/armv7a/gcc/am335x/drivers/Release/libdrivers.a(uart_irda_cir.o)
                0x8000b390                UARTDivisorLatchWrite
 .text.UARTBreakCtl
                0x8000b4cc       0x20 ../../../../../..//binary/armv7a/gcc/am335x/drivers/Release/libdrivers.a(uart_irda_cir.o)
                0x8000b4cc                UARTBreakCtl
 .text.UARTLineCharacConfig
                0x8000b4ec       0x3c ../../../../../..//binary/armv7a/gcc/am335x/drivers/Release/libdrivers.a(uart_irda_cir.o)
                0x8000b4ec                UARTLineCharacConfig
 .text.UARTFIFORegisterWrite
                0x8000b528       0x88 ../../../../../..//binary/armv7a/gcc/am335x/drivers/Release/libdrivers.a(uart_irda_cir.o)
                0x8000b528                UARTFIFORegisterWrite
 .text.UARTSubConfigTCRTLRModeEn
                0x8000b5b0       0x74 ../../../../../..//binary/armv7a/gcc/am335x/drivers/Release/libdrivers.a(uart_irda_cir.o)
                0x8000b5b0                UARTSubConfigTCRTLRModeEn
 .text.UARTTCRTLRBitValRestore
                0x8000b624       0x78 ../../../../../..//binary/armv7a/gcc/am335x/drivers/Release/libdrivers.a(uart_irda_cir.o)
                0x8000b624                UARTTCRTLRBitValRestore
 .text.UARTFIFOConfig
                0x8000b69c      0x224 ../../../../../..//binary/armv7a/gcc/am335x/drivers/Release/libdrivers.a(uart_irda_cir.o)
                0x8000b69c                UARTFIFOConfig
 .text.UARTCharPut
                0x8000b8c0       0x30 ../../../../../..//binary/armv7a/gcc/am335x/drivers/Release/libdrivers.a(uart_irda_cir.o)
                0x8000b8c0                UARTCharPut
 .text.UARTModuleReset
                0x8000b8f0       0x20 ../../../../../..//binary/armv7a/gcc/am335x/drivers/Release/libdrivers.a(uart_irda_cir.o)
                0x8000b8f0                UARTModuleReset
 *(.rodata*)
 .rodata        0x8000b910       0x54 Release/enetEcho.o
 .rodata.str1.4
                0x8000b964       0xb2 Release/enetEcho.o
                                 0xb4 (size before relaxing)
 *fill*         0x8000ba16        0x2 00
 .rodata.ip_addr_broadcast
                0x8000ba18        0x4 Release/lwiplib.o
                0x8000ba18                ip_addr_broadcast
 .rodata.memp_num
                0x8000ba1c       0x10 Release/lwiplib.o
 .rodata.ethbroadcast
                0x8000ba2c        0x8 Release/lwiplib.o
                0x8000ba2c                ethbroadcast
 .rodata.memp_sizes
                0x8000ba34       0x10 Release/lwiplib.o
 .rodata.str1.4
                0x8000ba44      0x50e Release/lwiplib.o
                                0x510 (size before relaxing)
 *fill*         0x8000bf52        0x2 00
 .rodata.ethzero
                0x8000bf54        0x8 Release/lwiplib.o
                0x8000bf54                ethzero
 .rodata.memp_bases
                0x8000bf5c       0x1c Release/lwiplib.o
 .rodata.ip_addr_any
                0x8000bf78        0x4 Release/lwiplib.o
                0x8000bf78                ip_addr_any
 .rodata.tcp_pcb_lists
                0x8000bf7c       0x10 Release/lwiplib.o
                0x8000bf7c                tcp_pcb_lists
 .rodata.str1.4
                0x8000bf8c       0x50 ../../../../../..//binary/armv7a/gcc/utils/Release/libutils.a(consoleUtils.o)
 .rodata.str1.4
                0x8000bfdc       0x60 ../../../../../..//binary/armv7a/gcc/utils/Release/libutils.a(uartStdio.o)
 .rodata.vecTbl
                0x8000c03c       0x38 ../../../../../..//binary/armv7a/gcc/am335x/system_config/Release/libsystem_config.a(startup.o)

.glue_7         0x8000c074        0x0
 .glue_7        0x00000000        0x0 linker stubs

.glue_7t        0x8000c074        0x0
 .glue_7t       0x00000000        0x0 linker stubs

.vfp11_veneer   0x8000c074        0x0
 .vfp11_veneer  0x00000000        0x0 linker stubs

.v4_bx          0x8000c074        0x0
 .v4_bx         0x00000000        0x0 linker stubs

.iplt           0x8000c074        0x0
 .iplt          0x00000000        0x0 Release/echod.o

.rel.dyn        0x8000c074        0x0
 .rel.iplt      0x00000000        0x0 Release/echod.o

.data           0x8000c074       0x10
                0x8000c074                . = ALIGN (0x4)
 *(.data*)
 .data.xid.5446
                0x8000c074        0x4 Release/lwiplib.o
 .data.iss.6166
                0x8000c078        0x4 Release/lwiplib.o
 .data.port.6030
                0x8000c07c        0x2 Release/lwiplib.o
 *fill*         0x8000c07e        0x2 00
 .data.flagIsr  0x8000c080        0x4 ../../../../../..//binary/armv7a/gcc/am335x/beaglebone/platform/Release/libplatform.a(sysdelay.o)

.igot.plt       0x8000c084        0x0
 .igot.plt      0x00000000        0x0 Release/echod.o

.bss            0x80010000    0x7600c
                0x80010000                . = ALIGN (0x4)
                0x80010000                _bss_start = .
 *(.bss*)
 .bss.pageTable
                0x80010000     0x4000 Release/enetEcho.o
 .bss.flags     0x80014000        0x1 Release/lwiplib.o
 *fill*         0x80014001        0x3 00
 .bss.cpswPortIf
                0x80014004       0x20 Release/lwiplib.o
 .bss.memp_tab  0x80014024       0x1c Release/lwiplib.o
 .bss.cpswNetIF
                0x80014040       0x68 Release/lwiplib.o
 .bss.seqno     0x800140a8        0x4 Release/lwiplib.o
 .bss.ram       0x800140ac        0x4 Release/lwiplib.o
 .bss.ip_id     0x800140b0        0x2 Release/lwiplib.o
 *fill*         0x800140b2        0x2 00
 .bss.recv_data
                0x800140b4        0x4 Release/lwiplib.o
 .bss.tcplen    0x800140b8        0x2 Release/lwiplib.o
 *fill*         0x800140ba        0x2 00
 .bss.iphdr     0x800140bc        0x4 Release/lwiplib.o
 .bss.netifnum.5649
                0x800140c0        0x1 Release/lwiplib.o
 *fill*         0x800140c1        0x3 00
 .bss.lfree     0x800140c4        0x4 Release/lwiplib.o
 .bss.lwipInitFlag.7715
                0x800140c8        0x4 Release/lwiplib.o
 .bss.cpsw_inst_data
                0x800140cc       0x5c Release/lwiplib.o
 .bss.recv_flags
                0x80014128        0x1 Release/lwiplib.o
 .bss.etharp_cached_entry
                0x80014129        0x1 Release/lwiplib.o
 *fill*         0x8001412a        0x2 00
 .bss.arp_table
                0x8001412c       0xa0 Release/lwiplib.o
 .bss.inst_init_flag.7598
                0x800141cc        0x4 Release/lwiplib.o
 .bss.inseg     0x800141d0       0x10 Release/lwiplib.o
 .bss.ram_end   0x800141e0        0x4 Release/lwiplib.o
 .bss.raw_pcbs  0x800141e4        0x4 Release/lwiplib.o
 .bss.ackno     0x800141e8        0x4 Release/lwiplib.o
 .bss.tcphdr    0x800141ec        0x4 Release/lwiplib.o
 .bss.ConsoleType
                0x800141f0        0x1 ../../../../../..//binary/armv7a/gcc/utils/Release/libutils.a(consoleUtils.o)
 *(COMMON)
 *fill*         0x800141f1        0x3 00
 COMMON         0x800141f4     0x1000 Release/echod.o
                0x800141f4                mydata
 *fill*         0x800151f4        0xc 00
 COMMON         0x80015200    0x70c0c Release/lwiplib.o
                0x80015200                current_iphdr_src
                0x80015204                netif_list
                0x80015208                cpdma_tx_bd
                0x8001521c                cpswportif
                0x8001522c                rxch
                0x8001523c                tcp_active_pcbs
                0x80015240                udp_pcbs
                0x80015244                current_netif
                0x80015248                tcp_ticks
                0x8001524c                tcp_listen_pcbs
                0x80015250                memp_memory_RAW_PCB_base
                0x800152c0                memp_memory_TCP_SEG_base
                0x800153c0                current_iphdr_dest
                0x80015400                memp_memory_PBUF_POOL_base
                0x80064000                free_head
                0x80064004                tcp_tmp_pcb
                0x80064008                tcp_input_pcb
                0x8006400c                current_header
                0x80064010                dhcp_rx_options_given
                0x8006401c                memp_memory_PBUF_base
                0x8006461c                tcp_bound_pcbs
                0x80064620                memp_memory_TCP_PCB_LISTEN_base
                0x80064720                txch
                0x80064730                cpswinst
                0x8006478c                memp_memory_UDP_PCB_base
                0x8006480c                cpdma_rx_bd
                0x80064820                tcp_tw_pcbs
                0x80064824                lwip_stats
                0x80064934                netif_default
                0x80064938                dhcp_rx_options_val
                0x80064960                memp_memory_TCP_PCB_base
                0x80065de0                ram_heap
                0x80085dfc                cpswport
 COMMON         0x80085e0c      0x200 ../../../../../..//binary/armv7a/gcc/am335x/system_config/Release/libsystem_config.a(interrupt.o)
                0x80085e0c                fnRAMVectors
                0x8008600c                _bss_end = .

.heap           0x8008600c      0x800
                0x8008600c                . = ALIGN (0x4)
                0x8008600c                __end__ = .
                0x8008600c                end = __end__
                0x8008600c                __HeapBase = __end__
 *(.heap*)
                0x8008680c                . = (. + 0x800)
 *fill*         0x8008600c      0x800 00
                0x8008680c                __HeapLimit = .

.stack          0x8008680c  0x7fffff8
                0x8008680c                . = ALIGN (0x4)
                0x8008680c                __StackLimit = .
 *(.stack*)
                0x88086804                . = (. + 0x7fffff8)
 *fill*         0x8008680c  0x7fffff8 00
                0x88086804                __StackTop = .
                0x88086804                _stack = __StackTop
OUTPUT(Release/enetEcho.out elf32-littlearm)

.debug_info     0x00000000    0x131dd
 .debug_info    0x00000000      0x9de Release/echod.o
 .debug_info    0x000009de      0x54c Release/enetEcho.o
 .debug_info    0x00000f2a     0xb6f3 Release/lwiplib.o
 .debug_info    0x0000c61d     0x138f ../../../../../..//binary/armv7a/gcc/am335x/drivers/Release/libdrivers.a(cpsw.o)
 .debug_info    0x0000d9ac      0x23e ../../../../../..//binary/armv7a/gcc/am335x/drivers/Release/libdrivers.a(mdio.o)
 .debug_info    0x0000dbea      0x6e2 ../../../../../..//binary/armv7a/gcc/am335x/drivers/Release/libdrivers.a(phy.o)
 .debug_info    0x0000e2cc      0x384 ../../../../../..//binary/armv7a/gcc/utils/Release/libutils.a(consoleUtils.o)
 .debug_info    0x0000e650       0xfe ../../../../../..//binary/armv7a/gcc/utils/Release/libutils.a(delay.o)
 .debug_info    0x0000e74e      0xfce ../../../../../..//binary/armv7a/gcc/utils/Release/libutils.a(uartStdio.o)
 .debug_info    0x0000f71c       0xb8 ../../../../../..//binary/armv7a/gcc/am335x/beaglebone/platform/Release/libplatform.a(cpsw.o)
 .debug_info    0x0000f7d4      0x252 ../../../../../..//binary/armv7a/gcc/am335x/beaglebone/platform/Release/libplatform.a(sysdelay.o)
 .debug_info    0x0000fa26      0x270 ../../../../../..//binary/armv7a/gcc/am335x/beaglebone/platform/Release/libplatform.a(uartConsole.o)
 .debug_info    0x0000fc96       0xcc ../../../../../..//binary/armv7a/gcc/am335x/beaglebone/platform/Release/libplatform.a(dmtimer.o)
 .debug_info    0x0000fd62       0x7b ../../../../../..//binary/armv7a/gcc/am335x/beaglebone/platform/Release/libplatform.a(uart.o)
 .debug_info    0x0000fddd      0x277 ../../../../../..//binary/armv7a/gcc/am335x/system_config/Release/libsystem_config.a(cache.o)
 .debug_info    0x00010054       0x8d ../../../../../..//binary/armv7a/gcc/am335x/system_config/Release/libsystem_config.a(cp15.o)
 .debug_info    0x000100e1       0x8d ../../../../../..//binary/armv7a/gcc/am335x/system_config/Release/libsystem_config.a(init.o)
 .debug_info    0x0001016e      0x4e5 ../../../../../..//binary/armv7a/gcc/am335x/system_config/Release/libsystem_config.a(interrupt.o)
 .debug_info    0x00010653      0x1aa ../../../../../..//binary/armv7a/gcc/am335x/system_config/Release/libsystem_config.a(mmu.o)
 .debug_info    0x000107fd      0x116 ../../../../../..//binary/armv7a/gcc/am335x/system_config/Release/libsystem_config.a(startup.o)
 .debug_info    0x00010913       0xef ../../../../../..//binary/armv7a/gcc/am335x/system_config/Release/libsystem_config.a(cpu.o)
 .debug_info    0x00010a02       0xa0 ../../../../../..//binary/armv7a/gcc/am335x/system_config/Release/libsystem_config.a(exceptionhandler.o)
 .debug_info    0x00010aa2      0x76e ../../../../../..//binary/armv7a/gcc/am335x/drivers/Release/libdrivers.a(dmtimer.o)
 .debug_info    0x00011210     0x1fcd ../../../../../..//binary/armv7a/gcc/am335x/drivers/Release/libdrivers.a(uart_irda_cir.o)

.debug_abbrev   0x00000000     0x214e
 .debug_abbrev  0x00000000      0x1de Release/echod.o
 .debug_abbrev  0x000001de      0x1ed Release/enetEcho.o
 .debug_abbrev  0x000003cb      0x76e Release/lwiplib.o
 .debug_abbrev  0x00000b39      0x207 ../../../../../..//binary/armv7a/gcc/am335x/drivers/Release/libdrivers.a(cpsw.o)
 .debug_abbrev  0x00000d40      0x116 ../../../../../..//binary/armv7a/gcc/am335x/drivers/Release/libdrivers.a(mdio.o)
 .debug_abbrev  0x00000e56      0x124 ../../../../../..//binary/armv7a/gcc/am335x/drivers/Release/libdrivers.a(phy.o)
 .debug_abbrev  0x00000f7a      0x1ab ../../../../../..//binary/armv7a/gcc/utils/Release/libutils.a(consoleUtils.o)
 .debug_abbrev  0x00001125       0x9a ../../../../../..//binary/armv7a/gcc/utils/Release/libutils.a(delay.o)
 .debug_abbrev  0x000011bf      0x309 ../../../../../..//binary/armv7a/gcc/utils/Release/libutils.a(uartStdio.o)
 .debug_abbrev  0x000014c8       0x6b ../../../../../..//binary/armv7a/gcc/am335x/beaglebone/platform/Release/libplatform.a(cpsw.o)
 .debug_abbrev  0x00001533       0xca ../../../../../..//binary/armv7a/gcc/am335x/beaglebone/platform/Release/libplatform.a(sysdelay.o)
 .debug_abbrev  0x000015fd      0x10e ../../../../../..//binary/armv7a/gcc/am335x/beaglebone/platform/Release/libplatform.a(uartConsole.o)
 .debug_abbrev  0x0000170b       0x7a ../../../../../..//binary/armv7a/gcc/am335x/beaglebone/platform/Release/libplatform.a(dmtimer.o)
 .debug_abbrev  0x00001785       0x62 ../../../../../..//binary/armv7a/gcc/am335x/beaglebone/platform/Release/libplatform.a(uart.o)
 .debug_abbrev  0x000017e7       0x8b ../../../../../..//binary/armv7a/gcc/am335x/system_config/Release/libsystem_config.a(cache.o)
 .debug_abbrev  0x00001872       0x14 ../../../../../..//binary/armv7a/gcc/am335x/system_config/Release/libsystem_config.a(cp15.o)
 .debug_abbrev  0x00001886       0x14 ../../../../../..//binary/armv7a/gcc/am335x/system_config/Release/libsystem_config.a(init.o)
 .debug_abbrev  0x0000189a      0x20b ../../../../../..//binary/armv7a/gcc/am335x/system_config/Release/libsystem_config.a(interrupt.o)
 .debug_abbrev  0x00001aa5       0xee ../../../../../..//binary/armv7a/gcc/am335x/system_config/Release/libsystem_config.a(mmu.o)
 .debug_abbrev  0x00001b93       0xe8 ../../../../../..//binary/armv7a/gcc/am335x/system_config/Release/libsystem_config.a(startup.o)
 .debug_abbrev  0x00001c7b       0x64 ../../../../../..//binary/armv7a/gcc/am335x/system_config/Release/libsystem_config.a(cpu.o)
 .debug_abbrev  0x00001cdf       0x14 ../../../../../..//binary/armv7a/gcc/am335x/system_config/Release/libsystem_config.a(exceptionhandler.o)
 .debug_abbrev  0x00001cf3      0x18e ../../../../../..//binary/armv7a/gcc/am335x/drivers/Release/libdrivers.a(dmtimer.o)
 .debug_abbrev  0x00001e81      0x2cd ../../../../../..//binary/armv7a/gcc/am335x/drivers/Release/libdrivers.a(uart_irda_cir.o)

.debug_loc      0x00000000    0x11423
 .debug_loc     0x00000000      0x2bb Release/echod.o
 .debug_loc     0x000002bb       0xb4 Release/enetEcho.o
 .debug_loc     0x0000036f     0xb833 Release/lwiplib.o
 .debug_loc     0x0000bba2      0x90a ../../../../../..//binary/armv7a/gcc/am335x/drivers/Release/libdrivers.a(cpsw.o)
 .debug_loc     0x0000c4ac      0x225 ../../../../../..//binary/armv7a/gcc/am335x/drivers/Release/libdrivers.a(mdio.o)
 .debug_loc     0x0000c6d1      0x804 ../../../../../..//binary/armv7a/gcc/am335x/drivers/Release/libdrivers.a(phy.o)
 .debug_loc     0x0000ced5      0x31b ../../../../../..//binary/armv7a/gcc/utils/Release/libutils.a(consoleUtils.o)
 .debug_loc     0x0000d1f0       0xe2 ../../../../../..//binary/armv7a/gcc/utils/Release/libutils.a(delay.o)
 .debug_loc     0x0000d2d2     0x18d9 ../../../../../..//binary/armv7a/gcc/utils/Release/libutils.a(uartStdio.o)
 .debug_loc     0x0000ebab      0x165 ../../../../../..//binary/armv7a/gcc/am335x/beaglebone/platform/Release/libplatform.a(sysdelay.o)
 .debug_loc     0x0000ed10       0xab ../../../../../..//binary/armv7a/gcc/am335x/beaglebone/platform/Release/libplatform.a(uartConsole.o)
 .debug_loc     0x0000edbb      0x2b0 ../../../../../..//binary/armv7a/gcc/am335x/system_config/Release/libsystem_config.a(cache.o)
 .debug_loc     0x0000f06b      0x248 ../../../../../..//binary/armv7a/gcc/am335x/system_config/Release/libsystem_config.a(interrupt.o)
 .debug_loc     0x0000f2b3      0x10b ../../../../../..//binary/armv7a/gcc/am335x/system_config/Release/libsystem_config.a(mmu.o)
 .debug_loc     0x0000f3be       0x34 ../../../../../..//binary/armv7a/gcc/am335x/system_config/Release/libsystem_config.a(startup.o)
 .debug_loc     0x0000f3f2      0x210 ../../../../../..//binary/armv7a/gcc/am335x/drivers/Release/libdrivers.a(dmtimer.o)
 .debug_loc     0x0000f602     0x1e21 ../../../../../..//binary/armv7a/gcc/am335x/drivers/Release/libdrivers.a(uart_irda_cir.o)

.debug_aranges  0x00000000     0x1160
 .debug_aranges
                0x00000000       0x40 Release/echod.o
 .debug_aranges
                0x00000040       0x30 Release/enetEcho.o
 .debug_aranges
                0x00000070      0x5b8 Release/lwiplib.o
 .debug_aranges
                0x00000628      0x270 ../../../../../..//binary/armv7a/gcc/am335x/drivers/Release/libdrivers.a(cpsw.o)
 .debug_aranges
                0x00000898       0x50 ../../../../../..//binary/armv7a/gcc/am335x/drivers/Release/libdrivers.a(mdio.o)
 .debug_aranges
                0x000008e8       0x70 ../../../../../..//binary/armv7a/gcc/am335x/drivers/Release/libdrivers.a(phy.o)
 .debug_aranges
                0x00000958       0x58 ../../../../../..//binary/armv7a/gcc/utils/Release/libutils.a(consoleUtils.o)
 .debug_aranges
                0x000009b0       0x40 ../../../../../..//binary/armv7a/gcc/utils/Release/libutils.a(delay.o)
 .debug_aranges
                0x000009f0       0x80 ../../../../../..//binary/armv7a/gcc/utils/Release/libutils.a(uartStdio.o)
 .debug_aranges
                0x00000a70       0x38 ../../../../../..//binary/armv7a/gcc/am335x/beaglebone/platform/Release/libplatform.a(cpsw.o)
 .debug_aranges
                0x00000aa8       0x48 ../../../../../..//binary/armv7a/gcc/am335x/beaglebone/platform/Release/libplatform.a(sysdelay.o)
 .debug_aranges
                0x00000af0       0x30 ../../../../../..//binary/armv7a/gcc/am335x/beaglebone/platform/Release/libplatform.a(uartConsole.o)
 .debug_aranges
                0x00000b20       0x48 ../../../../../..//binary/armv7a/gcc/am335x/beaglebone/platform/Release/libplatform.a(dmtimer.o)
 .debug_aranges
                0x00000b68       0x28 ../../../../../..//binary/armv7a/gcc/am335x/beaglebone/platform/Release/libplatform.a(uart.o)
 .debug_aranges
                0x00000b90       0x68 ../../../../../..//binary/armv7a/gcc/am335x/system_config/Release/libsystem_config.a(cache.o)
 .debug_aranges
                0x00000bf8       0x20 ../../../../../..//binary/armv7a/gcc/am335x/system_config/Release/libsystem_config.a(cp15.o)
 .debug_aranges
                0x00000c18       0x20 ../../../../../..//binary/armv7a/gcc/am335x/system_config/Release/libsystem_config.a(init.o)
 .debug_aranges
                0x00000c38      0x110 ../../../../../..//binary/armv7a/gcc/am335x/system_config/Release/libsystem_config.a(interrupt.o)
 .debug_aranges
                0x00000d48       0x30 ../../../../../..//binary/armv7a/gcc/am335x/system_config/Release/libsystem_config.a(mmu.o)
 .debug_aranges
                0x00000d78       0x20 ../../../../../..//binary/armv7a/gcc/am335x/system_config/Release/libsystem_config.a(startup.o)
 .debug_aranges
                0x00000d98       0x58 ../../../../../..//binary/armv7a/gcc/am335x/system_config/Release/libsystem_config.a(cpu.o)
 .debug_aranges
                0x00000df0       0x20 ../../../../../..//binary/armv7a/gcc/am335x/system_config/Release/libsystem_config.a(exceptionhandler.o)
 .debug_aranges
                0x00000e10       0xe8 ../../../../../..//binary/armv7a/gcc/am335x/drivers/Release/libdrivers.a(dmtimer.o)
 .debug_aranges
                0x00000ef8      0x268 ../../../../../..//binary/armv7a/gcc/am335x/drivers/Release/libdrivers.a(uart_irda_cir.o)

.debug_ranges   0x00000000     0x2aa0
 .debug_ranges  0x00000000       0x30 Release/echod.o
 .debug_ranges  0x00000030       0x90 Release/enetEcho.o
 .debug_ranges  0x000000c0     0x18e0 Release/lwiplib.o
 .debug_ranges  0x000019a0      0x308 ../../../../../..//binary/armv7a/gcc/am335x/drivers/Release/libdrivers.a(cpsw.o)
 .debug_ranges  0x00001ca8       0x40 ../../../../../..//binary/armv7a/gcc/am335x/drivers/Release/libdrivers.a(mdio.o)
 .debug_ranges  0x00001ce8       0x60 ../../../../../..//binary/armv7a/gcc/am335x/drivers/Release/libdrivers.a(phy.o)
 .debug_ranges  0x00001d48       0x48 ../../../../../..//binary/armv7a/gcc/utils/Release/libutils.a(consoleUtils.o)
 .debug_ranges  0x00001d90       0x30 ../../../../../..//binary/armv7a/gcc/utils/Release/libutils.a(delay.o)
 .debug_ranges  0x00001dc0      0x330 ../../../../../..//binary/armv7a/gcc/utils/Release/libutils.a(uartStdio.o)
 .debug_ranges  0x000020f0       0x28 ../../../../../..//binary/armv7a/gcc/am335x/beaglebone/platform/Release/libplatform.a(cpsw.o)
 .debug_ranges  0x00002118       0x38 ../../../../../..//binary/armv7a/gcc/am335x/beaglebone/platform/Release/libplatform.a(sysdelay.o)
 .debug_ranges  0x00002150       0x60 ../../../../../..//binary/armv7a/gcc/am335x/beaglebone/platform/Release/libplatform.a(uartConsole.o)
 .debug_ranges  0x000021b0       0x38 ../../../../../..//binary/armv7a/gcc/am335x/beaglebone/platform/Release/libplatform.a(dmtimer.o)
 .debug_ranges  0x000021e8       0x18 ../../../../../..//binary/armv7a/gcc/am335x/beaglebone/platform/Release/libplatform.a(uart.o)
 .debug_ranges  0x00002200       0x58 ../../../../../..//binary/armv7a/gcc/am335x/system_config/Release/libsystem_config.a(cache.o)
 .debug_ranges  0x00002258      0x130 ../../../../../..//binary/armv7a/gcc/am335x/system_config/Release/libsystem_config.a(interrupt.o)
 .debug_ranges  0x00002388       0x20 ../../../../../..//binary/armv7a/gcc/am335x/system_config/Release/libsystem_config.a(mmu.o)
 .debug_ranges  0x000023a8       0x10 ../../../../../..//binary/armv7a/gcc/am335x/system_config/Release/libsystem_config.a(startup.o)
 .debug_ranges  0x000023b8       0x48 ../../../../../..//binary/armv7a/gcc/am335x/system_config/Release/libsystem_config.a(cpu.o)
 .debug_ranges  0x00002400       0xd8 ../../../../../..//binary/armv7a/gcc/am335x/drivers/Release/libdrivers.a(dmtimer.o)
 .debug_ranges  0x000024d8      0x5c8 ../../../../../..//binary/armv7a/gcc/am335x/drivers/Release/libdrivers.a(uart_irda_cir.o)

.debug_line     0x00000000     0x70ed
 .debug_line    0x00000000      0x1e0 Release/echod.o
 .debug_line    0x000001e0      0x1ed Release/enetEcho.o
 .debug_line    0x000003cd     0x3daa Release/lwiplib.o
 .debug_line    0x00004177      0x6cc ../../../../../..//binary/armv7a/gcc/am335x/drivers/Release/libdrivers.a(cpsw.o)
 .debug_line    0x00004843      0x101 ../../../../../..//binary/armv7a/gcc/am335x/drivers/Release/libdrivers.a(mdio.o)
 .debug_line    0x00004944      0x193 ../../../../../..//binary/armv7a/gcc/am335x/drivers/Release/libdrivers.a(phy.o)
 .debug_line    0x00004ad7      0x1aa ../../../../../..//binary/armv7a/gcc/utils/Release/libutils.a(consoleUtils.o)
 .debug_line    0x00004c81       0x90 ../../../../../..//binary/armv7a/gcc/utils/Release/libutils.a(delay.o)
 .debug_line    0x00004d11      0x857 ../../../../../..//binary/armv7a/gcc/utils/Release/libutils.a(uartStdio.o)
 .debug_line    0x00005568       0xc2 ../../../../../..//binary/armv7a/gcc/am335x/beaglebone/platform/Release/libplatform.a(cpsw.o)
 .debug_line    0x0000562a       0xe7 ../../../../../..//binary/armv7a/gcc/am335x/beaglebone/platform/Release/libplatform.a(sysdelay.o)
 .debug_line    0x00005711       0xb2 ../../../../../..//binary/armv7a/gcc/am335x/beaglebone/platform/Release/libplatform.a(uartConsole.o)
 .debug_line    0x000057c3      0x21e ../../../../../..//binary/armv7a/gcc/am335x/beaglebone/platform/Release/libplatform.a(dmtimer.o)
 .debug_line    0x000059e1      0x114 ../../../../../..//binary/armv7a/gcc/am335x/beaglebone/platform/Release/libplatform.a(uart.o)
 .debug_line    0x00005af5      0x111 ../../../../../..//binary/armv7a/gcc/am335x/system_config/Release/libsystem_config.a(cache.o)
 .debug_line    0x00005c06      0x18a ../../../../../..//binary/armv7a/gcc/am335x/system_config/Release/libsystem_config.a(cp15.o)
 .debug_line    0x00005d90       0x93 ../../../../../..//binary/armv7a/gcc/am335x/system_config/Release/libsystem_config.a(init.o)
 .debug_line    0x00005e23      0x2ae ../../../../../..//binary/armv7a/gcc/am335x/system_config/Release/libsystem_config.a(interrupt.o)
 .debug_line    0x000060d1      0x104 ../../../../../..//binary/armv7a/gcc/am335x/system_config/Release/libsystem_config.a(mmu.o)
 .debug_line    0x000061d5       0x76 ../../../../../..//binary/armv7a/gcc/am335x/system_config/Release/libsystem_config.a(startup.o)
 .debug_line    0x0000624b       0xd6 ../../../../../..//binary/armv7a/gcc/am335x/system_config/Release/libsystem_config.a(cpu.o)
 .debug_line    0x00006321       0xb9 ../../../../../..//binary/armv7a/gcc/am335x/system_config/Release/libsystem_config.a(exceptionhandler.o)
 .debug_line    0x000063da      0x37a ../../../../../..//binary/armv7a/gcc/am335x/drivers/Release/libdrivers.a(dmtimer.o)
 .debug_line    0x00006754      0x999 ../../../../../..//binary/armv7a/gcc/am335x/drivers/Release/libdrivers.a(uart_irda_cir.o)

.debug_str      0x00000000     0x43cf
 .debug_str     0x00000000      0x3c4 Release/echod.o
                                0x493 (size before relaxing)
 .debug_str     0x000003c4      0x217 Release/enetEcho.o
                                0x2ee (size before relaxing)
 .debug_str     0x000005db     0x1c1d Release/lwiplib.o
                               0x2290 (size before relaxing)
 .debug_str     0x000021f8      0x908 ../../../../../..//binary/armv7a/gcc/am335x/drivers/Release/libdrivers.a(cpsw.o)
                                0x97a (size before relaxing)
 .debug_str     0x00002b00       0xf1 ../../../../../..//binary/armv7a/gcc/am335x/drivers/Release/libdrivers.a(mdio.o)
                                0x1b2 (size before relaxing)
 .debug_str     0x00002bf1      0x10f ../../../../../..//binary/armv7a/gcc/am335x/drivers/Release/libdrivers.a(phy.o)
                                0x1f7 (size before relaxing)
 .debug_str     0x00002d00      0x141 ../../../../../..//binary/armv7a/gcc/utils/Release/libutils.a(consoleUtils.o)
                                0x26d (size before relaxing)
 .debug_str     0x00002e41       0x2d ../../../../../..//binary/armv7a/gcc/utils/Release/libutils.a(delay.o)
                                 0xe3 (size before relaxing)
 .debug_str     0x00002e6e      0x192 ../../../../../..//binary/armv7a/gcc/utils/Release/libutils.a(uartStdio.o)
                                0x28a (size before relaxing)
 .debug_str     0x00003000       0xba ../../../../../..//binary/armv7a/gcc/am335x/beaglebone/platform/Release/libplatform.a(cpsw.o)
                                0x127 (size before relaxing)
 .debug_str     0x000030ba       0x97 ../../../../../..//binary/armv7a/gcc/am335x/beaglebone/platform/Release/libplatform.a(sysdelay.o)
                                0x148 (size before relaxing)
 .debug_str     0x00003151       0xd4 ../../../../../..//binary/armv7a/gcc/am335x/beaglebone/platform/Release/libplatform.a(uartConsole.o)
                                0x181 (size before relaxing)
 .debug_str     0x00003225       0xcd ../../../../../..//binary/armv7a/gcc/am335x/beaglebone/platform/Release/libplatform.a(dmtimer.o)
                                0x16c (size before relaxing)
 .debug_str     0x000032f2       0x5f ../../../../../..//binary/armv7a/gcc/am335x/beaglebone/platform/Release/libplatform.a(uart.o)
                                0x107 (size before relaxing)
 .debug_str     0x00003351      0x14f ../../../../../..//binary/armv7a/gcc/am335x/system_config/Release/libsystem_config.a(cache.o)
                                0x1af (size before relaxing)
 .debug_str     0x000034a0      0x295 ../../../../../..//binary/armv7a/gcc/am335x/system_config/Release/libsystem_config.a(interrupt.o)
                                0x363 (size before relaxing)
 .debug_str     0x00003735       0x69 ../../../../../..//binary/armv7a/gcc/am335x/system_config/Release/libsystem_config.a(mmu.o)
                                0x146 (size before relaxing)
 .debug_str     0x0000379e       0x6b ../../../../../..//binary/armv7a/gcc/am335x/system_config/Release/libsystem_config.a(startup.o)
                                0x118 (size before relaxing)
 .debug_str     0x00003809       0x9a ../../../../../..//binary/armv7a/gcc/am335x/system_config/Release/libsystem_config.a(cpu.o)
                                0x12a (size before relaxing)
 .debug_str     0x000038a3      0x2b6 ../../../../../..//binary/armv7a/gcc/am335x/drivers/Release/libdrivers.a(dmtimer.o)
                                0x354 (size before relaxing)
 .debug_str     0x00003b59      0x876 ../../../../../..//binary/armv7a/gcc/am335x/drivers/Release/libdrivers.a(uart_irda_cir.o)
                                0x94d (size before relaxing)

.comment        0x00000000       0x70
 .comment       0x00000000       0x70 Release/echod.o
                                 0x71 (size before relaxing)
 .comment       0x00000000       0x71 Release/enetEcho.o
 .comment       0x00000000       0x71 Release/lwiplib.o
 .comment       0x00000000       0x71 ../../../../../..//binary/armv7a/gcc/am335x/drivers/Release/libdrivers.a(cpsw.o)
 .comment       0x00000000       0x71 ../../../../../..//binary/armv7a/gcc/am335x/drivers/Release/libdrivers.a(mdio.o)
 .comment       0x00000000       0x71 ../../../../../..//binary/armv7a/gcc/am335x/drivers/Release/libdrivers.a(phy.o)
 .comment       0x00000000       0x71 ../../../../../..//binary/armv7a/gcc/utils/Release/libutils.a(consoleUtils.o)
 .comment       0x00000000       0x71 ../../../../../..//binary/armv7a/gcc/utils/Release/libutils.a(delay.o)
 .comment       0x00000000       0x71 ../../../../../..//binary/armv7a/gcc/utils/Release/libutils.a(uartStdio.o)
 .comment       0x00000000       0x71 ../../../../../..//binary/armv7a/gcc/am335x/beaglebone/platform/Release/libplatform.a(cpsw.o)
 .comment       0x00000000       0x71 ../../../../../..//binary/armv7a/gcc/am335x/beaglebone/platform/Release/libplatform.a(sysdelay.o)
 .comment       0x00000000       0x71 ../../../../../..//binary/armv7a/gcc/am335x/beaglebone/platform/Release/libplatform.a(uartConsole.o)
 .comment       0x00000000       0x71 ../../../../../..//binary/armv7a/gcc/am335x/beaglebone/platform/Release/libplatform.a(dmtimer.o)
 .comment       0x00000000       0x71 ../../../../../..//binary/armv7a/gcc/am335x/beaglebone/platform/Release/libplatform.a(uart.o)
 .comment       0x00000000       0x71 ../../../../../..//binary/armv7a/gcc/am335x/system_config/Release/libsystem_config.a(cache.o)
 .comment       0x00000000       0x71 ../../../../../..//binary/armv7a/gcc/am335x/system_config/Release/libsystem_config.a(interrupt.o)
 .comment       0x00000000       0x71 ../../../../../..//binary/armv7a/gcc/am335x/system_config/Release/libsystem_config.a(mmu.o)
 .comment       0x00000000       0x71 ../../../../../..//binary/armv7a/gcc/am335x/system_config/Release/libsystem_config.a(startup.o)
 .comment       0x00000000       0x71 ../../../../../..//binary/armv7a/gcc/am335x/system_config/Release/libsystem_config.a(cpu.o)
 .comment       0x00000000       0x71 ../../../../../..//binary/armv7a/gcc/am335x/drivers/Release/libdrivers.a(dmtimer.o)
 .comment       0x00000000       0x71 ../../../../../..//binary/armv7a/gcc/am335x/drivers/Release/libdrivers.a(uart_irda_cir.o)

.ARM.attributes
                0x00000000       0x3b
 .ARM.attributes
                0x00000000       0x37 Release/echod.o
 .ARM.attributes
                0x00000037       0x37 Release/enetEcho.o
 .ARM.attributes
                0x0000006e       0x37 Release/lwiplib.o
 .ARM.attributes
                0x000000a5       0x37 ../../../../../..//binary/armv7a/gcc/am335x/drivers/Release/libdrivers.a(cpsw.o)
 .ARM.attributes
                0x000000dc       0x37 ../../../../../..//binary/armv7a/gcc/am335x/drivers/Release/libdrivers.a(mdio.o)
 .ARM.attributes
                0x00000113       0x37 ../../../../../..//binary/armv7a/gcc/am335x/drivers/Release/libdrivers.a(phy.o)
 .ARM.attributes
                0x0000014a       0x37 ../../../../../..//binary/armv7a/gcc/utils/Release/libutils.a(consoleUtils.o)
 .ARM.attributes
                0x00000181       0x37 ../../../../../..//binary/armv7a/gcc/utils/Release/libutils.a(delay.o)
 .ARM.attributes
                0x000001b8       0x37 ../../../../../..//binary/armv7a/gcc/utils/Release/libutils.a(uartStdio.o)
 .ARM.attributes
                0x000001ef       0x37 ../../../../../..//binary/armv7a/gcc/am335x/beaglebone/platform/Release/libplatform.a(cpsw.o)
 .ARM.attributes
                0x00000226       0x37 ../../../../../..//binary/armv7a/gcc/am335x/beaglebone/platform/Release/libplatform.a(sysdelay.o)
 .ARM.attributes
                0x0000025d       0x37 ../../../../../..//binary/armv7a/gcc/am335x/beaglebone/platform/Release/libplatform.a(uartConsole.o)
 .ARM.attributes
                0x00000294       0x37 ../../../../../..//binary/armv7a/gcc/am335x/beaglebone/platform/Release/libplatform.a(dmtimer.o)
 .ARM.attributes
                0x000002cb       0x37 ../../../../../..//binary/armv7a/gcc/am335x/beaglebone/platform/Release/libplatform.a(uart.o)
 .ARM.attributes
                0x00000302       0x3d ../../../../../..//binary/armv7a/gcc/am335x/system_config/Release/libsystem_config.a(cache.o)
 .ARM.attributes
                0x0000033f       0x23 ../../../../../..//binary/armv7a/gcc/am335x/system_config/Release/libsystem_config.a(cp15.o)
 .ARM.attributes
                0x00000362       0x23 ../../../../../..//binary/armv7a/gcc/am335x/system_config/Release/libsystem_config.a(init.o)
 .ARM.attributes
                0x00000385       0x3d ../../../../../..//binary/armv7a/gcc/am335x/system_config/Release/libsystem_config.a(interrupt.o)
 .ARM.attributes
                0x000003c2       0x3d ../../../../../..//binary/armv7a/gcc/am335x/system_config/Release/libsystem_config.a(mmu.o)
 .ARM.attributes
                0x000003ff       0x3d ../../../../../..//binary/armv7a/gcc/am335x/system_config/Release/libsystem_config.a(startup.o)
 .ARM.attributes
                0x0000043c       0x3d ../../../../../..//binary/armv7a/gcc/am335x/system_config/Release/libsystem_config.a(cpu.o)
 .ARM.attributes
                0x00000479       0x23 ../../../../../..//binary/armv7a/gcc/am335x/system_config/Release/libsystem_config.a(exceptionhandler.o)
 .ARM.attributes
                0x0000049c       0x30 /home/abby/opt/gcc-arm-none-eabi-4_7-2012q4//arm-none-eabi/lib//libc.a(lib_a-memcpy.o)
 .ARM.attributes
                0x000004cc       0x30 /home/abby/opt/gcc-arm-none-eabi-4_7-2012q4//arm-none-eabi/lib//libc.a(lib_a-memset.o)
 .ARM.attributes
                0x000004fc       0x18 /home/abby/opt/gcc-arm-none-eabi-4_7-2012q4//lib/gcc/arm-none-eabi/4.7.3//libgcc.a(_udivsi3.o)
 .ARM.attributes
                0x00000514       0x18 /home/abby/opt/gcc-arm-none-eabi-4_7-2012q4//lib/gcc/arm-none-eabi/4.7.3//libgcc.a(_divsi3.o)
 .ARM.attributes
                0x0000052c       0x18 /home/abby/opt/gcc-arm-none-eabi-4_7-2012q4//lib/gcc/arm-none-eabi/4.7.3//libgcc.a(_dvmd_tls.o)
 .ARM.attributes
                0x00000544       0x37 ../../../../../..//binary/armv7a/gcc/am335x/drivers/Release/libdrivers.a(dmtimer.o)
 .ARM.attributes
                0x0000057b       0x37 ../../../../../..//binary/armv7a/gcc/am335x/drivers/Release/libdrivers.a(uart_irda_cir.o)

.debug_frame    0x00000000     0x2c4c
 .debug_frame   0x00000000       0x98 Release/echod.o
 .debug_frame   0x00000098       0x6c Release/enetEcho.o
 .debug_frame   0x00000104     0x1384 Release/lwiplib.o
 .debug_frame   0x00001488      0x4e4 ../../../../../..//binary/armv7a/gcc/am335x/drivers/Release/libdrivers.a(cpsw.o)
 .debug_frame   0x0000196c       0x98 ../../../../../..//binary/armv7a/gcc/am335x/drivers/Release/libdrivers.a(mdio.o)
 .debug_frame   0x00001a04      0x158 ../../../../../..//binary/armv7a/gcc/am335x/drivers/Release/libdrivers.a(phy.o)
 .debug_frame   0x00001b5c       0xec ../../../../../..//binary/armv7a/gcc/utils/Release/libutils.a(consoleUtils.o)
 .debug_frame   0x00001c48       0x88 ../../../../../..//binary/armv7a/gcc/utils/Release/libutils.a(delay.o)
 .debug_frame   0x00001cd0      0x1cc ../../../../../..//binary/armv7a/gcc/utils/Release/libutils.a(uartStdio.o)
 .debug_frame   0x00001e9c       0x50 ../../../../../..//binary/armv7a/gcc/am335x/beaglebone/platform/Release/libplatform.a(cpsw.o)
 .debug_frame   0x00001eec       0x98 ../../../../../..//binary/armv7a/gcc/am335x/beaglebone/platform/Release/libplatform.a(sysdelay.o)
 .debug_frame   0x00001f84       0x58 ../../../../../..//binary/armv7a/gcc/am335x/beaglebone/platform/Release/libplatform.a(uartConsole.o)
 .debug_frame   0x00001fdc       0x70 ../../../../../..//binary/armv7a/gcc/am335x/beaglebone/platform/Release/libplatform.a(dmtimer.o)
 .debug_frame   0x0000204c       0x30 ../../../../../..//binary/armv7a/gcc/am335x/beaglebone/platform/Release/libplatform.a(uart.o)
 .debug_frame   0x0000207c      0x100 ../../../../../..//binary/armv7a/gcc/am335x/system_config/Release/libsystem_config.a(cache.o)
 .debug_frame   0x0000217c      0x238 ../../../../../..//binary/armv7a/gcc/am335x/system_config/Release/libsystem_config.a(interrupt.o)
 .debug_frame   0x000023b4       0x60 ../../../../../..//binary/armv7a/gcc/am335x/system_config/Release/libsystem_config.a(mmu.o)
 .debug_frame   0x00002414       0x28 ../../../../../..//binary/armv7a/gcc/am335x/system_config/Release/libsystem_config.a(startup.o)
 .debug_frame   0x0000243c       0x90 ../../../../../..//binary/armv7a/gcc/am335x/system_config/Release/libsystem_config.a(cpu.o)
 .debug_frame   0x000024cc       0x2c /home/abby/opt/gcc-arm-none-eabi-4_7-2012q4//arm-none-eabi/lib//libc.a(lib_a-memcpy.o)
 .debug_frame   0x000024f8       0x28 /home/abby/opt/gcc-arm-none-eabi-4_7-2012q4//arm-none-eabi/lib//libc.a(lib_a-memset.o)
 .debug_frame   0x00002520       0x20 /home/abby/opt/gcc-arm-none-eabi-4_7-2012q4//lib/gcc/arm-none-eabi/4.7.3//libgcc.a(_udivsi3.o)
 .debug_frame   0x00002540       0x20 /home/abby/opt/gcc-arm-none-eabi-4_7-2012q4//lib/gcc/arm-none-eabi/4.7.3//libgcc.a(_divsi3.o)
 .debug_frame   0x00002560      0x1b0 ../../../../../..//binary/armv7a/gcc/am335x/drivers/Release/libdrivers.a(dmtimer.o)
 .debug_frame   0x00002710      0x53c ../../../../../..//binary/armv7a/gcc/am335x/drivers/Release/libdrivers.a(uart_irda_cir.o)
