Archive member included because of file (symbol)

../../../../../..//binary/armv7a/gcc/am335x/drivers/Release/libdrivers.a(cpsw.o)
                              Release/demoEnet.o (CPSWSSReset)
../../../../../..//binary/armv7a/gcc/am335x/drivers/Release/libdrivers.a(dmtimer.o)
                              Release/demoTimer.o (DMTimerEnable)
../../../../../..//binary/armv7a/gcc/am335x/drivers/Release/libdrivers.a(edma.o)
                              Release/demoSdRw.o (EDMA3Init)
../../../../../..//binary/armv7a/gcc/am335x/drivers/Release/libdrivers.a(gpio_v2.o)
                              Release/demoLedIf.o (GPIOModuleReset)
../../../../../..//binary/armv7a/gcc/am335x/drivers/Release/libdrivers.a(gpmc.o)
                              Release/demoPwrMgmnt.o (GPMCIdleModeSelect)
../../../../../..//binary/armv7a/gcc/am335x/drivers/Release/libdrivers.a(hs_mmcsd.o)
                              Release/demoPwrMgmnt.o (HSMMCSDSystemConfig)
../../../../../..//binary/armv7a/gcc/am335x/drivers/Release/libdrivers.a(hsi2c.o)
                              Release/demoI2c.o (I2CMasterInitExpClk)
../../../../../..//binary/armv7a/gcc/am335x/drivers/Release/libdrivers.a(mailbox.o)
                              Release/cm3wkup_proxy.o (MBresetMailbox)
../../../../../..//binary/armv7a/gcc/am335x/drivers/Release/libdrivers.a(mdio.o)
                              Release/lwiplib.o (MDIOPhyAliveStatusGet)
../../../../../..//binary/armv7a/gcc/am335x/drivers/Release/libdrivers.a(phy.o)
                              Release/lwiplib.o (PhyReset)
../../../../../..//binary/armv7a/gcc/am335x/drivers/Release/libdrivers.a(rtc.o)
                              Release/demoRtc.o (RTCRun)
../../../../../..//binary/armv7a/gcc/am335x/drivers/Release/libdrivers.a(uart_irda_cir.o)
                              Release/demoUart.o (UARTIntEnable)
../../../../../..//binary/armv7a/gcc/utils/Release/libutils.a(ascii.o)
                              Release/demoRtc.o (TimeToStr)
../../../../../..//binary/armv7a/gcc/utils/Release/libutils.a(board.o)
                              Release/demoMain.o (BoardVersionGet)
../../../../../..//binary/armv7a/gcc/utils/Release/libutils.a(cmdline.o)
                              Release/demoSdFs.o (CmdLineProcess)
../../../../../..//binary/armv7a/gcc/utils/Release/libutils.a(consoleUtils.o)
                              Release/demoMain.o (ConsoleUtilsInit)
../../../../../..//binary/armv7a/gcc/utils/Release/libutils.a(delay.o)
                              Release/demoMain.o (DelayTimerSetup)
../../../../../..//binary/armv7a/gcc/utils/Release/libutils.a(uartStdio.o)
                              ../../../../../..//binary/armv7a/gcc/utils/Release/libutils.a(consoleUtils.o) (UARTStdioInit)
../../../../../..//binary/armv7a/gcc/am335x/beaglebone/platform/Release/libplatform.a(board.o)
                              ../../../../../..//binary/armv7a/gcc/utils/Release/libutils.a(board.o) (BoardInfoCheck)
../../../../../..//binary/armv7a/gcc/am335x/beaglebone/platform/Release/libplatform.a(cpsw.o)
                              Release/demoMain.o (CPSWPinMuxSetup)
../../../../../..//binary/armv7a/gcc/am335x/beaglebone/platform/Release/libplatform.a(ctlregcontext.o)
                              Release/demoPwrMgmnt.o (ControlRegContextSave)
../../../../../..//binary/armv7a/gcc/am335x/beaglebone/platform/Release/libplatform.a(dmtimer.o)
                              Release/demoMain.o (DMTimer3ModuleClkConfig)
../../../../../..//binary/armv7a/gcc/am335x/beaglebone/platform/Release/libplatform.a(edma.o)
                              ../../../../../..//binary/armv7a/gcc/am335x/drivers/Release/libdrivers.a(edma.o) (EDMAVersionGet)
../../../../../..//binary/armv7a/gcc/am335x/beaglebone/platform/Release/libplatform.a(eeprom.o)
                              ../../../../../..//binary/armv7a/gcc/utils/Release/libutils.a(board.o) (BoardInfoRead)
../../../../../..//binary/armv7a/gcc/am335x/beaglebone/platform/Release/libplatform.a(gpio.o)
                              Release/demoMain.o (GPIO1Pin23PinMuxSetup)
../../../../../..//binary/armv7a/gcc/am335x/beaglebone/platform/Release/libplatform.a(hs_mmcsd.o)
                              Release/demoMain.o (HSMMCSDPinMuxSetup)
../../../../../..//binary/armv7a/gcc/am335x/beaglebone/platform/Release/libplatform.a(hsi2c.o)
                              Release/demoMain.o (I2CPinMuxSetup)
../../../../../..//binary/armv7a/gcc/am335x/beaglebone/platform/Release/libplatform.a(rtc.o)
                              ../../../../../..//binary/armv7a/gcc/am335x/drivers/Release/libdrivers.a(rtc.o) (RtcVersionGet)
../../../../../..//binary/armv7a/gcc/am335x/beaglebone/platform/Release/libplatform.a(sysdelay.o)
                              ../../../../../..//binary/armv7a/gcc/utils/Release/libutils.a(delay.o) (SysDelayTimerSetup)
../../../../../..//binary/armv7a/gcc/am335x/beaglebone/platform/Release/libplatform.a(uartConsole.o)
[...]
Memory Configuration

Name             Origin             Length             Attributes
OCMC             0x40300000         0x0000ffff
DDR0             0x80000000         0x10000000
*default*        0x00000000         0xffffffff

Linker script and memory map

LOAD Release/am335x_clock_data.o
LOAD Release/cm3wkup_proxy.o
LOAD Release/demoDvfs.o
LOAD Release/demoEnet.o
LOAD Release/demoGpio.o
LOAD Release/demoI2c.o
LOAD Release/demoLedIf.o
LOAD Release/demoMain.o
LOAD Release/demoPwrMgmnt.o
LOAD Release/demoRtc.o
LOAD Release/demoSdFs.o
LOAD Release/demoSdRw.o
LOAD Release/demoTimer.o
LOAD Release/demoUart.o
LOAD Release/fat_mmcsd.o
LOAD Release/ff.o
LOAD Release/httpd_io.o
LOAD Release/lwiplib.o
LOAD Release/pmic.o
LOAD Release/slpWkup_gcc.o
LOAD ../../../../../..//binary/armv7a/gcc/am335x/drivers/Release/libdrivers.a
LOAD ../../../../../..//binary/armv7a/gcc/utils/Release/libutils.a
LOAD ../../../../../..//binary/armv7a/gcc/am335x/beaglebone/platform/Release/libplatform.a
LOAD ../../../../../..//binary/armv7a/gcc/mmcsdlib/Release/libmmcsd.a
LOAD ../../../../../..//binary/armv7a/gcc/am335x/system_config/Release/libsystem_config.a
LOAD /home/abby/opt/gcc-arm-none-eabi-4_7-2012q4//arm-none-eabi/lib//libc.a
LOAD /home/abby/opt/gcc-arm-none-eabi-4_7-2012q4//lib/gcc/arm-none-eabi/4.7.3//libgcc.a
LOAD ../../../../../..//binary/armv7a/gcc/am335x/drivers/Release/libdrivers.a
LOAD ../../../../../..//binary/armv7a/gcc/utils/Release/libutils.a
LOAD ../../../../../..//binary/armv7a/gcc/am335x/beaglebone/platform/Release/libplatform.a
LOAD ../../../../../..//binary/armv7a/gcc/mmcsdlib/Release/libmmcsd.a
LOAD ../../../../../..//binary/armv7a/gcc/am335x/system_config/Release/libsystem_config.a
LOAD /home/abby/opt/gcc-arm-none-eabi-4_7-2012q4//arm-none-eabi/lib//libc.a
LOAD /home/abby/opt/gcc-arm-none-eabi-4_7-2012q4//lib/gcc/arm-none-eabi/4.7.3//libgcc.a

.startcode      0x80000000       0xb4
                0x80000000                . = ALIGN (0x4)
 *init.o(.text)
 .text          0x80000000       0xb4 ../../../../../..//binary/armv7a/gcc/am335x/system_config/Release/libsystem_config.a(init.o)
                0x80000000                Entry

.text           0x800000b4    0x3ac54
                0x800000b4                . = ALIGN (0x4)
 *(.text*)
 .text.CM3Isr   0x800000b4       0x34 Release/cm3wkup_proxy.o
 .text.configIPCRegs
                0x800000e8       0x4c Release/cm3wkup_proxy.o
                0x800000e8                configIPCRegs
 .text.readCmdStatus
                0x80000134       0x14 Release/cm3wkup_proxy.o
                0x80000134                readCmdStatus
 .text.readCM3FWVersion
                0x80000148       0x14 Release/cm3wkup_proxy.o
                0x80000148                readCM3FWVersion
 .text.CM3EventsClear
                0x8000015c       0x24 Release/cm3wkup_proxy.o
                0x8000015c                CM3EventsClear
 .text.CM3IntRegister
                0x80000180       0x20 Release/cm3wkup_proxy.o
                0x80000180                CM3IntRegister
 .text.CM3LoadAndRun
                0x800001a0       0x3c Release/cm3wkup_proxy.o
                0x800001a0                CM3LoadAndRun
 .text.waitForM3Txevent
                0x800001dc       0xb8 Release/cm3wkup_proxy.o
                0x800001dc                waitForM3Txevent
 .text.initializeMailbox
                0x80000294       0x74 Release/cm3wkup_proxy.o
                0x80000294                initializeMailbox
 .text.MailBoxInit
                0x80000308       0x1c Release/cm3wkup_proxy.o
                0x80000308                MailBoxInit
 .text.generateMailboxInt
                0x80000324       0x20 Release/cm3wkup_proxy.o
                0x80000324                generateMailboxInt
 .text.clearMailboxMsg
                0x80000344       0x48 Release/cm3wkup_proxy.o
                0x80000344                clearMailboxMsg
 .text.syncCm3  0x8000038c       0x34 Release/cm3wkup_proxy.o
                0x8000038c                syncCm3
 .text.VddVoltageGet
                0x800003c0       0x74 Release/demoDvfs.o
                0x800003c0                VddVoltageGet
 .text.FrequencyGet
                0x80000434       0x8c Release/demoDvfs.o
                0x80000434                FrequencyGet
 .text.DemoMpuPllConfig
                0x800004c0       0xd0 Release/demoDvfs.o
                0x800004c0                DemoMpuPllConfig
 .text.ConfigMaximumOPP
                0x80000590       0x50 Release/demoDvfs.o
                0x80000590                ConfigMaximumOPP
 .text.ConfigMinimumOPP
                0x800005e0       0x50 Release/demoDvfs.o
                0x800005e0                ConfigMinimumOPP
 .text.PrintConfigDVFS
                0x80000630       0xe0 Release/demoDvfs.o
                0x80000630                PrintConfigDVFS
 .text.ControlCGIHandler
                0x80000710      0x114 Release/demoEnet.o
 .text.CPSWCore0TxIsr
                0x80000824       0x18 Release/demoEnet.o
 .text.CPSWCore0RxIsr
                0x8000083c       0x18 Release/demoEnet.o
 .text.EnetIntRegister
                0x80000854       0x58 Release/demoEnet.o
                0x80000854                EnetIntRegister
 .text.EnetIfIsUp
                0x800008ac       0x1c Release/demoEnet.o
                0x800008ac                EnetIfIsUp
 .text.EnetLinkIsUp
                0x800008c8       0x1c Release/demoEnet.o
                0x800008c8                EnetLinkIsUp
 .text.IpAddrDisplay
                0x800008e4       0x44 Release/demoEnet.o
                0x800008e4                IpAddrDisplay
 .text.EnetHttpServerInit
                0x80000928       0xe0 Release/demoEnet.o
                0x80000928                EnetHttpServerInit
 .text.EnetDHCPRestart
                0x80000a08       0xc8 Release/demoEnet.o
                0x80000a08                EnetDHCPRestart
 .text.EnetContextSave
                0x80000ad0       0xa8 Release/demoEnet.o
                0x80000ad0                EnetContextSave
 .text.EnetReset
                0x80000b78       0x64 Release/demoEnet.o
                0x80000b78                EnetReset
 .text._DemoGpioPinConfig
                0x80000bdc      0x120 Release/demoGpio.o
                0x80000bdc                _DemoGpioPinConfig
 .text.gpioStdbyUartIsr
                0x80000cfc       0x24 Release/demoGpio.o
                0x80000cfc                gpioStdbyUartIsr
 .text.DemoGpioPinStandbySrcConfig
                0x80000d20       0x94 Release/demoGpio.o
                0x80000d20                DemoGpioPinStandbySrcConfig
 .text.I2C0Isr  0x80000db4      0x1b8 Release/demoI2c.o
                0x80000db4                I2C0Isr
 .text.getI2CAddr
                0x80000f6c       0x40 Release/demoI2c.o
                0x80000f6c                getI2CAddr
 .text.cleanupInterrupts
                0x80000fac       0x50 Release/demoI2c.o
                0x80000fac                cleanupInterrupts
 .text.I2CInit  0x80000ffc       0xac Release/demoI2c.o
                0x80000ffc                I2CInit
 .text.I2CIntRegister
                0x800010a8       0x28 Release/demoI2c.o
                0x800010a8                I2CIntRegister
 .text.SetupI2CTransmit
                0x800010d0      0x100 Release/demoI2c.o
                0x800010d0                SetupI2CTransmit
 .text.SetupReception
                0x800011d0      0x174 Release/demoI2c.o
                0x800011d0                SetupReception
 .text.LedIfConfig
                0x80001344       0x48 Release/demoLedIf.o
                0x80001344                LedIfConfig
 .text.LedToggle
                0x8000138c       0x34 Release/demoLedIf.o
                0x8000138c                LedToggle
 .text.LedOff   0x800013c0       0x24 Release/demoLedIf.o
                0x800013c0                LedOff
 .text.LedOn    0x800013e4       0x24 Release/demoLedIf.o
                0x800013e4                LedOn
 .text.dummyIsr
                0x80001408        0x4 Release/demoMain.o
 .text.gpioIsr  0x8000140c       0x18 Release/demoMain.o
 .text.uartIsr  0x80001424       0x44 Release/demoMain.o
 .text.UpdateUartConsoleHelp
                0x80001468       0x7c Release/demoMain.o
                0x80001468                UpdateUartConsoleHelp
 .text.ActionWakeOnUart
                0x800014e4       0x38 Release/demoMain.o
 .text.ActionWakeOnTimer
                0x8000151c       0x38 Release/demoMain.o
 .text.ActionStandBy
                0x80001554       0x50 Release/demoMain.o
 .text.ActionDeepSleep1
                0x800015a4       0x50 Release/demoMain.o
 .text.ActionDeepSleep0
                0x800015f4       0x50 Release/demoMain.o
 .text.ActionMMCSD
                0x80001644       0xb8 Release/demoMain.o
 .text.ActionRTC
                0x800016fc       0x30 Release/demoMain.o
 .text.ActionEnetInit
                0x8000172c      0x114 Release/demoMain.o
 .text.ActionMenu
                0x80001840       0x78 Release/demoMain.o
 .text.ActionMenuPM
                0x800018b8       0x74 Release/demoMain.o
 .text.ActionMenuMMCSD
                0x8000192c       0x64 Release/demoMain.o
 .text.ActionMenuTimer
                0x80001990       0x74 Release/demoMain.o
 .text.ActionMenuGPIO
                0x80001a04       0x70 Release/demoMain.o
 .text.ActionMenuRTC
                0x80001a74       0x64 Release/demoMain.o
 .text.ActionMenuWeb
                0x80001ad8       0x7c Release/demoMain.o
 .text.startup.main
                0x80001b54      0x8a8 Release/demoMain.o
                0x80001b54                main
 .text.ConfigIdleMode
                0x800023fc      0x174 Release/demoPwrMgmnt.o
                0x800023fc                ConfigIdleMode
 .text.enableStandbyWakeSrc
                0x80002570      0x144 Release/demoPwrMgmnt.o
                0x80002570                enableStandbyWakeSrc
 .text.disableStandbyWakeSrc
                0x800026b4       0x90 Release/demoPwrMgmnt.o
                0x800026b4                disableStandbyWakeSrc
 .text.enableWakeSource
                0x80002744       0x98 Release/demoPwrMgmnt.o
                0x80002744                enableWakeSource
 .text.disableWakeSource
                0x800027dc       0x80 Release/demoPwrMgmnt.o
                0x800027dc                disableWakeSource
 .text.PowerSaveModeEnter
                0x8000285c      0x6a8 Release/demoPwrMgmnt.o
                0x8000285c                PowerSaveModeEnter
 .text.RTCIsr   0x80002f04       0x14 Release/demoRtc.o
 .text.RtcIntRegister
                0x80002f18       0x20 Release/demoRtc.o
                0x80002f18                RtcIntRegister
 .text.RtcSecIntEnable
                0x80002f38       0x20 Release/demoRtc.o
                0x80002f38                RtcSecIntEnable
 .text.RtcInit  0x80002f58       0x58 Release/demoRtc.o
                0x80002f58                RtcInit
 .text.RtcTimeCalSet
                0x80002fb0      0x2c0 Release/demoRtc.o
                0x80002fb0                RtcTimeCalSet
 .text.RtcTimeCalDisplay
                0x80003270      0x138 Release/demoRtc.o
                0x80003270                RtcTimeCalDisplay
 .text.Cmd_exit
                0x800033a8        0x8 Release/demoSdFs.o
                0x800033a8                Cmd_exit
 .text.Cmd_help
                0x800033b0       0x5c Release/demoSdFs.o
                0x800033b0                Cmd_help
 .text.Cmd_pwd  0x8000340c       0x28 Release/demoSdFs.o
                0x8000340c                Cmd_pwd
 .text.Cmd_cd   0x80003434      0x1a0 Release/demoSdFs.o
                0x80003434                Cmd_cd
 .text.Cmd_cat  0x800035d4      0x15c Release/demoSdFs.o
                0x800035d4                Cmd_cat
 .text.Cmd_ls   0x80003730      0x1d4 Release/demoSdFs.o
                0x80003730                Cmd_ls
 .text.ReadLine
                0x80003904      0x24c Release/demoSdFs.o
                0x80003904                ReadLine
 .text.HSMMCSDFsMount
                0x80003b50       0x74 Release/demoSdFs.o
                0x80003b50                HSMMCSDFsMount
 .text.HSMMCSDFsProcessCmdLine
                0x80003bc4      0x130 Release/demoSdFs.o
                0x80003bc4                HSMMCSDFsProcessCmdLine
 .text.HSMMCSDCmdStatusGet
                0x80003cf4       0x5c Release/demoSdRw.o
 .text.HSMMCSDXferStatusGet
                0x80003d50       0xa4 Release/demoSdRw.o
 .text.Edma3CCErrorIsr
                0x80003df4      0x138 Release/demoSdRw.o
 .text.callback
                0x80003f2c       0x30 Release/demoSdRw.o
 .text.HSMMCSDXferSetup
                0x80003f5c      0x16c Release/demoSdRw.o
 .text.HSMMCSDIsr
                0x800040c8       0xd0 Release/demoSdRw.o
 .text.Edma3CompletionIsr
                0x80004198       0xbc Release/demoSdRw.o
 .text.HSMMCSDIntRegister
                0x80004254       0x40 Release/demoSdRw.o
                0x80004254                HSMMCSDIntRegister
 .text.HSMMCSDContolInit
                0x80004294      0x184 Release/demoSdRw.o
                0x80004294                HSMMCSDContolInit
 .text.HSMMCSDCardPresentStat
                0x80004418       0x24 Release/demoSdRw.o
                0x80004418                HSMMCSDCardPresentStat
 .text.HSMMCSDCardAccessSetup
                0x8000443c       0x54 Release/demoSdRw.o
                0x8000443c                HSMMCSDCardAccessSetup
 .text.Timer6Isr
                0x80004490       0x34 Release/demoTimer.o
 .text.Timer4Isr
                0x800044c4       0x30 Release/demoTimer.o
 .text.Timer2Isr
                0x800044f4       0xa8 Release/demoTimer.o
 .text.Timer2IntRegister
                0x8000459c       0x20 Release/demoTimer.o
                0x8000459c                Timer2IntRegister
 .text.Timer2IntEnable
                0x800045bc       0x20 Release/demoTimer.o
                0x800045bc                Timer2IntEnable
 .text.Timer2Start
                0x800045dc       0x1c Release/demoTimer.o
                0x800045dc                Timer2Start
 .text.Timer2Stop
                0x800045f8       0x1c Release/demoTimer.o
                0x800045f8                Timer2Stop
 .text.Timer2Config
                0x80004614       0x58 Release/demoTimer.o
                0x80004614                Timer2Config
 .text.Timer4IntRegister
                0x8000466c       0x48 Release/demoTimer.o
                0x8000466c                Timer4IntRegister
 .text.Timer4IntEnable
                0x800046b4       0x20 Release/demoTimer.o
                0x800046b4                Timer4IntEnable
 .text.Timer4Start
                0x800046d4       0x1c Release/demoTimer.o
                0x800046d4                Timer4Start
 .text.Timer4Stop
                0x800046f0       0x1c Release/demoTimer.o
                0x800046f0                Timer4Stop
 .text.Timer4Config
                0x8000470c       0x58 Release/demoTimer.o
                0x8000470c                Timer4Config
 .text.Timer6IntRegister
                0x80004764       0x48 Release/demoTimer.o
                0x80004764                Timer6IntRegister
 .text.Timer6IntEnable
                0x800047ac       0x20 Release/demoTimer.o
                0x800047ac                Timer6IntEnable
 .text.Timer6Start
                0x800047cc       0x1c Release/demoTimer.o
                0x800047cc                Timer6Start
 .text.Timer6Stop
                0x800047e8       0x1c Release/demoTimer.o
                0x800047e8                Timer6Stop
 .text.Timer6Config
                0x80004804       0x6c Release/demoTimer.o
                0x80004804                Timer6Config
 .text.initializeTimer1
                0x80004870       0x34 Release/demoTimer.o
                0x80004870                initializeTimer1
 .text.setTimerCount
                0x800048a4       0x18 Release/demoTimer.o
                0x800048a4                setTimerCount
 .text.clearTimerInt
                0x800048bc       0x14 Release/demoTimer.o
                0x800048bc                clearTimerInt
 .text.enableUartWakeup
                0x800048d0       0x4c Release/demoUart.o
                0x800048d0                enableUartWakeup
 .text.disableUartWakeup
                0x8000491c       0x4c Release/demoUart.o
                0x8000491c                disableUartWakeup
 .text.disk_initialize
                0x80004968       0xb4 Release/fat_mmcsd.o
                0x80004968                disk_initialize
 .text.disk_status
                0x80004a1c        0x8 Release/fat_mmcsd.o
                0x80004a1c                disk_status
 .text.disk_read
                0x80004a24       0x3c Release/fat_mmcsd.o
                0x80004a24                disk_read
 .text.disk_write
                0x80004a60       0x3c Release/fat_mmcsd.o
                0x80004a60                disk_write
 .text.disk_ioctl
                0x80004a9c        0x8 Release/fat_mmcsd.o
                0x80004a9c                disk_ioctl
 .text.get_fattime
                0x80004aa4        0xc Release/fat_mmcsd.o
                0x80004aa4                get_fattime
 .text.get_fileinfo
                0x80004ab0      0x114 Release/ff.o
 .text.move_window
                0x80004bc4       0xec Release/ff.o
 .text.put_cluster
                0x80004cb0      0x154 Release/ff.o
 .text.validate
                0x80004e04       0x38 Release/ff.o
 .text.check_fs
                0x80004e3c       0xa0 Release/ff.o
 .text.auto_mount
                0x80004edc      0x30c Release/ff.o
 .text.get_cluster
                0x800051e8      0x134 Release/ff.o
 .text.next_dir_entry
                0x8000531c       0xb0 Release/ff.o
 .text.trace_path
                0x800053cc      0x330 Release/ff.o
 .text.create_chain
                0x800056fc      0x100 Release/ff.o
 .text.reserve_direntry
                0x800057fc      0x1b0 Release/ff.o
 .text.remove_chain
                0x800059ac       0x9c Release/ff.o
 .text.sync     0x80005a48       0x58 Release/ff.o
 .text.f_mount  0x80005aa0       0x6c Release/ff.o
                0x80005aa0                f_mount
 .text.f_open   0x80005b0c      0x304 Release/ff.o
                0x80005b0c                f_open
 .text.f_read   0x80005e10      0x284 Release/ff.o
                0x80005e10                f_read
 .text.f_sync   0x80006094      0x148 Release/ff.o
                0x80006094                f_sync
 .text.f_close  0x800061dc       0x20 Release/ff.o
                0x800061dc                f_close
 .text.f_opendir
                0x800061fc       0xf4 Release/ff.o
                0x800061fc                f_opendir
 .text.f_readdir
                0x800062f0       0xdc Release/ff.o
                0x800062f0                f_readdir
 .text.f_getfree
                0x800063cc      0x174 Release/ff.o
                0x800063cc                f_getfree
 .text.http_accept
                0x80006540       0xd0 Release/httpd_io.o
 .text.http_state_free
                0x80006610       0x64 Release/httpd_io.o
 .text.http_err
                0x80006674       0x1c Release/httpd_io.o
 .text.strnstr  0x80006690       0xac Release/httpd_io.o
 .text.http_close_conn
                0x8000673c       0xb0 Release/httpd_io.o
 .text.http_send_data
                0x800067ec      0x17c Release/httpd_io.o
 .text.http_sent
                0x80006968       0x30 Release/httpd_io.o
 .text.http_poll
                0x80006998       0x8c Release/httpd_io.o
 .text.fs_open  0x80006a24       0xdc Release/httpd_io.o
                0x80006a24                fs_open
 .text.http_get_404_file
                0x80006b00       0x68 Release/httpd_io.o
 .text.http_recv
                0x80006b68      0x49c Release/httpd_io.o
 .text.httpd_init
                0x80007004       0x84 Release/httpd_io.o
                0x80007004                httpd_init
 .text.http_set_cgi_handlers
                0x80007088       0x1c Release/httpd_io.o
                0x80007088                http_set_cgi_handlers
 .text.dhcp_option_long
                0x800070a4       0x60 Release/lwiplib.o
 .text.dhcp_option_trailer
                0x80007104       0x5c Release/lwiplib.o
 .text.tcp_accept_null
                0x80007160        0x8 Release/lwiplib.o
 .text.tcp_new_port
                0x80007168       0x70 Release/lwiplib.o
 .text.tcp_parseopt
                0x800071d8       0xd8 Release/lwiplib.o
 .text.lwip_standard_chksum
                0x800072b0       0xb8 Release/lwiplib.o
 .text.cpswif_ale_entry_match_free
                0x80007368       0x5c Release/lwiplib.o
 .text.etharp_send_ip
                0x800073c4       0x44 Release/lwiplib.o
 .text.mem_init
                0x80007408       0x70 Release/lwiplib.o
                0x80007408                mem_init
 .text.mem_malloc
                0x80007478      0x1a8 Release/lwiplib.o
                0x80007478                mem_malloc
 .text.memp_init
                0x80007620       0xd4 Release/lwiplib.o
                0x80007620                memp_init
 .text.lwip_init
                0x800076f4       0x20 Release/lwiplib.o
                0x800076f4                lwip_init
 .text.pbuf_header
                0x80007714       0xbc Release/lwiplib.o
                0x80007714                pbuf_header
 .text.pbuf_cat
                0x800077d0       0x68 Release/lwiplib.o
                0x800077d0                pbuf_cat
 .text.pbuf_copy
                0x80007838      0x124 Release/lwiplib.o
                0x80007838                pbuf_copy
 .text.pbuf_copy_partial
                0x8000795c       0xc4 Release/lwiplib.o
                0x8000795c                pbuf_copy_partial
 .text.raw_input
                0x80007a20       0xc4 Release/lwiplib.o
                0x80007a20                raw_input
 .text.tcp_bind
                0x80007ae4       0xe8 Release/lwiplib.o
                0x80007ae4                tcp_bind
 .text.tcp_update_rcv_ann_wnd
                0x80007bcc       0x5c Release/lwiplib.o
                0x80007bcc                tcp_update_rcv_ann_wnd
 .text.tcp_setprio
                0x80007c28        0x8 Release/lwiplib.o
                0x80007c28                tcp_setprio
 .text.tcp_arg  0x80007c30        0x8 Release/lwiplib.o
                0x80007c30                tcp_arg
 .text.tcp_recv
                0x80007c38        0x8 Release/lwiplib.o
                0x80007c38                tcp_recv
 .text.tcp_sent
                0x80007c40        0x8 Release/lwiplib.o
                0x80007c40                tcp_sent
 .text.tcp_err  0x80007c48        0x8 Release/lwiplib.o
                0x80007c48                tcp_err
 .text.tcp_accept
                0x80007c50        0x8 Release/lwiplib.o
                0x80007c50                tcp_accept
 .text.tcp_poll
                0x80007c58        0xc Release/lwiplib.o
                0x80007c58                tcp_poll
 .text.tcp_rexmit
                0x80007c64       0x84 Release/lwiplib.o
                0x80007c64                tcp_rexmit
 .text.tcp_rexmit_fast
                0x80007ce8       0x7c Release/lwiplib.o
                0x80007ce8                tcp_rexmit_fast
 .text.udp_bind
                0x80007d64       0xfc Release/lwiplib.o
                0x80007d64                udp_bind
 .text.udp_connect
                0x80007e60       0xb4 Release/lwiplib.o
                0x80007e60                udp_connect
 .text.inet_chksum_pseudo
                0x80007f14       0xd0 Release/lwiplib.o
                0x80007f14                inet_chksum_pseudo
 .text.inet_chksum
                0x80007fe4       0x1c Release/lwiplib.o
                0x80007fe4                inet_chksum
 .text.inet_chksum_pbuf
                0x80008000       0x88 Release/lwiplib.o
                0x80008000                inet_chksum_pbuf
 .text.ip_route
                0x80008088       0x7c Release/lwiplib.o
                0x80008088                ip_route
 .text.tcp_eff_send_mss
                0x80008104       0x44 Release/lwiplib.o
                0x80008104                tcp_eff_send_mss
 .text.ip_output_if
                0x80008148      0x170 Release/lwiplib.o
                0x80008148                ip_output_if
 .text.ip_output
                0x800082b8       0x88 Release/lwiplib.o
                0x800082b8                ip_output
 .text.ip4_addr_isbroadcast
                0x80008340       0x6c Release/lwiplib.o
                0x80008340                ip4_addr_isbroadcast
 .text.sys_arch_protect
                0x800083ac       0x28 Release/lwiplib.o
                0x800083ac                sys_arch_protect
 .text.sys_arch_unprotect
                0x800083d4       0x1c Release/lwiplib.o
                0x800083d4                sys_arch_unprotect
 .text.pbuf_ref
                0x800083f0       0x34 Release/lwiplib.o
                0x800083f0                pbuf_ref
 .text.pbuf_chain
                0x80008424       0x28 Release/lwiplib.o
                0x80008424                pbuf_chain
 .text.cpswif_output
                0x8000844c      0x1c0 Release/lwiplib.o
 .text.memp_free
                0x8000860c       0x5c Release/lwiplib.o
                0x8000860c                memp_free
 .text.udp_remove
                0x80008668       0x74 Release/lwiplib.o
                0x80008668                udp_remove
 .text.dhcp_stop
                0x800086dc       0x60 Release/lwiplib.o
                0x800086dc                dhcp_stop
 .text.memp_malloc
                0x8000873c       0x94 Release/lwiplib.o
                0x8000873c                memp_malloc
 .text.udp_new  0x800087d0       0x40 Release/lwiplib.o
                0x800087d0                udp_new
 .text.tcp_seg_copy
                0x80008810       0x58 Release/lwiplib.o
                0x80008810                tcp_seg_copy
 .text.tcp_listen_with_backlog
                0x80008868      0x148 Release/lwiplib.o
                0x80008868                tcp_listen_with_backlog
 .text.mem_trim
                0x800089b0      0x184 Release/lwiplib.o
                0x800089b0                mem_trim
 .text.mem_free
                0x80008b34      0x134 Release/lwiplib.o
                0x80008b34                mem_free
 .text.pbuf_free
                0x80008c68       0xc0 Release/lwiplib.o
                0x80008c68                pbuf_free
 .text.find_entry
                0x80008d28      0x1c4 Release/lwiplib.o
 .text.tcp_seg_free
                0x80008eec       0x3c Release/lwiplib.o
                0x80008eec                tcp_seg_free
 .text.tcp_segs_free
                0x80008f28       0x28 Release/lwiplib.o
                0x80008f28                tcp_segs_free
 .text.tcp_create_segment
                0x80008f50      0x128 Release/lwiplib.o
 .text.tcp_pcb_purge
                0x80009078       0x80 Release/lwiplib.o
                0x80009078                tcp_pcb_purge
 .text.pbuf_realloc
                0x800090f8       0xc0 Release/lwiplib.o
                0x800090f8                pbuf_realloc
 .text.tcp_oos_insert_segment
                0x800091b8      0x104 Release/lwiplib.o
 .text.pbuf_alloc
                0x800092bc      0x1ec Release/lwiplib.o
                0x800092bc                pbuf_alloc
 .text.cpswif_rxbd_alloc
                0x800094a8      0x124 Release/lwiplib.o
 .text.cpswif_init
                0x800095cc      0x800 Release/lwiplib.o
                0x800095cc                cpswif_init
 .text.tcp_enqueue_flags
                0x80009dcc      0x19c Release/lwiplib.o
                0x80009dcc                tcp_enqueue_flags
 .text.tcp_send_fin
                0x80009f68       0x64 Release/lwiplib.o
                0x80009f68                tcp_send_fin
 .text.tcp_pbuf_prealloc
                0x80009fcc       0xb8 Release/lwiplib.o
 .text.dhcp_create_msg
                0x8000a084      0x254 Release/lwiplib.o
 .text.tcp_output_alloc_header.constprop.15
                0x8000a2d8       0xa4 Release/lwiplib.o
 .text.icmp_input
                0x8000a37c      0x2e4 Release/lwiplib.o
                0x8000a37c                icmp_input
 .text.udp_sendto_if
                0x8000a660      0x1d4 Release/lwiplib.o
                0x8000a660                udp_sendto_if
 .text.tcp_send_empty_ack
                0x8000a834       0xb4 Release/lwiplib.o
                0x8000a834                tcp_send_empty_ack
 .text.tcp_output
                0x8000a8e8      0x470 Release/lwiplib.o
                0x8000a8e8                tcp_output
 .text.tcp_pcb_remove
                0x8000ad58       0xd4 Release/lwiplib.o
                0x8000ad58                tcp_pcb_remove
 .text.tcp_recved
                0x8000ae2c       0x5c Release/lwiplib.o
                0x8000ae2c                tcp_recved
 .text.tcp_receive
                0x8000ae88      0xc0c Release/lwiplib.o
 .text.tcp_rst  0x8000ba94      0x11c Release/lwiplib.o
                0x8000ba94                tcp_rst
 .text.tcp_abandon
                0x8000bbb0      0x124 Release/lwiplib.o
                0x8000bbb0                tcp_abandon
 .text.tcp_abort
                0x8000bcd4       0x18 Release/lwiplib.o
                0x8000bcd4                tcp_abort
 .text.tcp_alloc
                0x8000bcec      0x1f8 Release/lwiplib.o
                0x8000bcec                tcp_alloc
 .text.tcp_new  0x8000bee4       0x18 Release/lwiplib.o
                0x8000bee4                tcp_new
 .text.netif_set_ipaddr
                0x8000befc       0xb4 Release/lwiplib.o
                0x8000befc                netif_set_ipaddr
 .text.netif_set_addr
                0x8000bfb0       0x38 Release/lwiplib.o
                0x8000bfb0                netif_set_addr
 .text.netif_add
                0x8000bfe8       0x84 Release/lwiplib.o
                0x8000bfe8                netif_add
 .text.tcp_close_shutdown
                0x8000c06c      0x280 Release/lwiplib.o
 .text.tcp_close
                0x8000c2ec       0x2c Release/lwiplib.o
                0x8000c2ec                tcp_close
 .text.tcp_recv_null
                0x8000c318       0x5c Release/lwiplib.o
                0x8000c318                tcp_recv_null
 .text.tcp_input
                0x8000c374      0xfc8 Release/lwiplib.o
                0x8000c374                tcp_input
 .text.tcp_write
                0x8000d33c      0x5ec Release/lwiplib.o
                0x8000d33c                tcp_write
 .text.dhcp_delete_msg
                0x8000d928       0x34 Release/lwiplib.o
 .text.dhcp_discover
                0x8000d95c      0x1e0 Release/lwiplib.o
 .text.dhcp_start
                0x8000db3c      0x148 Release/lwiplib.o
                0x8000db3c                dhcp_start
 .text.lwIPDHCPComplete
                0x8000dc84       0x94 Release/lwiplib.o
 .text.dhcp_select
                0x8000dd18      0x254 Release/lwiplib.o
 .text.icmp_dest_unreach
                0x8000df6c      0x114 Release/lwiplib.o
                0x8000df6c                icmp_dest_unreach
 .text.udp_input
                0x8000e080      0x384 Release/lwiplib.o
                0x8000e080                udp_input
 .text.ip_input
                0x8000e404      0x3b0 Release/lwiplib.o
                0x8000e404                ip_input
 .text.ethernet_input
                0x8000e7b4      0x348 Release/lwiplib.o
                0x8000e7b4                ethernet_input
 .text.etharp_request
                0x8000eafc      0x144 Release/lwiplib.o
                0x8000eafc                etharp_request
 .text.netif_set_up
                0x8000ec40       0x38 Release/lwiplib.o
                0x8000ec40                netif_set_up
 .text.unlikely.dhcp_bind
                0x8000ec78      0x120 Release/lwiplib.o
 .text.dhcp_recv
                0x8000ed98      0x6ac Release/lwiplib.o
 .text.etharp_query
                0x8000f444      0x224 Release/lwiplib.o
                0x8000f444                etharp_query
 .text.etharp_output
                0x8000f668      0x198 Release/lwiplib.o
                0x8000f668                etharp_output
 .text.etharp_tmr
                0x8000f800       0x98 Release/lwiplib.o
                0x8000f800                etharp_tmr
 .text.cpswif_rx_inthandler
                0x8000f898      0x140 Release/lwiplib.o
                0x8000f898                cpswif_rx_inthandler
 .text.cpswif_tx_inthandler
                0x8000f9d8      0x14c Release/lwiplib.o
                0x8000f9d8                cpswif_tx_inthandler
 .text.cpswif_link_status
                0x8000fb24       0x34 Release/lwiplib.o
                0x8000fb24                cpswif_link_status
 .text.lwIPInit
                0x8000fb58      0x19c Release/lwiplib.o
                0x8000fb58                lwIPInit
 .text.lwIPNetIfStatusGet
                0x8000fcf4       0x24 Release/lwiplib.o
                0x8000fcf4                lwIPNetIfStatusGet
 .text.lwIPLinkStatusGet
                0x8000fd18       0x14 Release/lwiplib.o
                0x8000fd18                lwIPLinkStatusGet
 .text.lwIPRxIntHandler
                0x8000fd2c       0x1c Release/lwiplib.o
                0x8000fd2c                lwIPRxIntHandler
 .text.lwIPTxIntHandler
                0x8000fd48       0x14 Release/lwiplib.o
                0x8000fd48                lwIPTxIntHandler
 .text.lwIPDHCPStart
                0x8000fd5c       0x34 Release/lwiplib.o
                0x8000fd5c                lwIPDHCPStart
 .text.TPS65217RegWrite
                0x8000fd90      0x130 Release/pmic.o
                0x8000fd90                TPS65217RegWrite
 .text.TPS65217VoltageUpdate
                0x8000fec0       0x3c Release/pmic.o
                0x8000fec0                TPS65217VoltageUpdate
 .text.configVddOpVoltage
                0x8000fefc       0x64 Release/pmic.o
                0x8000fefc                configVddOpVoltage
 .text.setVdd1OpVoltage
                0x8000ff60       0x38 Release/pmic.o
                0x8000ff60                setVdd1OpVoltage
 .text.CPSWSSReset
                0x8000ff98       0x1c ../../../../../..//binary/armv7a/gcc/am335x/drivers/Release/libdrivers.a(cpsw.o)
                0x8000ff98                CPSWSSReset
 .text.CPSWSlTransferModeSet
                0x8000ffb4       0x1c ../../../../../..//binary/armv7a/gcc/am335x/drivers/Release/libdrivers.a(cpsw.o)
                0x8000ffb4                CPSWSlTransferModeSet
 .text.CPSWSlReset
                0x8000ffd0       0x1c ../../../../../..//binary/armv7a/gcc/am335x/drivers/Release/libdrivers.a(cpsw.o)
                0x8000ffd0                CPSWSlReset
 .text.CPSWSlRGMIIEnable
                0x8000ffec       0x14 ../../../../../..//binary/armv7a/gcc/am335x/drivers/Release/libdrivers.a(cpsw.o)
                0x8000ffec                CPSWSlRGMIIEnable
 .text.CPSWWrReset
                0x80010000       0x1c ../../../../../..//binary/armv7a/gcc/am335x/drivers/Release/libdrivers.a(cpsw.o)
                0x80010000                CPSWWrReset
 .text.CPSWWrControlRegReset
                0x8001001c        0xc ../../../../../..//binary/armv7a/gcc/am335x/drivers/Release/libdrivers.a(cpsw.o)
                0x8001001c                CPSWWrControlRegReset
 .text.CPSWWrCoreIntEnable
                0x80010028       0x1c ../../../../../..//binary/armv7a/gcc/am335x/drivers/Release/libdrivers.a(cpsw.o)
                0x80010028                CPSWWrCoreIntEnable
 .text.CPSWALEInit
                0x80010044        0xc ../../../../../..//binary/armv7a/gcc/am335x/drivers/Release/libdrivers.a(cpsw.o)
                0x80010044                CPSWALEInit
 .text.CPSWALEPortStateSet
                0x80010050       0x20 ../../../../../..//binary/armv7a/gcc/am335x/drivers/Release/libdrivers.a(cpsw.o)
                0x80010050                CPSWALEPortStateSet
 .text.CPSWALEVLANAwareSet
                0x80010070       0x10 ../../../../../..//binary/armv7a/gcc/am335x/drivers/Release/libdrivers.a(cpsw.o)
                0x80010070                CPSWALEVLANAwareSet
 .text.CPSWALETableEntrySet
                0x80010080       0x24 ../../../../../..//binary/armv7a/gcc/am335x/drivers/Release/libdrivers.a(cpsw.o)
                0x80010080                CPSWALETableEntrySet
 .text.CPSWALETableEntryGet
                0x800100a4       0x20 ../../../../../..//binary/armv7a/gcc/am335x/drivers/Release/libdrivers.a(cpsw.o)
                0x800100a4                CPSWALETableEntryGet
 .text.CPSWStatisticsEnable
                0x800100c4        0xc ../../../../../..//binary/armv7a/gcc/am335x/drivers/Release/libdrivers.a(cpsw.o)
                0x800100c4                CPSWStatisticsEnable
 .text.CPSWPortSrcAddrSet
                0x800100d0       0x40 ../../../../../..//binary/armv7a/gcc/am335x/drivers/Release/libdrivers.a(cpsw.o)
                0x800100d0                CPSWPortSrcAddrSet
 .text.CPSWHostPortDualMacModeSet
                0x80010110       0x1c ../../../../../..//binary/armv7a/gcc/am335x/drivers/Release/libdrivers.a(cpsw.o)
                0x80010110                CPSWHostPortDualMacModeSet
 .text.CPSWPortVLANConfig
                0x8001012c       0x10 ../../../../../..//binary/armv7a/gcc/am335x/drivers/Release/libdrivers.a(cpsw.o)
                0x8001012c                CPSWPortVLANConfig
 .text.CPSWCPDMAReset
                0x8001013c       0x54 ../../../../../..//binary/armv7a/gcc/am335x/drivers/Release/libdrivers.a(cpsw.o)
                0x8001013c                CPSWCPDMAReset
 .text.CPSWCPDMATxIntEnable
                0x80010190       0x14 ../../../../../..//binary/armv7a/gcc/am335x/drivers/Release/libdrivers.a(cpsw.o)
                0x80010190                CPSWCPDMATxIntEnable
 .text.CPSWCPDMARxIntEnable
                0x800101a4       0x14 ../../../../../..//binary/armv7a/gcc/am335x/drivers/Release/libdrivers.a(cpsw.o)
                0x800101a4                CPSWCPDMARxIntEnable
 .text.CPSWCPDMATxEnable
                0x800101b8        0xc ../../../../../..//binary/armv7a/gcc/am335x/drivers/Release/libdrivers.a(cpsw.o)
                0x800101b8                CPSWCPDMATxEnable
 .text.CPSWCPDMARxEnable
                0x800101c4        0xc ../../../../../..//binary/armv7a/gcc/am335x/drivers/Release/libdrivers.a(cpsw.o)
                0x800101c4                CPSWCPDMARxEnable
 .text.CPSWCPDMATxHdrDescPtrWrite
                0x800101d0        0xc ../../../../../..//binary/armv7a/gcc/am335x/drivers/Release/libdrivers.a(cpsw.o)
                0x800101d0                CPSWCPDMATxHdrDescPtrWrite
 .text.CPSWCPDMARxHdrDescPtrWrite
                0x800101dc        0xc ../../../../../..//binary/armv7a/gcc/am335x/drivers/Release/libdrivers.a(cpsw.o)
                0x800101dc                CPSWCPDMARxHdrDescPtrWrite
 .text.CPSWCPDMAEndOfIntVectorWrite
                0x800101e8        0x8 ../../../../../..//binary/armv7a/gcc/am335x/drivers/Release/libdrivers.a(cpsw.o)
                0x800101e8                CPSWCPDMAEndOfIntVectorWrite
 .text.CPSWCPDMATxCPWrite
                0x800101f0        0xc ../../../../../..//binary/armv7a/gcc/am335x/drivers/Release/libdrivers.a(cpsw.o)
                0x800101f0                CPSWCPDMATxCPWrite
 .text.CPSWCPDMARxCPWrite
                0x800101fc        0xc ../../../../../..//binary/armv7a/gcc/am335x/drivers/Release/libdrivers.a(cpsw.o)
                0x800101fc                CPSWCPDMARxCPWrite
 .text.CPSWCPDMACmdIdleEnable
                0x80010208       0x20 ../../../../../..//binary/armv7a/gcc/am335x/drivers/Release/libdrivers.a(cpsw.o)
                0x80010208                CPSWCPDMACmdIdleEnable
 .text.CPSWCPDMACmdIdleDisable
                0x80010228       0x10 ../../../../../..//binary/armv7a/gcc/am335x/drivers/Release/libdrivers.a(cpsw.o)
                0x80010228                CPSWCPDMACmdIdleDisable
 .text.CPSWContextSave
                0x80010238      0x1c0 ../../../../../..//binary/armv7a/gcc/am335x/drivers/Release/libdrivers.a(cpsw.o)
                0x80010238                CPSWContextSave
 .text.CPSWContextRestore
                0x800103f8      0x1d8 ../../../../../..//binary/armv7a/gcc/am335x/drivers/Release/libdrivers.a(cpsw.o)
                0x800103f8                CPSWContextRestore
 .text.DMTimerEnable
                0x800105d0       0x2c ../../../../../..//binary/armv7a/gcc/am335x/drivers/Release/libdrivers.a(dmtimer.o)
                0x800105d0                DMTimerEnable
 .text.DMTimerDisable
                0x800105fc       0x2c ../../../../../..//binary/armv7a/gcc/am335x/drivers/Release/libdrivers.a(dmtimer.o)
                0x800105fc                DMTimerDisable
 .text.DMTimerModeConfigure
                0x80010628       0x58 ../../../../../..//binary/armv7a/gcc/am335x/drivers/Release/libdrivers.a(dmtimer.o)
                0x80010628                DMTimerModeConfigure
 .text.DMTimerCounterSet
                0x80010680       0x24 ../../../../../..//binary/armv7a/gcc/am335x/drivers/Release/libdrivers.a(dmtimer.o)
                0x80010680                DMTimerCounterSet
 .text.DMTimerReloadSet
                0x800106a4       0x24 ../../../../../..//binary/armv7a/gcc/am335x/drivers/Release/libdrivers.a(dmtimer.o)
                0x800106a4                DMTimerReloadSet
 .text.DMTimerIntStatusClear
                0x800106c8        0xc ../../../../../..//binary/armv7a/gcc/am335x/drivers/Release/libdrivers.a(dmtimer.o)
                0x800106c8                DMTimerIntStatusClear
 .text.DMTimerIntEnable
                0x800106d4        0xc ../../../../../..//binary/armv7a/gcc/am335x/drivers/Release/libdrivers.a(dmtimer.o)
                0x800106d4                DMTimerIntEnable
 .text.DMTimerIntDisable
                0x800106e0        0xc ../../../../../..//binary/armv7a/gcc/am335x/drivers/Release/libdrivers.a(dmtimer.o)
                0x800106e0                DMTimerIntDisable
 .text.DMTimerContextSave
                0x800106ec       0x48 ../../../../../..//binary/armv7a/gcc/am335x/drivers/Release/libdrivers.a(dmtimer.o)
                0x800106ec                DMTimerContextSave
 .text.DMTimerContextRestore
                0x80010734       0x9c ../../../../../..//binary/armv7a/gcc/am335x/drivers/Release/libdrivers.a(dmtimer.o)
                0x80010734                DMTimerContextRestore
 .text.EDMA3Init
                0x800107d0      0x104 ../../../../../..//binary/armv7a/gcc/am335x/drivers/Release/libdrivers.a(edma.o)
                0x800107d0                EDMA3Init
 .text.EDMA3EnableChInShadowReg
                0x800108d4       0x80 ../../../../../..//binary/armv7a/gcc/am335x/drivers/Release/libdrivers.a(edma.o)
                0x800108d4                EDMA3EnableChInShadowReg
 .text.EDMA3MapChToEvtQ
                0x80010954       0x60 ../../../../../..//binary/armv7a/gcc/am335x/drivers/Release/libdrivers.a(edma.o)
                0x80010954                EDMA3MapChToEvtQ
 .text.EDMA3ClrMissEvt
                0x800109b4       0x6c ../../../../../..//binary/armv7a/gcc/am335x/drivers/Release/libdrivers.a(edma.o)
                0x800109b4                EDMA3ClrMissEvt
 .text.EDMA3SetEvt
                0x80010a20       0x60 ../../../../../..//binary/armv7a/gcc/am335x/drivers/Release/libdrivers.a(edma.o)
                0x80010a20                EDMA3SetEvt
 .text.EDMA3ClrEvt
                0x80010a80       0x60 ../../../../../..//binary/armv7a/gcc/am335x/drivers/Release/libdrivers.a(edma.o)
                0x80010a80                EDMA3ClrEvt
 .text.EDMA3EnableDmaEvt
                0x80010ae0       0x60 ../../../../../..//binary/armv7a/gcc/am335x/drivers/Release/libdrivers.a(edma.o)
                0x80010ae0                EDMA3EnableDmaEvt
 .text.EDMA3DisableDmaEvt
                0x80010b40       0x34 ../../../../../..//binary/armv7a/gcc/am335x/drivers/Release/libdrivers.a(edma.o)
                0x80010b40                EDMA3DisableDmaEvt
 .text.EDMA3EnableEvtIntr
                0x80010b74       0x60 ../../../../../..//binary/armv7a/gcc/am335x/drivers/Release/libdrivers.a(edma.o)
                0x80010b74                EDMA3EnableEvtIntr
 .text.EDMA3SetPaRAM
                0x80010bd4       0x24 ../../../../../..//binary/armv7a/gcc/am335x/drivers/Release/libdrivers.a(edma.o)
                0x80010bd4                EDMA3SetPaRAM
 .text.EDMA3RequestChannel
                0x80010bf8       0xb0 ../../../../../..//binary/armv7a/gcc/am335x/drivers/Release/libdrivers.a(edma.o)
                0x80010bf8                EDMA3RequestChannel
 .text.EDMA3EnableTransfer
                0x80010ca8       0xa4 ../../../../../..//binary/armv7a/gcc/am335x/drivers/Release/libdrivers.a(edma.o)
                0x80010ca8                EDMA3EnableTransfer
 .text.EDMA3DisableTransfer
                0x80010d4c       0xa4 ../../../../../..//binary/armv7a/gcc/am335x/drivers/Release/libdrivers.a(edma.o)
                0x80010d4c                EDMA3DisableTransfer
 .text.EDMA3ContextSave
                0x80010df0       0xec ../../../../../..//binary/armv7a/gcc/am335x/drivers/Release/libdrivers.a(edma.o)
                0x80010df0                EDMA3ContextSave
 .text.EDMA3ContextRestore
                0x80010edc       0xf8 ../../../../../..//binary/armv7a/gcc/am335x/drivers/Release/libdrivers.a(edma.o)
                0x80010edc                EDMA3ContextRestore
 .text.GPIOModuleReset
                0x80010fd4       0x20 ../../../../../..//binary/armv7a/gcc/am335x/drivers/Release/libdrivers.a(gpio_v2.o)
                0x80010fd4                GPIOModuleReset
 .text.GPIOModuleEnable
                0x80010ff4       0x10 ../../../../../..//binary/armv7a/gcc/am335x/drivers/Release/libdrivers.a(gpio_v2.o)
                0x80010ff4                GPIOModuleEnable
 .text.GPIODirModeSet
                0x80011004       0x1c ../../../../../..//binary/armv7a/gcc/am335x/drivers/Release/libdrivers.a(gpio_v2.o)
                0x80011004                GPIODirModeSet
 .text.GPIOPinWrite
                0x80011020       0x1c ../../../../../..//binary/armv7a/gcc/am335x/drivers/Release/libdrivers.a(gpio_v2.o)
                0x80011020                GPIOPinWrite
 .text.GPIOPinIntEnable
                0x8001103c       0x18 ../../../../../..//binary/armv7a/gcc/am335x/drivers/Release/libdrivers.a(gpio_v2.o)
                0x8001103c                GPIOPinIntEnable
 .text.GPIOPinIntDisable
                0x80011054       0x18 ../../../../../..//binary/armv7a/gcc/am335x/drivers/Release/libdrivers.a(gpio_v2.o)
                0x80011054                GPIOPinIntDisable
 .text.GPIOIntTypeSet
                0x8001106c      0x1bc ../../../../../..//binary/armv7a/gcc/am335x/drivers/Release/libdrivers.a(gpio_v2.o)
                0x8001106c                GPIOIntTypeSet
 .text.GPIOPinIntClear
                0x80011228       0x18 ../../../../../..//binary/armv7a/gcc/am335x/drivers/Release/libdrivers.a(gpio_v2.o)
                0x80011228                GPIOPinIntClear
 .text.GPIOWakeupGlobalEnable
                0x80011240       0x10 ../../../../../..//binary/armv7a/gcc/am335x/drivers/Release/libdrivers.a(gpio_v2.o)
                0x80011240                GPIOWakeupGlobalEnable
 .text.GPIOWakeupGlobalDisable
                0x80011250       0x10 ../../../../../..//binary/armv7a/gcc/am335x/drivers/Release/libdrivers.a(gpio_v2.o)
                0x80011250                GPIOWakeupGlobalDisable
 .text.GPIOPinIntWakeUpEnable
                0x80011260       0x28 ../../../../../..//binary/armv7a/gcc/am335x/drivers/Release/libdrivers.a(gpio_v2.o)
                0x80011260                GPIOPinIntWakeUpEnable
 .text.GPIOPinIntWakeUpDisable
                0x80011288       0x28 ../../../../../..//binary/armv7a/gcc/am335x/drivers/Release/libdrivers.a(gpio_v2.o)
                0x80011288                GPIOPinIntWakeUpDisable
 .text.GPIODebounceFuncControl
                0x800112b0       0x20 ../../../../../..//binary/armv7a/gcc/am335x/drivers/Release/libdrivers.a(gpio_v2.o)
                0x800112b0                GPIODebounceFuncControl
 .text.GPIODebounceTimeConfig
                0x800112d0        0xc ../../../../../..//binary/armv7a/gcc/am335x/drivers/Release/libdrivers.a(gpio_v2.o)
                0x800112d0                GPIODebounceTimeConfig
 .text.gpioContextSave
                0x800112dc       0x1c ../../../../../..//binary/armv7a/gcc/am335x/drivers/Release/libdrivers.a(gpio_v2.o)
                0x800112dc                gpioContextSave
 .text.gpioContextRestore
                0x800112f8       0x1c ../../../../../..//binary/armv7a/gcc/am335x/drivers/Release/libdrivers.a(gpio_v2.o)
                0x800112f8                gpioContextRestore
 .text.GPMCIdleModeSelect
                0x80011314       0x24 ../../../../../..//binary/armv7a/gcc/am335x/drivers/Release/libdrivers.a(gpmc.o)
                0x80011314                GPMCIdleModeSelect
 .text.HSMMCSDSoftReset
                0x80011338       0x58 ../../../../../..//binary/armv7a/gcc/am335x/drivers/Release/libdrivers.a(hs_mmcsd.o)
                0x80011338                HSMMCSDSoftReset
 .text.HSMMCSDLinesReset
                0x80011390       0x5c ../../../../../..//binary/armv7a/gcc/am335x/drivers/Release/libdrivers.a(hs_mmcsd.o)
                0x80011390                HSMMCSDLinesReset
 .text.HSMMCSDSystemConfig
                0x800113ec       0x20 ../../../../../..//binary/armv7a/gcc/am335x/drivers/Release/libdrivers.a(hs_mmcsd.o)
                0x800113ec                HSMMCSDSystemConfig
 .text.HSMMCSDBusWidthSet
                0x8001140c       0x68 ../../../../../..//binary/armv7a/gcc/am335x/drivers/Release/libdrivers.a(hs_mmcsd.o)
                0x8001140c                HSMMCSDBusWidthSet
 .text.HSMMCSDBusVoltSet
                0x80011474       0x1c ../../../../../..//binary/armv7a/gcc/am335x/drivers/Release/libdrivers.a(hs_mmcsd.o)
                0x80011474                HSMMCSDBusVoltSet
 .text.HSMMCSDBusPower
                0x80011490       0x68 ../../../../../..//binary/armv7a/gcc/am335x/drivers/Release/libdrivers.a(hs_mmcsd.o)
                0x80011490                HSMMCSDBusPower
 .text.HSMMCSDIntClock
                0x800114f8       0x88 ../../../../../..//binary/armv7a/gcc/am335x/drivers/Release/libdrivers.a(hs_mmcsd.o)
                0x800114f8                HSMMCSDIntClock
 .text.HSMMCSDSupportedVoltSet
                0x80011580       0x1c ../../../../../..//binary/armv7a/gcc/am335x/drivers/Release/libdrivers.a(hs_mmcsd.o)
                0x80011580                HSMMCSDSupportedVoltSet
 .text.HSMMCSDDataTimeoutSet
                0x8001159c       0x1c ../../../../../..//binary/armv7a/gcc/am335x/drivers/Release/libdrivers.a(hs_mmcsd.o)
                0x8001159c                HSMMCSDDataTimeoutSet
 .text.HSMMCSDBusFreqSet
                0x800115b8      0x174 ../../../../../..//binary/armv7a/gcc/am335x/drivers/Release/libdrivers.a(hs_mmcsd.o)
                0x800115b8                HSMMCSDBusFreqSet
 .text.HSMMCSDInitStreamSend
                0x8001172c       0x90 ../../../../../..//binary/armv7a/gcc/am335x/drivers/Release/libdrivers.a(hs_mmcsd.o)
                0x8001172c                HSMMCSDInitStreamSend
 .text.HSMMCSDIntrEnable
                0x800117bc       0x1c ../../../../../..//binary/armv7a/gcc/am335x/drivers/Release/libdrivers.a(hs_mmcsd.o)
                0x800117bc                HSMMCSDIntrEnable
 .text.HSMMCSDIntrStatusGet
                0x800117d8        0xc ../../../../../..//binary/armv7a/gcc/am335x/drivers/Release/libdrivers.a(hs_mmcsd.o)
                0x800117d8                HSMMCSDIntrStatusGet
 .text.HSMMCSDIntrStatusClear
                0x800117e4        0x8 ../../../../../..//binary/armv7a/gcc/am335x/drivers/Release/libdrivers.a(hs_mmcsd.o)
                0x800117e4                HSMMCSDIntrStatusClear
 .text.HSMMCSDBlkLenSet
                0x800117ec       0x20 ../../../../../..//binary/armv7a/gcc/am335x/drivers/Release/libdrivers.a(hs_mmcsd.o)
                0x800117ec                HSMMCSDBlkLenSet
 .text.HSMMCSDCommandSend
                0x8001180c       0x40 ../../../../../..//binary/armv7a/gcc/am335x/drivers/Release/libdrivers.a(hs_mmcsd.o)
                0x8001180c                HSMMCSDCommandSend
 .text.HSMMCSDResponseGet
                0x8001184c       0x24 ../../../../../..//binary/armv7a/gcc/am335x/drivers/Release/libdrivers.a(hs_mmcsd.o)
                0x8001184c                HSMMCSDResponseGet
 .text.HSMMCSDIsCardInserted
                0x80011870        0xc ../../../../../..//binary/armv7a/gcc/am335x/drivers/Release/libdrivers.a(hs_mmcsd.o)
                0x80011870                HSMMCSDIsCardInserted
 .text.MMCSDContextSave
                0x8001187c       0x34 ../../../../../..//binary/armv7a/gcc/am335x/drivers/Release/libdrivers.a(hs_mmcsd.o)
                0x8001187c                MMCSDContextSave
 .text.MMCSDContextRestore
                0x800118b0       0x34 ../../../../../..//binary/armv7a/gcc/am335x/drivers/Release/libdrivers.a(hs_mmcsd.o)
                0x800118b0                MMCSDContextRestore
 .text.I2CMasterInitExpClk
                0x800118e4       0x50 ../../../../../..//binary/armv7a/gcc/am335x/drivers/Release/libdrivers.a(hsi2c.o)
                0x800118e4                I2CMasterInitExpClk
 .text.I2CMasterEnable
                0x80011934       0x10 ../../../../../..//binary/armv7a/gcc/am335x/drivers/Release/libdrivers.a(hsi2c.o)
                0x80011934                I2CMasterEnable
 .text.I2CMasterDisable
                0x80011944       0x10 ../../../../../..//binary/armv7a/gcc/am335x/drivers/Release/libdrivers.a(hsi2c.o)
                0x80011944                I2CMasterDisable
 .text.I2CMasterBusBusy
                0x80011954        0xc ../../../../../..//binary/armv7a/gcc/am335x/drivers/Release/libdrivers.a(hsi2c.o)
                0x80011954                I2CMasterBusBusy
 .text.I2CMasterBusy
                0x80011960        0xc ../../../../../..//binary/armv7a/gcc/am335x/drivers/Release/libdrivers.a(hsi2c.o)
                0x80011960                I2CMasterBusy
 .text.I2CMasterControl
                0x8001196c        0xc ../../../../../..//binary/armv7a/gcc/am335x/drivers/Release/libdrivers.a(hsi2c.o)
                0x8001196c                I2CMasterControl
 .text.I2CMasterStart
                0x80011978       0x10 ../../../../../..//binary/armv7a/gcc/am335x/drivers/Release/libdrivers.a(hsi2c.o)
                0x80011978                I2CMasterStart
 .text.I2CMasterStop
                0x80011988       0x10 ../../../../../..//binary/armv7a/gcc/am335x/drivers/Release/libdrivers.a(hsi2c.o)
                0x80011988                I2CMasterStop
 .text.I2CMasterIntEnableEx
                0x80011998       0x10 ../../../../../..//binary/armv7a/gcc/am335x/drivers/Release/libdrivers.a(hsi2c.o)
                0x80011998                I2CMasterIntEnableEx
 .text.I2CMasterIntDisableEx
                0x800119a8        0x8 ../../../../../..//binary/armv7a/gcc/am335x/drivers/Release/libdrivers.a(hsi2c.o)
                0x800119a8                I2CMasterIntDisableEx
 .text.I2CMasterIntStatus
                0x800119b0        0x8 ../../../../../..//binary/armv7a/gcc/am335x/drivers/Release/libdrivers.a(hsi2c.o)
                0x800119b0                I2CMasterIntStatus
 .text.I2CMasterIntRawStatus
                0x800119b8        0x8 ../../../../../..//binary/armv7a/gcc/am335x/drivers/Release/libdrivers.a(hsi2c.o)
                0x800119b8                I2CMasterIntRawStatus
 .text.I2CMasterIntRawStatusEx
                0x800119c0        0xc ../../../../../..//binary/armv7a/gcc/am335x/drivers/Release/libdrivers.a(hsi2c.o)
                0x800119c0                I2CMasterIntRawStatusEx
 .text.I2CMasterIntClearEx
                0x800119cc        0x8 ../../../../../..//binary/armv7a/gcc/am335x/drivers/Release/libdrivers.a(hsi2c.o)
                0x800119cc                I2CMasterIntClearEx
 .text.I2CMasterSlaveAddrSet
                0x800119d4        0x8 ../../../../../..//binary/armv7a/gcc/am335x/drivers/Release/libdrivers.a(hsi2c.o)
                0x800119d4                I2CMasterSlaveAddrSet
 .text.I2CSetDataCount
                0x800119dc        0x8 ../../../../../..//binary/armv7a/gcc/am335x/drivers/Release/libdrivers.a(hsi2c.o)
                0x800119dc                I2CSetDataCount
 .text.I2CDataCountGet
                0x800119e4        0x8 ../../../../../..//binary/armv7a/gcc/am335x/drivers/Release/libdrivers.a(hsi2c.o)
                0x800119e4                I2CDataCountGet
 .text.I2COwnAddressSet
                0x800119ec       0x30 ../../../../../..//binary/armv7a/gcc/am335x/drivers/Release/libdrivers.a(hsi2c.o)
                0x800119ec                I2COwnAddressSet
 .text.I2CSoftReset
                0x80011a1c       0x10 ../../../../../..//binary/armv7a/gcc/am335x/drivers/Release/libdrivers.a(hsi2c.o)
                0x80011a1c                I2CSoftReset
 .text.I2CAutoIdleDisable
                0x80011a2c       0x10 ../../../../../..//binary/armv7a/gcc/am335x/drivers/Release/libdrivers.a(hsi2c.o)
                0x80011a2c                I2CAutoIdleDisable
 .text.I2CSystemStatusGet
                0x80011a3c        0xc ../../../../../..//binary/armv7a/gcc/am335x/drivers/Release/libdrivers.a(hsi2c.o)
                0x80011a3c                I2CSystemStatusGet
 .text.I2CMasterDataPut
                0x80011a48        0x8 ../../../../../..//binary/armv7a/gcc/am335x/drivers/Release/libdrivers.a(hsi2c.o)
                0x80011a48                I2CMasterDataPut
 .text.I2CMasterDataGet
                0x80011a50        0xc ../../../../../..//binary/armv7a/gcc/am335x/drivers/Release/libdrivers.a(hsi2c.o)
                0x80011a50                I2CMasterDataGet
 .text.MBresetMailbox
                0x80011a5c       0x1c ../../../../../..//binary/armv7a/gcc/am335x/drivers/Release/libdrivers.a(mailbox.o)
                0x80011a5c                MBresetMailbox
 .text.MBconfigIdleMode
                0x80011a78        0xc ../../../../../..//binary/armv7a/gcc/am335x/drivers/Release/libdrivers.a(mailbox.o)
                0x80011a78                MBconfigIdleMode
 .text.MBgetMessage
                0x80011a84       0x28 ../../../../../..//binary/armv7a/gcc/am335x/drivers/Release/libdrivers.a(mailbox.o)
                0x80011a84                MBgetMessage
 .text.MBsendMessage
                0x80011aac       0x20 ../../../../../..//binary/armv7a/gcc/am335x/drivers/Release/libdrivers.a(mailbox.o)
                0x80011aac                MBsendMessage
 .text.MBenableNewMsgInt
                0x80011acc       0x1c ../../../../../..//binary/armv7a/gcc/am335x/drivers/Release/libdrivers.a(mailbox.o)
                0x80011acc                MBenableNewMsgInt
 .text.MBclrNewMsgStatus
                0x80011ae8       0x1c ../../../../../..//binary/armv7a/gcc/am335x/drivers/Release/libdrivers.a(mailbox.o)
                0x80011ae8                MBclrNewMsgStatus
 .text.MDIOPhyRegRead
                0x80011b04       0x5c ../../../../../..//binary/armv7a/gcc/am335x/drivers/Release/libdrivers.a(mdio.o)
                0x80011b04                MDIOPhyRegRead
 .text.MDIOPhyRegWrite
                0x80011b60       0x44 ../../../../../..//binary/armv7a/gcc/am335x/drivers/Release/libdrivers.a(mdio.o)
                0x80011b60                MDIOPhyRegWrite
 .text.MDIOPhyAliveStatusGet
                0x80011ba4        0x8 ../../../../../..//binary/armv7a/gcc/am335x/drivers/Release/libdrivers.a(mdio.o)
                0x80011ba4                MDIOPhyAliveStatusGet
 .text.MDIOInit
                0x80011bac       0x34 ../../../../../..//binary/armv7a/gcc/am335x/drivers/Release/libdrivers.a(mdio.o)
                0x80011bac                MDIOInit
 .text.MDIOContextSave
                0x80011be0        0xc ../../../../../..//binary/armv7a/gcc/am335x/drivers/Release/libdrivers.a(mdio.o)
                0x80011be0                MDIOContextSave
 .text.MDIOContextRestore
                0x80011bec        0xc ../../../../../..//binary/armv7a/gcc/am335x/drivers/Release/libdrivers.a(mdio.o)
                0x80011bec                MDIOContextRestore
 .text.PhyAutoNegotiate
                0x80011bf8      0x164 ../../../../../..//binary/armv7a/gcc/am335x/drivers/Release/libdrivers.a(phy.o)
                0x80011bf8                PhyAutoNegotiate
 .text.PhyAutoNegStatusGet
                0x80011d5c       0x2c ../../../../../..//binary/armv7a/gcc/am335x/drivers/Release/libdrivers.a(phy.o)
                0x80011d5c                PhyAutoNegStatusGet
 .text.PhyPartnerAbilityGet
                0x80011d88       0x58 ../../../../../..//binary/armv7a/gcc/am335x/drivers/Release/libdrivers.a(phy.o)
                0x80011d88                PhyPartnerAbilityGet
 .text.PhyLinkStatusGet
                0x80011de0       0x8c ../../../../../..//binary/armv7a/gcc/am335x/drivers/Release/libdrivers.a(phy.o)
                0x80011de0                PhyLinkStatusGet
 .text.RTCRun   0x80011e6c       0x48 ../../../../../..//binary/armv7a/gcc/am335x/drivers/Release/libdrivers.a(rtc.o)
                0x80011e6c                RTCRun
 .text.RTCWriteProtectDisable
                0x80011eb4       0x1c ../../../../../..//binary/armv7a/gcc/am335x/drivers/Release/libdrivers.a(rtc.o)
                0x80011eb4                RTCWriteProtectDisable
 .text.RTCIntTimerEnable
                0x80011ed0       0x30 ../../../../../..//binary/armv7a/gcc/am335x/drivers/Release/libdrivers.a(rtc.o)
                0x80011ed0                RTCIntTimerEnable
 .text.RTCEnable
                0x80011f00       0x5c ../../../../../..//binary/armv7a/gcc/am335x/drivers/Release/libdrivers.a(rtc.o)
                0x80011f00                RTCEnable
 .text.RTCTimeSet
                0x80011f5c       0x70 ../../../../../..//binary/armv7a/gcc/am335x/drivers/Release/libdrivers.a(rtc.o)
                0x80011f5c                RTCTimeSet
 .text.RTCTimeGet
                0x80011fcc       0x30 ../../../../../..//binary/armv7a/gcc/am335x/drivers/Release/libdrivers.a(rtc.o)
                0x80011fcc                RTCTimeGet
 .text.RTCCalendarSet
                0x80011ffc       0x34 ../../../../../..//binary/armv7a/gcc/am335x/drivers/Release/libdrivers.a(rtc.o)
                0x80011ffc                RTCCalendarSet
 .text.RTCCalendarGet
                0x80012030       0x34 ../../../../../..//binary/armv7a/gcc/am335x/drivers/Release/libdrivers.a(rtc.o)
                0x80012030                RTCCalendarGet
 .text.RTC32KClkSourceSelect
                0x80012064       0x30 ../../../../../..//binary/armv7a/gcc/am335x/drivers/Release/libdrivers.a(rtc.o)
                0x80012064                RTC32KClkSourceSelect
 .text.RTC32KClkClockControl
                0x80012094       0x20 ../../../../../..//binary/armv7a/gcc/am335x/drivers/Release/libdrivers.a(rtc.o)
                0x80012094                RTC32KClkClockControl
 .text.UARTOperatingModeSelect
                0x800120b4       0x2c ../../../../../..//binary/armv7a/gcc/am335x/drivers/Release/libdrivers.a(uart_irda_cir.o)
                0x800120b4                UARTOperatingModeSelect
 .text.UARTDivisorValCompute
                0x800120e0       0x68 ../../../../../..//binary/armv7a/gcc/am335x/drivers/Release/libdrivers.a(uart_irda_cir.o)
                0x800120e0                UARTDivisorValCompute
 .text.UARTDivisorLatchDisable
                0x80012148       0x10 ../../../../../..//binary/armv7a/gcc/am335x/drivers/Release/libdrivers.a(uart_irda_cir.o)
                0x80012148                UARTDivisorLatchDisable
 .text.UARTRegConfigModeEnable
                0x80012158       0x44 ../../../../../..//binary/armv7a/gcc/am335x/drivers/Release/libdrivers.a(uart_irda_cir.o)
                0x80012158                UARTRegConfigModeEnable
 .text.UARTDivisorLatchWrite
                0x8001219c      0x13c ../../../../../..//binary/armv7a/gcc/am335x/drivers/Release/libdrivers.a(uart_irda_cir.o)
                0x8001219c                UARTDivisorLatchWrite
 .text.UARTBreakCtl
                0x800122d8       0x20 ../../../../../..//binary/armv7a/gcc/am335x/drivers/Release/libdrivers.a(uart_irda_cir.o)
                0x800122d8                UARTBreakCtl
 .text.UARTLineCharacConfig
                0x800122f8       0x3c ../../../../../..//binary/armv7a/gcc/am335x/drivers/Release/libdrivers.a(uart_irda_cir.o)
                0x800122f8                UARTLineCharacConfig
 .text.UARTFIFORegisterWrite
                0x80012334       0x88 ../../../../../..//binary/armv7a/gcc/am335x/drivers/Release/libdrivers.a(uart_irda_cir.o)
                0x80012334                UARTFIFORegisterWrite
 .text.UARTSubConfigTCRTLRModeEn
                0x800123bc       0x74 ../../../../../..//binary/armv7a/gcc/am335x/drivers/Release/libdrivers.a(uart_irda_cir.o)
                0x800123bc                UARTSubConfigTCRTLRModeEn
 .text.UARTTCRTLRBitValRestore
                0x80012430       0x78 ../../../../../..//binary/armv7a/gcc/am335x/drivers/Release/libdrivers.a(uart_irda_cir.o)
                0x80012430                UARTTCRTLRBitValRestore
 .text.UARTFIFOConfig
                0x800124a8      0x224 ../../../../../..//binary/armv7a/gcc/am335x/drivers/Release/libdrivers.a(uart_irda_cir.o)
                0x800124a8                UARTFIFOConfig
 .text.UARTIntEnable
                0x800126cc       0x84 ../../../../../..//binary/armv7a/gcc/am335x/drivers/Release/libdrivers.a(uart_irda_cir.o)
                0x800126cc                UARTIntEnable
 .text.UARTIntDisable
                0x80012750       0x74 ../../../../../..//binary/armv7a/gcc/am335x/drivers/Release/libdrivers.a(uart_irda_cir.o)
                0x80012750                UARTIntDisable
 .text.UARTCharsAvail
                0x800127c4       0x20 ../../../../../..//binary/armv7a/gcc/am335x/drivers/Release/libdrivers.a(uart_irda_cir.o)
                0x800127c4                UARTCharsAvail
 .text.UARTCharPutNonBlocking
                0x800127e4       0x2c ../../../../../..//binary/armv7a/gcc/am335x/drivers/Release/libdrivers.a(uart_irda_cir.o)
                0x800127e4                UARTCharPutNonBlocking
 .text.UARTCharGetNonBlocking
                0x80012810       0x30 ../../../../../..//binary/armv7a/gcc/am335x/drivers/Release/libdrivers.a(uart_irda_cir.o)
                0x80012810                UARTCharGetNonBlocking
 .text.UARTCharGet
                0x80012840       0x30 ../../../../../..//binary/armv7a/gcc/am335x/drivers/Release/libdrivers.a(uart_irda_cir.o)
                0x80012840                UARTCharGet
 .text.UARTCharPut
                0x80012870       0x30 ../../../../../..//binary/armv7a/gcc/am335x/drivers/Release/libdrivers.a(uart_irda_cir.o)
                0x80012870                UARTCharPut
 .text.UARTModuleReset
                0x800128a0       0x20 ../../../../../..//binary/armv7a/gcc/am335x/drivers/Release/libdrivers.a(uart_irda_cir.o)
                0x800128a0                UARTModuleReset
 .text.UARTIdleModeConfigure
                0x800128c0       0x20 ../../../../../..//binary/armv7a/gcc/am335x/drivers/Release/libdrivers.a(uart_irda_cir.o)
                0x800128c0                UARTIdleModeConfigure
 .text.UARTWakeUpControl
                0x800128e0       0x20 ../../../../../..//binary/armv7a/gcc/am335x/drivers/Release/libdrivers.a(uart_irda_cir.o)
                0x800128e0                UARTWakeUpControl
 .text.ASCIIToDigit
                0x80012900       0x84 ../../../../../..//binary/armv7a/gcc/utils/Release/libutils.a(ascii.o)
                0x80012900                ASCIIToDigit
 .text.DigitToASCII
                0x80012984       0x38 ../../../../../..//binary/armv7a/gcc/utils/Release/libutils.a(ascii.o)
                0x80012984                DigitToASCII
 .text.TimeToStr
                0x800129bc       0x98 ../../../../../..//binary/armv7a/gcc/utils/Release/libutils.a(ascii.o)
                0x800129bc                TimeToStr
 .text.DateToStr
                0x80012a54       0x98 ../../../../../..//binary/armv7a/gcc/utils/Release/libutils.a(ascii.o)
                0x80012a54                DateToStr
 .text.BoardVersionGet
                0x80012aec        0xc ../../../../../..//binary/armv7a/gcc/utils/Release/libutils.a(board.o)
                0x80012aec                BoardVersionGet
 .text.BoardNameGet
                0x80012af8        0xc ../../../../../..//binary/armv7a/gcc/utils/Release/libutils.a(board.o)
                0x80012af8                BoardNameGet
 .text.BoardInfoInit
                0x80012b04       0xb4 ../../../../../..//binary/armv7a/gcc/utils/Release/libutils.a(board.o)
                0x80012b04                BoardInfoInit
 .text.CmdLineProcess
                0x80012bb8       0xd0 ../../../../../..//binary/armv7a/gcc/utils/Release/libutils.a(cmdline.o)
                0x80012bb8                CmdLineProcess
 .text.ConsoleUtilsInit
                0x80012c88       0x14 ../../../../../..//binary/armv7a/gcc/utils/Release/libutils.a(consoleUtils.o)
                0x80012c88                ConsoleUtilsInit
 .text.ConsoleUtilsSetType
                0x80012c9c       0x38 ../../../../../..//binary/armv7a/gcc/utils/Release/libutils.a(consoleUtils.o)
                0x80012c9c                ConsoleUtilsSetType
 .text.ConsoleUtilsPrintf
                0x80012cd4       0x64 ../../../../../..//binary/armv7a/gcc/utils/Release/libutils.a(consoleUtils.o)
                0x80012cd4                ConsoleUtilsPrintf
 .text.ConsoleUtilsScanf
                0x80012d38       0x68 ../../../../../..//binary/armv7a/gcc/utils/Release/libutils.a(consoleUtils.o)
                0x80012d38                ConsoleUtilsScanf
 .text.DelayTimerSetup
                0x80012da0       0x14 ../../../../../..//binary/armv7a/gcc/utils/Release/libutils.a(delay.o)
                0x80012da0                DelayTimerSetup
 .text.delay    0x80012db4       0x14 ../../../../../..//binary/armv7a/gcc/utils/Release/libutils.a(delay.o)
                0x80012db4                delay
 .text.UARTStdioInit
                0x80012dc8       0x14 ../../../../../..//binary/armv7a/gcc/utils/Release/libutils.a(uartStdio.o)
                0x80012dc8                UARTStdioInit
 .text.UARTPuts
                0x80012ddc       0x78 ../../../../../..//binary/armv7a/gcc/utils/Release/libutils.a(uartStdio.o)
                0x80012ddc                UARTPuts
 .text.UARTGetc
                0x80012e54       0x14 ../../../../../..//binary/armv7a/gcc/utils/Release/libutils.a(uartStdio.o)
                0x80012e54                UARTGetc
 .text.UARTwrite
                0x80012e68       0x58 ../../../../../..//binary/armv7a/gcc/utils/Release/libutils.a(uartStdio.o)
                0x80012e68                UARTwrite
 .text.UARTScanf
                0x80012ec0      0x718 ../../../../../..//binary/armv7a/gcc/utils/Release/libutils.a(uartStdio.o)
                0x80012ec0                UARTScanf
 .text.UARTPrintf
                0x800135d8      0x4bc ../../../../../..//binary/armv7a/gcc/utils/Release/libutils.a(uartStdio.o)
                0x800135d8                UARTPrintf
 .text.BoardInfoCheck
                0x80013a94       0xd4 ../../../../../..//binary/armv7a/gcc/am335x/beaglebone/platform/Release/libplatform.a(board.o)
                0x80013a94                BoardInfoCheck
 .text.CPSWPinMuxSetup
                0x80013b68       0x60 ../../../../../..//binary/armv7a/gcc/am335x/beaglebone/platform/Release/libplatform.a(cpsw.o)
                0x80013b68                CPSWPinMuxSetup
 .text.CPSWClkEnable
                0x80013bc8       0x44 ../../../../../..//binary/armv7a/gcc/am335x/beaglebone/platform/Release/libplatform.a(cpsw.o)
                0x80013bc8                CPSWClkEnable
 .text.EVMPortMIIModeSelect
                0x80013c0c       0x14 ../../../../../..//binary/armv7a/gcc/am335x/beaglebone/platform/Release/libplatform.a(cpsw.o)
                0x80013c0c                EVMPortMIIModeSelect
 .text.EVMMACAddrGet
                0x80013c20       0x5c ../../../../../..//binary/armv7a/gcc/am335x/beaglebone/platform/Release/libplatform.a(cpsw.o)
                0x80013c20                EVMMACAddrGet
 .text.ControlRegContextSave
                0x80013c7c       0x48 ../../../../../..//binary/armv7a/gcc/am335x/beaglebone/platform/Release/libplatform.a(ctlregcontext.o)
                0x80013c7c                ControlRegContextSave
 .text.ControlRegContextRestore
                0x80013cc4       0x40 ../../../../../..//binary/armv7a/gcc/am335x/beaglebone/platform/Release/libplatform.a(ctlregcontext.o)
                0x80013cc4                ControlRegContextRestore
 .text.IOPadContextSave
                0x80013d04       0x28 ../../../../../..//binary/armv7a/gcc/am335x/beaglebone/platform/Release/libplatform.a(ctlregcontext.o)
                0x80013d04                IOPadContextSave
 .text.IOPadContextRestore
                0x80013d2c       0x28 ../../../../../..//binary/armv7a/gcc/am335x/beaglebone/platform/Release/libplatform.a(ctlregcontext.o)
                0x80013d2c                IOPadContextRestore
 .text.IOPadConfigure
                0x80013d54       0x1c ../../../../../..//binary/armv7a/gcc/am335x/beaglebone/platform/Release/libplatform.a(ctlregcontext.o)
                0x80013d54                IOPadConfigure
 .text.IOPadSel
                0x80013d70       0x20 ../../../../../..//binary/armv7a/gcc/am335x/beaglebone/platform/Release/libplatform.a(ctlregcontext.o)
                0x80013d70                IOPadSel
 .text.IOPadSelConfigure
                0x80013d90       0x30 ../../../../../..//binary/armv7a/gcc/am335x/beaglebone/platform/Release/libplatform.a(ctlregcontext.o)
                0x80013d90                IOPadSelConfigure
 .text.DMTimer3ModuleClkConfig
                0x80013dc0      0x1a8 ../../../../../..//binary/armv7a/gcc/am335x/beaglebone/platform/Release/libplatform.a(dmtimer.o)
                0x80013dc0                DMTimer3ModuleClkConfig
 .text.DMTimer2ModuleClkConfig
                0x80013f68      0x1a8 ../../../../../..//binary/armv7a/gcc/am335x/beaglebone/platform/Release/libplatform.a(dmtimer.o)
                0x80013f68                DMTimer2ModuleClkConfig
 .text.DMTimer4ModuleClkConfig
                0x80014110      0x1b4 ../../../../../..//binary/armv7a/gcc/am335x/beaglebone/platform/Release/libplatform.a(dmtimer.o)
                0x80014110                DMTimer4ModuleClkConfig
 .text.DMTimer6ModuleClkConfig
                0x800142c4       0x80 ../../../../../..//binary/armv7a/gcc/am335x/beaglebone/platform/Release/libplatform.a(dmtimer.o)
                0x800142c4                DMTimer6ModuleClkConfig
 .text.DMTimer7ModuleClkConfig
                0x80014344      0x1a8 ../../../../../..//binary/armv7a/gcc/am335x/beaglebone/platform/Release/libplatform.a(dmtimer.o)
                0x80014344                DMTimer7ModuleClkConfig
 .text.DMTimer1msModuleClkConfig
                0x800144ec       0x84 ../../../../../..//binary/armv7a/gcc/am335x/beaglebone/platform/Release/libplatform.a(dmtimer.o)
                0x800144ec                DMTimer1msModuleClkConfig
 .text.EDMAVersionGet
                0x80014570        0x8 ../../../../../..//binary/armv7a/gcc/am335x/beaglebone/platform/Release/libplatform.a(edma.o)
                0x80014570                EDMAVersionGet
 .text.EDMAModuleClkConfig
                0x80014578      0x158 ../../../../../..//binary/armv7a/gcc/am335x/beaglebone/platform/Release/libplatform.a(edma.o)
                0x80014578                EDMAModuleClkConfig
 .text.EEPROMI2CSetUp
                0x800146d0       0xe0 ../../../../../..//binary/armv7a/gcc/am335x/beaglebone/platform/Release/libplatform.a(eeprom.o)
                0x800146d0                EEPROMI2CSetUp
 .text.EEPROMI2CRead
                0x800147b0      0x1d4 ../../../../../..//binary/armv7a/gcc/am335x/beaglebone/platform/Release/libplatform.a(eeprom.o)
                0x800147b0                EEPROMI2CRead
 .text.BoardInfoRead
                0x80014984       0x34 ../../../../../..//binary/armv7a/gcc/am335x/beaglebone/platform/Release/libplatform.a(eeprom.o)
                0x80014984                BoardInfoRead
 .text.GPIO1Pin23PinMuxSetup
                0x800149b8       0x14 ../../../../../..//binary/armv7a/gcc/am335x/beaglebone/platform/Release/libplatform.a(gpio.o)
                0x800149b8                GPIO1Pin23PinMuxSetup
 .text.GPIO0ModuleClkConfig
                0x800149cc       0xdc ../../../../../..//binary/armv7a/gcc/am335x/beaglebone/platform/Release/libplatform.a(gpio.o)
                0x800149cc                GPIO0ModuleClkConfig
 .text.GPIO1ModuleClkConfig
                0x80014aa8       0x78 ../../../../../..//binary/armv7a/gcc/am335x/beaglebone/platform/Release/libplatform.a(gpio.o)
                0x80014aa8                GPIO1ModuleClkConfig
 .text.GpioPinMuxSetup
                0x80014b20       0x10 ../../../../../..//binary/armv7a/gcc/am335x/beaglebone/platform/Release/libplatform.a(gpio.o)
                0x80014b20                GpioPinMuxSetup
 .text.HSMMCSDPinMuxSetup
                0x80014b30       0x30 ../../../../../..//binary/armv7a/gcc/am335x/beaglebone/platform/Release/libplatform.a(hs_mmcsd.o)
                0x80014b30                HSMMCSDPinMuxSetup
 .text.HSMMCSDModuleClkConfig
                0x80014b60       0x2c ../../../../../..//binary/armv7a/gcc/am335x/beaglebone/platform/Release/libplatform.a(hs_mmcsd.o)
                0x80014b60                HSMMCSDModuleClkConfig
 .text.I2CPinMuxSetup
                0x80014b8c       0x3c ../../../../../..//binary/armv7a/gcc/am335x/beaglebone/platform/Release/libplatform.a(hsi2c.o)
                0x80014b8c                I2CPinMuxSetup
 .text.I2C0ModuleClkConfig
                0x80014bc8      0x25c ../../../../../..//binary/armv7a/gcc/am335x/beaglebone/platform/Release/libplatform.a(hsi2c.o)
                0x80014bc8                I2C0ModuleClkConfig
 .text.RtcVersionGet
                0x80014e24        0x8 ../../../../../..//binary/armv7a/gcc/am335x/beaglebone/platform/Release/libplatform.a(rtc.o)
                0x80014e24                RtcVersionGet
 .text.RTCModuleClkConfig
                0x80014e2c      0x298 ../../../../../..//binary/armv7a/gcc/am335x/beaglebone/platform/Release/libplatform.a(rtc.o)
                0x80014e2c                RTCModuleClkConfig
 .text.DMTimerIsr
                0x800150c4       0x44 ../../../../../..//binary/armv7a/gcc/am335x/beaglebone/platform/Release/libplatform.a(sysdelay.o)
 .text.SysDelayTimerSetup
                0x80015108       0x84 ../../../../../..//binary/armv7a/gcc/am335x/beaglebone/platform/Release/libplatform.a(sysdelay.o)
                0x80015108                SysDelayTimerSetup
 .text.Sysdelay
                0x8001518c       0x88 ../../../../../..//binary/armv7a/gcc/am335x/beaglebone/platform/Release/libplatform.a(sysdelay.o)
                0x8001518c                Sysdelay
 .text.UARTConsoleInit
                0x80015214       0xf0 ../../../../../..//binary/armv7a/gcc/am335x/beaglebone/platform/Release/libplatform.a(uartConsole.o)
                0x80015214                UARTConsoleInit
 .text.UARTConsolePutc
                0x80015304       0x20 ../../../../../..//binary/armv7a/gcc/am335x/beaglebone/platform/Release/libplatform.a(uartConsole.o)
                0x80015304                UARTConsolePutc
 .text.UARTConsoleGetc
                0x80015324       0x20 ../../../../../..//binary/armv7a/gcc/am335x/beaglebone/platform/Release/libplatform.a(uartConsole.o)
                0x80015324                UARTConsoleGetc
 .text.UARTPinMuxSetup
                0x80015344       0x24 ../../../../../..//binary/armv7a/gcc/am335x/beaglebone/platform/Release/libplatform.a(uart.o)
                0x80015344                UARTPinMuxSetup
 .text.UART0ModuleClkConfig
                0x80015368      0x25c ../../../../../..//binary/armv7a/gcc/am335x/beaglebone/platform/Release/libplatform.a(uart.o)
                0x80015368                UART0ModuleClkConfig
 .text.HSMMCSDCardPresent
                0x800155c4       0x18 ../../../../../..//binary/armv7a/gcc/mmcsdlib/Release/libmmcsd.a(hs_mmcsdlib.o)
                0x800155c4                HSMMCSDCardPresent
 .text.HSMMCSDIntEnable
                0x800155dc       0x20 ../../../../../..//binary/armv7a/gcc/mmcsdlib/Release/libmmcsd.a(hs_mmcsdlib.o)
                0x800155dc                HSMMCSDIntEnable
 .text.HSMMCSDControllerInit
                0x800155fc      0x124 ../../../../../..//binary/armv7a/gcc/mmcsdlib/Release/libmmcsd.a(hs_mmcsdlib.o)
                0x800155fc                HSMMCSDControllerInit
 .text.HSMMCSDCmdSend
                0x80015720      0x12c ../../../../../..//binary/armv7a/gcc/mmcsdlib/Release/libmmcsd.a(hs_mmcsdlib.o)
                0x80015720                HSMMCSDCmdSend
 .text.HSMMCSDBusWidthConfig
                0x8001584c       0x20 ../../../../../..//binary/armv7a/gcc/mmcsdlib/Release/libmmcsd.a(hs_mmcsdlib.o)
                0x8001584c                HSMMCSDBusWidthConfig
 .text.HSMMCSDBusFreqConfig
                0x8001586c       0x20 ../../../../../..//binary/armv7a/gcc/mmcsdlib/Release/libmmcsd.a(hs_mmcsdlib.o)
                0x8001586c                HSMMCSDBusFreqConfig
 .text.MMCSDAppCmdSend
                0x8001588c       0x58 ../../../../../..//binary/armv7a/gcc/mmcsdlib/Release/libmmcsd.a(mmcsd_proto.o)
                0x8001588c                MMCSDAppCmdSend
 .text.MMCSDBusWidthSet
                0x800158e4       0x98 ../../../../../..//binary/armv7a/gcc/mmcsdlib/Release/libmmcsd.a(mmcsd_proto.o)
                0x800158e4                MMCSDBusWidthSet
 .text.MMCSDTranSpeedSet
                0x8001597c       0xf0 ../../../../../..//binary/armv7a/gcc/mmcsdlib/Release/libmmcsd.a(mmcsd_proto.o)
                0x8001597c                MMCSDTranSpeedSet
 .text.MMCSDCardTypeCheck
                0x80015a6c       0x34 ../../../../../..//binary/armv7a/gcc/mmcsdlib/Release/libmmcsd.a(mmcsd_proto.o)
                0x80015a6c                MMCSDCardTypeCheck
 .text.MMCSDCtrlInit
                0x80015aa0       0x10 ../../../../../..//binary/armv7a/gcc/mmcsdlib/Release/libmmcsd.a(mmcsd_proto.o)
                0x80015aa0                MMCSDCtrlInit
 .text.MMCSDIntEnable
                0x80015ab0       0x10 ../../../../../..//binary/armv7a/gcc/mmcsdlib/Release/libmmcsd.a(mmcsd_proto.o)
                0x80015ab0                MMCSDIntEnable
 .text.MMCSDCardInit
                0x80015ac0      0x41c ../../../../../..//binary/armv7a/gcc/mmcsdlib/Release/libmmcsd.a(mmcsd_proto.o)
                0x80015ac0                MMCSDCardInit
 .text.MMCSDWriteCmdSend
                0x80015edc      0x110 ../../../../../..//binary/armv7a/gcc/mmcsdlib/Release/libmmcsd.a(mmcsd_proto.o)
                0x80015edc                MMCSDWriteCmdSend
 .text.MMCSDReadCmdSend
                0x80015fec      0x108 ../../../../../..//binary/armv7a/gcc/mmcsdlib/Release/libmmcsd.a(mmcsd_proto.o)
                0x80015fec                MMCSDReadCmdSend
 .text.CacheDisable
                0x800160f4       0x68 ../../../../../..//binary/armv7a/gcc/am335x/system_config/Release/libsystem_config.a(cache.o)
                0x800160f4                CacheDisable
 .text.CacheEnable
                0x8001615c       0x84 ../../../../../..//binary/armv7a/gcc/am335x/system_config/Release/libsystem_config.a(cache.o)
                0x8001615c                CacheEnable
 .text.CacheDataCleanBuff
                0x800161e0       0x14 ../../../../../..//binary/armv7a/gcc/am335x/system_config/Release/libsystem_config.a(cache.o)
                0x800161e0                CacheDataCleanBuff
 .text.CacheDataInvalidateBuff
                0x800161f4       0x14 ../../../../../..//binary/armv7a/gcc/am335x/system_config/Release/libsystem_config.a(cache.o)
                0x800161f4                CacheDataInvalidateBuff
 .text.setLPBypassMode.part.0
                0x80016208       0x44 ../../../../../..//binary/armv7a/gcc/am335x/system_config/Release/libsystem_config.a(clock.o)
 .text.setLPBypassMode
                0x8001624c       0x68 ../../../../../..//binary/armv7a/gcc/am335x/system_config/Release/libsystem_config.a(clock.o)
                0x8001624c                setLPBypassMode
 .text.configADPLL
                0x800162b4      0x10c ../../../../../..//binary/armv7a/gcc/am335x/system_config/Release/libsystem_config.a(clock.o)
                0x800162b4                configADPLL
 .text.enableClock
                0x800163c0      0x134 ../../../../../..//binary/armv7a/gcc/am335x/system_config/Release/libsystem_config.a(clock.o)
 .text.enableModuleClock
                0x800164f4       0xe4 ../../../../../..//binary/armv7a/gcc/am335x/system_config/Release/libsystem_config.a(clock.o)
                0x800164f4                enableModuleClock
 .text.disableModuleClock
                0x800165d8      0x19c ../../../../../..//binary/armv7a/gcc/am335x/system_config/Release/libsystem_config.a(clock.o)
                0x800165d8                disableModuleClock
 .text.disableSelModuleClock
                0x80016774       0x74 ../../../../../..//binary/armv7a/gcc/am335x/system_config/Release/libsystem_config.a(clock.o)
                0x80016774                disableSelModuleClock
 .text.enableSelModuleClock
                0x800167e8       0x54 ../../../../../..//binary/armv7a/gcc/am335x/system_config/Release/libsystem_config.a(clock.o)
                0x800167e8                enableSelModuleClock
 .text          0x8001683c      0x488 ../../../../../..//binary/armv7a/gcc/am335x/system_config/Release/libsystem_config.a(cp15.o)
                0x8001683c                CP15ICacheDisable
                0x80016858                CP15DCacheDisable
                0x80016874                CP15ICacheEnable
                0x80016884                CP15DCacheEnable
                0x80016894                CP15DCacheFlush
                0x80016928                CP15DCacheClean
                0x800169bc                CP15DCacheCleanFlush
                0x80016a50                CP15ICacheFlush
                0x80016a60                CP15DCacheCleanBuff
                0x80016ab4                CP15DCacheCleanFlushBuff
                0x80016b08                CP15DCacheFlushBuff
                0x80016b6c                CP15ICacheFlushBuff
                0x80016bc0                CP15Ttb0Set
                0x80016bcc                CP15TlbInvalidate
                0x80016bd8                CP15MMUDisable
                0x80016bf0                CP15MMUEnable
                0x80016c04                CP15VectorBaseAddrSet
                0x80016c10                CP15BranchPredictorInvalidate
                0x80016c1c                CP15BranchPredictionEnable
                0x80016c2c                CP15BranchPredictionDisable
                0x80016c3c                CP15DomainAccessClientSet
                0x80016c4c                CP15ControlFeatureDisable
                0x80016c60                CP15ControlFeatureEnable
                0x80016c74                CP15TtbCtlTtb0Config
                0x80016c84                CP15AuxControlFeatureEnable
                0x80016c98                CP15AuxControlFeatureDisable
                0x80016cac                CP15MainIdPrimPartNumGet
 .text.DeviceVersionGet
                0x80016cc4       0x14 ../../../../../..//binary/armv7a/gcc/am335x/system_config/Release/libsystem_config.a(device.o)
                0x80016cc4                DeviceVersionGet
 .text.IntDefaultHandler
                0x80016cd8        0x4 ../../../../../..//binary/armv7a/gcc/am335x/system_config/Release/libsystem_config.a(interrupt.o)
 .text.IntRegister
                0x80016cdc       0x10 ../../../../../..//binary/armv7a/gcc/am335x/system_config/Release/libsystem_config.a(interrupt.o)
                0x80016cdc                IntRegister
 .text.IntAINTCInit
                0x80016cec       0x54 ../../../../../..//binary/armv7a/gcc/am335x/system_config/Release/libsystem_config.a(interrupt.o)
                0x80016cec                IntAINTCInit
 .text.IntPrioritySet
                0x80016d40       0x24 ../../../../../..//binary/armv7a/gcc/am335x/system_config/Release/libsystem_config.a(interrupt.o)
                0x80016d40                IntPrioritySet
 .text.IntSystemEnable
                0x80016d64       0x24 ../../../../../..//binary/armv7a/gcc/am335x/system_config/Release/libsystem_config.a(interrupt.o)
                0x80016d64                IntSystemEnable
 .text.IntMasterIRQEnable
                0x80016d88       0x14 ../../../../../..//binary/armv7a/gcc/am335x/system_config/Release/libsystem_config.a(interrupt.o)
                0x80016d88                IntMasterIRQEnable
 .text.IntMasterIRQDisable
                0x80016d9c       0x14 ../../../../../..//binary/armv7a/gcc/am335x/system_config/Release/libsystem_config.a(interrupt.o)
                0x80016d9c                IntMasterIRQDisable
 .text.IntMasterStatusGet
                0x80016db0       0x14 ../../../../../..//binary/armv7a/gcc/am335x/system_config/Release/libsystem_config.a(interrupt.o)
                0x80016db0                IntMasterStatusGet
 .text.MMUInit  0x80016dc4       0x54 ../../../../../..//binary/armv7a/gcc/am335x/system_config/Release/libsystem_config.a(mmu.o)
                0x80016dc4                MMUInit
 .text.MMUMemRegionMap
                0x80016e18       0x74 ../../../../../..//binary/armv7a/gcc/am335x/system_config/Release/libsystem_config.a(mmu.o)
                0x80016e18                MMUMemRegionMap
 .text.MMUEnable
                0x80016e8c       0x20 ../../../../../..//binary/armv7a/gcc/am335x/system_config/Release/libsystem_config.a(mmu.o)
                0x80016e8c                MMUEnable
 .text.start_boot
                0x80016eac       0x60 ../../../../../..//binary/armv7a/gcc/am335x/system_config/Release/libsystem_config.a(startup.o)
                0x80016eac                start_boot
 .text.CPUIntStatus
                0x80016f0c        0xc ../../../../../..//binary/armv7a/gcc/am335x/system_config/Release/libsystem_config.a(cpu.o)
                0x80016f0c                CPUIntStatus
 .text.CPUirqd  0x80016f18       0x14 ../../../../../..//binary/armv7a/gcc/am335x/system_config/Release/libsystem_config.a(cpu.o)
                0x80016f18                CPUirqd
 .text.CPUirqe  0x80016f2c       0x14 ../../../../../..//binary/armv7a/gcc/am335x/system_config/Release/libsystem_config.a(cpu.o)
                0x80016f2c                CPUirqe
 .text          0x80016f40       0xf0 ../../../../../..//binary/armv7a/gcc/am335x/system_config/Release/libsystem_config.a(exceptionhandler.o)
                0x80016f40                SVC_Handler
                0x80016f68                IRQHandler
                0x80017014                FIQHandler
                0x80017018                UndefInstHandler
                0x80017018                AbortHandler
 .text.memcmp   0x80017030       0xb4 /home/abby/opt/gcc-arm-none-eabi-4_7-2012q4//arm-none-eabi/lib//libc.a(lib_a-memcmp.o)
                0x80017030                memcmp
 .text.memcpy   0x800170e4       0xf4 /home/abby/opt/gcc-arm-none-eabi-4_7-2012q4//arm-none-eabi/lib//libc.a(lib_a-memcpy.o)
                0x800170e4                memcpy
 .text.memset   0x800171d8       0xf8 /home/abby/opt/gcc-arm-none-eabi-4_7-2012q4//arm-none-eabi/lib//libc.a(lib_a-memset.o)
                0x800171d8                memset
 .text.stpcpy   0x800172d0       0x84 /home/abby/opt/gcc-arm-none-eabi-4_7-2012q4//arm-none-eabi/lib//libc.a(lib_a-stpcpy.o)
                0x800172d0                stpcpy
 .text.strcat   0x80017354       0xa0 /home/abby/opt/gcc-arm-none-eabi-4_7-2012q4//arm-none-eabi/lib//libc.a(lib_a-strcat.o)
                0x80017354                strcat
 .text.strchr   0x800173f4      0x1dc /home/abby/opt/gcc-arm-none-eabi-4_7-2012q4//arm-none-eabi/lib//libc.a(lib_a-strchr.o)
                0x800173f4                strchr
 .text.strcmp   0x800175d0       0x94 /home/abby/opt/gcc-arm-none-eabi-4_7-2012q4//arm-none-eabi/lib//libc.a(lib_a-strcmp.o)
                0x800175d0                strcmp
 .text.strcmp_unaligned
                0x80017664      0x19c /home/abby/opt/gcc-arm-none-eabi-4_7-2012q4//arm-none-eabi/lib//libc.a(lib_a-strcmp.o)
 .text.strcpy   0x80017800       0xf0 /home/abby/opt/gcc-arm-none-eabi-4_7-2012q4//arm-none-eabi/lib//libc.a(lib_a-strcpy.o)
                0x80017800                strcpy
 .text.strlen   0x800178f0       0x60 /home/abby/opt/gcc-arm-none-eabi-4_7-2012q4//arm-none-eabi/lib//libc.a(lib_a-strlen.o)
                0x800178f0                strlen
 .text.strncmp  0x80017950      0x140 /home/abby/opt/gcc-arm-none-eabi-4_7-2012q4//arm-none-eabi/lib//libc.a(lib_a-strncmp.o)
                0x80017950                strncmp
 .text.strncpy  0x80017a90       0xc8 /home/abby/opt/gcc-arm-none-eabi-4_7-2012q4//arm-none-eabi/lib//libc.a(lib_a-strncpy.o)
                0x80017a90                strncpy
 .text          0x80017b58      0x114 /home/abby/opt/gcc-arm-none-eabi-4_7-2012q4//lib/gcc/arm-none-eabi/4.7.3//libgcc.a(_udivsi3.o)
                0x80017b58                __udivsi3
                0x80017b58                __aeabi_uidiv
                0x80017c4c                __aeabi_uidivmod
 .text          0x80017c6c      0x148 /home/abby/opt/gcc-arm-none-eabi-4_7-2012q4//lib/gcc/arm-none-eabi/4.7.3//libgcc.a(_divsi3.o)
                0x80017c6c                __aeabi_idiv
                0x80017c6c                __divsi3
                0x80017d94                __aeabi_idivmod
 .text          0x80017db4        0x4 /home/abby/opt/gcc-arm-none-eabi-4_7-2012q4//lib/gcc/arm-none-eabi/4.7.3//libgcc.a(_dvmd_tls.o)
                0x80017db4                __aeabi_ldiv0
                0x80017db4                __aeabi_idiv0
 *(.rodata*)
 .rodata.str1.4
                0x80017db8       0x11 Release/cm3wkup_proxy.o
                                 0x14 (size before relaxing)
 *fill*         0x80017dc9        0x3 00
 .rodata.cm3image
                0x80017dcc     0x2df4 Release/cm3wkup_proxy.o
                0x80017dcc                cm3image
 .rodata.str1.4
                0x8001abc0       0x75 Release/demoDvfs.o
                                 0x7c (size before relaxing)
 *fill*         0x8001ac35        0x3 00
 .rodata.g_psConfigCGIURIs
                0x8001ac38        0x8 Release/demoEnet.o
 .rodata.str1.4
                0x8001ac40      0x170 Release/demoEnet.o
 .rodata        0x8001adb0       0x54 Release/demoMain.o