Archive member included because of file (symbol)

../../../../../..//binary/armv7a/gcc/am335x/drivers/Release/libdrivers.a(cpsw.o)
                              Release/demoEnet.o (CPSWSSReset)
../../../../../..//binary/armv7a/gcc/am335x/drivers/Release/libdrivers.a(dmtimer.o)
                              Release/demoTimer.o (DMTimerEnable)
../../../../../..//binary/armv7a/gcc/am335x/drivers/Release/libdrivers.a(edma.o)
                              Release/demoSdRw.o (EDMA3Init)
../../../../../..//binary/armv7a/gcc/am335x/drivers/Release/libdrivers.a(gpio_v2.o)
                              Release/demoLedIf.o (GPIOModuleReset)
../../../../../..//binary/armv7a/gcc/am335x/drivers/Release/libdrivers.a(gpmc.o)
                              Release/demoPwrMgmnt.o (GPMCIdleModeSelect)
../../../../../..//binary/armv7a/gcc/am335x/drivers/Release/libdrivers.a(hs_mmcsd.o)
                              Release/demoPwrMgmnt.o (HSMMCSDSystemConfig)
../../../../../..//binary/armv7a/gcc/am335x/drivers/Release/libdrivers.a(hsi2c.o)
                              Release/demoI2c.o (I2CMasterInitExpClk)
../../../../../..//binary/armv7a/gcc/am335x/drivers/Release/libdrivers.a(mailbox.o)
                              Release/cm3wkup_proxy.o (MBresetMailbox)
../../../../../..//binary/armv7a/gcc/am335x/drivers/Release/libdrivers.a(mdio.o)
                              Release/lwiplib.o (MDIOPhyAliveStatusGet)
../../../../../..//binary/armv7a/gcc/am335x/drivers/Release/libdrivers.a(phy.o)
                              Release/lwiplib.o (PhyReset)
../../../../../..//binary/armv7a/gcc/am335x/drivers/Release/libdrivers.a(rtc.o)
                              Release/demoRtc.o (RTCRun)
../../../../../..//binary/armv7a/gcc/am335x/drivers/Release/libdrivers.a(uart_irda_cir.o)
                              Release/demoUart.o (UARTIntEnable)
../../../../../..//binary/armv7a/gcc/utils/Release/libutils.a(ascii.o)
                              Release/demoRtc.o (TimeToStr)
../../../../../..//binary/armv7a/gcc/utils/Release/libutils.a(board.o)
                              Release/demoMain.o (BoardVersionGet)
../../../../../..//binary/armv7a/gcc/utils/Release/libutils.a(cmdline.o)
                              Release/demoSdFs.o (CmdLineProcess)
../../../../../..//binary/armv7a/gcc/utils/Release/libutils.a(consoleUtils.o)
                              Release/demoMain.o (ConsoleUtilsInit)
../../../../../..//binary/armv7a/gcc/utils/Release/libutils.a(delay.o)
                              Release/demoMain.o (DelayTimerSetup)
../../../../../..//binary/armv7a/gcc/utils/Release/libutils.a(uartStdio.o)
                              ../../../../../..//binary/armv7a/gcc/utils/Release/libutils.a(consoleUtils.o) (UARTStdioInit)
../../../../../..//binary/armv7a/gcc/am335x/beaglebone/platform/Release/libplatform.a(board.o)
                              ../../../../../..//binary/armv7a/gcc/utils/Release/libutils.a(board.o) (BoardInfoCheck)
../../../../../..//binary/armv7a/gcc/am335x/beaglebone/platform/Release/libplatform.a(cpsw.o)
                              Release/demoEnet.o (EVMPortMIIModeSelect)
../../../../../..//binary/armv7a/gcc/am335x/beaglebone/platform/Release/libplatform.a(ctlregcontext.o)
                              Release/demoPwrMgmnt.o (ControlRegContextSave)
../../../../../..//binary/armv7a/gcc/am335x/beaglebone/platform/Release/libplatform.a(dmtimer.o)
                              Release/demoMain.o (DMTimer2ModuleClkConfig)
../../../../../..//binary/armv7a/gcc/am335x/beaglebone/platform/Release/libplatform.a(edma.o)
                              ../../../../../..//binary/armv7a/gcc/am335x/drivers/Release/libdrivers.a(edma.o) (EDMAVersionGet)
../../../../../..//binary/armv7a/gcc/am335x/beaglebone/platform/Release/libplatform.a(eeprom.o)
                              ../../../../../..//binary/armv7a/gcc/utils/Release/libutils.a(board.o) (BoardInfoRead)
../../../../../..//binary/armv7a/gcc/am335x/beaglebone/platform/Release/libplatform.a(gpio.o)
                              Release/demoMain.o (GPIO1Pin23PinMuxSetup)
../../../../../..//binary/armv7a/gcc/am335x/beaglebone/platform/Release/libplatform.a(hs_mmcsd.o)
                              Release/demoPwrMgmnt.o (HSMMCSDModuleClkConfig)
../../../../../..//binary/armv7a/gcc/am335x/beaglebone/platform/Release/libplatform.a(hsi2c.o)
                              ../../../../../..//binary/armv7a/gcc/am335x/beaglebone/platform/Release/libplatform.a(eeprom.o) (I2C0ModuleClkConfig)
../../../../../..//binary/armv7a/gcc/am335x/beaglebone/platform/Release/libplatform.a(rtc.o)
                              ../../../../../..//binary/armv7a/gcc/am335x/drivers/Release/libdrivers.a(rtc.o) (RtcVersionGet)
../../../../../..//binary/armv7a/gcc/am335x/beaglebone/platform/Release/libplatform.a(sysdelay.o)
                              ../../../../../..//binary/armv7a/gcc/utils/Release/libutils.a(delay.o) (SysDelayTimerSetup)
[...]
Memory Configuration

Name             Origin             Length             Attributes
OCMC             0x40300000         0x0000ffff
DDR0             0x80000000         0x10000000
*default*        0x00000000         0xffffffff

Linker script and memory map

LOAD Release/am335x_clock_data.o
LOAD Release/cm3wkup_proxy.o
LOAD Release/demoDvfs.o
LOAD Release/demoEnet.o
LOAD Release/demoGpio.o
LOAD Release/demoI2c.o
LOAD Release/demoLedIf.o
LOAD Release/demoMain.o
LOAD Release/demoPwrMgmnt.o
LOAD Release/demoRtc.o
LOAD Release/demoSdFs.o
LOAD Release/demoSdRw.o
LOAD Release/demoTimer.o
LOAD Release/demoUart.o
LOAD Release/fat_mmcsd.o
LOAD Release/ff.o
LOAD Release/httpd_io.o
LOAD Release/lwiplib.o
LOAD Release/pmic.o
LOAD Release/slpWkup_gcc.o
LOAD ../../../../../..//binary/armv7a/gcc/am335x/drivers/Release/libdrivers.a
LOAD ../../../../../..//binary/armv7a/gcc/utils/Release/libutils.a
LOAD ../../../../../..//binary/armv7a/gcc/am335x/beaglebone/platform/Release/libplatform.a
LOAD ../../../../../..//binary/armv7a/gcc/mmcsdlib/Release/libmmcsd.a
LOAD ../../../../../..//binary/armv7a/gcc/am335x/system_config/Release/libsystem_config.a
LOAD /home/sungjae/gcc-arm-none-eabi-4_7-2012q4//arm-none-eabi/lib//libc.a
LOAD /home/sungjae/gcc-arm-none-eabi-4_7-2012q4//lib/gcc/arm-none-eabi/4.7.3//libgcc.a
LOAD ../../../../../..//binary/armv7a/gcc/am335x/drivers/Release/libdrivers.a
LOAD ../../../../../..//binary/armv7a/gcc/utils/Release/libutils.a
LOAD ../../../../../..//binary/armv7a/gcc/am335x/beaglebone/platform/Release/libplatform.a
LOAD ../../../../../..//binary/armv7a/gcc/mmcsdlib/Release/libmmcsd.a
LOAD ../../../../../..//binary/armv7a/gcc/am335x/system_config/Release/libsystem_config.a
LOAD /home/sungjae/gcc-arm-none-eabi-4_7-2012q4//arm-none-eabi/lib//libc.a
LOAD /home/sungjae/gcc-arm-none-eabi-4_7-2012q4//lib/gcc/arm-none-eabi/4.7.3//libgcc.a

.startcode      0x80000000       0xb4
                0x80000000                . = ALIGN (0x4)
 *init.o(.text)
 .text          0x80000000       0xb4 ../../../../../..//binary/armv7a/gcc/am335x/system_config/Release/libsystem_config.a(init.o)
                0x80000000                Entry

.text           0x800000b4    0x3a4c0
                0x800000b4                . = ALIGN (0x4)
 *(.text*)
 .text.CM3Isr   0x800000b4       0x34 Release/cm3wkup_proxy.o
 .text.configIPCRegs
                0x800000e8       0x4c Release/cm3wkup_proxy.o
                0x800000e8                configIPCRegs
 .text.readCmdStatus
                0x80000134       0x14 Release/cm3wkup_proxy.o
                0x80000134                readCmdStatus
 .text.readCM3FWVersion
                0x80000148       0x14 Release/cm3wkup_proxy.o
                0x80000148                readCM3FWVersion
 .text.CM3EventsClear
                0x8000015c       0x24 Release/cm3wkup_proxy.o
                0x8000015c                CM3EventsClear
 .text.CM3IntRegister
                0x80000180       0x20 Release/cm3wkup_proxy.o
                0x80000180                CM3IntRegister
 .text.CM3LoadAndRun
                0x800001a0       0x3c Release/cm3wkup_proxy.o
                0x800001a0                CM3LoadAndRun
 .text.waitForM3Txevent
                0x800001dc       0xb8 Release/cm3wkup_proxy.o
                0x800001dc                waitForM3Txevent
 .text.initializeMailbox
                0x80000294       0x74 Release/cm3wkup_proxy.o
                0x80000294                initializeMailbox
 .text.MailBoxInit
                0x80000308       0x1c Release/cm3wkup_proxy.o
                0x80000308                MailBoxInit
 .text.generateMailboxInt
                0x80000324       0x20 Release/cm3wkup_proxy.o
                0x80000324                generateMailboxInt
 .text.clearMailboxMsg
                0x80000344       0x48 Release/cm3wkup_proxy.o
                0x80000344                clearMailboxMsg
 .text.syncCm3  0x8000038c       0x34 Release/cm3wkup_proxy.o
                0x8000038c                syncCm3
 .text.VddVoltageGet
                0x800003c0       0x74 Release/demoDvfs.o
                0x800003c0                VddVoltageGet
 .text.FrequencyGet
                0x80000434       0x8c Release/demoDvfs.o
                0x80000434                FrequencyGet
 .text.DemoMpuPllConfig
                0x800004c0       0xd0 Release/demoDvfs.o
                0x800004c0                DemoMpuPllConfig
 .text.ConfigMaximumOPP
                0x80000590       0x50 Release/demoDvfs.o
                0x80000590                ConfigMaximumOPP
 .text.ConfigMinimumOPP
                0x800005e0       0x50 Release/demoDvfs.o
                0x800005e0                ConfigMinimumOPP
 .text.PrintConfigDVFS
                0x80000630       0xe0 Release/demoDvfs.o
                0x80000630                PrintConfigDVFS
 .text.ControlCGIHandler
                0x80000710      0x114 Release/demoEnet.o
 .text.CPSWCore0TxIsr
                0x80000824       0x18 Release/demoEnet.o
 .text.CPSWCore0RxIsr
                0x8000083c       0x18 Release/demoEnet.o
 .text.EnetIntRegister
                0x80000854       0x58 Release/demoEnet.o
                0x80000854                EnetIntRegister
 .text.EnetIfIsUp
                0x800008ac       0x1c Release/demoEnet.o
                0x800008ac                EnetIfIsUp
 .text.EnetLinkIsUp
                0x800008c8       0x1c Release/demoEnet.o
                0x800008c8                EnetLinkIsUp
 .text.IpAddrDisplay
                0x800008e4       0x44 Release/demoEnet.o
                0x800008e4                IpAddrDisplay
 .text.EnetHttpServerInit
                0x80000928       0xe0 Release/demoEnet.o
                0x80000928                EnetHttpServerInit
 .text.EnetDHCPRestart
                0x80000a08       0xc8 Release/demoEnet.o
                0x80000a08                EnetDHCPRestart
 .text.EnetContextSave
                0x80000ad0       0xa8 Release/demoEnet.o
                0x80000ad0                EnetContextSave
 .text.EnetReset
                0x80000b78       0x64 Release/demoEnet.o
                0x80000b78                EnetReset
 .text._DemoGpioPinConfig
                0x80000bdc      0x120 Release/demoGpio.o
                0x80000bdc                _DemoGpioPinConfig
 .text.gpioStdbyUartIsr
                0x80000cfc       0x24 Release/demoGpio.o
                0x80000cfc                gpioStdbyUartIsr
 .text.DemoGpioPinStandbySrcConfig
                0x80000d20       0x94 Release/demoGpio.o
                0x80000d20                DemoGpioPinStandbySrcConfig
 .text.I2C0Isr  0x80000db4      0x1b8 Release/demoI2c.o
                0x80000db4                I2C0Isr
 .text.getI2CAddr
                0x80000f6c       0x40 Release/demoI2c.o
                0x80000f6c                getI2CAddr
 .text.cleanupInterrupts
                0x80000fac       0x50 Release/demoI2c.o
                0x80000fac                cleanupInterrupts
 .text.I2CInit  0x80000ffc       0xac Release/demoI2c.o
                0x80000ffc                I2CInit
 .text.I2CIntRegister
                0x800010a8       0x28 Release/demoI2c.o
                0x800010a8                I2CIntRegister
 .text.SetupI2CTransmit
                0x800010d0      0x100 Release/demoI2c.o
                0x800010d0                SetupI2CTransmit
 .text.SetupReception
                0x800011d0      0x174 Release/demoI2c.o
                0x800011d0                SetupReception
 .text.LedIfConfig
                0x80001344       0x48 Release/demoLedIf.o
                0x80001344                LedIfConfig
 .text.LedToggle
                0x8000138c       0x34 Release/demoLedIf.o
                0x8000138c                LedToggle
 .text.LedOff   0x800013c0       0x24 Release/demoLedIf.o
                0x800013c0                LedOff
 .text.LedOn    0x800013e4       0x24 Release/demoLedIf.o
                0x800013e4                LedOn
 .text.dummyIsr
                0x80001408        0x4 Release/demoMain.o
 .text.gpioIsr  0x8000140c       0x18 Release/demoMain.o
 .text.uartIsr  0x80001424       0x44 Release/demoMain.o
 .text.UpdateUartConsoleHelp
                0x80001468       0x7c Release/demoMain.o
                0x80001468                UpdateUartConsoleHelp
 .text.ActionWakeOnUart
                0x800014e4       0x38 Release/demoMain.o
 .text.ActionWakeOnTimer
                0x8000151c       0x38 Release/demoMain.o
 .text.ActionStandBy
                0x80001554       0x50 Release/demoMain.o
 .text.ActionDeepSleep1
                0x800015a4       0x50 Release/demoMain.o
 .text.ActionDeepSleep0
                0x800015f4       0x50 Release/demoMain.o
 .text.ActionMMCSD
                0x80001644       0xb8 Release/demoMain.o
 .text.ActionRTC
                0x800016fc       0x30 Release/demoMain.o
 .text.ActionEnetInit
                0x8000172c      0x114 Release/demoMain.o
 .text.ActionMenu
                0x80001840       0x78 Release/demoMain.o
 .text.ActionMenuPM
                0x800018b8       0x74 Release/demoMain.o
 .text.ActionMenuMMCSD
                0x8000192c       0x64 Release/demoMain.o
 .text.ActionMenuTimer
                0x80001990       0x74 Release/demoMain.o
 .text.ActionMenuGPIO
                0x80001a04       0x70 Release/demoMain.o
 .text.ActionMenuRTC
                0x80001a74       0x64 Release/demoMain.o
 .text.ActionMenuWeb
                0x80001ad8       0x7c Release/demoMain.o
 .text.startup.main
                0x80001b54      0x818 Release/demoMain.o
                0x80001b54                main
 .text.ConfigIdleMode
                0x8000236c      0x174 Release/demoPwrMgmnt.o
                0x8000236c                ConfigIdleMode
 .text.enableStandbyWakeSrc
                0x800024e0      0x144 Release/demoPwrMgmnt.o
                0x800024e0                enableStandbyWakeSrc
 .text.disableStandbyWakeSrc
                0x80002624       0x90 Release/demoPwrMgmnt.o
                0x80002624                disableStandbyWakeSrc
 .text.enableWakeSource
                0x800026b4       0x98 Release/demoPwrMgmnt.o
                0x800026b4                enableWakeSource
 .text.disableWakeSource
                0x8000274c       0x80 Release/demoPwrMgmnt.o
                0x8000274c                disableWakeSource
 .text.PowerSaveModeEnter
                0x800027cc      0x6a8 Release/demoPwrMgmnt.o
                0x800027cc                PowerSaveModeEnter
 .text.RTCIsr   0x80002e74       0x14 Release/demoRtc.o
 .text.RtcIntRegister
                0x80002e88       0x20 Release/demoRtc.o
                0x80002e88                RtcIntRegister
 .text.RtcSecIntEnable
                0x80002ea8       0x20 Release/demoRtc.o
                0x80002ea8                RtcSecIntEnable
 .text.RtcInit  0x80002ec8       0x58 Release/demoRtc.o
                0x80002ec8                RtcInit
 .text.RtcTimeCalSet
                0x80002f20      0x2c0 Release/demoRtc.o
                0x80002f20                RtcTimeCalSet
 .text.RtcTimeCalDisplay
                0x800031e0      0x138 Release/demoRtc.o
                0x800031e0                RtcTimeCalDisplay
 .text.Cmd_exit
                0x80003318        0x8 Release/demoSdFs.o
                0x80003318                Cmd_exit
 .text.Cmd_help
                0x80003320       0x5c Release/demoSdFs.o
                0x80003320                Cmd_help
 .text.Cmd_pwd  0x8000337c       0x28 Release/demoSdFs.o
                0x8000337c                Cmd_pwd
 .text.Cmd_cd   0x800033a4      0x1a0 Release/demoSdFs.o
                0x800033a4                Cmd_cd
 .text.Cmd_cat  0x80003544      0x15c Release/demoSdFs.o
                0x80003544                Cmd_cat
 .text.Cmd_ls   0x800036a0      0x1d4 Release/demoSdFs.o
                0x800036a0                Cmd_ls
 .text.ReadLine
                0x80003874      0x24c Release/demoSdFs.o
                0x80003874                ReadLine
 .text.HSMMCSDFsMount
                0x80003ac0       0x74 Release/demoSdFs.o
                0x80003ac0                HSMMCSDFsMount
 .text.HSMMCSDFsProcessCmdLine
                0x80003b34      0x130 Release/demoSdFs.o
                0x80003b34                HSMMCSDFsProcessCmdLine
 .text.HSMMCSDCmdStatusGet
                0x80003c64       0x5c Release/demoSdRw.o
 .text.HSMMCSDXferStatusGet
                0x80003cc0       0xa4 Release/demoSdRw.o
 .text.Edma3CCErrorIsr
                0x80003d64      0x138 Release/demoSdRw.o
 .text.callback
                0x80003e9c       0x30 Release/demoSdRw.o
 .text.HSMMCSDXferSetup
                0x80003ecc      0x16c Release/demoSdRw.o
 .text.HSMMCSDIsr
                0x80004038       0xd0 Release/demoSdRw.o
 .text.Edma3CompletionIsr
                0x80004108       0xbc Release/demoSdRw.o
 .text.HSMMCSDIntRegister
                0x800041c4       0x40 Release/demoSdRw.o
                0x800041c4                HSMMCSDIntRegister
 .text.HSMMCSDContolInit
                0x80004204      0x184 Release/demoSdRw.o
                0x80004204                HSMMCSDContolInit
 .text.HSMMCSDCardPresentStat
                0x80004388       0x24 Release/demoSdRw.o
                0x80004388                HSMMCSDCardPresentStat
 .text.HSMMCSDCardAccessSetup
                0x800043ac       0x54 Release/demoSdRw.o
                0x800043ac                HSMMCSDCardAccessSetup
 .text.Timer6Isr
                0x80004400       0x34 Release/demoTimer.o
 .text.Timer4Isr
                0x80004434       0x30 Release/demoTimer.o
 .text.Timer2Isr
                0x80004464       0xa8 Release/demoTimer.o
 .text.Timer2IntRegister
                0x8000450c       0x20 Release/demoTimer.o
                0x8000450c                Timer2IntRegister
 .text.Timer2IntEnable
                0x8000452c       0x20 Release/demoTimer.o
                0x8000452c                Timer2IntEnable
 .text.Timer2Start
                0x8000454c       0x1c Release/demoTimer.o
                0x8000454c                Timer2Start
 .text.Timer2Stop
                0x80004568       0x1c Release/demoTimer.o
                0x80004568                Timer2Stop
 .text.Timer2Config
                0x80004584       0x58 Release/demoTimer.o
                0x80004584                Timer2Config
 .text.Timer4IntRegister
                0x800045dc       0x48 Release/demoTimer.o
                0x800045dc                Timer4IntRegister
 .text.Timer4IntEnable
                0x80004624       0x20 Release/demoTimer.o
                0x80004624                Timer4IntEnable
 .text.Timer4Start
                0x80004644       0x1c Release/demoTimer.o
                0x80004644                Timer4Start
 .text.Timer4Stop
                0x80004660       0x1c Release/demoTimer.o
                0x80004660                Timer4Stop
 .text.Timer4Config
                0x8000467c       0x58 Release/demoTimer.o
                0x8000467c                Timer4Config
 .text.Timer6IntRegister
                0x800046d4       0x48 Release/demoTimer.o
                0x800046d4                Timer6IntRegister
 .text.Timer6IntEnable
                0x8000471c       0x20 Release/demoTimer.o
                0x8000471c                Timer6IntEnable
 .text.Timer6Start
                0x8000473c       0x1c Release/demoTimer.o
                0x8000473c                Timer6Start
 .text.Timer6Stop
                0x80004758       0x1c Release/demoTimer.o
                0x80004758                Timer6Stop
 .text.Timer6Config
                0x80004774       0x6c Release/demoTimer.o
                0x80004774                Timer6Config
 .text.initializeTimer1
                0x800047e0       0x34 Release/demoTimer.o
                0x800047e0                initializeTimer1
 .text.setTimerCount
                0x80004814       0x18 Release/demoTimer.o
                0x80004814                setTimerCount
 .text.clearTimerInt
                0x8000482c       0x14 Release/demoTimer.o
                0x8000482c                clearTimerInt
 .text.enableUartWakeup
                0x80004840       0x4c Release/demoUart.o
                0x80004840                enableUartWakeup
 .text.disableUartWakeup
                0x8000488c       0x4c Release/demoUart.o
                0x8000488c                disableUartWakeup
 .text.disk_initialize
                0x800048d8       0xb4 Release/fat_mmcsd.o
                0x800048d8                disk_initialize
 .text.disk_status
                0x8000498c        0x8 Release/fat_mmcsd.o
                0x8000498c                disk_status
 .text.disk_read
                0x80004994       0x3c Release/fat_mmcsd.o
                0x80004994                disk_read
 .text.disk_write
                0x800049d0       0x3c Release/fat_mmcsd.o
                0x800049d0                disk_write
 .text.disk_ioctl
                0x80004a0c        0x8 Release/fat_mmcsd.o
                0x80004a0c                disk_ioctl
 .text.get_fattime
                0x80004a14        0xc Release/fat_mmcsd.o
                0x80004a14                get_fattime
 .text.get_fileinfo
                0x80004a20      0x114 Release/ff.o
 .text.move_window
                0x80004b34       0xec Release/ff.o
 .text.put_cluster
                0x80004c20      0x154 Release/ff.o
 .text.validate
                0x80004d74       0x38 Release/ff.o
 .text.check_fs
                0x80004dac       0xa0 Release/ff.o
 .text.auto_mount
                0x80004e4c      0x30c Release/ff.o
 .text.get_cluster
                0x80005158      0x134 Release/ff.o
 .text.next_dir_entry
                0x8000528c       0xb0 Release/ff.o
 .text.trace_path
                0x8000533c      0x330 Release/ff.o
 .text.create_chain
                0x8000566c      0x100 Release/ff.o
 .text.reserve_direntry
                0x8000576c      0x1b0 Release/ff.o
 .text.remove_chain
                0x8000591c       0x9c Release/ff.o
 .text.sync     0x800059b8       0x58 Release/ff.o
 .text.f_mount  0x80005a10       0x6c Release/ff.o
                0x80005a10                f_mount
 .text.f_open   0x80005a7c      0x304 Release/ff.o
                0x80005a7c                f_open
 .text.f_read   0x80005d80      0x284 Release/ff.o
                0x80005d80                f_read
 .text.f_sync   0x80006004      0x148 Release/ff.o
                0x80006004                f_sync
 .text.f_close  0x8000614c       0x20 Release/ff.o
                0x8000614c                f_close
 .text.f_opendir
                0x8000616c       0xf4 Release/ff.o
                0x8000616c                f_opendir
 .text.f_readdir
                0x80006260       0xdc Release/ff.o
                0x80006260                f_readdir
 .text.f_getfree
                0x8000633c      0x174 Release/ff.o
                0x8000633c                f_getfree
 .text.http_accept
                0x800064b0       0xd0 Release/httpd_io.o
 .text.http_state_free
                0x80006580       0x64 Release/httpd_io.o
 .text.http_err
                0x800065e4       0x1c Release/httpd_io.o
 .text.strnstr  0x80006600       0xac Release/httpd_io.o
 .text.http_close_conn
                0x800066ac       0xb0 Release/httpd_io.o
 .text.http_send_data
                0x8000675c      0x17c Release/httpd_io.o
 .text.http_sent
                0x800068d8       0x30 Release/httpd_io.o
 .text.http_poll
                0x80006908       0x8c Release/httpd_io.o
 .text.fs_open  0x80006994       0xdc Release/httpd_io.o
                0x80006994                fs_open
 .text.http_get_404_file
                0x80006a70       0x68 Release/httpd_io.o
 .text.http_recv
                0x80006ad8      0x49c Release/httpd_io.o
 .text.httpd_init
                0x80006f74       0x84 Release/httpd_io.o
                0x80006f74                httpd_init
 .text.http_set_cgi_handlers
                0x80006ff8       0x1c Release/httpd_io.o
                0x80006ff8                http_set_cgi_handlers
 .text.dhcp_option_long
                0x80007014       0x60 Release/lwiplib.o
 .text.dhcp_option_trailer
                0x80007074       0x5c Release/lwiplib.o
 .text.tcp_accept_null
                0x800070d0        0x8 Release/lwiplib.o
 .text.tcp_new_port
                0x800070d8       0x70 Release/lwiplib.o
 .text.tcp_parseopt
                0x80007148       0xd8 Release/lwiplib.o
 .text.lwip_standard_chksum
                0x80007220       0xb8 Release/lwiplib.o
 .text.cpswif_ale_entry_match_free
                0x800072d8       0x5c Release/lwiplib.o
 .text.etharp_send_ip
                0x80007334       0x44 Release/lwiplib.o
 .text.mem_init
                0x80007378       0x70 Release/lwiplib.o
                0x80007378                mem_init
 .text.mem_malloc
                0x800073e8      0x1a8 Release/lwiplib.o
                0x800073e8                mem_malloc
 .text.memp_init
                0x80007590       0xd4 Release/lwiplib.o
                0x80007590                memp_init
 .text.lwip_init
                0x80007664       0x20 Release/lwiplib.o
                0x80007664                lwip_init
 .text.pbuf_header
                0x80007684       0xbc Release/lwiplib.o
                0x80007684                pbuf_header
 .text.pbuf_cat
                0x80007740       0x68 Release/lwiplib.o
                0x80007740                pbuf_cat
 .text.pbuf_copy
                0x800077a8      0x124 Release/lwiplib.o
                0x800077a8                pbuf_copy
 .text.pbuf_copy_partial
                0x800078cc       0xc4 Release/lwiplib.o
                0x800078cc                pbuf_copy_partial
 .text.raw_input
                0x80007990       0xc4 Release/lwiplib.o
                0x80007990                raw_input
 .text.tcp_bind
                0x80007a54       0xe8 Release/lwiplib.o
                0x80007a54                tcp_bind
 .text.tcp_update_rcv_ann_wnd
                0x80007b3c       0x5c Release/lwiplib.o
                0x80007b3c                tcp_update_rcv_ann_wnd
 .text.tcp_setprio
                0x80007b98        0x8 Release/lwiplib.o
                0x80007b98                tcp_setprio
 .text.tcp_arg  0x80007ba0        0x8 Release/lwiplib.o
                0x80007ba0                tcp_arg
 .text.tcp_recv
                0x80007ba8        0x8 Release/lwiplib.o
                0x80007ba8                tcp_recv
 .text.tcp_sent
                0x80007bb0        0x8 Release/lwiplib.o
                0x80007bb0                tcp_sent
 .text.tcp_err  0x80007bb8        0x8 Release/lwiplib.o
                0x80007bb8                tcp_err
 .text.tcp_accept
                0x80007bc0        0x8 Release/lwiplib.o
                0x80007bc0                tcp_accept
 .text.tcp_poll
                0x80007bc8        0xc Release/lwiplib.o
                0x80007bc8                tcp_poll
 .text.tcp_rexmit
                0x80007bd4       0x84 Release/lwiplib.o
                0x80007bd4                tcp_rexmit
 .text.tcp_rexmit_fast
                0x80007c58       0x7c Release/lwiplib.o
                0x80007c58                tcp_rexmit_fast
 .text.udp_bind
                0x80007cd4       0xfc Release/lwiplib.o
                0x80007cd4                udp_bind
 .text.udp_connect
                0x80007dd0       0xb4 Release/lwiplib.o
                0x80007dd0                udp_connect
 .text.inet_chksum_pseudo
                0x80007e84       0xd0 Release/lwiplib.o
                0x80007e84                inet_chksum_pseudo
 .text.inet_chksum
                0x80007f54       0x1c Release/lwiplib.o
                0x80007f54                inet_chksum
 .text.inet_chksum_pbuf
                0x80007f70       0x88 Release/lwiplib.o
                0x80007f70                inet_chksum_pbuf
 .text.ip_route
                0x80007ff8       0x7c Release/lwiplib.o
                0x80007ff8                ip_route
 .text.tcp_eff_send_mss
                0x80008074       0x44 Release/lwiplib.o
                0x80008074                tcp_eff_send_mss
 .text.ip_output_if
                0x800080b8      0x170 Release/lwiplib.o
                0x800080b8                ip_output_if
 .text.ip_output
                0x80008228       0x88 Release/lwiplib.o
                0x80008228                ip_output
 .text.ip4_addr_isbroadcast
                0x800082b0       0x6c Release/lwiplib.o
                0x800082b0                ip4_addr_isbroadcast
 .text.sys_arch_protect
                0x8000831c       0x28 Release/lwiplib.o
                0x8000831c                sys_arch_protect
 .text.sys_arch_unprotect
                0x80008344       0x1c Release/lwiplib.o
                0x80008344                sys_arch_unprotect
 .text.pbuf_ref
                0x80008360       0x34 Release/lwiplib.o
                0x80008360                pbuf_ref
 .text.pbuf_chain
                0x80008394       0x28 Release/lwiplib.o
                0x80008394                pbuf_chain
 .text.cpswif_output
                0x800083bc      0x1c0 Release/lwiplib.o
 .text.memp_free
                0x8000857c       0x5c Release/lwiplib.o
                0x8000857c                memp_free
 .text.udp_remove
                0x800085d8       0x74 Release/lwiplib.o
                0x800085d8                udp_remove
 .text.dhcp_stop
                0x8000864c       0x60 Release/lwiplib.o
                0x8000864c                dhcp_stop
 .text.memp_malloc
                0x800086ac       0x94 Release/lwiplib.o
                0x800086ac                memp_malloc
 .text.udp_new  0x80008740       0x40 Release/lwiplib.o
                0x80008740                udp_new
 .text.tcp_seg_copy
                0x80008780       0x58 Release/lwiplib.o
                0x80008780                tcp_seg_copy
 .text.tcp_listen_with_backlog
                0x800087d8      0x148 Release/lwiplib.o
                0x800087d8                tcp_listen_with_backlog
 .text.mem_trim
                0x80008920      0x184 Release/lwiplib.o
                0x80008920                mem_trim
 .text.mem_free
                0x80008aa4      0x134 Release/lwiplib.o
                0x80008aa4                mem_free
 .text.pbuf_free
                0x80008bd8       0xc0 Release/lwiplib.o
                0x80008bd8                pbuf_free
 .text.find_entry
                0x80008c98      0x1c4 Release/lwiplib.o
 .text.tcp_seg_free
                0x80008e5c       0x3c Release/lwiplib.o
                0x80008e5c                tcp_seg_free
 .text.tcp_segs_free
                0x80008e98       0x28 Release/lwiplib.o
                0x80008e98                tcp_segs_free
 .text.tcp_create_segment
                0x80008ec0      0x128 Release/lwiplib.o
 .text.tcp_pcb_purge
                0x80008fe8       0x80 Release/lwiplib.o
                0x80008fe8                tcp_pcb_purge
 .text.pbuf_realloc
                0x80009068       0xc0 Release/lwiplib.o
                0x80009068                pbuf_realloc
 .text.tcp_oos_insert_segment
                0x80009128      0x104 Release/lwiplib.o
 .text.pbuf_alloc
                0x8000922c      0x1ec Release/lwiplib.o
                0x8000922c                pbuf_alloc
 .text.cpswif_rxbd_alloc
                0x80009418      0x124 Release/lwiplib.o
 .text.cpswif_init
                0x8000953c      0x800 Release/lwiplib.o
                0x8000953c                cpswif_init
 .text.tcp_enqueue_flags
                0x80009d3c      0x19c Release/lwiplib.o
                0x80009d3c                tcp_enqueue_flags
 .text.tcp_send_fin
                0x80009ed8       0x64 Release/lwiplib.o
                0x80009ed8                tcp_send_fin
 .text.tcp_pbuf_prealloc
                0x80009f3c       0xb8 Release/lwiplib.o
 .text.dhcp_create_msg
                0x80009ff4      0x254 Release/lwiplib.o
 .text.tcp_output_alloc_header.constprop.15
                0x8000a248       0xa4 Release/lwiplib.o
 .text.icmp_input
                0x8000a2ec      0x2e4 Release/lwiplib.o
                0x8000a2ec                icmp_input
 .text.udp_sendto_if
                0x8000a5d0      0x1d4 Release/lwiplib.o
                0x8000a5d0                udp_sendto_if
 .text.tcp_send_empty_ack
                0x8000a7a4       0xb4 Release/lwiplib.o
                0x8000a7a4                tcp_send_empty_ack
 .text.tcp_output
                0x8000a858      0x470 Release/lwiplib.o
                0x8000a858                tcp_output
 .text.tcp_pcb_remove
                0x8000acc8       0xd4 Release/lwiplib.o
                0x8000acc8                tcp_pcb_remove
 .text.tcp_recved
                0x8000ad9c       0x5c Release/lwiplib.o
                0x8000ad9c                tcp_recved
 .text.tcp_receive
                0x8000adf8      0xc0c Release/lwiplib.o
 .text.tcp_rst  0x8000ba04      0x11c Release/lwiplib.o
                0x8000ba04                tcp_rst
 .text.tcp_abandon
                0x8000bb20      0x124 Release/lwiplib.o
                0x8000bb20                tcp_abandon
 .text.tcp_abort
                0x8000bc44       0x18 Release/lwiplib.o
                0x8000bc44                tcp_abort
 .text.tcp_alloc
                0x8000bc5c      0x1f8 Release/lwiplib.o
                0x8000bc5c                tcp_alloc
 .text.tcp_new  0x8000be54       0x18 Release/lwiplib.o
                0x8000be54                tcp_new
 .text.netif_set_ipaddr
                0x8000be6c       0xb4 Release/lwiplib.o
                0x8000be6c                netif_set_ipaddr
 .text.netif_set_addr
                0x8000bf20       0x38 Release/lwiplib.o
                0x8000bf20                netif_set_addr
 .text.netif_add
                0x8000bf58       0x84 Release/lwiplib.o
                0x8000bf58                netif_add
 .text.tcp_close_shutdown
                0x8000bfdc      0x280 Release/lwiplib.o
 .text.tcp_close
                0x8000c25c       0x2c Release/lwiplib.o
                0x8000c25c                tcp_close
 .text.tcp_recv_null
                0x8000c288       0x5c Release/lwiplib.o
                0x8000c288                tcp_recv_null
 .text.tcp_input
                0x8000c2e4      0xfc8 Release/lwiplib.o
                0x8000c2e4                tcp_input
 .text.tcp_write
                0x8000d2ac      0x5ec Release/lwiplib.o
                0x8000d2ac                tcp_write
 .text.dhcp_delete_msg
                0x8000d898       0x34 Release/lwiplib.o
 .text.dhcp_discover
                0x8000d8cc      0x1e0 Release/lwiplib.o
 .text.dhcp_start
                0x8000daac      0x148 Release/lwiplib.o
                0x8000daac                dhcp_start
 .text.lwIPDHCPComplete
                0x8000dbf4       0x94 Release/lwiplib.o
 .text.dhcp_select
                0x8000dc88      0x254 Release/lwiplib.o
 .text.icmp_dest_unreach
                0x8000dedc      0x114 Release/lwiplib.o
                0x8000dedc                icmp_dest_unreach
 .text.udp_input
                0x8000dff0      0x384 Release/lwiplib.o
                0x8000dff0                udp_input
 .text.ip_input
                0x8000e374      0x3b0 Release/lwiplib.o
                0x8000e374                ip_input
 .text.ethernet_input
                0x8000e724      0x348 Release/lwiplib.o
                0x8000e724                ethernet_input
 .text.etharp_request
                0x8000ea6c      0x144 Release/lwiplib.o
                0x8000ea6c                etharp_request
 .text.netif_set_up
                0x8000ebb0       0x38 Release/lwiplib.o
                0x8000ebb0                netif_set_up
 .text.unlikely.dhcp_bind
                0x8000ebe8      0x120 Release/lwiplib.o
 .text.dhcp_recv
                0x8000ed08      0x6ac Release/lwiplib.o
 .text.etharp_query
                0x8000f3b4      0x224 Release/lwiplib.o
                0x8000f3b4                etharp_query
 .text.etharp_output
                0x8000f5d8      0x198 Release/lwiplib.o
                0x8000f5d8                etharp_output
 .text.etharp_tmr
                0x8000f770       0x98 Release/lwiplib.o
                0x8000f770                etharp_tmr
 .text.cpswif_rx_inthandler
                0x8000f808      0x140 Release/lwiplib.o
                0x8000f808                cpswif_rx_inthandler
 .text.cpswif_tx_inthandler
                0x8000f948      0x14c Release/lwiplib.o
                0x8000f948                cpswif_tx_inthandler
 .text.cpswif_link_status
                0x8000fa94       0x34 Release/lwiplib.o
                0x8000fa94                cpswif_link_status
 .text.lwIPInit
                0x8000fac8      0x19c Release/lwiplib.o
                0x8000fac8                lwIPInit
 .text.lwIPNetIfStatusGet
                0x8000fc64       0x24 Release/lwiplib.o
                0x8000fc64                lwIPNetIfStatusGet
 .text.lwIPLinkStatusGet
                0x8000fc88       0x14 Release/lwiplib.o
                0x8000fc88                lwIPLinkStatusGet
 .text.lwIPRxIntHandler
                0x8000fc9c       0x1c Release/lwiplib.o
                0x8000fc9c                lwIPRxIntHandler
 .text.lwIPTxIntHandler
                0x8000fcb8       0x14 Release/lwiplib.o
                0x8000fcb8                lwIPTxIntHandler
 .text.lwIPDHCPStart
                0x8000fccc       0x34 Release/lwiplib.o
                0x8000fccc                lwIPDHCPStart
 .text.TPS65217RegWrite
                0x8000fd00      0x130 Release/pmic.o
                0x8000fd00                TPS65217RegWrite
 .text.TPS65217VoltageUpdate
                0x8000fe30       0x3c Release/pmic.o
                0x8000fe30                TPS65217VoltageUpdate
 .text.configVddOpVoltage
                0x8000fe6c       0x64 Release/pmic.o
                0x8000fe6c                configVddOpVoltage
 .text.setVdd1OpVoltage
                0x8000fed0       0x38 Release/pmic.o
                0x8000fed0                setVdd1OpVoltage
 .text.CPSWSSReset
                0x8000ff08       0x1c ../../../../../..//binary/armv7a/gcc/am335x/drivers/Release/libdrivers.a(cpsw.o)
                0x8000ff08                CPSWSSReset
 .text.CPSWSlTransferModeSet
                0x8000ff24       0x1c ../../../../../..//binary/armv7a/gcc/am335x/drivers/Release/libdrivers.a(cpsw.o)
                0x8000ff24                CPSWSlTransferModeSet
 .text.CPSWSlReset
                0x8000ff40       0x1c ../../../../../..//binary/armv7a/gcc/am335x/drivers/Release/libdrivers.a(cpsw.o)
                0x8000ff40                CPSWSlReset
 .text.CPSWSlRGMIIEnable
                0x8000ff5c       0x14 ../../../../../..//binary/armv7a/gcc/am335x/drivers/Release/libdrivers.a(cpsw.o)
                0x8000ff5c                CPSWSlRGMIIEnable
 .text.CPSWWrReset
                0x8000ff70       0x1c ../../../../../..//binary/armv7a/gcc/am335x/drivers/Release/libdrivers.a(cpsw.o)
                0x8000ff70                CPSWWrReset
 .text.CPSWWrControlRegReset
                0x8000ff8c        0xc ../../../../../..//binary/armv7a/gcc/am335x/drivers/Release/libdrivers.a(cpsw.o)
                0x8000ff8c                CPSWWrControlRegReset
 .text.CPSWWrCoreIntEnable
                0x8000ff98       0x1c ../../../../../..//binary/armv7a/gcc/am335x/drivers/Release/libdrivers.a(cpsw.o)
                0x8000ff98                CPSWWrCoreIntEnable
 .text.CPSWALEInit
                0x8000ffb4        0xc ../../../../../..//binary/armv7a/gcc/am335x/drivers/Release/libdrivers.a(cpsw.o)
                0x8000ffb4                CPSWALEInit
 .text.CPSWALEPortStateSet
                0x8000ffc0       0x20 ../../../../../..//binary/armv7a/gcc/am335x/drivers/Release/libdrivers.a(cpsw.o)
                0x8000ffc0                CPSWALEPortStateSet
 .text.CPSWALEVLANAwareSet
                0x8000ffe0       0x10 ../../../../../..//binary/armv7a/gcc/am335x/drivers/Release/libdrivers.a(cpsw.o)
                0x8000ffe0                CPSWALEVLANAwareSet
 .text.CPSWALETableEntrySet
                0x8000fff0       0x24 ../../../../../..//binary/armv7a/gcc/am335x/drivers/Release/libdrivers.a(cpsw.o)
                0x8000fff0                CPSWALETableEntrySet
 .text.CPSWALETableEntryGet
                0x80010014       0x20 ../../../../../..//binary/armv7a/gcc/am335x/drivers/Release/libdrivers.a(cpsw.o)
                0x80010014                CPSWALETableEntryGet
 .text.CPSWStatisticsEnable
                0x80010034        0xc ../../../../../..//binary/armv7a/gcc/am335x/drivers/Release/libdrivers.a(cpsw.o)
                0x80010034                CPSWStatisticsEnable
 .text.CPSWPortSrcAddrSet
                0x80010040       0x40 ../../../../../..//binary/armv7a/gcc/am335x/drivers/Release/libdrivers.a(cpsw.o)
                0x80010040                CPSWPortSrcAddrSet
 .text.CPSWHostPortDualMacModeSet
                0x80010080       0x1c ../../../../../..//binary/armv7a/gcc/am335x/drivers/Release/libdrivers.a(cpsw.o)
                0x80010080                CPSWHostPortDualMacModeSet
 .text.CPSWPortVLANConfig
                0x8001009c       0x10 ../../../../../..//binary/armv7a/gcc/am335x/drivers/Release/libdrivers.a(cpsw.o)
                0x8001009c                CPSWPortVLANConfig
 .text.CPSWCPDMAReset
                0x800100ac       0x54 ../../../../../..//binary/armv7a/gcc/am335x/drivers/Release/libdrivers.a(cpsw.o)
                0x800100ac                CPSWCPDMAReset
 .text.CPSWCPDMATxIntEnable
                0x80010100       0x14 ../../../../../..//binary/armv7a/gcc/am335x/drivers/Release/libdrivers.a(cpsw.o)
                0x80010100                CPSWCPDMATxIntEnable
 .text.CPSWCPDMARxIntEnable
                0x80010114       0x14 ../../../../../..//binary/armv7a/gcc/am335x/drivers/Release/libdrivers.a(cpsw.o)
                0x80010114                CPSWCPDMARxIntEnable
 .text.CPSWCPDMATxEnable
                0x80010128        0xc ../../../../../..//binary/armv7a/gcc/am335x/drivers/Release/libdrivers.a(cpsw.o)
                0x80010128                CPSWCPDMATxEnable
 .text.CPSWCPDMARxEnable
                0x80010134        0xc ../../../../../..//binary/armv7a/gcc/am335x/drivers/Release/libdrivers.a(cpsw.o)
                0x80010134                CPSWCPDMARxEnable
 .text.CPSWCPDMATxHdrDescPtrWrite
                0x80010140        0xc ../../../../../..//binary/armv7a/gcc/am335x/drivers/Release/libdrivers.a(cpsw.o)
                0x80010140                CPSWCPDMATxHdrDescPtrWrite
 .text.CPSWCPDMARxHdrDescPtrWrite
                0x8001014c        0xc ../../../../../..//binary/armv7a/gcc/am335x/drivers/Release/libdrivers.a(cpsw.o)
                0x8001014c                CPSWCPDMARxHdrDescPtrWrite
 .text.CPSWCPDMAEndOfIntVectorWrite
                0x80010158        0x8 ../../../../../..//binary/armv7a/gcc/am335x/drivers/Release/libdrivers.a(cpsw.o)
                0x80010158                CPSWCPDMAEndOfIntVectorWrite
 .text.CPSWCPDMATxCPWrite
                0x80010160        0xc ../../../../../..//binary/armv7a/gcc/am335x/drivers/Release/libdrivers.a(cpsw.o)
                0x80010160                CPSWCPDMATxCPWrite
 .text.CPSWCPDMARxCPWrite
                0x8001016c        0xc ../../../../../..//binary/armv7a/gcc/am335x/drivers/Release/libdrivers.a(cpsw.o)
                0x8001016c                CPSWCPDMARxCPWrite
 .text.CPSWCPDMACmdIdleEnable
                0x80010178       0x20 ../../../../../..//binary/armv7a/gcc/am335x/drivers/Release/libdrivers.a(cpsw.o)
                0x80010178                CPSWCPDMACmdIdleEnable
 .text.CPSWCPDMACmdIdleDisable
                0x80010198       0x10 ../../../../../..//binary/armv7a/gcc/am335x/drivers/Release/libdrivers.a(cpsw.o)
                0x80010198                CPSWCPDMACmdIdleDisable
 .text.CPSWContextSave
                0x800101a8      0x1c0 ../../../../../..//binary/armv7a/gcc/am335x/drivers/Release/libdrivers.a(cpsw.o)
                0x800101a8                CPSWContextSave
 .text.CPSWContextRestore
                0x80010368      0x1d8 ../../../../../..//binary/armv7a/gcc/am335x/drivers/Release/libdrivers.a(cpsw.o)
                0x80010368                CPSWContextRestore
 .text.DMTimerEnable
                0x80010540       0x2c ../../../../../..//binary/armv7a/gcc/am335x/drivers/Release/libdrivers.a(dmtimer.o)
                0x80010540                DMTimerEnable
 .text.DMTimerDisable
                0x8001056c       0x2c ../../../../../..//binary/armv7a/gcc/am335x/drivers/Release/libdrivers.a(dmtimer.o)
                0x8001056c                DMTimerDisable
 .text.DMTimerModeConfigure
                0x80010598       0x58 ../../../../../..//binary/armv7a/gcc/am335x/drivers/Release/libdrivers.a(dmtimer.o)
                0x80010598                DMTimerModeConfigure
 .text.DMTimerCounterSet
                0x800105f0       0x24 ../../../../../..//binary/armv7a/gcc/am335x/drivers/Release/libdrivers.a(dmtimer.o)
                0x800105f0                DMTimerCounterSet
 .text.DMTimerReloadSet
                0x80010614       0x24 ../../../../../..//binary/armv7a/gcc/am335x/drivers/Release/libdrivers.a(dmtimer.o)
                0x80010614                DMTimerReloadSet
 .text.DMTimerIntStatusClear
                0x80010638        0xc ../../../../../..//binary/armv7a/gcc/am335x/drivers/Release/libdrivers.a(dmtimer.o)
                0x80010638                DMTimerIntStatusClear
 .text.DMTimerIntEnable
                0x80010644        0xc ../../../../../..//binary/armv7a/gcc/am335x/drivers/Release/libdrivers.a(dmtimer.o)
                0x80010644                DMTimerIntEnable
 .text.DMTimerIntDisable
                0x80010650        0xc ../../../../../..//binary/armv7a/gcc/am335x/drivers/Release/libdrivers.a(dmtimer.o)
                0x80010650                DMTimerIntDisable
 .text.DMTimerContextSave
                0x8001065c       0x48 ../../../../../..//binary/armv7a/gcc/am335x/drivers/Release/libdrivers.a(dmtimer.o)
                0x8001065c                DMTimerContextSave
 .text.DMTimerContextRestore
                0x800106a4       0x9c ../../../../../..//binary/armv7a/gcc/am335x/drivers/Release/libdrivers.a(dmtimer.o)
                0x800106a4                DMTimerContextRestore
 .text.EDMA3Init
                0x80010740      0x104 ../../../../../..//binary/armv7a/gcc/am335x/drivers/Release/libdrivers.a(edma.o)
                0x80010740                EDMA3Init
 .text.EDMA3EnableChInShadowReg
                0x80010844       0x80 ../../../../../..//binary/armv7a/gcc/am335x/drivers/Release/libdrivers.a(edma.o)
                0x80010844                EDMA3EnableChInShadowReg
 .text.EDMA3MapChToEvtQ
                0x800108c4       0x60 ../../../../../..//binary/armv7a/gcc/am335x/drivers/Release/libdrivers.a(edma.o)
                0x800108c4                EDMA3MapChToEvtQ
 .text.EDMA3ClrMissEvt
                0x80010924       0x6c ../../../../../..//binary/armv7a/gcc/am335x/drivers/Release/libdrivers.a(edma.o)
                0x80010924                EDMA3ClrMissEvt
 .text.EDMA3SetEvt
                0x80010990       0x60 ../../../../../..//binary/armv7a/gcc/am335x/drivers/Release/libdrivers.a(edma.o)
                0x80010990                EDMA3SetEvt
 .text.EDMA3ClrEvt
                0x800109f0       0x60 ../../../../../..//binary/armv7a/gcc/am335x/drivers/Release/libdrivers.a(edma.o)
                0x800109f0                EDMA3ClrEvt
 .text.EDMA3EnableDmaEvt
                0x80010a50       0x60 ../../../../../..//binary/armv7a/gcc/am335x/drivers/Release/libdrivers.a(edma.o)
                0x80010a50                EDMA3EnableDmaEvt
 .text.EDMA3DisableDmaEvt
                0x80010ab0       0x34 ../../../../../..//binary/armv7a/gcc/am335x/drivers/Release/libdrivers.a(edma.o)
                0x80010ab0                EDMA3DisableDmaEvt
 .text.EDMA3EnableEvtIntr
                0x80010ae4       0x60 ../../../../../..//binary/armv7a/gcc/am335x/drivers/Release/libdrivers.a(edma.o)
                0x80010ae4                EDMA3EnableEvtIntr
 .text.EDMA3SetPaRAM
                0x80010b44       0x24 ../../../../../..//binary/armv7a/gcc/am335x/drivers/Release/libdrivers.a(edma.o)
                0x80010b44                EDMA3SetPaRAM
 .text.EDMA3RequestChannel
                0x80010b68       0xb0 ../../../../../..//binary/armv7a/gcc/am335x/drivers/Release/libdrivers.a(edma.o)
                0x80010b68                EDMA3RequestChannel
 .text.EDMA3EnableTransfer
                0x80010c18       0xa4 ../../../../../..//binary/armv7a/gcc/am335x/drivers/Release/libdrivers.a(edma.o)
                0x80010c18                EDMA3EnableTransfer
 .text.EDMA3DisableTransfer
                0x80010cbc       0xa4 ../../../../../..//binary/armv7a/gcc/am335x/drivers/Release/libdrivers.a(edma.o)
                0x80010cbc                EDMA3DisableTransfer
 .text.EDMA3ContextSave
                0x80010d60       0xec ../../../../../..//binary/armv7a/gcc/am335x/drivers/Release/libdrivers.a(edma.o)
                0x80010d60                EDMA3ContextSave
 .text.EDMA3ContextRestore
                0x80010e4c       0xf8 ../../../../../..//binary/armv7a/gcc/am335x/drivers/Release/libdrivers.a(edma.o)
                0x80010e4c                EDMA3ContextRestore
 .text.GPIOModuleReset
                0x80010f44       0x20 ../../../../../..//binary/armv7a/gcc/am335x/drivers/Release/libdrivers.a(gpio_v2.o)
                0x80010f44                GPIOModuleReset
 .text.GPIOModuleEnable
                0x80010f64       0x10 ../../../../../..//binary/armv7a/gcc/am335x/drivers/Release/libdrivers.a(gpio_v2.o)
                0x80010f64                GPIOModuleEnable
 .text.GPIODirModeSet
                0x80010f74       0x1c ../../../../../..//binary/armv7a/gcc/am335x/drivers/Release/libdrivers.a(gpio_v2.o)
                0x80010f74                GPIODirModeSet
 .text.GPIOPinWrite
                0x80010f90       0x1c ../../../../../..//binary/armv7a/gcc/am335x/drivers/Release/libdrivers.a(gpio_v2.o)
                0x80010f90                GPIOPinWrite
 .text.GPIOPinIntEnable
                0x80010fac       0x18 ../../../../../..//binary/armv7a/gcc/am335x/drivers/Release/libdrivers.a(gpio_v2.o)
                0x80010fac                GPIOPinIntEnable
 .text.GPIOPinIntDisable
                0x80010fc4       0x18 ../../../../../..//binary/armv7a/gcc/am335x/drivers/Release/libdrivers.a(gpio_v2.o)
                0x80010fc4                GPIOPinIntDisable
 .text.GPIOIntTypeSet
                0x80010fdc      0x1bc ../../../../../..//binary/armv7a/gcc/am335x/drivers/Release/libdrivers.a(gpio_v2.o)
                0x80010fdc                GPIOIntTypeSet
 .text.GPIOPinIntClear
                0x80011198       0x18 ../../../../../..//binary/armv7a/gcc/am335x/drivers/Release/libdrivers.a(gpio_v2.o)
                0x80011198                GPIOPinIntClear
 .text.GPIOWakeupGlobalEnable
                0x800111b0       0x10 ../../../../../..//binary/armv7a/gcc/am335x/drivers/Release/libdrivers.a(gpio_v2.o)
                0x800111b0                GPIOWakeupGlobalEnable
 .text.GPIOWakeupGlobalDisable
                0x800111c0       0x10 ../../../../../..//binary/armv7a/gcc/am335x/drivers/Release/libdrivers.a(gpio_v2.o)
                0x800111c0                GPIOWakeupGlobalDisable
 .text.GPIOPinIntWakeUpEnable
                0x800111d0       0x28 ../../../../../..//binary/armv7a/gcc/am335x/drivers/Release/libdrivers.a(gpio_v2.o)
                0x800111d0                GPIOPinIntWakeUpEnable
 .text.GPIOPinIntWakeUpDisable
                0x800111f8       0x28 ../../../../../..//binary/armv7a/gcc/am335x/drivers/Release/libdrivers.a(gpio_v2.o)
                0x800111f8                GPIOPinIntWakeUpDisable
 .text.GPIODebounceFuncControl
                0x80011220       0x20 ../../../../../..//binary/armv7a/gcc/am335x/drivers/Release/libdrivers.a(gpio_v2.o)
                0x80011220                GPIODebounceFuncControl
 .text.GPIODebounceTimeConfig
                0x80011240        0xc ../../../../../..//binary/armv7a/gcc/am335x/drivers/Release/libdrivers.a(gpio_v2.o)
                0x80011240                GPIODebounceTimeConfig
 .text.gpioContextSave
                0x8001124c       0x1c ../../../../../..//binary/armv7a/gcc/am335x/drivers/Release/libdrivers.a(gpio_v2.o)
                0x8001124c                gpioContextSave
 .text.gpioContextRestore
                0x80011268       0x1c ../../../../../..//binary/armv7a/gcc/am335x/drivers/Release/libdrivers.a(gpio_v2.o)
                0x80011268                gpioContextRestore
 .text.GPMCIdleModeSelect
                0x80011284       0x24 ../../../../../..//binary/armv7a/gcc/am335x/drivers/Release/libdrivers.a(gpmc.o)
                0x80011284                GPMCIdleModeSelect
 .text.HSMMCSDSoftReset
                0x800112a8       0x58 ../../../../../..//binary/armv7a/gcc/am335x/drivers/Release/libdrivers.a(hs_mmcsd.o)
                0x800112a8                HSMMCSDSoftReset
 .text.HSMMCSDLinesReset
                0x80011300       0x5c ../../../../../..//binary/armv7a/gcc/am335x/drivers/Release/libdrivers.a(hs_mmcsd.o)
                0x80011300                HSMMCSDLinesReset
 .text.HSMMCSDSystemConfig
                0x8001135c       0x20 ../../../../../..//binary/armv7a/gcc/am335x/drivers/Release/libdrivers.a(hs_mmcsd.o)
                0x8001135c                HSMMCSDSystemConfig
 .text.HSMMCSDBusWidthSet
                0x8001137c       0x68 ../../../../../..//binary/armv7a/gcc/am335x/drivers/Release/libdrivers.a(hs_mmcsd.o)
                0x8001137c                HSMMCSDBusWidthSet
 .text.HSMMCSDBusVoltSet
                0x800113e4       0x1c ../../../../../..//binary/armv7a/gcc/am335x/drivers/Release/libdrivers.a(hs_mmcsd.o)
                0x800113e4                HSMMCSDBusVoltSet
 .text.HSMMCSDBusPower
                0x80011400       0x68 ../../../../../..//binary/armv7a/gcc/am335x/drivers/Release/libdrivers.a(hs_mmcsd.o)
                0x80011400                HSMMCSDBusPower
 .text.HSMMCSDIntClock
                0x80011468       0x88 ../../../../../..//binary/armv7a/gcc/am335x/drivers/Release/libdrivers.a(hs_mmcsd.o)
                0x80011468                HSMMCSDIntClock
 .text.HSMMCSDSupportedVoltSet
                0x800114f0       0x1c ../../../../../..//binary/armv7a/gcc/am335x/drivers/Release/libdrivers.a(hs_mmcsd.o)
                0x800114f0                HSMMCSDSupportedVoltSet
 .text.HSMMCSDDataTimeoutSet
                0x8001150c       0x1c ../../../../../..//binary/armv7a/gcc/am335x/drivers/Release/libdrivers.a(hs_mmcsd.o)
                0x8001150c                HSMMCSDDataTimeoutSet
 .text.HSMMCSDBusFreqSet
                0x80011528      0x174 ../../../../../..//binary/armv7a/gcc/am335x/drivers/Release/libdrivers.a(hs_mmcsd.o)
                0x80011528                HSMMCSDBusFreqSet
 .text.HSMMCSDInitStreamSend
                0x8001169c       0x90 ../../../../../..//binary/armv7a/gcc/am335x/drivers/Release/libdrivers.a(hs_mmcsd.o)
                0x8001169c                HSMMCSDInitStreamSend
 .text.HSMMCSDIntrEnable
                0x8001172c       0x1c ../../../../../..//binary/armv7a/gcc/am335x/drivers/Release/libdrivers.a(hs_mmcsd.o)
                0x8001172c                HSMMCSDIntrEnable
 .text.HSMMCSDIntrStatusGet
                0x80011748        0xc ../../../../../..//binary/armv7a/gcc/am335x/drivers/Release/libdrivers.a(hs_mmcsd.o)
                0x80011748                HSMMCSDIntrStatusGet
 .text.HSMMCSDIntrStatusClear
                0x80011754        0x8 ../../../../../..//binary/armv7a/gcc/am335x/drivers/Release/libdrivers.a(hs_mmcsd.o)
                0x80011754                HSMMCSDIntrStatusClear
 .text.HSMMCSDBlkLenSet
                0x8001175c       0x20 ../../../../../..//binary/armv7a/gcc/am335x/drivers/Release/libdrivers.a(hs_mmcsd.o)
                0x8001175c                HSMMCSDBlkLenSet
 .text.HSMMCSDCommandSend
                0x8001177c       0x40 ../../../../../..//binary/armv7a/gcc/am335x/drivers/Release/libdrivers.a(hs_mmcsd.o)
                0x8001177c                HSMMCSDCommandSend
 .text.HSMMCSDResponseGet
                0x800117bc       0x24 ../../../../../..//binary/armv7a/gcc/am335x/drivers/Release/libdrivers.a(hs_mmcsd.o)
                0x800117bc                HSMMCSDResponseGet
 .text.HSMMCSDIsCardInserted
                0x800117e0        0xc ../../../../../..//binary/armv7a/gcc/am335x/drivers/Release/libdrivers.a(hs_mmcsd.o)
                0x800117e0                HSMMCSDIsCardInserted
 .text.MMCSDContextSave
                0x800117ec       0x34 ../../../../../..//binary/armv7a/gcc/am335x/drivers/Release/libdrivers.a(hs_mmcsd.o)
                0x800117ec                MMCSDContextSave
 .text.MMCSDContextRestore
                0x80011820       0x34 ../../../../../..//binary/armv7a/gcc/am335x/drivers/Release/libdrivers.a(hs_mmcsd.o)
                0x80011820                MMCSDContextRestore
 .text.I2CMasterInitExpClk
                0x80011854       0x50 ../../../../../..//binary/armv7a/gcc/am335x/drivers/Release/libdrivers.a(hsi2c.o)
                0x80011854                I2CMasterInitExpClk
 .text.I2CMasterEnable
                0x800118a4       0x10 ../../../../../..//binary/armv7a/gcc/am335x/drivers/Release/libdrivers.a(hsi2c.o)
                0x800118a4                I2CMasterEnable
 .text.I2CMasterDisable
                0x800118b4       0x10 ../../../../../..//binary/armv7a/gcc/am335x/drivers/Release/libdrivers.a(hsi2c.o)
                0x800118b4                I2CMasterDisable
 .text.I2CMasterBusBusy
                0x800118c4        0xc ../../../../../..//binary/armv7a/gcc/am335x/drivers/Release/libdrivers.a(hsi2c.o)
                0x800118c4                I2CMasterBusBusy
 .text.I2CMasterBusy
                0x800118d0        0xc ../../../../../..//binary/armv7a/gcc/am335x/drivers/Release/libdrivers.a(hsi2c.o)
                0x800118d0                I2CMasterBusy
 .text.I2CMasterControl
                0x800118dc        0xc ../../../../../..//binary/armv7a/gcc/am335x/drivers/Release/libdrivers.a(hsi2c.o)
                0x800118dc                I2CMasterControl
 .text.I2CMasterStart
                0x800118e8       0x10 ../../../../../..//binary/armv7a/gcc/am335x/drivers/Release/libdrivers.a(hsi2c.o)
                0x800118e8                I2CMasterStart
 .text.I2CMasterStop
                0x800118f8       0x10 ../../../../../..//binary/armv7a/gcc/am335x/drivers/Release/libdrivers.a(hsi2c.o)
                0x800118f8                I2CMasterStop
 .text.I2CMasterIntEnableEx
                0x80011908       0x10 ../../../../../..//binary/armv7a/gcc/am335x/drivers/Release/libdrivers.a(hsi2c.o)
                0x80011908                I2CMasterIntEnableEx
 .text.I2CMasterIntDisableEx
                0x80011918        0x8 ../../../../../..//binary/armv7a/gcc/am335x/drivers/Release/libdrivers.a(hsi2c.o)
                0x80011918                I2CMasterIntDisableEx
 .text.I2CMasterIntStatus
                0x80011920        0x8 ../../../../../..//binary/armv7a/gcc/am335x/drivers/Release/libdrivers.a(hsi2c.o)
                0x80011920                I2CMasterIntStatus
 .text.I2CMasterIntRawStatus
                0x80011928        0x8 ../../../../../..//binary/armv7a/gcc/am335x/drivers/Release/libdrivers.a(hsi2c.o)
                0x80011928                I2CMasterIntRawStatus
 .text.I2CMasterIntRawStatusEx
                0x80011930        0xc ../../../../../..//binary/armv7a/gcc/am335x/drivers/Release/libdrivers.a(hsi2c.o)
                0x80011930                I2CMasterIntRawStatusEx
 .text.I2CMasterIntClearEx
                0x8001193c        0x8 ../../../../../..//binary/armv7a/gcc/am335x/drivers/Release/libdrivers.a(hsi2c.o)
                0x8001193c                I2CMasterIntClearEx
 .text.I2CMasterSlaveAddrSet
                0x80011944        0x8 ../../../../../..//binary/armv7a/gcc/am335x/drivers/Release/libdrivers.a(hsi2c.o)
                0x80011944                I2CMasterSlaveAddrSet
 .text.I2CSetDataCount
                0x8001194c        0x8 ../../../../../..//binary/armv7a/gcc/am335x/drivers/Release/libdrivers.a(hsi2c.o)
                0x8001194c                I2CSetDataCount
 .text.I2CDataCountGet
                0x80011954        0x8 ../../../../../..//binary/armv7a/gcc/am335x/drivers/Release/libdrivers.a(hsi2c.o)
                0x80011954                I2CDataCountGet
 .text.I2COwnAddressSet
                0x8001195c       0x30 ../../../../../..//binary/armv7a/gcc/am335x/drivers/Release/libdrivers.a(hsi2c.o)
                0x8001195c                I2COwnAddressSet
 .text.I2CSoftReset
                0x8001198c       0x10 ../../../../../..//binary/armv7a/gcc/am335x/drivers/Release/libdrivers.a(hsi2c.o)
                0x8001198c                I2CSoftReset
 .text.I2CAutoIdleDisable
                0x8001199c       0x10 ../../../../../..//binary/armv7a/gcc/am335x/drivers/Release/libdrivers.a(hsi2c.o)
                0x8001199c                I2CAutoIdleDisable
 .text.I2CSystemStatusGet
                0x800119ac        0xc ../../../../../..//binary/armv7a/gcc/am335x/drivers/Release/libdrivers.a(hsi2c.o)
                0x800119ac                I2CSystemStatusGet
 .text.I2CMasterDataPut
                0x800119b8        0x8 ../../../../../..//binary/armv7a/gcc/am335x/drivers/Release/libdrivers.a(hsi2c.o)
                0x800119b8                I2CMasterDataPut
 .text.I2CMasterDataGet
                0x800119c0        0xc ../../../../../..//binary/armv7a/gcc/am335x/drivers/Release/libdrivers.a(hsi2c.o)
                0x800119c0                I2CMasterDataGet
 .text.MBresetMailbox
                0x800119cc       0x1c ../../../../../..//binary/armv7a/gcc/am335x/drivers/Release/libdrivers.a(mailbox.o)
                0x800119cc                MBresetMailbox
 .text.MBconfigIdleMode
                0x800119e8        0xc ../../../../../..//binary/armv7a/gcc/am335x/drivers/Release/libdrivers.a(mailbox.o)
                0x800119e8                MBconfigIdleMode
 .text.MBgetMessage
                0x800119f4       0x28 ../../../../../..//binary/armv7a/gcc/am335x/drivers/Release/libdrivers.a(mailbox.o)
                0x800119f4                MBgetMessage
 .text.MBsendMessage
                0x80011a1c       0x20 ../../../../../..//binary/armv7a/gcc/am335x/drivers/Release/libdrivers.a(mailbox.o)
                0x80011a1c                MBsendMessage
 .text.MBenableNewMsgInt
                0x80011a3c       0x1c ../../../../../..//binary/armv7a/gcc/am335x/drivers/Release/libdrivers.a(mailbox.o)
                0x80011a3c                MBenableNewMsgInt
 .text.MBclrNewMsgStatus
                0x80011a58       0x1c ../../../../../..//binary/armv7a/gcc/am335x/drivers/Release/libdrivers.a(mailbox.o)
                0x80011a58                MBclrNewMsgStatus
 .text.MDIOPhyRegRead
                0x80011a74       0x5c ../../../../../..//binary/armv7a/gcc/am335x/drivers/Release/libdrivers.a(mdio.o)
                0x80011a74                MDIOPhyRegRead
 .text.MDIOPhyRegWrite
                0x80011ad0       0x44 ../../../../../..//binary/armv7a/gcc/am335x/drivers/Release/libdrivers.a(mdio.o)
                0x80011ad0                MDIOPhyRegWrite
 .text.MDIOPhyAliveStatusGet
                0x80011b14        0x8 ../../../../../..//binary/armv7a/gcc/am335x/drivers/Release/libdrivers.a(mdio.o)
                0x80011b14                MDIOPhyAliveStatusGet
 .text.MDIOInit
                0x80011b1c       0x34 ../../../../../..//binary/armv7a/gcc/am335x/drivers/Release/libdrivers.a(mdio.o)
                0x80011b1c                MDIOInit
 .text.MDIOContextSave
                0x80011b50        0xc ../../../../../..//binary/armv7a/gcc/am335x/drivers/Release/libdrivers.a(mdio.o)
                0x80011b50                MDIOContextSave
 .text.MDIOContextRestore
                0x80011b5c        0xc ../../../../../..//binary/armv7a/gcc/am335x/drivers/Release/libdrivers.a(mdio.o)
                0x80011b5c                MDIOContextRestore
 .text.PhyAutoNegotiate
                0x80011b68      0x164 ../../../../../..//binary/armv7a/gcc/am335x/drivers/Release/libdrivers.a(phy.o)
                0x80011b68                PhyAutoNegotiate
 .text.PhyAutoNegStatusGet
                0x80011ccc       0x2c ../../../../../..//binary/armv7a/gcc/am335x/drivers/Release/libdrivers.a(phy.o)
                0x80011ccc                PhyAutoNegStatusGet
 .text.PhyPartnerAbilityGet
                0x80011cf8       0x58 ../../../../../..//binary/armv7a/gcc/am335x/drivers/Release/libdrivers.a(phy.o)
                0x80011cf8                PhyPartnerAbilityGet
 .text.PhyLinkStatusGet
                0x80011d50       0x8c ../../../../../..//binary/armv7a/gcc/am335x/drivers/Release/libdrivers.a(phy.o)
                0x80011d50                PhyLinkStatusGet
 .text.RTCRun   0x80011ddc       0x48 ../../../../../..//binary/armv7a/gcc/am335x/drivers/Release/libdrivers.a(rtc.o)
                0x80011ddc                RTCRun
 .text.RTCWriteProtectDisable
                0x80011e24       0x1c ../../../../../..//binary/armv7a/gcc/am335x/drivers/Release/libdrivers.a(rtc.o)
                0x80011e24                RTCWriteProtectDisable
 .text.RTCIntTimerEnable
                0x80011e40       0x30 ../../../../../..//binary/armv7a/gcc/am335x/drivers/Release/libdrivers.a(rtc.o)
                0x80011e40                RTCIntTimerEnable
 .text.RTCEnable
                0x80011e70       0x5c ../../../../../..//binary/armv7a/gcc/am335x/drivers/Release/libdrivers.a(rtc.o)
                0x80011e70                RTCEnable
 .text.RTCTimeSet
                0x80011ecc       0x70 ../../../../../..//binary/armv7a/gcc/am335x/drivers/Release/libdrivers.a(rtc.o)
                0x80011ecc                RTCTimeSet
 .text.RTCTimeGet
                0x80011f3c       0x30 ../../../../../..//binary/armv7a/gcc/am335x/drivers/Release/libdrivers.a(rtc.o)
                0x80011f3c                RTCTimeGet
 .text.RTCCalendarSet
                0x80011f6c       0x34 ../../../../../..//binary/armv7a/gcc/am335x/drivers/Release/libdrivers.a(rtc.o)
                0x80011f6c                RTCCalendarSet
 .text.RTCCalendarGet
                0x80011fa0       0x34 ../../../../../..//binary/armv7a/gcc/am335x/drivers/Release/libdrivers.a(rtc.o)
                0x80011fa0                RTCCalendarGet
 .text.RTC32KClkSourceSelect
                0x80011fd4       0x30 ../../../../../..//binary/armv7a/gcc/am335x/drivers/Release/libdrivers.a(rtc.o)
                0x80011fd4                RTC32KClkSourceSelect
 .text.RTC32KClkClockControl
                0x80012004       0x20 ../../../../../..//binary/armv7a/gcc/am335x/drivers/Release/libdrivers.a(rtc.o)
                0x80012004                RTC32KClkClockControl
 .text.UARTOperatingModeSelect
                0x80012024       0x2c ../../../../../..//binary/armv7a/gcc/am335x/drivers/Release/libdrivers.a(uart_irda_cir.o)
                0x80012024                UARTOperatingModeSelect
 .text.UARTDivisorValCompute
                0x80012050       0x68 ../../../../../..//binary/armv7a/gcc/am335x/drivers/Release/libdrivers.a(uart_irda_cir.o)
                0x80012050                UARTDivisorValCompute
 .text.UARTDivisorLatchDisable
                0x800120b8       0x10 ../../../../../..//binary/armv7a/gcc/am335x/drivers/Release/libdrivers.a(uart_irda_cir.o)
                0x800120b8                UARTDivisorLatchDisable
 .text.UARTRegConfigModeEnable
                0x800120c8       0x44 ../../../../../..//binary/armv7a/gcc/am335x/drivers/Release/libdrivers.a(uart_irda_cir.o)
                0x800120c8                UARTRegConfigModeEnable
 .text.UARTDivisorLatchWrite
                0x8001210c      0x13c ../../../../../..//binary/armv7a/gcc/am335x/drivers/Release/libdrivers.a(uart_irda_cir.o)
                0x8001210c                UARTDivisorLatchWrite
 .text.UARTBreakCtl
                0x80012248       0x20 ../../../../../..//binary/armv7a/gcc/am335x/drivers/Release/libdrivers.a(uart_irda_cir.o)
                0x80012248                UARTBreakCtl
 .text.UARTLineCharacConfig
                0x80012268       0x3c ../../../../../..//binary/armv7a/gcc/am335x/drivers/Release/libdrivers.a(uart_irda_cir.o)
                0x80012268                UARTLineCharacConfig
 .text.UARTFIFORegisterWrite
                0x800122a4       0x88 ../../../../../..//binary/armv7a/gcc/am335x/drivers/Release/libdrivers.a(uart_irda_cir.o)
                0x800122a4                UARTFIFORegisterWrite
 .text.UARTSubConfigTCRTLRModeEn
                0x8001232c       0x74 ../../../../../..//binary/armv7a/gcc/am335x/drivers/Release/libdrivers.a(uart_irda_cir.o)
                0x8001232c                UARTSubConfigTCRTLRModeEn
 .text.UARTTCRTLRBitValRestore
                0x800123a0       0x78 ../../../../../..//binary/armv7a/gcc/am335x/drivers/Release/libdrivers.a(uart_irda_cir.o)
                0x800123a0                UARTTCRTLRBitValRestore
 .text.UARTFIFOConfig
                0x80012418      0x224 ../../../../../..//binary/armv7a/gcc/am335x/drivers/Release/libdrivers.a(uart_irda_cir.o)
                0x80012418                UARTFIFOConfig
 .text.UARTIntEnable
                0x8001263c       0x84 ../../../../../..//binary/armv7a/gcc/am335x/drivers/Release/libdrivers.a(uart_irda_cir.o)
                0x8001263c                UARTIntEnable
 .text.UARTIntDisable
                0x800126c0       0x74 ../../../../../..//binary/armv7a/gcc/am335x/drivers/Release/libdrivers.a(uart_irda_cir.o)
                0x800126c0                UARTIntDisable
 .text.UARTCharsAvail
                0x80012734       0x20 ../../../../../..//binary/armv7a/gcc/am335x/drivers/Release/libdrivers.a(uart_irda_cir.o)
                0x80012734                UARTCharsAvail
 .text.UARTCharPutNonBlocking
                0x80012754       0x2c ../../../../../..//binary/armv7a/gcc/am335x/drivers/Release/libdrivers.a(uart_irda_cir.o)
                0x80012754                UARTCharPutNonBlocking
 .text.UARTCharGetNonBlocking
                0x80012780       0x30 ../../../../../..//binary/armv7a/gcc/am335x/drivers/Release/libdrivers.a(uart_irda_cir.o)
                0x80012780                UARTCharGetNonBlocking
 .text.UARTCharGet
                0x800127b0       0x30 ../../../../../..//binary/armv7a/gcc/am335x/drivers/Release/libdrivers.a(uart_irda_cir.o)
                0x800127b0                UARTCharGet
 .text.UARTCharPut
                0x800127e0       0x30 ../../../../../..//binary/armv7a/gcc/am335x/drivers/Release/libdrivers.a(uart_irda_cir.o)
                0x800127e0                UARTCharPut
 .text.UARTModuleReset
                0x80012810       0x20 ../../../../../..//binary/armv7a/gcc/am335x/drivers/Release/libdrivers.a(uart_irda_cir.o)
                0x80012810                UARTModuleReset
 .text.UARTIdleModeConfigure
                0x80012830       0x20 ../../../../../..//binary/armv7a/gcc/am335x/drivers/Release/libdrivers.a(uart_irda_cir.o)
                0x80012830                UARTIdleModeConfigure
 .text.UARTWakeUpControl
                0x80012850       0x20 ../../../../../..//binary/armv7a/gcc/am335x/drivers/Release/libdrivers.a(uart_irda_cir.o)
                0x80012850                UARTWakeUpControl
 .text.ASCIIToDigit
                0x80012870       0x84 ../../../../../..//binary/armv7a/gcc/utils/Release/libutils.a(ascii.o)
                0x80012870                ASCIIToDigit
 .text.DigitToASCII
                0x800128f4       0x38 ../../../../../..//binary/armv7a/gcc/utils/Release/libutils.a(ascii.o)
                0x800128f4                DigitToASCII
 .text.TimeToStr
                0x8001292c       0x98 ../../../../../..//binary/armv7a/gcc/utils/Release/libutils.a(ascii.o)
                0x8001292c                TimeToStr
 .text.DateToStr
                0x800129c4       0x98 ../../../../../..//binary/armv7a/gcc/utils/Release/libutils.a(ascii.o)
                0x800129c4                DateToStr
 .text.BoardVersionGet
                0x80012a5c        0xc ../../../../../..//binary/armv7a/gcc/utils/Release/libutils.a(board.o)
                0x80012a5c                BoardVersionGet
 .text.BoardNameGet
                0x80012a68        0xc ../../../../../..//binary/armv7a/gcc/utils/Release/libutils.a(board.o)
                0x80012a68                BoardNameGet
 .text.BoardInfoInit
                0x80012a74       0xb4 ../../../../../..//binary/armv7a/gcc/utils/Release/libutils.a(board.o)
                0x80012a74                BoardInfoInit
 .text.CmdLineProcess
                0x80012b28       0xd0 ../../../../../..//binary/armv7a/gcc/utils/Release/libutils.a(cmdline.o)
                0x80012b28                CmdLineProcess
 .text.ConsoleUtilsInit
                0x80012bf8       0x14 ../../../../../..//binary/armv7a/gcc/utils/Release/libutils.a(consoleUtils.o)
                0x80012bf8                ConsoleUtilsInit
 .text.ConsoleUtilsSetType
                0x80012c0c       0x38 ../../../../../..//binary/armv7a/gcc/utils/Release/libutils.a(consoleUtils.o)
                0x80012c0c                ConsoleUtilsSetType
 .text.ConsoleUtilsPrintf
                0x80012c44       0x64 ../../../../../..//binary/armv7a/gcc/utils/Release/libutils.a(consoleUtils.o)
                0x80012c44                ConsoleUtilsPrintf
 .text.ConsoleUtilsScanf
                0x80012ca8       0x68 ../../../../../..//binary/armv7a/gcc/utils/Release/libutils.a(consoleUtils.o)
                0x80012ca8                ConsoleUtilsScanf
 .text.DelayTimerSetup
                0x80012d10       0x14 ../../../../../..//binary/armv7a/gcc/utils/Release/libutils.a(delay.o)
                0x80012d10                DelayTimerSetup
 .text.delay    0x80012d24       0x14 ../../../../../..//binary/armv7a/gcc/utils/Release/libutils.a(delay.o)
                0x80012d24                delay
 .text.UARTStdioInit
                0x80012d38       0x14 ../../../../../..//binary/armv7a/gcc/utils/Release/libutils.a(uartStdio.o)
                0x80012d38                UARTStdioInit
 .text.UARTPuts
                0x80012d4c       0x78 ../../../../../..//binary/armv7a/gcc/utils/Release/libutils.a(uartStdio.o)
                0x80012d4c                UARTPuts
 .text.UARTGetc
                0x80012dc4       0x14 ../../../../../..//binary/armv7a/gcc/utils/Release/libutils.a(uartStdio.o)
                0x80012dc4                UARTGetc
 .text.UARTwrite
                0x80012dd8       0x58 ../../../../../..//binary/armv7a/gcc/utils/Release/libutils.a(uartStdio.o)
                0x80012dd8                UARTwrite
 .text.UARTScanf
                0x80012e30      0x718 ../../../../../..//binary/armv7a/gcc/utils/Release/libutils.a(uartStdio.o)
                0x80012e30                UARTScanf
 .text.UARTPrintf
                0x80013548      0x4bc ../../../../../..//binary/armv7a/gcc/utils/Release/libutils.a(uartStdio.o)
                0x80013548                UARTPrintf
 .text.BoardInfoCheck
                0x80013a04       0xd4 ../../../../../..//binary/armv7a/gcc/am335x/beaglebone/platform/Release/libplatform.a(board.o)
                0x80013a04                BoardInfoCheck
 .text.EVMPortMIIModeSelect
                0x80013ad8       0x14 ../../../../../..//binary/armv7a/gcc/am335x/beaglebone/platform/Release/libplatform.a(cpsw.o)
                0x80013ad8                EVMPortMIIModeSelect
 .text.EVMMACAddrGet
                0x80013aec       0x5c ../../../../../..//binary/armv7a/gcc/am335x/beaglebone/platform/Release/libplatform.a(cpsw.o)
                0x80013aec                EVMMACAddrGet
 .text.ControlRegContextSave
                0x80013b48       0x48 ../../../../../..//binary/armv7a/gcc/am335x/beaglebone/platform/Release/libplatform.a(ctlregcontext.o)
                0x80013b48                ControlRegContextSave
 .text.ControlRegContextRestore
                0x80013b90       0x40 ../../../../../..//binary/armv7a/gcc/am335x/beaglebone/platform/Release/libplatform.a(ctlregcontext.o)
                0x80013b90                ControlRegContextRestore
 .text.IOPadContextSave
                0x80013bd0       0x28 ../../../../../..//binary/armv7a/gcc/am335x/beaglebone/platform/Release/libplatform.a(ctlregcontext.o)
                0x80013bd0                IOPadContextSave
 .text.IOPadContextRestore
                0x80013bf8       0x28 ../../../../../..//binary/armv7a/gcc/am335x/beaglebone/platform/Release/libplatform.a(ctlregcontext.o)
                0x80013bf8                IOPadContextRestore
 .text.IOPadConfigure
                0x80013c20       0x1c ../../../../../..//binary/armv7a/gcc/am335x/beaglebone/platform/Release/libplatform.a(ctlregcontext.o)
                0x80013c20                IOPadConfigure
 .text.IOPadSel
                0x80013c3c       0x20 ../../../../../..//binary/armv7a/gcc/am335x/beaglebone/platform/Release/libplatform.a(ctlregcontext.o)
                0x80013c3c                IOPadSel
 .text.IOPadSelConfigure
                0x80013c5c       0x30 ../../../../../..//binary/armv7a/gcc/am335x/beaglebone/platform/Release/libplatform.a(ctlregcontext.o)
                0x80013c5c                IOPadSelConfigure
 .text.DMTimer2ModuleClkConfig
                0x80013c8c      0x1a8 ../../../../../..//binary/armv7a/gcc/am335x/beaglebone/platform/Release/libplatform.a(dmtimer.o)
                0x80013c8c                DMTimer2ModuleClkConfig
 .text.DMTimer6ModuleClkConfig
                0x80013e34       0x80 ../../../../../..//binary/armv7a/gcc/am335x/beaglebone/platform/Release/libplatform.a(dmtimer.o)
                0x80013e34                DMTimer6ModuleClkConfig
 .text.DMTimer7ModuleClkConfig
                0x80013eb4      0x1a8 ../../../../../..//binary/armv7a/gcc/am335x/beaglebone/platform/Release/libplatform.a(dmtimer.o)
                0x80013eb4                DMTimer7ModuleClkConfig
 .text.DMTimer1msModuleClkConfig
                0x8001405c       0x84 ../../../../../..//binary/armv7a/gcc/am335x/beaglebone/platform/Release/libplatform.a(dmtimer.o)
                0x8001405c                DMTimer1msModuleClkConfig
 .text.EDMAVersionGet
                0x800140e0        0x8 ../../../../../..//binary/armv7a/gcc/am335x/beaglebone/platform/Release/libplatform.a(edma.o)
                0x800140e0                EDMAVersionGet
 .text.EDMAModuleClkConfig
                0x800140e8      0x158 ../../../../../..//binary/armv7a/gcc/am335x/beaglebone/platform/Release/libplatform.a(edma.o)
                0x800140e8                EDMAModuleClkConfig
 .text.EEPROMI2CSetUp
                0x80014240       0xe0 ../../../../../..//binary/armv7a/gcc/am335x/beaglebone/platform/Release/libplatform.a(eeprom.o)
                0x80014240                EEPROMI2CSetUp
 .text.EEPROMI2CRead
                0x80014320      0x1d4 ../../../../../..//binary/armv7a/gcc/am335x/beaglebone/platform/Release/libplatform.a(eeprom.o)
                0x80014320                EEPROMI2CRead
 .text.BoardInfoRead
                0x800144f4       0x34 ../../../../../..//binary/armv7a/gcc/am335x/beaglebone/platform/Release/libplatform.a(eeprom.o)
                0x800144f4                BoardInfoRead
 .text.GPIO1Pin23PinMuxSetup
                0x80014528       0x14 ../../../../../..//binary/armv7a/gcc/am335x/beaglebone/platform/Release/libplatform.a(gpio.o)
                0x80014528                GPIO1Pin23PinMuxSetup
 .text.GPIO0ModuleClkConfig
                0x8001453c       0xdc ../../../../../..//binary/armv7a/gcc/am335x/beaglebone/platform/Release/libplatform.a(gpio.o)
                0x8001453c                GPIO0ModuleClkConfig
 .text.GPIO1ModuleClkConfig
                0x80014618       0x78 ../../../../../..//binary/armv7a/gcc/am335x/beaglebone/platform/Release/libplatform.a(gpio.o)
                0x80014618                GPIO1ModuleClkConfig
 .text.GpioPinMuxSetup
                0x80014690       0x10 ../../../../../..//binary/armv7a/gcc/am335x/beaglebone/platform/Release/libplatform.a(gpio.o)
                0x80014690                GpioPinMuxSetup
 .text.HSMMCSDModuleClkConfig
                0x800146a0       0x2c ../../../../../..//binary/armv7a/gcc/am335x/beaglebone/platform/Release/libplatform.a(hs_mmcsd.o)
                0x800146a0                HSMMCSDModuleClkConfig
 .text.I2C0ModuleClkConfig
                0x800146cc      0x25c ../../../../../..//binary/armv7a/gcc/am335x/beaglebone/platform/Release/libplatform.a(hsi2c.o)
                0x800146cc                I2C0ModuleClkConfig
 .text.RtcVersionGet
                0x80014928        0x8 ../../../../../..//binary/armv7a/gcc/am335x/beaglebone/platform/Release/libplatform.a(rtc.o)
                0x80014928                RtcVersionGet
 .text.DMTimerIsr
                0x80014930       0x44 ../../../../../..//binary/armv7a/gcc/am335x/beaglebone/platform/Release/libplatform.a(sysdelay.o)
 .text.SysDelayTimerSetup
                0x80014974       0x84 ../../../../../..//binary/armv7a/gcc/am335x/beaglebone/platform/Release/libplatform.a(sysdelay.o)
                0x80014974                SysDelayTimerSetup
 .text.Sysdelay
                0x800149f8       0x88 ../../../../../..//binary/armv7a/gcc/am335x/beaglebone/platform/Release/libplatform.a(sysdelay.o)
                0x800149f8                Sysdelay
 .text.UARTConsoleInit
                0x80014a80       0xf0 ../../../../../..//binary/armv7a/gcc/am335x/beaglebone/platform/Release/libplatform.a(uartConsole.o)
                0x80014a80                UARTConsoleInit
 .text.UARTConsolePutc
                0x80014b70       0x20 ../../../../../..//binary/armv7a/gcc/am335x/beaglebone/platform/Release/libplatform.a(uartConsole.o)
                0x80014b70                UARTConsolePutc
 .text.UARTConsoleGetc
                0x80014b90       0x20 ../../../../../..//binary/armv7a/gcc/am335x/beaglebone/platform/Release/libplatform.a(uartConsole.o)
                0x80014b90                UARTConsoleGetc
 .text.UARTPinMuxSetup
                0x80014bb0       0x24 ../../../../../..//binary/armv7a/gcc/am335x/beaglebone/platform/Release/libplatform.a(uart.o)
                0x80014bb0                UARTPinMuxSetup
 .text.UART0ModuleClkConfig
                0x80014bd4      0x25c ../../../../../..//binary/armv7a/gcc/am335x/beaglebone/platform/Release/libplatform.a(uart.o)
                0x80014bd4                UART0ModuleClkConfig
 .text.HSMMCSDCardPresent
                0x80014e30       0x18 ../../../../../..//binary/armv7a/gcc/mmcsdlib/Release/libmmcsd.a(hs_mmcsdlib.o)
                0x80014e30                HSMMCSDCardPresent
 .text.HSMMCSDIntEnable
                0x80014e48       0x20 ../../../../../..//binary/armv7a/gcc/mmcsdlib/Release/libmmcsd.a(hs_mmcsdlib.o)
                0x80014e48                HSMMCSDIntEnable
 .text.HSMMCSDControllerInit
                0x80014e68      0x124 ../../../../../..//binary/armv7a/gcc/mmcsdlib/Release/libmmcsd.a(hs_mmcsdlib.o)
                0x80014e68                HSMMCSDControllerInit
 .text.HSMMCSDCmdSend
                0x80014f8c      0x12c ../../../../../..//binary/armv7a/gcc/mmcsdlib/Release/libmmcsd.a(hs_mmcsdlib.o)
                0x80014f8c                HSMMCSDCmdSend
 .text.HSMMCSDBusWidthConfig
                0x800150b8       0x20 ../../../../../..//binary/armv7a/gcc/mmcsdlib/Release/libmmcsd.a(hs_mmcsdlib.o)
                0x800150b8                HSMMCSDBusWidthConfig
 .text.HSMMCSDBusFreqConfig
                0x800150d8       0x20 ../../../../../..//binary/armv7a/gcc/mmcsdlib/Release/libmmcsd.a(hs_mmcsdlib.o)
                0x800150d8                HSMMCSDBusFreqConfig
 .text.MMCSDAppCmdSend
                0x800150f8       0x58 ../../../../../..//binary/armv7a/gcc/mmcsdlib/Release/libmmcsd.a(mmcsd_proto.o)
                0x800150f8                MMCSDAppCmdSend
 .text.MMCSDBusWidthSet
                0x80015150       0x98 ../../../../../..//binary/armv7a/gcc/mmcsdlib/Release/libmmcsd.a(mmcsd_proto.o)
                0x80015150                MMCSDBusWidthSet
 .text.MMCSDTranSpeedSet
                0x800151e8       0xf0 ../../../../../..//binary/armv7a/gcc/mmcsdlib/Release/libmmcsd.a(mmcsd_proto.o)
                0x800151e8                MMCSDTranSpeedSet
 .text.MMCSDCardTypeCheck
                0x800152d8       0x34 ../../../../../..//binary/armv7a/gcc/mmcsdlib/Release/libmmcsd.a(mmcsd_proto.o)
                0x800152d8                MMCSDCardTypeCheck
 .text.MMCSDCtrlInit
                0x8001530c       0x10 ../../../../../..//binary/armv7a/gcc/mmcsdlib/Release/libmmcsd.a(mmcsd_proto.o)
                0x8001530c                MMCSDCtrlInit
 .text.MMCSDIntEnable
                0x8001531c       0x10 ../../../../../..//binary/armv7a/gcc/mmcsdlib/Release/libmmcsd.a(mmcsd_proto.o)
                0x8001531c                MMCSDIntEnable
 .text.MMCSDCardInit
                0x8001532c      0x41c ../../../../../..//binary/armv7a/gcc/mmcsdlib/Release/libmmcsd.a(mmcsd_proto.o)
                0x8001532c                MMCSDCardInit
 .text.MMCSDWriteCmdSend
                0x80015748      0x110 ../../../../../..//binary/armv7a/gcc/mmcsdlib/Release/libmmcsd.a(mmcsd_proto.o)
                0x80015748                MMCSDWriteCmdSend
 .text.MMCSDReadCmdSend
                0x80015858      0x108 ../../../../../..//binary/armv7a/gcc/mmcsdlib/Release/libmmcsd.a(mmcsd_proto.o)
                0x80015858                MMCSDReadCmdSend
 .text.CacheDisable
                0x80015960       0x68 ../../../../../..//binary/armv7a/gcc/am335x/system_config/Release/libsystem_config.a(cache.o)
                0x80015960                CacheDisable
 .text.CacheEnable
                0x800159c8       0x84 ../../../../../..//binary/armv7a/gcc/am335x/system_config/Release/libsystem_config.a(cache.o)
                0x800159c8                CacheEnable
 .text.CacheDataCleanBuff
                0x80015a4c       0x14 ../../../../../..//binary/armv7a/gcc/am335x/system_config/Release/libsystem_config.a(cache.o)
                0x80015a4c                CacheDataCleanBuff
 .text.CacheDataInvalidateBuff
                0x80015a60       0x14 ../../../../../..//binary/armv7a/gcc/am335x/system_config/Release/libsystem_config.a(cache.o)
                0x80015a60                CacheDataInvalidateBuff
 .text.setLPBypassMode.part.0
                0x80015a74       0x44 ../../../../../..//binary/armv7a/gcc/am335x/system_config/Release/libsystem_config.a(clock.o)
 .text.setLPBypassMode
                0x80015ab8       0x68 ../../../../../..//binary/armv7a/gcc/am335x/system_config/Release/libsystem_config.a(clock.o)
                0x80015ab8                setLPBypassMode
 .text.configADPLL
                0x80015b20      0x10c ../../../../../..//binary/armv7a/gcc/am335x/system_config/Release/libsystem_config.a(clock.o)
                0x80015b20                configADPLL
 .text.enableClock
                0x80015c2c      0x134 ../../../../../..//binary/armv7a/gcc/am335x/system_config/Release/libsystem_config.a(clock.o)
 .text.enableModuleClock
                0x80015d60       0xe4 ../../../../../..//binary/armv7a/gcc/am335x/system_config/Release/libsystem_config.a(clock.o)
                0x80015d60                enableModuleClock
 .text.disableModuleClock
                0x80015e44      0x19c ../../../../../..//binary/armv7a/gcc/am335x/system_config/Release/libsystem_config.a(clock.o)
                0x80015e44                disableModuleClock
 .text.disableSelModuleClock
                0x80015fe0       0x74 ../../../../../..//binary/armv7a/gcc/am335x/system_config/Release/libsystem_config.a(clock.o)
                0x80015fe0                disableSelModuleClock
 .text.enableSelModuleClock
                0x80016054       0x54 ../../../../../..//binary/armv7a/gcc/am335x/system_config/Release/libsystem_config.a(clock.o)
                0x80016054                enableSelModuleClock
 .text          0x800160a8      0x488 ../../../../../..//binary/armv7a/gcc/am335x/system_config/Release/libsystem_config.a(cp15.o)
                0x800160a8                CP15ICacheDisable
                0x800160c4                CP15DCacheDisable
                0x800160e0                CP15ICacheEnable
                0x800160f0                CP15DCacheEnable
                0x80016100                CP15DCacheFlush
                0x80016194                CP15DCacheClean
                0x80016228                CP15DCacheCleanFlush
                0x800162bc                CP15ICacheFlush
                0x800162cc                CP15DCacheCleanBuff
                0x80016320                CP15DCacheCleanFlushBuff
                0x80016374                CP15DCacheFlushBuff
                0x800163d8                CP15ICacheFlushBuff
                0x8001642c                CP15Ttb0Set
                0x80016438                CP15TlbInvalidate
                0x80016444                CP15MMUDisable
                0x8001645c                CP15MMUEnable
                0x80016470                CP15VectorBaseAddrSet
                0x8001647c                CP15BranchPredictorInvalidate
                0x80016488                CP15BranchPredictionEnable
                0x80016498                CP15BranchPredictionDisable
                0x800164a8                CP15DomainAccessClientSet
                0x800164b8                CP15ControlFeatureDisable
                0x800164cc                CP15ControlFeatureEnable
                0x800164e0                CP15TtbCtlTtb0Config
                0x800164f0                CP15AuxControlFeatureEnable
                0x80016504                CP15AuxControlFeatureDisable
                0x80016518                CP15MainIdPrimPartNumGet
 .text.DeviceVersionGet
                0x80016530       0x14 ../../../../../..//binary/armv7a/gcc/am335x/system_config/Release/libsystem_config.a(device.o)
                0x80016530                DeviceVersionGet
 .text.IntDefaultHandler
                0x80016544        0x4 ../../../../../..//binary/armv7a/gcc/am335x/system_config/Release/libsystem_config.a(interrupt.o)
 .text.IntRegister
                0x80016548       0x10 ../../../../../..//binary/armv7a/gcc/am335x/system_config/Release/libsystem_config.a(interrupt.o)
                0x80016548                IntRegister
 .text.IntAINTCInit
                0x80016558       0x54 ../../../../../..//binary/armv7a/gcc/am335x/system_config/Release/libsystem_config.a(interrupt.o)
                0x80016558                IntAINTCInit
 .text.IntPrioritySet
                0x800165ac       0x24 ../../../../../..//binary/armv7a/gcc/am335x/system_config/Release/libsystem_config.a(interrupt.o)
                0x800165ac                IntPrioritySet
 .text.IntSystemEnable
                0x800165d0       0x24 ../../../../../..//binary/armv7a/gcc/am335x/system_config/Release/libsystem_config.a(interrupt.o)
                0x800165d0                IntSystemEnable
 .text.IntMasterIRQEnable
                0x800165f4       0x14 ../../../../../..//binary/armv7a/gcc/am335x/system_config/Release/libsystem_config.a(interrupt.o)
                0x800165f4                IntMasterIRQEnable
 .text.IntMasterIRQDisable
                0x80016608       0x14 ../../../../../..//binary/armv7a/gcc/am335x/system_config/Release/libsystem_config.a(interrupt.o)
                0x80016608                IntMasterIRQDisable
 .text.IntMasterStatusGet
                0x8001661c       0x14 ../../../../../..//binary/armv7a/gcc/am335x/system_config/Release/libsystem_config.a(interrupt.o)
                0x8001661c                IntMasterStatusGet
 .text.MMUInit  0x80016630       0x54 ../../../../../..//binary/armv7a/gcc/am335x/system_config/Release/libsystem_config.a(mmu.o)
                0x80016630                MMUInit
 .text.MMUMemRegionMap
                0x80016684       0x74 ../../../../../..//binary/armv7a/gcc/am335x/system_config/Release/libsystem_config.a(mmu.o)
                0x80016684                MMUMemRegionMap
 .text.MMUEnable
                0x800166f8       0x20 ../../../../../..//binary/armv7a/gcc/am335x/system_config/Release/libsystem_config.a(mmu.o)
                0x800166f8                MMUEnable
 .text.start_boot
                0x80016718       0x60 ../../../../../..//binary/armv7a/gcc/am335x/system_config/Release/libsystem_config.a(startup.o)
                0x80016718                start_boot
 .text.CPUIntStatus
                0x80016778        0xc ../../../../../..//binary/armv7a/gcc/am335x/system_config/Release/libsystem_config.a(cpu.o)
                0x80016778                CPUIntStatus
 .text.CPUirqd  0x80016784       0x14 ../../../../../..//binary/armv7a/gcc/am335x/system_config/Release/libsystem_config.a(cpu.o)
                0x80016784                CPUirqd
 .text.CPUirqe  0x80016798       0x14 ../../../../../..//binary/armv7a/gcc/am335x/system_config/Release/libsystem_config.a(cpu.o)
                0x80016798                CPUirqe
 .text          0x800167ac       0xf0 ../../../../../..//binary/armv7a/gcc/am335x/system_config/Release/libsystem_config.a(exceptionhandler.o)
                0x800167ac                SVC_Handler
                0x800167d4                IRQHandler
                0x80016880                FIQHandler
                0x80016884                UndefInstHandler
                0x80016884                AbortHandler
 .text.memcmp   0x8001689c       0xb4 /home/sungjae/gcc-arm-none-eabi-4_7-2012q4//arm-none-eabi/lib//libc.a(lib_a-memcmp.o)
                0x8001689c                memcmp
 .text.memcpy   0x80016950       0xf4 /home/sungjae/gcc-arm-none-eabi-4_7-2012q4//arm-none-eabi/lib//libc.a(lib_a-memcpy.o)
                0x80016950                memcpy
 .text.memset   0x80016a44       0xf8 /home/sungjae/gcc-arm-none-eabi-4_7-2012q4//arm-none-eabi/lib//libc.a(lib_a-memset.o)
                0x80016a44                memset
 .text.stpcpy   0x80016b3c       0x84 /home/sungjae/gcc-arm-none-eabi-4_7-2012q4//arm-none-eabi/lib//libc.a(lib_a-stpcpy.o)
                0x80016b3c                stpcpy
 .text.strcat   0x80016bc0       0xa0 /home/sungjae/gcc-arm-none-eabi-4_7-2012q4//arm-none-eabi/lib//libc.a(lib_a-strcat.o)
                0x80016bc0                strcat
 .text.strchr   0x80016c60      0x1dc /home/sungjae/gcc-arm-none-eabi-4_7-2012q4//arm-none-eabi/lib//libc.a(lib_a-strchr.o)
                0x80016c60                strchr
 .text.strcmp   0x80016e3c       0x94 /home/sungjae/gcc-arm-none-eabi-4_7-2012q4//arm-none-eabi/lib//libc.a(lib_a-strcmp.o)
                0x80016e3c                strcmp
 .text.strcmp_unaligned
                0x80016ed0      0x19c /home/sungjae/gcc-arm-none-eabi-4_7-2012q4//arm-none-eabi/lib//libc.a(lib_a-strcmp.o)
 .text.strcpy   0x8001706c       0xf0 /home/sungjae/gcc-arm-none-eabi-4_7-2012q4//arm-none-eabi/lib//libc.a(lib_a-strcpy.o)
                0x8001706c                strcpy
 .text.strlen   0x8001715c       0x60 /home/sungjae/gcc-arm-none-eabi-4_7-2012q4//arm-none-eabi/lib//libc.a(lib_a-strlen.o)
                0x8001715c                strlen
 .text.strncmp  0x800171bc      0x140 /home/sungjae/gcc-arm-none-eabi-4_7-2012q4//arm-none-eabi/lib//libc.a(lib_a-strncmp.o)
                0x800171bc                strncmp
 .text.strncpy  0x800172fc       0xc8 /home/sungjae/gcc-arm-none-eabi-4_7-2012q4//arm-none-eabi/lib//libc.a(lib_a-strncpy.o)
                0x800172fc                strncpy
 .text          0x800173c4      0x114 /home/sungjae/gcc-arm-none-eabi-4_7-2012q4//lib/gcc/arm-none-eabi/4.7.3//libgcc.a(_udivsi3.o)
                0x800173c4                __udivsi3
                0x800173c4                __aeabi_uidiv
                0x800174b8                __aeabi_uidivmod
 .text          0x800174d8      0x148 /home/sungjae/gcc-arm-none-eabi-4_7-2012q4//lib/gcc/arm-none-eabi/4.7.3//libgcc.a(_divsi3.o)
                0x800174d8                __aeabi_idiv
                0x800174d8                __divsi3
                0x80017600                __aeabi_idivmod
 .text          0x80017620        0x4 /home/sungjae/gcc-arm-none-eabi-4_7-2012q4//lib/gcc/arm-none-eabi/4.7.3//libgcc.a(_dvmd_tls.o)
                0x80017620                __aeabi_ldiv0
                0x80017620                __aeabi_idiv0
 *(.rodata*)
 .rodata.str1.4
                0x80017624       0x11 Release/cm3wkup_proxy.o
                                 0x14 (size before relaxing)
 *fill*         0x80017635        0x3 00
 .rodata.cm3image
                0x80017638     0x2df4 Release/cm3wkup_proxy.o
                0x80017638                cm3image
 .rodata.str1.4
                0x8001a42c       0x75 Release/demoDvfs.o
                                 0x7c (size before relaxing)
 *fill*         0x8001a4a1        0x3 00
 .rodata.g_psConfigCGIURIs
                0x8001a4a4        0x8 Release/demoEnet.o
 .rodata.str1.4
                0x8001a4ac      0x170 Release/demoEnet.o
 .rodata        0x8001a61c       0x54 Release/demoMain.o
 .rodata.pageNavSpecMMCSD
                0x8001a670       0x20 Release/demoMain.o
 .rodata.pageNavSpecRtc
                0x8001a690       0x20 Release/demoMain.o
 .rodata.pageNavSpecTimer
                0x8001a6b0       0x18 Release/demoMain.o
 .rodata.str1.4
                0x8001a6c8      0x319 Release/demoMain.o
                                0x324 (size before relaxing)
 *fill*         0x8001a9e1        0x3 00
 .rodata.pageNavSpecGPIO
                0x8001a9e4       0x18 Release/demoMain.o
 .rodata.pageNavSpecMenu
                0x8001a9fc       0x30 Release/demoMain.o
 .rodata.pageNavSpecPM
                0x8001aa2c       0x40 Release/demoMain.o
 .rodata.pageNavSpecWeb
                0x8001aa6c       0x20 Release/demoMain.o
 .rodata.str1.4
                0x8001aa8c       0xd8 Release/demoPwrMgmnt.o
                                 0xdc (size before relaxing)
 .rodata.str1.4
                0x8001ab64      0x190 Release/demoRtc.o
                                0x194 (size before relaxing)
 .rodata.str1.4
                0x8001acf4      0x3f4 Release/demoSdFs.o
                                0x410 (size before relaxing)
 .rodata.str1.4
                0x8001b0e8       0x16 Release/fat_mmcsd.o
                                 0x18 (size before relaxing)
 *fill*         0x8001b0fe        0x2 00
 .rodata.str1.4
                0x8001b100        0xa Release/ff.o
                                  0xc (size before relaxing)
 *fill*         0x8001b10a        0x2 00
 .rodata.file_board_js