Archive member included because of file (symbol)

../../../../../..//binary/armv7a/gcc/utils/Release/libutils.a(consoleUtils.o)
                              Release/usb_dev_bulk.o (ConsoleUtilsInit)
../../../../../..//binary/armv7a/gcc/utils/Release/libutils.a(delay.o)
                              Release/usb_dev_bulk.o (DelayTimerSetup)
../../../../../..//binary/armv7a/gcc/utils/Release/libutils.a(uartStdio.o)
                              ../../../../../..//binary/armv7a/gcc/utils/Release/libutils.a(consoleUtils.o) (UARTStdioInit)
../../../../../..//binary/armv7a/gcc/utils/Release/libutils.a(ascii.o)
                              ../../../../../..//binary/armv7a/gcc/utils/Release/libutils.a(uartStdio.o) (ASCIIToDigit)
../../../../../..//binary/armv7a/gcc/am335x/beaglebone/platform/Release/libplatform.a(sysdelay.o)
                              ../../../../../..//binary/armv7a/gcc/utils/Release/libutils.a(delay.o) (SysDelayTimerSetup)
../../../../../..//binary/armv7a/gcc/am335x/beaglebone/platform/Release/libplatform.a(uartConsole.o)
                              ../../../../../..//binary/armv7a/gcc/utils/Release/libutils.a(uartStdio.o) (UARTConsoleInit)
../../../../../..//binary/armv7a/gcc/am335x/beaglebone/platform/Release/libplatform.a(usb.o)
                              Release/usb_dev_bulk.o (USB0ModuleClkConfig)
../../../../../..//binary/armv7a/gcc/am335x/beaglebone/platform/Release/libplatform.a(dmtimer.o)
                              ../../../../../..//binary/armv7a/gcc/am335x/beaglebone/platform/Release/libplatform.a(sysdelay.o) (DMTimer7ModuleClkConfig)
../../../../../..//binary/armv7a/gcc/am335x/beaglebone/platform/Release/libplatform.a(uart.o)
                              ../../../../../..//binary/armv7a/gcc/am335x/beaglebone/platform/Release/libplatform.a(uartConsole.o) (UARTPinMuxSetup)
../../../../../..//binary/armv7a/gcc/am335x/usblib/Release/libusblib.a(usbbuffer.o)
                              Release/usb_dev_bulk.o (USBBufferInit)
../../../../../..//binary/armv7a/gcc/am335x/usblib/Release/libusblib.a(usbdbulk.o)
                              Release/usb_dev_bulk.o (USBDBulkInit)
../../../../../..//binary/armv7a/gcc/am335x/usblib/Release/libusblib.a(usbdenum.o)
                              ../../../../../..//binary/armv7a/gcc/am335x/usblib/Release/libusblib.a(usbdbulk.o) (USBDCDInit)
../../../../../..//binary/armv7a/gcc/am335x/usblib/Release/libusblib.a(usbdhandler.o)
                              Release/usb_dev_bulk.o (USB0DeviceIntHandler)
../../../../../..//binary/armv7a/gcc/am335x/usblib/Release/libusblib.a(usbringbuf.o)
                              ../../../../../..//binary/armv7a/gcc/am335x/usblib/Release/libusblib.a(usbbuffer.o) (USBRingBufFlush)
../../../../../..//binary/armv7a/gcc/am335x/usblib/Release/libusblib.a(usbtick.o)
                              ../../../../../..//binary/armv7a/gcc/am335x/usblib/Release/libusblib.a(usbdenum.o) (InternalUSBStartOfFrameTick)
../../../../../..//binary/armv7a/gcc/am335x/usblib/Release/libusblib.a(usbdata.o)
                              ../../../../../..//binary/armv7a/gcc/am335x/usblib/Release/libusblib.a(usbdbulk.o) (g_USBInstance)
../../../../../..//binary/armv7a/gcc/am335x/usblib/Release/libusblib.a(usbdcdesc.o)
                              ../../../../../..//binary/armv7a/gcc/am335x/usblib/Release/libusblib.a(usbdenum.o) (USBDCDConfigDescGetSize)
../../../../../..//binary/armv7a/gcc/am335x/usblib/Release/libusblib.a(usbdconfig.o)
                              ../../../../../..//binary/armv7a/gcc/am335x/usblib/Release/libusblib.a(usbdenum.o) (USBDeviceConfig)
../../../../../..//binary/armv7a/gcc/am335x/usblib/Release/libusblib.a(usbdesc.o)
                              ../../../../../..//binary/armv7a/gcc/am335x/usblib/Release/libusblib.a(usbdcdesc.o) (USBDescGetNum)
../../../../../..//binary/armv7a/gcc/am335x/system_config/Release/libsystem_config.a(init.o)
                              (Entry)
../../../../../..//binary/armv7a/gcc/am335x/system_config/Release/libsystem_config.a(interrupt.o)
                              Release/usb_dev_bulk.o (IntRegister)
../../../../../..//binary/armv7a/gcc/am335x/system_config/Release/libsystem_config.a(mmu.o)
                              Release/usb_dev_bulk.o (MMUInit)
../../../../../..//binary/armv7a/gcc/am335x/system_config/Release/libsystem_config.a(startup.o)
                              ../../../../../..//binary/armv7a/gcc/am335x/system_config/Release/libsystem_config.a(init.o) (start_boot)
../../../../../..//binary/armv7a/gcc/am335x/system_config/Release/libsystem_config.a(cp15.o)
                              ../../../../../..//binary/armv7a/gcc/am335x/system_config/Release/libsystem_config.a(mmu.o) (CP15Ttb0Set)
../../../../../..//binary/armv7a/gcc/am335x/system_config/Release/libsystem_config.a(cpu.o)
                              ../../../../../..//binary/armv7a/gcc/am335x/system_config/Release/libsystem_config.a(interrupt.o) (CPUIntStatus)
[...]
Memory Configuration

Name             Origin             Length             Attributes
DDR0             0x80000000         0x10000000
*default*        0x00000000         0xffffffff

Linker script and memory map

LOAD Release/usb_bulk_structs.o
LOAD Release/usb_dev_bulk.o
LOAD Release/ustdlib.o
LOAD ../../../../../..//binary/armv7a/gcc/am335x/drivers/Release/libdrivers.a
LOAD ../../../../../..//binary/armv7a/gcc/utils/Release/libutils.a
LOAD ../../../../../..//binary/armv7a/gcc/am335x/beaglebone/platform/Release/libplatform.a
LOAD ../../../../../..//binary/armv7a/gcc/am335x/usblib/Release/libusblib.a
LOAD ../../../../../..//binary/armv7a/gcc/am335x/system_config/Release/libsystem_config.a
LOAD /home/abby/opt/gcc-arm-none-eabi-4_7-2012q4//arm-none-eabi/lib//libc.a
LOAD /home/abby/opt/gcc-arm-none-eabi-4_7-2012q4//lib/gcc/arm-none-eabi/4.7.3//libgcc.a
LOAD ../../../../../..//binary/armv7a/gcc/am335x/drivers/Release/libdrivers.a
LOAD ../../../../../..//binary/armv7a/gcc/utils/Release/libutils.a
LOAD ../../../../../..//binary/armv7a/gcc/am335x/beaglebone/platform/Release/libplatform.a
LOAD ../../../../../..//binary/armv7a/gcc/am335x/usblib/Release/libusblib.a
LOAD ../../../../../..//binary/armv7a/gcc/am335x/system_config/Release/libsystem_config.a
LOAD /home/abby/opt/gcc-arm-none-eabi-4_7-2012q4//arm-none-eabi/lib//libc.a
LOAD /home/abby/opt/gcc-arm-none-eabi-4_7-2012q4//lib/gcc/arm-none-eabi/4.7.3//libgcc.a

.startcode      0x80000000       0xb4
                0x80000000                . = ALIGN (0x4)
 *init.o(.text)
 .text          0x80000000       0xb4 ../../../../../..//binary/armv7a/gcc/am335x/system_config/Release/libsystem_config.a(init.o)
                0x80000000                Entry

.text           0x800000b4     0x5090
                0x800000b4                . = ALIGN (0x4)
 *(.text*)
 .text.TxHandler
                0x800000b4       0x20 Release/usb_dev_bulk.o
                0x800000b4                TxHandler
 .text.RxHandler
                0x800000d4      0x190 Release/usb_dev_bulk.o
                0x800000d4                RxHandler
 .text.startup.main
                0x80000264      0x1b8 Release/usb_dev_bulk.o
                0x80000264                main
 .text.ConsoleUtilsInit
                0x8000041c       0x14 ../../../../../..//binary/armv7a/gcc/utils/Release/libutils.a(consoleUtils.o)
                0x8000041c                ConsoleUtilsInit
 .text.ConsoleUtilsSetType
                0x80000430       0x38 ../../../../../..//binary/armv7a/gcc/utils/Release/libutils.a(consoleUtils.o)
                0x80000430                ConsoleUtilsSetType
 .text.DelayTimerSetup
                0x80000468       0x14 ../../../../../..//binary/armv7a/gcc/utils/Release/libutils.a(delay.o)
                0x80000468                DelayTimerSetup
 .text.delay    0x8000047c       0x14 ../../../../../..//binary/armv7a/gcc/utils/Release/libutils.a(delay.o)
                0x8000047c                delay
 .text.UARTStdioInit
                0x80000490       0x14 ../../../../../..//binary/armv7a/gcc/utils/Release/libutils.a(uartStdio.o)
                0x80000490                UARTStdioInit
 .text.UARTPuts
                0x800004a4       0x78 ../../../../../..//binary/armv7a/gcc/utils/Release/libutils.a(uartStdio.o)
                0x800004a4                UARTPuts
 .text.DMTimerIsr
                0x8000051c       0x44 ../../../../../..//binary/armv7a/gcc/am335x/beaglebone/platform/Release/libplatform.a(sysdelay.o)
 .text.SysDelayTimerSetup
                0x80000560       0x84 ../../../../../..//binary/armv7a/gcc/am335x/beaglebone/platform/Release/libplatform.a(sysdelay.o)
                0x80000560                SysDelayTimerSetup
 .text.Sysdelay
                0x800005e4       0x88 ../../../../../..//binary/armv7a/gcc/am335x/beaglebone/platform/Release/libplatform.a(sysdelay.o)
                0x800005e4                Sysdelay
 .text.UARTConsoleInit
                0x8000066c       0xf0 ../../../../../..//binary/armv7a/gcc/am335x/beaglebone/platform/Release/libplatform.a(uartConsole.o)
                0x8000066c                UARTConsoleInit
 .text.UARTConsolePutc
                0x8000075c       0x20 ../../../../../..//binary/armv7a/gcc/am335x/beaglebone/platform/Release/libplatform.a(uartConsole.o)
                0x8000075c                UARTConsolePutc
 .text.USBVersionGet
                0x8000077c        0x8 ../../../../../..//binary/armv7a/gcc/am335x/beaglebone/platform/Release/libplatform.a(usb.o)
                0x8000077c                USBVersionGet
 .text.USB0ModuleClkConfig
                0x80000784       0x4c ../../../../../..//binary/armv7a/gcc/am335x/beaglebone/platform/Release/libplatform.a(usb.o)
                0x80000784                USB0ModuleClkConfig
 .text.USBEnableInt
                0x800007d0       0x10 ../../../../../..//binary/armv7a/gcc/am335x/beaglebone/platform/Release/libplatform.a(usb.o)
                0x800007d0                USBEnableInt
 .text.USBClearInt
                0x800007e0        0x4 ../../../../../..//binary/armv7a/gcc/am335x/beaglebone/platform/Release/libplatform.a(usb.o)
                0x800007e0                USBClearInt
 .text.USBModuleClkEnable
                0x800007e4       0x14 ../../../../../..//binary/armv7a/gcc/am335x/beaglebone/platform/Release/libplatform.a(usb.o)
                0x800007e4                USBModuleClkEnable
 .text.DMTimer7ModuleClkConfig
                0x800007f8      0x1a8 ../../../../../..//binary/armv7a/gcc/am335x/beaglebone/platform/Release/libplatform.a(dmtimer.o)
                0x800007f8                DMTimer7ModuleClkConfig
 .text.UARTPinMuxSetup
                0x800009a0       0x24 ../../../../../..//binary/armv7a/gcc/am335x/beaglebone/platform/Release/libplatform.a(uart.o)
                0x800009a0                UARTPinMuxSetup
 .text.UART0ModuleClkConfig
                0x800009c4      0x25c ../../../../../..//binary/armv7a/gcc/am335x/beaglebone/platform/Release/libplatform.a(uart.o)
                0x800009c4                UART0ModuleClkConfig
 .text.ScheduleNextTransmission
                0x80000c20       0xb8 ../../../../../..//binary/armv7a/gcc/am335x/usblib/Release/libusblib.a(usbbuffer.o)
 .text.USBBufferInit
                0x80000cd8       0x28 ../../../../../..//binary/armv7a/gcc/am335x/usblib/Release/libusblib.a(usbbuffer.o)
                0x80000cd8                USBBufferInit
 .text.USBBufferInfoGet
                0x80000d00       0x14 ../../../../../..//binary/armv7a/gcc/am335x/usblib/Release/libusblib.a(usbbuffer.o)
                0x80000d00                USBBufferInfoGet
 .text.USBBufferDataWritten
                0x80000d14       0x34 ../../../../../..//binary/armv7a/gcc/am335x/usblib/Release/libusblib.a(usbbuffer.o)
                0x80000d14                USBBufferDataWritten
 .text.USBBufferFlush
                0x80000d48       0x18 ../../../../../..//binary/armv7a/gcc/am335x/usblib/Release/libusblib.a(usbbuffer.o)
                0x80000d48                USBBufferFlush
 .text.USBBufferSpaceAvailable
                0x80000d60       0x18 ../../../../../..//binary/armv7a/gcc/am335x/usblib/Release/libusblib.a(usbbuffer.o)
                0x80000d60                USBBufferSpaceAvailable
 .text.USBBufferEventCallback
                0x80000d78      0x288 ../../../../../..//binary/armv7a/gcc/am335x/usblib/Release/libusblib.a(usbbuffer.o)
                0x80000d78                USBBufferEventCallback
 .text.HandleConfigChange
                0x80001000       0x40 ../../../../../..//binary/armv7a/gcc/am335x/usblib/Release/libusblib.a(usbdbulk.o)
 .text.HandleDevice
                0x80001040       0x3c ../../../../../..//binary/armv7a/gcc/am335x/usblib/Release/libusblib.a(usbdbulk.o)
 .text.HandleDisconnect
                0x8000107c       0x38 ../../../../../..//binary/armv7a/gcc/am335x/usblib/Release/libusblib.a(usbdbulk.o)
 .text.HandleSuspend
                0x800010b4       0x20 ../../../../../..//binary/armv7a/gcc/am335x/usblib/Release/libusblib.a(usbdbulk.o)
 .text.HandleResume
                0x800010d4       0x20 ../../../../../..//binary/armv7a/gcc/am335x/usblib/Release/libusblib.a(usbdbulk.o)
 .text.HandleEndpoints
                0x800010f4      0x138 ../../../../../..//binary/armv7a/gcc/am335x/usblib/Release/libusblib.a(usbdbulk.o)
 .text.USBDBulkCompositeInit
                0x8000122c      0x12c ../../../../../..//binary/armv7a/gcc/am335x/usblib/Release/libusblib.a(usbdbulk.o)
                0x8000122c                USBDBulkCompositeInit
 .text.USBDBulkInit
                0x80001358       0x40 ../../../../../..//binary/armv7a/gcc/am335x/usblib/Release/libusblib.a(usbdbulk.o)
                0x80001358                USBDBulkInit
 .text.USBDBulkPacketWrite
                0x80001398       0x94 ../../../../../..//binary/armv7a/gcc/am335x/usblib/Release/libusblib.a(usbdbulk.o)
                0x80001398                USBDBulkPacketWrite
 .text.USBDBulkPacketRead
                0x8000142c       0xf0 ../../../../../..//binary/armv7a/gcc/am335x/usblib/Release/libusblib.a(usbdbulk.o)
                0x8000142c                USBDBulkPacketRead
 .text.USBDBulkTxPacketAvailable
                0x8000151c       0x18 ../../../../../..//binary/armv7a/gcc/am335x/usblib/Release/libusblib.a(usbdbulk.o)
                0x8000151c                USBDBulkTxPacketAvailable
 .text.USBDBulkRxPacketAvailable
                0x80001534       0x3c ../../../../../..//binary/armv7a/gcc/am335x/usblib/Release/libusblib.a(usbdbulk.o)
                0x80001534                USBDBulkRxPacketAvailable
 .text.USBDSetAddress
                0x80001570       0x4c ../../../../../..//binary/armv7a/gcc/am335x/usblib/Release/libusblib.a(usbdenum.o)
 .text.USBDEP0StateTx
                0x800015bc      0x134 ../../../../../..//binary/armv7a/gcc/am335x/usblib/Release/libusblib.a(usbdenum.o)
 .text.USBDGetConfiguration
                0x800016f0       0x74 ../../../../../..//binary/armv7a/gcc/am335x/usblib/Release/libusblib.a(usbdenum.o)
 .text.USBDEP0StateTxConfig
                0x80001764      0x330 ../../../../../..//binary/armv7a/gcc/am335x/usblib/Release/libusblib.a(usbdenum.o)
 .text.USBDCDInit
                0x80001a94      0x1f4 ../../../../../..//binary/armv7a/gcc/am335x/usblib/Release/libusblib.a(usbdenum.o)
                0x80001a94                USBDCDInit
 .text.USBDCDStallEP0
                0x80001c88       0x4c ../../../../../..//binary/armv7a/gcc/am335x/usblib/Release/libusblib.a(usbdenum.o)
                0x80001c88                USBDCDStallEP0
 .text.USBDSyncFrame
                0x80001cd4       0x44 ../../../../../..//binary/armv7a/gcc/am335x/usblib/Release/libusblib.a(usbdenum.o)
 .text.USBDSetInterface
                0x80001d18      0x138 ../../../../../..//binary/armv7a/gcc/am335x/usblib/Release/libusblib.a(usbdenum.o)
 .text.USBDGetInterface
                0x80001e50       0xa4 ../../../../../..//binary/armv7a/gcc/am335x/usblib/Release/libusblib.a(usbdenum.o)
 .text.USBDSetConfiguration
                0x80001ef4       0xfc ../../../../../..//binary/armv7a/gcc/am335x/usblib/Release/libusblib.a(usbdenum.o)
 .text.USBDSetDescriptor
                0x80001ff0       0x44 ../../../../../..//binary/armv7a/gcc/am335x/usblib/Release/libusblib.a(usbdenum.o)
 .text.USBDGetDescriptor
                0x80002034      0x260 ../../../../../..//binary/armv7a/gcc/am335x/usblib/Release/libusblib.a(usbdenum.o)
 .text.USBDSetFeature
                0x80002294       0xbc ../../../../../..//binary/armv7a/gcc/am335x/usblib/Release/libusblib.a(usbdenum.o)
 .text.USBDClearFeature
                0x80002350       0xd4 ../../../../../..//binary/armv7a/gcc/am335x/usblib/Release/libusblib.a(usbdenum.o)
 .text.USBDGetStatus
                0x80002424       0xdc ../../../../../..//binary/armv7a/gcc/am335x/usblib/Release/libusblib.a(usbdenum.o)
 .text.USBDReadAndDispatchRequest.constprop.3
                0x80002500       0xc8 ../../../../../..//binary/armv7a/gcc/am335x/usblib/Release/libusblib.a(usbdenum.o)
 .text.USBDeviceResumeTickHandler
                0x800025c8       0xa0 ../../../../../..//binary/armv7a/gcc/am335x/usblib/Release/libusblib.a(usbdenum.o)
                0x800025c8                USBDeviceResumeTickHandler
 .text.USBDeviceEnumHandler
                0x80002668      0x1e4 ../../../../../..//binary/armv7a/gcc/am335x/usblib/Release/libusblib.a(usbdenum.o)
                0x80002668                USBDeviceEnumHandler
 .text.USBDeviceEnumResetHandler
                0x8000284c       0x64 ../../../../../..//binary/armv7a/gcc/am335x/usblib/Release/libusblib.a(usbdenum.o)
                0x8000284c                USBDeviceEnumResetHandler
 .text.USBDeviceIntHandlerInternal
                0x800028b0      0x1ac ../../../../../..//binary/armv7a/gcc/am335x/usblib/Release/libusblib.a(usbdenum.o)
                0x800028b0                USBDeviceIntHandlerInternal
 .text.USB0DeviceIntHandler
                0x80002a5c       0x74 ../../../../../..//binary/armv7a/gcc/am335x/usblib/Release/libusblib.a(usbdhandler.o)
                0x80002a5c                USB0DeviceIntHandler
 .text.UpdateIndexAtomic
                0x80002ad0       0x5c ../../../../../..//binary/armv7a/gcc/am335x/usblib/Release/libusblib.a(usbringbuf.o)
 .text.USBRingBufFlush
                0x80002b2c       0x2c ../../../../../..//binary/armv7a/gcc/am335x/usblib/Release/libusblib.a(usbringbuf.o)
                0x80002b2c                USBRingBufFlush
 .text.USBRingBufUsed
                0x80002b58       0x1c ../../../../../..//binary/armv7a/gcc/am335x/usblib/Release/libusblib.a(usbringbuf.o)
                0x80002b58                USBRingBufUsed
 .text.USBRingBufFree
                0x80002b74       0x24 ../../../../../..//binary/armv7a/gcc/am335x/usblib/Release/libusblib.a(usbringbuf.o)
                0x80002b74                USBRingBufFree
 .text.USBRingBufContigUsed
                0x80002b98       0x1c ../../../../../..//binary/armv7a/gcc/am335x/usblib/Release/libusblib.a(usbringbuf.o)
                0x80002b98                USBRingBufContigUsed
 .text.USBRingBufContigFree
                0x80002bb4       0x34 ../../../../../..//binary/armv7a/gcc/am335x/usblib/Release/libusblib.a(usbringbuf.o)
                0x80002bb4                USBRingBufContigFree
 .text.USBRingBufAdvanceRead
                0x80002be8       0x40 ../../../../../..//binary/armv7a/gcc/am335x/usblib/Release/libusblib.a(usbringbuf.o)
                0x80002be8                USBRingBufAdvanceRead
 .text.USBRingBufAdvanceWrite
                0x80002c28       0x74 ../../../../../..//binary/armv7a/gcc/am335x/usblib/Release/libusblib.a(usbringbuf.o)
                0x80002c28                USBRingBufAdvanceWrite
 .text.USBRingBufWriteOne
                0x80002c9c       0x30 ../../../../../..//binary/armv7a/gcc/am335x/usblib/Release/libusblib.a(usbringbuf.o)
                0x80002c9c                USBRingBufWriteOne
 .text.USBRingBufWrite
                0x80002ccc       0x38 ../../../../../..//binary/armv7a/gcc/am335x/usblib/Release/libusblib.a(usbringbuf.o)
                0x80002ccc                USBRingBufWrite
 .text.USBRingBufInit
                0x80002d04       0x18 ../../../../../..//binary/armv7a/gcc/am335x/usblib/Release/libusblib.a(usbringbuf.o)
                0x80002d04                USBRingBufInit
 .text.InternalUSBStartOfFrameTick
                0x80002d1c       0x60 ../../../../../..//binary/armv7a/gcc/am335x/usblib/Release/libusblib.a(usbtick.o)
                0x80002d1c                InternalUSBStartOfFrameTick
 .text.NextConfigDescGet
                0x80002d7c       0x54 ../../../../../..//binary/armv7a/gcc/am335x/usblib/Release/libusblib.a(usbdcdesc.o)
 .text.USBDCDConfigDescGetSize
                0x80002dd0       0x40 ../../../../../..//binary/armv7a/gcc/am335x/usblib/Release/libusblib.a(usbdcdesc.o)
                0x80002dd0                USBDCDConfigDescGetSize
 .text.USBDCDConfigDescGetNum
                0x80002e10       0x5c ../../../../../..//binary/armv7a/gcc/am335x/usblib/Release/libusblib.a(usbdcdesc.o)
                0x80002e10                USBDCDConfigDescGetNum
 .text.USBDCDConfigDescGet
                0x80002e6c       0xa4 ../../../../../..//binary/armv7a/gcc/am335x/usblib/Release/libusblib.a(usbdcdesc.o)
                0x80002e6c                USBDCDConfigDescGet
 .text.USBDCDConfigGetInterface
                0x80002f10       0xbc ../../../../../..//binary/armv7a/gcc/am335x/usblib/Release/libusblib.a(usbdcdesc.o)
                0x80002f10                USBDCDConfigGetInterface
 .text.USBDCDConfigGetInterfaceEndpoint
                0x80002fcc       0x84 ../../../../../..//binary/armv7a/gcc/am335x/usblib/Release/libusblib.a(usbdcdesc.o)
                0x80002fcc                USBDCDConfigGetInterfaceEndpoint
 .text.GetEndpointFIFOSize
                0x80003050       0x78 ../../../../../..//binary/armv7a/gcc/am335x/usblib/Release/libusblib.a(usbdconfig.o)
 .text.GetEPDescriptorType
                0x800030c8       0x70 ../../../../../..//binary/armv7a/gcc/am335x/usblib/Release/libusblib.a(usbdconfig.o)
 .text.USBDeviceConfig
                0x80003138      0x334 ../../../../../..//binary/armv7a/gcc/am335x/usblib/Release/libusblib.a(usbdconfig.o)
                0x80003138                USBDeviceConfig
 .text.USBDeviceConfigAlternate
                0x8000346c      0x174 ../../../../../..//binary/armv7a/gcc/am335x/usblib/Release/libusblib.a(usbdconfig.o)
                0x8000346c                USBDeviceConfigAlternate
 .text.USBDescGetNum
                0x800035e0       0x5c ../../../../../..//binary/armv7a/gcc/am335x/usblib/Release/libusblib.a(usbdesc.o)
                0x800035e0                USBDescGetNum
 .text.USBDescGet
                0x8000363c       0x68 ../../../../../..//binary/armv7a/gcc/am335x/usblib/Release/libusblib.a(usbdesc.o)
                0x8000363c                USBDescGet
 .text.IntDefaultHandler
                0x800036a4        0x4 ../../../../../..//binary/armv7a/gcc/am335x/system_config/Release/libsystem_config.a(interrupt.o)
 .text.IntRegister
                0x800036a8       0x10 ../../../../../..//binary/armv7a/gcc/am335x/system_config/Release/libsystem_config.a(interrupt.o)
                0x800036a8                IntRegister
 .text.IntAINTCInit
                0x800036b8       0x54 ../../../../../..//binary/armv7a/gcc/am335x/system_config/Release/libsystem_config.a(interrupt.o)
                0x800036b8                IntAINTCInit
 .text.IntPrioritySet
                0x8000370c       0x24 ../../../../../..//binary/armv7a/gcc/am335x/system_config/Release/libsystem_config.a(interrupt.o)
                0x8000370c                IntPrioritySet
 .text.IntSystemEnable
                0x80003730       0x24 ../../../../../..//binary/armv7a/gcc/am335x/system_config/Release/libsystem_config.a(interrupt.o)
                0x80003730                IntSystemEnable
 .text.IntMasterIRQEnable
                0x80003754       0x14 ../../../../../..//binary/armv7a/gcc/am335x/system_config/Release/libsystem_config.a(interrupt.o)
                0x80003754                IntMasterIRQEnable
 .text.IntDisable
                0x80003768       0x28 ../../../../../..//binary/armv7a/gcc/am335x/system_config/Release/libsystem_config.a(interrupt.o)
                0x80003768                IntDisable
 .text.IntEnable
                0x80003790       0x1c ../../../../../..//binary/armv7a/gcc/am335x/system_config/Release/libsystem_config.a(interrupt.o)
                0x80003790                IntEnable
 .text.MMUInit  0x800037ac       0x54 ../../../../../..//binary/armv7a/gcc/am335x/system_config/Release/libsystem_config.a(mmu.o)
                0x800037ac                MMUInit
 .text.MMUMemRegionMap
                0x80003800       0x74 ../../../../../..//binary/armv7a/gcc/am335x/system_config/Release/libsystem_config.a(mmu.o)
                0x80003800                MMUMemRegionMap
 .text.MMUEnable
                0x80003874       0x20 ../../../../../..//binary/armv7a/gcc/am335x/system_config/Release/libsystem_config.a(mmu.o)
                0x80003874                MMUEnable
 .text.start_boot
                0x80003894       0x60 ../../../../../..//binary/armv7a/gcc/am335x/system_config/Release/libsystem_config.a(startup.o)
                0x80003894                start_boot
 .text          0x800038f4      0x488 ../../../../../..//binary/armv7a/gcc/am335x/system_config/Release/libsystem_config.a(cp15.o)
                0x800038f4                CP15ICacheDisable
                0x80003910                CP15DCacheDisable
                0x8000392c                CP15ICacheEnable
                0x8000393c                CP15DCacheEnable
                0x8000394c                CP15DCacheFlush
                0x800039e0                CP15DCacheClean
                0x80003a74                CP15DCacheCleanFlush
                0x80003b08                CP15ICacheFlush
                0x80003b18                CP15DCacheCleanBuff
                0x80003b6c                CP15DCacheCleanFlushBuff
                0x80003bc0                CP15DCacheFlushBuff
                0x80003c24                CP15ICacheFlushBuff
                0x80003c78                CP15Ttb0Set
                0x80003c84                CP15TlbInvalidate
                0x80003c90                CP15MMUDisable
                0x80003ca8                CP15MMUEnable
                0x80003cbc                CP15VectorBaseAddrSet
                0x80003cc8                CP15BranchPredictorInvalidate
                0x80003cd4                CP15BranchPredictionEnable
                0x80003ce4                CP15BranchPredictionDisable
                0x80003cf4                CP15DomainAccessClientSet
                0x80003d04                CP15ControlFeatureDisable
                0x80003d18                CP15ControlFeatureEnable
                0x80003d2c                CP15TtbCtlTtb0Config
                0x80003d3c                CP15AuxControlFeatureEnable
                0x80003d50                CP15AuxControlFeatureDisable
                0x80003d64                CP15MainIdPrimPartNumGet
 .text.CPUIntStatus
                0x80003d7c        0xc ../../../../../..//binary/armv7a/gcc/am335x/system_config/Release/libsystem_config.a(cpu.o)
                0x80003d7c                CPUIntStatus
 .text.CPUirqd  0x80003d88       0x14 ../../../../../..//binary/armv7a/gcc/am335x/system_config/Release/libsystem_config.a(cpu.o)
                0x80003d88                CPUirqd
 .text.CPUirqe  0x80003d9c       0x14 ../../../../../..//binary/armv7a/gcc/am335x/system_config/Release/libsystem_config.a(cpu.o)
                0x80003d9c                CPUirqe
 .text          0x80003db0       0xf0 ../../../../../..//binary/armv7a/gcc/am335x/system_config/Release/libsystem_config.a(exceptionhandler.o)
                0x80003db0                SVC_Handler
                0x80003dd8                IRQHandler
                0x80003e84                FIQHandler
                0x80003e88                UndefInstHandler
                0x80003e88                AbortHandler
 .text          0x80003ea0      0x114 /home/abby/opt/gcc-arm-none-eabi-4_7-2012q4//lib/gcc/arm-none-eabi/4.7.3//libgcc.a(_udivsi3.o)
                0x80003ea0                __udivsi3
                0x80003ea0                __aeabi_uidiv
                0x80003f94                __aeabi_uidivmod
 .text          0x80003fb4      0x148 /home/abby/opt/gcc-arm-none-eabi-4_7-2012q4//lib/gcc/arm-none-eabi/4.7.3//libgcc.a(_divsi3.o)
                0x80003fb4                __aeabi_idiv
                0x80003fb4                __divsi3
                0x800040dc                __aeabi_idivmod
 .text          0x800040fc        0x4 /home/abby/opt/gcc-arm-none-eabi-4_7-2012q4//lib/gcc/arm-none-eabi/4.7.3//libgcc.a(_dvmd_tls.o)
                0x800040fc                __aeabi_ldiv0
                0x800040fc                __aeabi_idiv0
 .text.DMTimerEnable
                0x80004100       0x2c ../../../../../..//binary/armv7a/gcc/am335x/drivers/Release/libdrivers.a(dmtimer.o)
                0x80004100                DMTimerEnable
 .text.DMTimerDisable
                0x8000412c       0x2c ../../../../../..//binary/armv7a/gcc/am335x/drivers/Release/libdrivers.a(dmtimer.o)
                0x8000412c                DMTimerDisable
 .text.DMTimerModeConfigure
                0x80004158       0x58 ../../../../../..//binary/armv7a/gcc/am335x/drivers/Release/libdrivers.a(dmtimer.o)
                0x80004158                DMTimerModeConfigure
 .text.DMTimerCounterSet
                0x800041b0       0x24 ../../../../../..//binary/armv7a/gcc/am335x/drivers/Release/libdrivers.a(dmtimer.o)
                0x800041b0                DMTimerCounterSet
 .text.DMTimerIntStatusClear
                0x800041d4        0xc ../../../../../..//binary/armv7a/gcc/am335x/drivers/Release/libdrivers.a(dmtimer.o)
                0x800041d4                DMTimerIntStatusClear
 .text.DMTimerIntEnable
                0x800041e0        0xc ../../../../../..//binary/armv7a/gcc/am335x/drivers/Release/libdrivers.a(dmtimer.o)
                0x800041e0                DMTimerIntEnable
 .text.DMTimerIntDisable
                0x800041ec        0xc ../../../../../..//binary/armv7a/gcc/am335x/drivers/Release/libdrivers.a(dmtimer.o)
                0x800041ec                DMTimerIntDisable
 .text.UARTOperatingModeSelect
                0x800041f8       0x2c ../../../../../..//binary/armv7a/gcc/am335x/drivers/Release/libdrivers.a(uart_irda_cir.o)
                0x800041f8                UARTOperatingModeSelect
 .text.UARTDivisorValCompute
                0x80004224       0x68 ../../../../../..//binary/armv7a/gcc/am335x/drivers/Release/libdrivers.a(uart_irda_cir.o)
                0x80004224                UARTDivisorValCompute
 .text.UARTDivisorLatchDisable
                0x8000428c       0x10 ../../../../../..//binary/armv7a/gcc/am335x/drivers/Release/libdrivers.a(uart_irda_cir.o)
                0x8000428c                UARTDivisorLatchDisable
 .text.UARTRegConfigModeEnable
                0x8000429c       0x44 ../../../../../..//binary/armv7a/gcc/am335x/drivers/Release/libdrivers.a(uart_irda_cir.o)
                0x8000429c                UARTRegConfigModeEnable
 .text.UARTDivisorLatchWrite
                0x800042e0      0x13c ../../../../../..//binary/armv7a/gcc/am335x/drivers/Release/libdrivers.a(uart_irda_cir.o)
                0x800042e0                UARTDivisorLatchWrite
 .text.UARTBreakCtl
                0x8000441c       0x20 ../../../../../..//binary/armv7a/gcc/am335x/drivers/Release/libdrivers.a(uart_irda_cir.o)
                0x8000441c                UARTBreakCtl
 .text.UARTLineCharacConfig
                0x8000443c       0x3c ../../../../../..//binary/armv7a/gcc/am335x/drivers/Release/libdrivers.a(uart_irda_cir.o)
                0x8000443c                UARTLineCharacConfig
 .text.UARTFIFORegisterWrite
                0x80004478       0x88 ../../../../../..//binary/armv7a/gcc/am335x/drivers/Release/libdrivers.a(uart_irda_cir.o)
                0x80004478                UARTFIFORegisterWrite
 .text.UARTSubConfigTCRTLRModeEn
                0x80004500       0x74 ../../../../../..//binary/armv7a/gcc/am335x/drivers/Release/libdrivers.a(uart_irda_cir.o)
                0x80004500                UARTSubConfigTCRTLRModeEn
 .text.UARTTCRTLRBitValRestore
                0x80004574       0x78 ../../../../../..//binary/armv7a/gcc/am335x/drivers/Release/libdrivers.a(uart_irda_cir.o)
                0x80004574                UARTTCRTLRBitValRestore
 .text.UARTFIFOConfig
                0x800045ec      0x224 ../../../../../..//binary/armv7a/gcc/am335x/drivers/Release/libdrivers.a(uart_irda_cir.o)
                0x800045ec                UARTFIFOConfig
 .text.UARTCharPut
                0x80004810       0x30 ../../../../../..//binary/armv7a/gcc/am335x/drivers/Release/libdrivers.a(uart_irda_cir.o)
                0x80004810                UARTCharPut
 .text.UARTModuleReset
                0x80004840       0x20 ../../../../../..//binary/armv7a/gcc/am335x/drivers/Release/libdrivers.a(uart_irda_cir.o)
                0x80004840                UARTModuleReset
 .text.USBHostResume
                0x80004860       0x18 ../../../../../..//binary/armv7a/gcc/am335x/drivers/Release/libdrivers.a(usb.o)
                0x80004860                USBHostResume
 .text.USBIntEnableControl
                0x80004878       0x30 ../../../../../..//binary/armv7a/gcc/am335x/drivers/Release/libdrivers.a(usb.o)
                0x80004878                USBIntEnableControl
 .text.USBIntStatusControl
                0x800048a8       0x38 ../../../../../..//binary/armv7a/gcc/am335x/drivers/Release/libdrivers.a(usb.o)
                0x800048a8                USBIntStatusControl
 .text.USBIntEnableEndpoint
                0x800048e0       0x24 ../../../../../..//binary/armv7a/gcc/am335x/drivers/Release/libdrivers.a(usb.o)
                0x800048e0                USBIntEnableEndpoint
 .text.USBIntStatusEndpoint
                0x80004904       0x10 ../../../../../..//binary/armv7a/gcc/am335x/drivers/Release/libdrivers.a(usb.o)
                0x80004904                USBIntStatusEndpoint
 .text.USBEndpointStatus
                0x80004914       0x1c ../../../../../..//binary/armv7a/gcc/am335x/drivers/Release/libdrivers.a(usb.o)
                0x80004914                USBEndpointStatus
 .text.USBDevEndpointStatusClear
                0x80004930       0x64 ../../../../../..//binary/armv7a/gcc/am335x/drivers/Release/libdrivers.a(usb.o)
                0x80004930                USBDevEndpointStatusClear
 .text.USBDevEndpointStall
                0x80004994       0x44 ../../../../../..//binary/armv7a/gcc/am335x/drivers/Release/libdrivers.a(usb.o)
                0x80004994                USBDevEndpointStall
 .text.USBDevEndpointStallClear
                0x800049d8       0x68 ../../../../../..//binary/armv7a/gcc/am335x/drivers/Release/libdrivers.a(usb.o)
                0x800049d8                USBDevEndpointStallClear
 .text.USBDevConnect
                0x80004a40       0x10 ../../../../../..//binary/armv7a/gcc/am335x/drivers/Release/libdrivers.a(usb.o)
                0x80004a40                USBDevConnect
 .text.USBDevDisconnect
                0x80004a50       0x10 ../../../../../..//binary/armv7a/gcc/am335x/drivers/Release/libdrivers.a(usb.o)
                0x80004a50                USBDevDisconnect
 .text.USBDevAddrSet
                0x80004a60        0xc ../../../../../..//binary/armv7a/gcc/am335x/drivers/Release/libdrivers.a(usb.o)
                0x80004a60                USBDevAddrSet
 .text.USBDevEndpointConfigSet
                0x80004a6c       0xa0 ../../../../../..//binary/armv7a/gcc/am335x/drivers/Release/libdrivers.a(usb.o)
                0x80004a6c                USBDevEndpointConfigSet
 .text.USBDevEndpointConfigGet
                0x80004b0c       0xe4 ../../../../../..//binary/armv7a/gcc/am335x/drivers/Release/libdrivers.a(usb.o)
                0x80004b0c                USBDevEndpointConfigGet
 .text.USBFIFOConfigSet
                0x80004bf0       0x5c ../../../../../..//binary/armv7a/gcc/am335x/drivers/Release/libdrivers.a(usb.o)
                0x80004bf0                USBFIFOConfigSet
 .text.USBEndpointDataAvail
                0x80004c4c       0x28 ../../../../../..//binary/armv7a/gcc/am335x/drivers/Release/libdrivers.a(usb.o)
                0x80004c4c                USBEndpointDataAvail
 .text.USBEndpointDataGet
                0x80004c74       0x70 ../../../../../..//binary/armv7a/gcc/am335x/drivers/Release/libdrivers.a(usb.o)
                0x80004c74                USBEndpointDataGet
 .text.USBDevEndpointDataAck
                0x80004ce4       0x34 ../../../../../..//binary/armv7a/gcc/am335x/drivers/Release/libdrivers.a(usb.o)
                0x80004ce4                USBDevEndpointDataAck
 .text.USBEndpointDataPut
                0x80004d18       0x5c ../../../../../..//binary/armv7a/gcc/am335x/drivers/Release/libdrivers.a(usb.o)
                0x80004d18                USBEndpointDataPut
 .text.USBEndpointDataSend
                0x80004d74       0x34 ../../../../../..//binary/armv7a/gcc/am335x/drivers/Release/libdrivers.a(usb.o)
                0x80004d74                USBEndpointDataSend
 .text.USBEnableOtgIntr
                0x80004da8       0x20 ../../../../../..//binary/armv7a/gcc/am335x/drivers/Release/libdrivers.a(usb.o)
                0x80004da8                USBEnableOtgIntr
 .text.USBReset
                0x80004dc8       0x20 ../../../../../..//binary/armv7a/gcc/am335x/drivers/Release/libdrivers.a(usb.o)
                0x80004dc8                USBReset
 .text.USBClearOtgIntr
                0x80004de8       0x14 ../../../../../..//binary/armv7a/gcc/am335x/drivers/Release/libdrivers.a(usb.o)
                0x80004de8                USBClearOtgIntr
 .text.UsbPhyOn
                0x80004dfc       0x28 ../../../../../..//binary/armv7a/gcc/am335x/drivers/Release/libdrivers.a(usbphyGS70.o)
                0x80004dfc                UsbPhyOn
 *(.rodata*)
 .rodata.g_pStringDescriptors
                0x80004e24       0x18 Release/usb_bulk_structs.o
                0x80004e24                g_pStringDescriptors
 .rodata.g_sBulkDevice
                0x80004e3c       0x24 Release/usb_bulk_structs.o
                0x80004e3c                g_sBulkDevice
 .rodata.g_sRxBuffer
                0x80004e60       0x24 Release/usb_bulk_structs.o
                0x80004e60                g_sRxBuffer
 .rodata.g_pManufacturerString
                0x80004e84       0x24 Release/usb_bulk_structs.o
                0x80004e84                g_pManufacturerString
 .rodata.g_sTxBuffer
                0x80004ea8       0x24 Release/usb_bulk_structs.o
                0x80004ea8                g_sTxBuffer
 .rodata.g_pDataInterfaceString
                0x80004ecc       0x28 Release/usb_bulk_structs.o
                0x80004ecc                g_pDataInterfaceString
 .rodata.g_pProductString
                0x80004ef4       0x28 Release/usb_bulk_structs.o
                0x80004ef4                g_pProductString
 .rodata.g_pConfigString
                0x80004f1c       0x30 Release/usb_bulk_structs.o
                0x80004f1c                g_pConfigString
 .rodata.g_pSerialNumberString
                0x80004f4c       0x14 Release/usb_bulk_structs.o
                0x80004f4c                g_pSerialNumberString
 .rodata.g_pLangDescriptor
                0x80004f60        0x4 Release/usb_bulk_structs.o
                0x80004f60                g_pLangDescriptor
 .rodata        0x80004f64       0x54 Release/usb_dev_bulk.o
 .rodata.str1.4
                0x80004fb8       0x23 Release/usb_dev_bulk.o
                                 0x24 (size before relaxing)
 *fill*         0x80004fdb        0x1 00
 .rodata.str1.4
                0x80004fdc       0x50 ../../../../../..//binary/armv7a/gcc/utils/Release/libutils.a(consoleUtils.o)
 .rodata.g_sBulkConfigSection
                0x8000502c        0x8 ../../../../../..//binary/armv7a/gcc/am335x/usblib/Release/libusblib.a(usbdbulk.o)
                0x8000502c                g_sBulkConfigSection
 .rodata.g_sBulkInterfaceSection
                0x80005034        0x8 ../../../../../..//binary/armv7a/gcc/am335x/usblib/Release/libusblib.a(usbdbulk.o)
                0x80005034                g_sBulkInterfaceSection
 .rodata.g_pBulkConfigDescriptors
                0x8000503c        0x4 ../../../../../..//binary/armv7a/gcc/am335x/usblib/Release/libusblib.a(usbdbulk.o)
                0x8000503c                g_pBulkConfigDescriptors
 .rodata.g_pBulkInterface
                0x80005040       0x18 ../../../../../..//binary/armv7a/gcc/am335x/usblib/Release/libusblib.a(usbdbulk.o)
                0x80005040                g_pBulkInterface
 .rodata.g_sBulkConfigHeader
                0x80005058        0x8 ../../../../../..//binary/armv7a/gcc/am335x/usblib/Release/libusblib.a(usbdbulk.o)
                0x80005058                g_sBulkConfigHeader
 .rodata.g_sUSBDefaultFIFOConfig
                0x80005060       0x78 ../../../../../..//binary/armv7a/gcc/am335x/usblib/Release/libusblib.a(usbdenum.o)
                0x80005060                g_sUSBDefaultFIFOConfig
 .rodata.g_psUSBDStdRequests
                0x800050d8       0x34 ../../../../../..//binary/armv7a/gcc/am335x/usblib/Release/libusblib.a(usbdenum.o)
 .rodata.vecTbl
                0x8000510c       0x38 ../../../../../..//binary/armv7a/gcc/am335x/system_config/Release/libsystem_config.a(startup.o)

.glue_7         0x80005144        0x0
 .glue_7        0x00000000        0x0 linker stubs

.glue_7t        0x80005144        0x0
 .glue_7t       0x00000000        0x0 linker stubs

.vfp11_veneer   0x80005144        0x0
 .vfp11_veneer  0x00000000        0x0 linker stubs

.v4_bx          0x80005144        0x0
 .v4_bx         0x00000000        0x0 linker stubs

.iplt           0x80005144        0x0
 .iplt          0x00000000        0x0 Release/usb_bulk_structs.o

.rel.dyn        0x80005144        0x0
 .rel.iplt      0x00000000        0x0 Release/usb_bulk_structs.o

.data           0x80005144       0x74
                0x80005144                . = ALIGN (0x4)
 *(.data*)
 .data.flagIsr  0x80005144        0x4 ../../../../../..//binary/armv7a/gcc/am335x/beaglebone/platform/Release/libplatform.a(sysdelay.o)
 .data.g_pBulkDescriptor
                0x80005148        0xc ../../../../../..//binary/armv7a/gcc/am335x/usblib/Release/libusblib.a(usbdbulk.o)
                0x80005148                g_pBulkDescriptor
 .data.g_psBulkSections
                0x80005154        0x8 ../../../../../..//binary/armv7a/gcc/am335x/usblib/Release/libusblib.a(usbdbulk.o)
                0x80005154                g_psBulkSections
 .data.g_sBulkDeviceInfo
                0x8000515c       0x48 ../../../../../..//binary/armv7a/gcc/am335x/usblib/Release/libusblib.a(usbdbulk.o)
                0x8000515c                g_sBulkDeviceInfo
 .data.g_pBulkDeviceDescriptor
                0x800051a4       0x14 ../../../../../..//binary/armv7a/gcc/am335x/usblib/Release/libusblib.a(usbdbulk.o)
                0x800051a4                g_pBulkDeviceDescriptor

.igot.plt       0x800051b8        0x0
 .igot.plt      0x00000000        0x0 Release/usb_bulk_structs.o

.bss            0x80008000    0x121c8
                0x80008000                . = ALIGN (0x4)
                0x80008000                _bss_start = .
 *(.bss*)
 .bss.g_ulRxCount
                0x80008000        0x4 Release/usb_dev_bulk.o
                0x80008000                g_ulRxCount
 .bss.g_bUSBConfigured
                0x80008004        0x1 Release/usb_dev_bulk.o
 *fill*         0x80008005     0x3ffb 00
 .bss.pageTable
                0x8000c000     0x4000 Release/usb_dev_bulk.o
 .bss.g_ulTxCount
                0x80010000        0x4 Release/usb_dev_bulk.o
                0x80010000                g_ulTxCount
 .bss.g_ulFlags
                0x80010004        0x4 Release/usb_dev_bulk.o
                0x80010004                g_ulFlags
 .bss.ConsoleType
                0x80010008        0x1 ../../../../../..//binary/armv7a/gcc/utils/Release/libutils.a(consoleUtils.o)
 *fill*         0x80010009        0x3 00
 .bss.ulSOFDivide.5080
                0x8001000c        0x4 ../../../../../..//binary/armv7a/gcc/am335x/usblib/Release/libusblib.a(usbdenum.o)
 .bss.g_eUSBMode
                0x80010010        0x1 ../../../../../..//binary/armv7a/gcc/am335x/usblib/Release/libusblib.a(usbdenum.o)
 *fill*         0x80010011        0x3 00
 .bss.g_pucDataBufferIn
                0x80010014       0x40 ../../../../../..//binary/armv7a/gcc/am335x/usblib/Release/libusblib.a(usbdenum.o)
 .bss.g_ulCurrentUSBTick
                0x80010054        0x4 ../../../../../..//binary/armv7a/gcc/am335x/usblib/Release/libusblib.a(usbtick.o)
                0x80010054                g_ulCurrentUSBTick
 .bss.g_ulUSBSOFCount
                0x80010058        0x4 ../../../../../..//binary/armv7a/gcc/am335x/usblib/Release/libusblib.a(usbtick.o)
                0x80010058                g_ulUSBSOFCount
 *(COMMON)
 COMMON         0x8001005c      0x238 Release/usb_bulk_structs.o
                0x8001005c                g_pucUSBTxBuffer
                0x8001015c                g_pucTxBufferWorkspace
                0x8001016c                g_sBulkInstance
                0x80010184                g_pucUSBRxBuffer
                0x80010284                g_pucRxBufferWorkspace
 COMMON         0x80010294        0x4 Release/usb_dev_bulk.o
                0x80010294                g_pcStatus
 COMMON         0x80010298       0xa8 ../../../../../..//binary/armv7a/gcc/am335x/usblib/Release/libusblib.a(usbdenum.o)
                0x80010298                g_psUSBDevice
 COMMON         0x80010340       0x18 ../../../../../..//binary/armv7a/gcc/am335x/usblib/Release/libusblib.a(usbtick.o)
                0x80010340                g_pfTickHandlers
                0x8001034c                g_pvTickInstance
 COMMON         0x80010358     0x9c70 ../../../../../..//binary/armv7a/gcc/am335x/usblib/Release/libusblib.a(usbdata.o)
                0x80010358                g_USBPerfInfo
                0x80019f98                g_USBInstance
 COMMON         0x80019fc8      0x200 ../../../../../..//binary/armv7a/gcc/am335x/system_config/Release/libsystem_config.a(interrupt.o)
                0x80019fc8                fnRAMVectors
                0x8001a1c8                _bss_end = .

.heap           0x8001a1c8      0x800
                0x8001a1c8                . = ALIGN (0x4)
                0x8001a1c8                __end__ = .
                0x8001a1c8                end = __end__
                0x8001a1c8                __HeapBase = __end__
 *(.heap*)
                0x8001a9c8                . = (. + 0x800)
 *fill*         0x8001a1c8      0x800 00
                0x8001a9c8                __HeapLimit = .

.stack          0x8001a9c8  0x7fffff8
                0x8001a9c8                . = ALIGN (0x4)
                0x8001a9c8                __StackLimit = .
 *(.stack*)
                0x8801a9c0                . = (. + 0x7fffff8)
 *fill*         0x8001a9c8  0x7fffff8 00
                0x8801a9c0                __StackTop = .
                0x8801a9c0                _stack = __StackTop
OUTPUT(Release/usb_dev_bulk.out elf32-littlearm)

.debug_info     0x00000000     0xd17c
 .debug_info    0x00000000      0x90f Release/usb_bulk_structs.o
 .debug_info    0x0000090f      0xcf8 Release/usb_dev_bulk.o
 .debug_info    0x00001607      0x384 ../../../../../..//binary/armv7a/gcc/utils/Release/libutils.a(consoleUtils.o)
 .debug_info    0x0000198b       0xfe ../../../../../..//binary/armv7a/gcc/utils/Release/libutils.a(delay.o)
 .debug_info    0x00001a89      0xfce ../../../../../..//binary/armv7a/gcc/utils/Release/libutils.a(uartStdio.o)
 .debug_info    0x00002a57      0x252 ../../../../../..//binary/armv7a/gcc/am335x/beaglebone/platform/Release/libplatform.a(sysdelay.o)
 .debug_info    0x00002ca9      0x270 ../../../../../..//binary/armv7a/gcc/am335x/beaglebone/platform/Release/libplatform.a(uartConsole.o)
 .debug_info    0x00002f19      0x12f ../../../../../..//binary/armv7a/gcc/am335x/beaglebone/platform/Release/libplatform.a(usb.o)
 .debug_info    0x00003048       0xcc ../../../../../..//binary/armv7a/gcc/am335x/beaglebone/platform/Release/libplatform.a(dmtimer.o)
 .debug_info    0x00003114       0x7b ../../../../../..//binary/armv7a/gcc/am335x/beaglebone/platform/Release/libplatform.a(uart.o)
 .debug_info    0x0000318f      0xab9 ../../../../../..//binary/armv7a/gcc/am335x/usblib/Release/libusblib.a(usbbuffer.o)
 .debug_info    0x00003c48     0x11f7 ../../../../../..//binary/armv7a/gcc/am335x/usblib/Release/libusblib.a(usbdbulk.o)
 .debug_info    0x00004e3f     0x1b9f ../../../../../..//binary/armv7a/gcc/am335x/usblib/Release/libusblib.a(usbdenum.o)
 .debug_info    0x000069de      0x163 ../../../../../..//binary/armv7a/gcc/am335x/usblib/Release/libusblib.a(usbdhandler.o)
 .debug_info    0x00006b41      0x687 ../../../../../..//binary/armv7a/gcc/am335x/usblib/Release/libusblib.a(usbringbuf.o)
 .debug_info    0x000071c8      0x1bb ../../../../../..//binary/armv7a/gcc/am335x/usblib/Release/libusblib.a(usbtick.o)
 .debug_info    0x00007383      0x16f ../../../../../..//binary/armv7a/gcc/am335x/usblib/Release/libusblib.a(usbdata.o)
 .debug_info    0x000074f2      0x658 ../../../../../..//binary/armv7a/gcc/am335x/usblib/Release/libusblib.a(usbdcdesc.o)
 .debug_info    0x00007b4a      0x81f ../../../../../..//binary/armv7a/gcc/am335x/usblib/Release/libusblib.a(usbdconfig.o)
 .debug_info    0x00008369      0x59e ../../../../../..//binary/armv7a/gcc/am335x/usblib/Release/libusblib.a(usbdesc.o)
 .debug_info    0x00008907       0x8d ../../../../../..//binary/armv7a/gcc/am335x/system_config/Release/libsystem_config.a(init.o)
 .debug_info    0x00008994      0x4e5 ../../../../../..//binary/armv7a/gcc/am335x/system_config/Release/libsystem_config.a(interrupt.o)
 .debug_info    0x00008e79      0x1aa ../../../../../..//binary/armv7a/gcc/am335x/system_config/Release/libsystem_config.a(mmu.o)
 .debug_info    0x00009023      0x116 ../../../../../..//binary/armv7a/gcc/am335x/system_config/Release/libsystem_config.a(startup.o)
 .debug_info    0x00009139       0x8d ../../../../../..//binary/armv7a/gcc/am335x/system_config/Release/libsystem_config.a(cp15.o)
 .debug_info    0x000091c6       0xef ../../../../../..//binary/armv7a/gcc/am335x/system_config/Release/libsystem_config.a(cpu.o)
 .debug_info    0x000092b5       0xa0 ../../../../../..//binary/armv7a/gcc/am335x/system_config/Release/libsystem_config.a(exceptionhandler.o)
 .debug_info    0x00009355      0x76e ../../../../../..//binary/armv7a/gcc/am335x/drivers/Release/libdrivers.a(dmtimer.o)
 .debug_info    0x00009ac3     0x1fcd ../../../../../..//binary/armv7a/gcc/am335x/drivers/Release/libdrivers.a(uart_irda_cir.o)
 .debug_info    0x0000ba90     0x15ae ../../../../../..//binary/armv7a/gcc/am335x/drivers/Release/libdrivers.a(usb.o)
 .debug_info    0x0000d03e      0x13e ../../../../../..//binary/armv7a/gcc/am335x/drivers/Release/libdrivers.a(usbphyGS70.o)

.debug_abbrev   0x00000000     0x2a04
 .debug_abbrev  0x00000000       0xee Release/usb_bulk_structs.o
 .debug_abbrev  0x000000ee      0x2ac Release/usb_dev_bulk.o
 .debug_abbrev  0x0000039a      0x1ab ../../../../../..//binary/armv7a/gcc/utils/Release/libutils.a(consoleUtils.o)
 .debug_abbrev  0x00000545       0x9a ../../../../../..//binary/armv7a/gcc/utils/Release/libutils.a(delay.o)
 .debug_abbrev  0x000005df      0x309 ../../../../../..//binary/armv7a/gcc/utils/Release/libutils.a(uartStdio.o)
 .debug_abbrev  0x000008e8       0xca ../../../../../..//binary/armv7a/gcc/am335x/beaglebone/platform/Release/libplatform.a(sysdelay.o)
 .debug_abbrev  0x000009b2      0x10e ../../../../../..//binary/armv7a/gcc/am335x/beaglebone/platform/Release/libplatform.a(uartConsole.o)
 .debug_abbrev  0x00000ac0       0xc9 ../../../../../..//binary/armv7a/gcc/am335x/beaglebone/platform/Release/libplatform.a(usb.o)
 .debug_abbrev  0x00000b89       0x7a ../../../../../..//binary/armv7a/gcc/am335x/beaglebone/platform/Release/libplatform.a(dmtimer.o)
 .debug_abbrev  0x00000c03       0x62 ../../../../../..//binary/armv7a/gcc/am335x/beaglebone/platform/Release/libplatform.a(uart.o)
 .debug_abbrev  0x00000c65      0x294 ../../../../../..//binary/armv7a/gcc/am335x/usblib/Release/libusblib.a(usbbuffer.o)
 .debug_abbrev  0x00000ef9      0x2b6 ../../../../../..//binary/armv7a/gcc/am335x/usblib/Release/libusblib.a(usbdbulk.o)
 .debug_abbrev  0x000011af      0x329 ../../../../../..//binary/armv7a/gcc/am335x/usblib/Release/libusblib.a(usbdenum.o)
 .debug_abbrev  0x000014d8       0xa7 ../../../../../..//binary/armv7a/gcc/am335x/usblib/Release/libusblib.a(usbdhandler.o)
 .debug_abbrev  0x0000157f      0x261 ../../../../../..//binary/armv7a/gcc/am335x/usblib/Release/libusblib.a(usbringbuf.o)
 .debug_abbrev  0x000017e0       0xff ../../../../../..//binary/armv7a/gcc/am335x/usblib/Release/libusblib.a(usbtick.o)
 .debug_abbrev  0x000018df       0x7f ../../../../../..//binary/armv7a/gcc/am335x/usblib/Release/libusblib.a(usbdata.o)
 .debug_abbrev  0x0000195e      0x1a5 ../../../../../..//binary/armv7a/gcc/am335x/usblib/Release/libusblib.a(usbdcdesc.o)
 .debug_abbrev  0x00001b03      0x1c4 ../../../../../..//binary/armv7a/gcc/am335x/usblib/Release/libusblib.a(usbdconfig.o)
 .debug_abbrev  0x00001cc7      0x18d ../../../../../..//binary/armv7a/gcc/am335x/usblib/Release/libusblib.a(usbdesc.o)
 .debug_abbrev  0x00001e54       0x14 ../../../../../..//binary/armv7a/gcc/am335x/system_config/Release/libsystem_config.a(init.o)
 .debug_abbrev  0x00001e68      0x20b ../../../../../..//binary/armv7a/gcc/am335x/system_config/Release/libsystem_config.a(interrupt.o)
 .debug_abbrev  0x00002073       0xee ../../../../../..//binary/armv7a/gcc/am335x/system_config/Release/libsystem_config.a(mmu.o)
 .debug_abbrev  0x00002161       0xe8 ../../../../../..//binary/armv7a/gcc/am335x/system_config/Release/libsystem_config.a(startup.o)
 .debug_abbrev  0x00002249       0x14 ../../../../../..//binary/armv7a/gcc/am335x/system_config/Release/libsystem_config.a(cp15.o)
 .debug_abbrev  0x0000225d       0x64 ../../../../../..//binary/armv7a/gcc/am335x/system_config/Release/libsystem_config.a(cpu.o)
 .debug_abbrev  0x000022c1       0x14 ../../../../../..//binary/armv7a/gcc/am335x/system_config/Release/libsystem_config.a(exceptionhandler.o)
 .debug_abbrev  0x000022d5      0x18e ../../../../../..//binary/armv7a/gcc/am335x/drivers/Release/libdrivers.a(dmtimer.o)
 .debug_abbrev  0x00002463      0x2cd ../../../../../..//binary/armv7a/gcc/am335x/drivers/Release/libdrivers.a(uart_irda_cir.o)
 .debug_abbrev  0x00002730      0x233 ../../../../../..//binary/armv7a/gcc/am335x/drivers/Release/libdrivers.a(usb.o)
 .debug_abbrev  0x00002963       0xa1 ../../../../../..//binary/armv7a/gcc/am335x/drivers/Release/libdrivers.a(usbphyGS70.o)

.debug_aranges  0x00000000      0xe18
 .debug_aranges
                0x00000000       0x18 Release/usb_bulk_structs.o
 .debug_aranges
                0x00000018       0x30 Release/usb_dev_bulk.o
 .debug_aranges
                0x00000048       0x58 ../../../../../..//binary/armv7a/gcc/utils/Release/libutils.a(consoleUtils.o)
 .debug_aranges
                0x000000a0       0x40 ../../../../../..//binary/armv7a/gcc/utils/Release/libutils.a(delay.o)
 .debug_aranges
                0x000000e0       0x80 ../../../../../..//binary/armv7a/gcc/utils/Release/libutils.a(uartStdio.o)
 .debug_aranges
                0x00000160       0x48 ../../../../../..//binary/armv7a/gcc/am335x/beaglebone/platform/Release/libplatform.a(sysdelay.o)
 .debug_aranges
                0x000001a8       0x30 ../../../../../..//binary/armv7a/gcc/am335x/beaglebone/platform/Release/libplatform.a(uartConsole.o)
 .debug_aranges
                0x000001d8       0x48 ../../../../../..//binary/armv7a/gcc/am335x/beaglebone/platform/Release/libplatform.a(usb.o)
 .debug_aranges
                0x00000220       0x48 ../../../../../..//binary/armv7a/gcc/am335x/beaglebone/platform/Release/libplatform.a(dmtimer.o)
 .debug_aranges
                0x00000268       0x28 ../../../../../..//binary/armv7a/gcc/am335x/beaglebone/platform/Release/libplatform.a(uart.o)
 .debug_aranges
                0x00000290       0x78 ../../../../../..//binary/armv7a/gcc/am335x/usblib/Release/libusblib.a(usbbuffer.o)
 .debug_aranges
                0x00000308       0xa0 ../../../../../..//binary/armv7a/gcc/am335x/usblib/Release/libusblib.a(usbdbulk.o)
 .debug_aranges
                0x000003a8       0xe8 ../../../../../..//binary/armv7a/gcc/am335x/usblib/Release/libusblib.a(usbdenum.o)
 .debug_aranges
                0x00000490       0x28 ../../../../../..//binary/armv7a/gcc/am335x/usblib/Release/libusblib.a(usbdhandler.o)
 .debug_aranges
                0x000004b8       0x98 ../../../../../..//binary/armv7a/gcc/am335x/usblib/Release/libusblib.a(usbringbuf.o)
 .debug_aranges
                0x00000550       0x30 ../../../../../..//binary/armv7a/gcc/am335x/usblib/Release/libusblib.a(usbtick.o)
 .debug_aranges
                0x00000580       0x18 ../../../../../..//binary/armv7a/gcc/am335x/usblib/Release/libusblib.a(usbdata.o)
 .debug_aranges
                0x00000598       0x50 ../../../../../..//binary/armv7a/gcc/am335x/usblib/Release/libusblib.a(usbdcdesc.o)
 .debug_aranges
                0x000005e8       0x38 ../../../../../..//binary/armv7a/gcc/am335x/usblib/Release/libusblib.a(usbdconfig.o)
 .debug_aranges
                0x00000620       0x40 ../../../../../..//binary/armv7a/gcc/am335x/usblib/Release/libusblib.a(usbdesc.o)
 .debug_aranges
                0x00000660       0x20 ../../../../../..//binary/armv7a/gcc/am335x/system_config/Release/libsystem_config.a(init.o)
 .debug_aranges
                0x00000680      0x110 ../../../../../..//binary/armv7a/gcc/am335x/system_config/Release/libsystem_config.a(interrupt.o)
 .debug_aranges
                0x00000790       0x30 ../../../../../..//binary/armv7a/gcc/am335x/system_config/Release/libsystem_config.a(mmu.o)
 .debug_aranges
                0x000007c0       0x20 ../../../../../..//binary/armv7a/gcc/am335x/system_config/Release/libsystem_config.a(startup.o)
 .debug_aranges
                0x000007e0       0x20 ../../../../../..//binary/armv7a/gcc/am335x/system_config/Release/libsystem_config.a(cp15.o)
 .debug_aranges
                0x00000800       0x58 ../../../../../..//binary/armv7a/gcc/am335x/system_config/Release/libsystem_config.a(cpu.o)
 .debug_aranges
                0x00000858       0x20 ../../../../../..//binary/armv7a/gcc/am335x/system_config/Release/libsystem_config.a(exceptionhandler.o)
 .debug_aranges
                0x00000878       0xe8 ../../../../../..//binary/armv7a/gcc/am335x/drivers/Release/libdrivers.a(dmtimer.o)
 .debug_aranges
                0x00000960      0x268 ../../../../../..//binary/armv7a/gcc/am335x/drivers/Release/libdrivers.a(uart_irda_cir.o)
 .debug_aranges
                0x00000bc8      0x228 ../../../../../..//binary/armv7a/gcc/am335x/drivers/Release/libdrivers.a(usb.o)
 .debug_aranges
                0x00000df0       0x28 ../../../../../..//binary/armv7a/gcc/am335x/drivers/Release/libdrivers.a(usbphyGS70.o)

.debug_line     0x00000000     0x48b0
 .debug_line    0x00000000       0xcf Release/usb_bulk_structs.o
 .debug_line    0x000000cf      0x243 Release/usb_dev_bulk.o
 .debug_line    0x00000312      0x1aa ../../../../../..//binary/armv7a/gcc/utils/Release/libutils.a(consoleUtils.o)
 .debug_line    0x000004bc       0x90 ../../../../../..//binary/armv7a/gcc/utils/Release/libutils.a(delay.o)
 .debug_line    0x0000054c      0x857 ../../../../../..//binary/armv7a/gcc/utils/Release/libutils.a(uartStdio.o)
 .debug_line    0x00000da3       0xe7 ../../../../../..//binary/armv7a/gcc/am335x/beaglebone/platform/Release/libplatform.a(sysdelay.o)
 .debug_line    0x00000e8a       0xb2 ../../../../../..//binary/armv7a/gcc/am335x/beaglebone/platform/Release/libplatform.a(uartConsole.o)
 .debug_line    0x00000f3c       0xc2 ../../../../../..//binary/armv7a/gcc/am335x/beaglebone/platform/Release/libplatform.a(usb.o)
 .debug_line    0x00000ffe      0x21e ../../../../../..//binary/armv7a/gcc/am335x/beaglebone/platform/Release/libplatform.a(dmtimer.o)
 .debug_line    0x0000121c      0x114 ../../../../../..//binary/armv7a/gcc/am335x/beaglebone/platform/Release/libplatform.a(uart.o)
 .debug_line    0x00001330      0x265 ../../../../../..//binary/armv7a/gcc/am335x/usblib/Release/libusblib.a(usbbuffer.o)
 .debug_line    0x00001595      0x341 ../../../../../..//binary/armv7a/gcc/am335x/usblib/Release/libusblib.a(usbdbulk.o)
 .debug_line    0x000018d6      0x732 ../../../../../..//binary/armv7a/gcc/am335x/usblib/Release/libusblib.a(usbdenum.o)
 .debug_line    0x00002008       0xf6 ../../../../../..//binary/armv7a/gcc/am335x/usblib/Release/libusblib.a(usbdhandler.o)
 .debug_line    0x000020fe      0x28f ../../../../../..//binary/armv7a/gcc/am335x/usblib/Release/libusblib.a(usbringbuf.o)
 .debug_line    0x0000238d      0x114 ../../../../../..//binary/armv7a/gcc/am335x/usblib/Release/libusblib.a(usbtick.o)
 .debug_line    0x000024a1       0x6b ../../../../../..//binary/armv7a/gcc/am335x/usblib/Release/libusblib.a(usbdata.o)
 .debug_line    0x0000250c      0x1f6 ../../../../../..//binary/armv7a/gcc/am335x/usblib/Release/libusblib.a(usbdcdesc.o)
 .debug_line    0x00002702      0x27c ../../../../../..//binary/armv7a/gcc/am335x/usblib/Release/libusblib.a(usbdconfig.o)
 .debug_line    0x0000297e      0x17c ../../../../../..//binary/armv7a/gcc/am335x/usblib/Release/libusblib.a(usbdesc.o)
 .debug_line    0x00002afa       0x93 ../../../../../..//binary/armv7a/gcc/am335x/system_config/Release/libsystem_config.a(init.o)
 .debug_line    0x00002b8d      0x2ae ../../../../../..//binary/armv7a/gcc/am335x/system_config/Release/libsystem_config.a(interrupt.o)
 .debug_line    0x00002e3b      0x104 ../../../../../..//binary/armv7a/gcc/am335x/system_config/Release/libsystem_config.a(mmu.o)
 .debug_line    0x00002f3f       0x76 ../../../../../..//binary/armv7a/gcc/am335x/system_config/Release/libsystem_config.a(startup.o)
 .debug_line    0x00002fb5      0x18a ../../../../../..//binary/armv7a/gcc/am335x/system_config/Release/libsystem_config.a(cp15.o)
 .debug_line    0x0000313f       0xd6 ../../../../../..//binary/armv7a/gcc/am335x/system_config/Release/libsystem_config.a(cpu.o)
 .debug_line    0x00003215       0xb9 ../../../../../..//binary/armv7a/gcc/am335x/system_config/Release/libsystem_config.a(exceptionhandler.o)
 .debug_line    0x000032ce      0x37a ../../../../../..//binary/armv7a/gcc/am335x/drivers/Release/libdrivers.a(dmtimer.o)
 .debug_line    0x00003648      0x999 ../../../../../..//binary/armv7a/gcc/am335x/drivers/Release/libdrivers.a(uart_irda_cir.o)
 .debug_line    0x00003fe1      0x836 ../../../../../..//binary/armv7a/gcc/am335x/drivers/Release/libdrivers.a(usb.o)
 .debug_line    0x00004817       0x99 ../../../../../..//binary/armv7a/gcc/am335x/drivers/Release/libdrivers.a(usbphyGS70.o)

.debug_str      0x00000000     0x39a9
 .debug_str     0x00000000      0x724 Release/usb_bulk_structs.o
                                0x73d (size before relaxing)
 .debug_str     0x00000724      0x234 Release/usb_dev_bulk.o
                                0x886 (size before relaxing)
 .debug_str     0x00000958      0x17a ../../../../../..//binary/armv7a/gcc/utils/Release/libutils.a(consoleUtils.o)
                                0x26d (size before relaxing)
 .debug_str     0x00000ad2       0x2d ../../../../../..//binary/armv7a/gcc/utils/Release/libutils.a(delay.o)
                                 0xe3 (size before relaxing)
 .debug_str     0x00000aff      0x1ae ../../../../../..//binary/armv7a/gcc/utils/Release/libutils.a(uartStdio.o)
                                0x28a (size before relaxing)
 .debug_str     0x00000cad       0xd2 ../../../../../..//binary/armv7a/gcc/am335x/beaglebone/platform/Release/libplatform.a(sysdelay.o)
                                0x148 (size before relaxing)
 .debug_str     0x00000d7f       0xd9 ../../../../../..//binary/armv7a/gcc/am335x/beaglebone/platform/Release/libplatform.a(uartConsole.o)
                                0x181 (size before relaxing)
 .debug_str     0x00000e58       0x9e ../../../../../..//binary/armv7a/gcc/am335x/beaglebone/platform/Release/libplatform.a(usb.o)
                                0x146 (size before relaxing)
 .debug_str     0x00000ef6       0xcd ../../../../../..//binary/armv7a/gcc/am335x/beaglebone/platform/Release/libplatform.a(dmtimer.o)
                                0x16c (size before relaxing)
 .debug_str     0x00000fc3       0x5f ../../../../../..//binary/armv7a/gcc/am335x/beaglebone/platform/Release/libplatform.a(uart.o)
                                0x107 (size before relaxing)
 .debug_str     0x00001022      0x211 ../../../../../..//binary/armv7a/gcc/am335x/usblib/Release/libusblib.a(usbbuffer.o)
                                0x3b1 (size before relaxing)
 .debug_str     0x00001233      0x43c ../../../../../..//binary/armv7a/gcc/am335x/usblib/Release/libusblib.a(usbdbulk.o)
                                0x9ae (size before relaxing)
 .debug_str     0x0000166f      0x606 ../../../../../..//binary/armv7a/gcc/am335x/usblib/Release/libusblib.a(usbdenum.o)
                                0xb63 (size before relaxing)
 .debug_str     0x00001c75       0x55 ../../../../../..//binary/armv7a/gcc/am335x/usblib/Release/libusblib.a(usbdhandler.o)
                                0x191 (size before relaxing)
 .debug_str     0x00001cca      0x176 ../../../../../..//binary/armv7a/gcc/am335x/usblib/Release/libusblib.a(usbringbuf.o)
                                0x2a2 (size before relaxing)
 .debug_str     0x00001e40       0xee ../../../../../..//binary/armv7a/gcc/am335x/usblib/Release/libusblib.a(usbtick.o)
                                0x1cf (size before relaxing)
 .debug_str     0x00001f2e       0xa8 ../../../../../..//binary/armv7a/gcc/am335x/usblib/Release/libusblib.a(usbdata.o)
                                0x1d2 (size before relaxing)
 .debug_str     0x00001fd6      0x1cb ../../../../../..//binary/armv7a/gcc/am335x/usblib/Release/libusblib.a(usbdcdesc.o)
                                0x3ad (size before relaxing)
 .debug_str     0x000021a1      0x149 ../../../../../..//binary/armv7a/gcc/am335x/usblib/Release/libusblib.a(usbdconfig.o)
                                0x477 (size before relaxing)
 .debug_str     0x000022ea       0xb3 ../../../../../..//binary/armv7a/gcc/am335x/usblib/Release/libusblib.a(usbdesc.o)
                                0x316 (size before relaxing)
 .debug_str     0x0000239d      0x2bb ../../../../../..//binary/armv7a/gcc/am335x/system_config/Release/libsystem_config.a(interrupt.o)
                                0x363 (size before relaxing)
 .debug_str     0x00002658       0x69 ../../../../../..//binary/armv7a/gcc/am335x/system_config/Release/libsystem_config.a(mmu.o)
                                0x146 (size before relaxing)
 .debug_str     0x000026c1       0x70 ../../../../../..//binary/armv7a/gcc/am335x/system_config/Release/libsystem_config.a(startup.o)
                                0x118 (size before relaxing)
 .debug_str     0x00002731       0x9f ../../../../../..//binary/armv7a/gcc/am335x/system_config/Release/libsystem_config.a(cpu.o)
                                0x12a (size before relaxing)
 .debug_str     0x000027d0      0x2f0 ../../../../../..//binary/armv7a/gcc/am335x/drivers/Release/libdrivers.a(dmtimer.o)
                                0x354 (size before relaxing)
 .debug_str     0x00002ac0      0x877 ../../../../../..//binary/armv7a/gcc/am335x/drivers/Release/libdrivers.a(uart_irda_cir.o)
                                0x94d (size before relaxing)
 .debug_str     0x00003337      0x630 ../../../../../..//binary/armv7a/gcc/am335x/drivers/Release/libdrivers.a(usb.o)
                                0x753 (size before relaxing)
 .debug_str     0x00003967       0x42 ../../../../../..//binary/armv7a/gcc/am335x/drivers/Release/libdrivers.a(usbphyGS70.o)
                                0x175 (size before relaxing)

.comment        0x00000000       0x70
 .comment       0x00000000       0x70 Release/usb_bulk_structs.o
                                 0x71 (size before relaxing)
 .comment       0x00000000       0x71 Release/usb_dev_bulk.o
 .comment       0x00000000       0x71 ../../../../../..//binary/armv7a/gcc/utils/Release/libutils.a(consoleUtils.o)
 .comment       0x00000000       0x71 ../../../../../..//binary/armv7a/gcc/utils/Release/libutils.a(delay.o)
 .comment       0x00000000       0x71 ../../../../../..//binary/armv7a/gcc/utils/Release/libutils.a(uartStdio.o)
 .comment       0x00000000       0x71 ../../../../../..//binary/armv7a/gcc/am335x/beaglebone/platform/Release/libplatform.a(sysdelay.o)
 .comment       0x00000000       0x71 ../../../../../..//binary/armv7a/gcc/am335x/beaglebone/platform/Release/libplatform.a(uartConsole.o)
 .comment       0x00000000       0x71 ../../../../../..//binary/armv7a/gcc/am335x/beaglebone/platform/Release/libplatform.a(usb.o)
 .comment       0x00000000       0x71 ../../../../../..//binary/armv7a/gcc/am335x/beaglebone/platform/Release/libplatform.a(dmtimer.o)
 .comment       0x00000000       0x71 ../../../../../..//binary/armv7a/gcc/am335x/beaglebone/platform/Release/libplatform.a(uart.o)
 .comment       0x00000000       0x71 ../../../../../..//binary/armv7a/gcc/am335x/usblib/Release/libusblib.a(usbbuffer.o)
 .comment       0x00000000       0x71 ../../../../../..//binary/armv7a/gcc/am335x/usblib/Release/libusblib.a(usbdbulk.o)
 .comment       0x00000000       0x71 ../../../../../..//binary/armv7a/gcc/am335x/usblib/Release/libusblib.a(usbdenum.o)
 .comment       0x00000000       0x71 ../../../../../..//binary/armv7a/gcc/am335x/usblib/Release/libusblib.a(usbdhandler.o)
 .comment       0x00000000       0x71 ../../../../../..//binary/armv7a/gcc/am335x/usblib/Release/libusblib.a(usbringbuf.o)
 .comment       0x00000000       0x71 ../../../../../..//binary/armv7a/gcc/am335x/usblib/Release/libusblib.a(usbtick.o)
 .comment       0x00000000       0x71 ../../../../../..//binary/armv7a/gcc/am335x/usblib/Release/libusblib.a(usbdata.o)
 .comment       0x00000000       0x71 ../../../../../..//binary/armv7a/gcc/am335x/usblib/Release/libusblib.a(usbdcdesc.o)
 .comment       0x00000000       0x71 ../../../../../..//binary/armv7a/gcc/am335x/usblib/Release/libusblib.a(usbdconfig.o)
 .comment       0x00000000       0x71 ../../../../../..//binary/armv7a/gcc/am335x/usblib/Release/libusblib.a(usbdesc.o)
 .comment       0x00000000       0x71 ../../../../../..//binary/armv7a/gcc/am335x/system_config/Release/libsystem_config.a(interrupt.o)
 .comment       0x00000000       0x71 ../../../../../..//binary/armv7a/gcc/am335x/system_config/Release/libsystem_config.a(mmu.o)
 .comment       0x00000000       0x71 ../../../../../..//binary/armv7a/gcc/am335x/system_config/Release/libsystem_config.a(startup.o)
 .comment       0x00000000       0x71 ../../../../../..//binary/armv7a/gcc/am335x/system_config/Release/libsystem_config.a(cpu.o)
 .comment       0x00000000       0x71 ../../../../../..//binary/armv7a/gcc/am335x/drivers/Release/libdrivers.a(dmtimer.o)
 .comment       0x00000000       0x71 ../../../../../..//binary/armv7a/gcc/am335x/drivers/Release/libdrivers.a(uart_irda_cir.o)
 .comment       0x00000000       0x71 ../../../../../..//binary/armv7a/gcc/am335x/drivers/Release/libdrivers.a(usb.o)
 .comment       0x00000000       0x71 ../../../../../..//binary/armv7a/gcc/am335x/drivers/Release/libdrivers.a(usbphyGS70.o)

.ARM.attributes
                0x00000000       0x3b
 .ARM.attributes
                0x00000000       0x37 Release/usb_bulk_structs.o
 .ARM.attributes
                0x00000037       0x37 Release/usb_dev_bulk.o
 .ARM.attributes
                0x0000006e       0x37 ../../../../../..//binary/armv7a/gcc/utils/Release/libutils.a(consoleUtils.o)
 .ARM.attributes
                0x000000a5       0x37 ../../../../../..//binary/armv7a/gcc/utils/Release/libutils.a(delay.o)
 .ARM.attributes
                0x000000dc       0x37 ../../../../../..//binary/armv7a/gcc/utils/Release/libutils.a(uartStdio.o)
 .ARM.attributes
                0x00000113       0x37 ../../../../../..//binary/armv7a/gcc/am335x/beaglebone/platform/Release/libplatform.a(sysdelay.o)
 .ARM.attributes
                0x0000014a       0x37 ../../../../../..//binary/armv7a/gcc/am335x/beaglebone/platform/Release/libplatform.a(uartConsole.o)
 .ARM.attributes
                0x00000181       0x37 ../../../../../..//binary/armv7a/gcc/am335x/beaglebone/platform/Release/libplatform.a(usb.o)
 .ARM.attributes
                0x000001b8       0x37 ../../../../../..//binary/armv7a/gcc/am335x/beaglebone/platform/Release/libplatform.a(dmtimer.o)
 .ARM.attributes
                0x000001ef       0x37 ../../../../../..//binary/armv7a/gcc/am335x/beaglebone/platform/Release/libplatform.a(uart.o)
 .ARM.attributes
                0x00000226       0x37 ../../../../../..//binary/armv7a/gcc/am335x/usblib/Release/libusblib.a(usbbuffer.o)
 .ARM.attributes
                0x0000025d       0x37 ../../../../../..//binary/armv7a/gcc/am335x/usblib/Release/libusblib.a(usbdbulk.o)
 .ARM.attributes
                0x00000294       0x37 ../../../../../..//binary/armv7a/gcc/am335x/usblib/Release/libusblib.a(usbdenum.o)
 .ARM.attributes
                0x000002cb       0x37 ../../../../../..//binary/armv7a/gcc/am335x/usblib/Release/libusblib.a(usbdhandler.o)
 .ARM.attributes
                0x00000302       0x37 ../../../../../..//binary/armv7a/gcc/am335x/usblib/Release/libusblib.a(usbringbuf.o)
 .ARM.attributes
                0x00000339       0x37 ../../../../../..//binary/armv7a/gcc/am335x/usblib/Release/libusblib.a(usbtick.o)
 .ARM.attributes
                0x00000370       0x37 ../../../../../..//binary/armv7a/gcc/am335x/usblib/Release/libusblib.a(usbdata.o)
 .ARM.attributes
                0x000003a7       0x37 ../../../../../..//binary/armv7a/gcc/am335x/usblib/Release/libusblib.a(usbdcdesc.o)
 .ARM.attributes
                0x000003de       0x37 ../../../../../..//binary/armv7a/gcc/am335x/usblib/Release/libusblib.a(usbdconfig.o)
 .ARM.attributes
                0x00000415       0x37 ../../../../../..//binary/armv7a/gcc/am335x/usblib/Release/libusblib.a(usbdesc.o)
 .ARM.attributes
                0x0000044c       0x23 ../../../../../..//binary/armv7a/gcc/am335x/system_config/Release/libsystem_config.a(init.o)
 .ARM.attributes
                0x0000046f       0x3d ../../../../../..//binary/armv7a/gcc/am335x/system_config/Release/libsystem_config.a(interrupt.o)
 .ARM.attributes
                0x000004ac       0x3d ../../../../../..//binary/armv7a/gcc/am335x/system_config/Release/libsystem_config.a(mmu.o)
 .ARM.attributes
                0x000004e9       0x3d ../../../../../..//binary/armv7a/gcc/am335x/system_config/Release/libsystem_config.a(startup.o)
 .ARM.attributes
                0x00000526       0x23 ../../../../../..//binary/armv7a/gcc/am335x/system_config/Release/libsystem_config.a(cp15.o)
 .ARM.attributes
                0x00000549       0x3d ../../../../../..//binary/armv7a/gcc/am335x/system_config/Release/libsystem_config.a(cpu.o)
 .ARM.attributes
                0x00000586       0x23 ../../../../../..//binary/armv7a/gcc/am335x/system_config/Release/libsystem_config.a(exceptionhandler.o)
 .ARM.attributes
                0x000005a9       0x18 /home/abby/opt/gcc-arm-none-eabi-4_7-2012q4//lib/gcc/arm-none-eabi/4.7.3//libgcc.a(_udivsi3.o)
 .ARM.attributes
                0x000005c1       0x18 /home/abby/opt/gcc-arm-none-eabi-4_7-2012q4//lib/gcc/arm-none-eabi/4.7.3//libgcc.a(_divsi3.o)
 .ARM.attributes
                0x000005d9       0x18 /home/abby/opt/gcc-arm-none-eabi-4_7-2012q4//lib/gcc/arm-none-eabi/4.7.3//libgcc.a(_dvmd_tls.o)
 .ARM.attributes
                0x000005f1       0x37 ../../../../../..//binary/armv7a/gcc/am335x/drivers/Release/libdrivers.a(dmtimer.o)
 .ARM.attributes
                0x00000628       0x37 ../../../../../..//binary/armv7a/gcc/am335x/drivers/Release/libdrivers.a(uart_irda_cir.o)
 .ARM.attributes
                0x0000065f       0x37 ../../../../../..//binary/armv7a/gcc/am335x/drivers/Release/libdrivers.a(usb.o)
 .ARM.attributes
                0x00000696       0x37 ../../../../../..//binary/armv7a/gcc/am335x/drivers/Release/libdrivers.a(usbphyGS70.o)

.debug_loc      0x00000000     0xa005
 .debug_loc     0x00000000      0x41b Release/usb_dev_bulk.o
 .debug_loc     0x0000041b      0x31b ../../../../../..//binary/armv7a/gcc/utils/Release/libutils.a(consoleUtils.o)
 .debug_loc     0x00000736       0xe2 ../../../../../..//binary/armv7a/gcc/utils/Release/libutils.a(delay.o)
 .debug_loc     0x00000818     0x18d9 ../../../../../..//binary/armv7a/gcc/utils/Release/libutils.a(uartStdio.o)
 .debug_loc     0x000020f1      0x165 ../../../../../..//binary/armv7a/gcc/am335x/beaglebone/platform/Release/libplatform.a(sysdelay.o)
 .debug_loc     0x00002256       0xab ../../../../../..//binary/armv7a/gcc/am335x/beaglebone/platform/Release/libplatform.a(uartConsole.o)
 .debug_loc     0x00002301       0x62 ../../../../../..//binary/armv7a/gcc/am335x/beaglebone/platform/Release/libplatform.a(usb.o)
 .debug_loc     0x00002363      0xbd3 ../../../../../..//binary/armv7a/gcc/am335x/usblib/Release/libusblib.a(usbbuffer.o)
 .debug_loc     0x00002f36      0x90d ../../../../../..//binary/armv7a/gcc/am335x/usblib/Release/libusblib.a(usbdbulk.o)
 .debug_loc     0x00003843     0x1322 ../../../../../..//binary/armv7a/gcc/am335x/usblib/Release/libusblib.a(usbdenum.o)
 .debug_loc     0x00004b65       0xea ../../../../../..//binary/armv7a/gcc/am335x/usblib/Release/libusblib.a(usbdhandler.o)
 .debug_loc     0x00004c4f      0x603 ../../../../../..//binary/armv7a/gcc/am335x/usblib/Release/libusblib.a(usbringbuf.o)
 .debug_loc     0x00005252       0xc0 ../../../../../..//binary/armv7a/gcc/am335x/usblib/Release/libusblib.a(usbtick.o)
 .debug_loc     0x00005312      0x6bc ../../../../../..//binary/armv7a/gcc/am335x/usblib/Release/libusblib.a(usbdcdesc.o)
 .debug_loc     0x000059ce      0x605 ../../../../../..//binary/armv7a/gcc/am335x/usblib/Release/libusblib.a(usbdconfig.o)
 .debug_loc     0x00005fd3      0x71f ../../../../../..//binary/armv7a/gcc/am335x/usblib/Release/libusblib.a(usbdesc.o)
 .debug_loc     0x000066f2      0x248 ../../../../../..//binary/armv7a/gcc/am335x/system_config/Release/libsystem_config.a(interrupt.o)
 .debug_loc     0x0000693a      0x10b ../../../../../..//binary/armv7a/gcc/am335x/system_config/Release/libsystem_config.a(mmu.o)
 .debug_loc     0x00006a45       0x34 ../../../../../..//binary/armv7a/gcc/am335x/system_config/Release/libsystem_config.a(startup.o)
 .debug_loc     0x00006a79      0x210 ../../../../../..//binary/armv7a/gcc/am335x/drivers/Release/libdrivers.a(dmtimer.o)
 .debug_loc     0x00006c89     0x1e21 ../../../../../..//binary/armv7a/gcc/am335x/drivers/Release/libdrivers.a(uart_irda_cir.o)
 .debug_loc     0x00008aaa     0x14db ../../../../../..//binary/armv7a/gcc/am335x/drivers/Release/libdrivers.a(usb.o)
 .debug_loc     0x00009f85       0x80 ../../../../../..//binary/armv7a/gcc/am335x/drivers/Release/libdrivers.a(usbphyGS70.o)

.debug_ranges   0x00000000     0x1668
 .debug_ranges  0x00000000       0x60 Release/usb_dev_bulk.o
 .debug_ranges  0x00000060       0x48 ../../../../../..//binary/armv7a/gcc/utils/Release/libutils.a(consoleUtils.o)
 .debug_ranges  0x000000a8       0x30 ../../../../../..//binary/armv7a/gcc/utils/Release/libutils.a(delay.o)
 .debug_ranges  0x000000d8      0x330 ../../../../../..//binary/armv7a/gcc/utils/Release/libutils.a(uartStdio.o)
 .debug_ranges  0x00000408       0x38 ../../../../../..//binary/armv7a/gcc/am335x/beaglebone/platform/Release/libplatform.a(sysdelay.o)
 .debug_ranges  0x00000440       0x60 ../../../../../..//binary/armv7a/gcc/am335x/beaglebone/platform/Release/libplatform.a(uartConsole.o)
 .debug_ranges  0x000004a0       0x38 ../../../../../..//binary/armv7a/gcc/am335x/beaglebone/platform/Release/libplatform.a(usb.o)
 .debug_ranges  0x000004d8       0x38 ../../../../../..//binary/armv7a/gcc/am335x/beaglebone/platform/Release/libplatform.a(dmtimer.o)
 .debug_ranges  0x00000510       0x18 ../../../../../..//binary/armv7a/gcc/am335x/beaglebone/platform/Release/libplatform.a(uart.o)
 .debug_ranges  0x00000528       0x98 ../../../../../..//binary/armv7a/gcc/am335x/usblib/Release/libusblib.a(usbbuffer.o)
 .debug_ranges  0x000005c0       0x90 ../../../../../..//binary/armv7a/gcc/am335x/usblib/Release/libusblib.a(usbdbulk.o)
 .debug_ranges  0x00000650      0x158 ../../../../../..//binary/armv7a/gcc/am335x/usblib/Release/libusblib.a(usbdenum.o)
 .debug_ranges  0x000007a8       0x18 ../../../../../..//binary/armv7a/gcc/am335x/usblib/Release/libusblib.a(usbdhandler.o)
 .debug_ranges  0x000007c0      0x158 ../../../../../..//binary/armv7a/gcc/am335x/usblib/Release/libusblib.a(usbringbuf.o)
 .debug_ranges  0x00000918       0x20 ../../../../../..//binary/armv7a/gcc/am335x/usblib/Release/libusblib.a(usbtick.o)
 .debug_ranges  0x00000938       0x80 ../../../../../..//binary/armv7a/gcc/am335x/usblib/Release/libusblib.a(usbdcdesc.o)
 .debug_ranges  0x000009b8       0x28 ../../../../../..//binary/armv7a/gcc/am335x/usblib/Release/libusblib.a(usbdconfig.o)
 .debug_ranges  0x000009e0       0xe0 ../../../../../..//binary/armv7a/gcc/am335x/usblib/Release/libusblib.a(usbdesc.o)
 .debug_ranges  0x00000ac0      0x130 ../../../../../..//binary/armv7a/gcc/am335x/system_config/Release/libsystem_config.a(interrupt.o)
 .debug_ranges  0x00000bf0       0x20 ../../../../../..//binary/armv7a/gcc/am335x/system_config/Release/libsystem_config.a(mmu.o)
 .debug_ranges  0x00000c10       0x10 ../../../../../..//binary/armv7a/gcc/am335x/system_config/Release/libsystem_config.a(startup.o)
 .debug_ranges  0x00000c20       0x48 ../../../../../..//binary/armv7a/gcc/am335x/system_config/Release/libsystem_config.a(cpu.o)
 .debug_ranges  0x00000c68       0xd8 ../../../../../..//binary/armv7a/gcc/am335x/drivers/Release/libdrivers.a(dmtimer.o)
 .debug_ranges  0x00000d40      0x5c8 ../../../../../..//binary/armv7a/gcc/am335x/drivers/Release/libdrivers.a(uart_irda_cir.o)
 .debug_ranges  0x00001308      0x348 ../../../../../..//binary/armv7a/gcc/am335x/drivers/Release/libdrivers.a(usb.o)
 .debug_ranges  0x00001650       0x18 ../../../../../..//binary/armv7a/gcc/am335x/drivers/Release/libdrivers.a(usbphyGS70.o)

.debug_frame    0x00000000     0x1ee8
 .debug_frame   0x00000000       0x68 Release/usb_dev_bulk.o
 .debug_frame   0x00000068       0xec ../../../../../..//binary/armv7a/gcc/utils/Release/libutils.a(consoleUtils.o)
 .debug_frame   0x00000154       0x88 ../../../../../..//binary/armv7a/gcc/utils/Release/libutils.a(delay.o)
 .debug_frame   0x000001dc      0x1cc ../../../../../..//binary/armv7a/gcc/utils/Release/libutils.a(uartStdio.o)
 .debug_frame   0x000003a8       0x98 ../../../../../..//binary/armv7a/gcc/am335x/beaglebone/platform/Release/libplatform.a(sysdelay.o)
 .debug_frame   0x00000440       0x58 ../../../../../..//binary/armv7a/gcc/am335x/beaglebone/platform/Release/libplatform.a(uartConsole.o)
 .debug_frame   0x00000498       0x78 ../../../../../..//binary/armv7a/gcc/am335x/beaglebone/platform/Release/libplatform.a(usb.o)
 .debug_frame   0x00000510       0x70 ../../../../../..//binary/armv7a/gcc/am335x/beaglebone/platform/Release/libplatform.a(dmtimer.o)
 .debug_frame   0x00000580       0x30 ../../../../../..//binary/armv7a/gcc/am335x/beaglebone/platform/Release/libplatform.a(uart.o)
 .debug_frame   0x000005b0      0x140 ../../../../../..//binary/armv7a/gcc/am335x/usblib/Release/libusblib.a(usbbuffer.o)
 .debug_frame   0x000006f0      0x1a8 ../../../../../..//binary/armv7a/gcc/am335x/usblib/Release/libusblib.a(usbdbulk.o)
 .debug_frame   0x00000898      0x304 ../../../../../..//binary/armv7a/gcc/am335x/usblib/Release/libusblib.a(usbdenum.o)
 .debug_frame   0x00000b9c       0x50 ../../../../../..//binary/armv7a/gcc/am335x/usblib/Release/libusblib.a(usbdhandler.o)
 .debug_frame   0x00000bec      0x16c ../../../../../..//binary/armv7a/gcc/am335x/usblib/Release/libusblib.a(usbringbuf.o)
 .debug_frame   0x00000d58       0x50 ../../../../../..//binary/armv7a/gcc/am335x/usblib/Release/libusblib.a(usbtick.o)
 .debug_frame   0x00000da8       0xec ../../../../../..//binary/armv7a/gcc/am335x/usblib/Release/libusblib.a(usbdcdesc.o)
 .debug_frame   0x00000e94       0x90 ../../../../../..//binary/armv7a/gcc/am335x/usblib/Release/libusblib.a(usbdconfig.o)
 .debug_frame   0x00000f24       0x8c ../../../../../..//binary/armv7a/gcc/am335x/usblib/Release/libusblib.a(usbdesc.o)
 .debug_frame   0x00000fb0      0x238 ../../../../../..//binary/armv7a/gcc/am335x/system_config/Release/libsystem_config.a(interrupt.o)
 .debug_frame   0x000011e8       0x60 ../../../../../..//binary/armv7a/gcc/am335x/system_config/Release/libsystem_config.a(mmu.o)
 .debug_frame   0x00001248       0x28 ../../../../../..//binary/armv7a/gcc/am335x/system_config/Release/libsystem_config.a(startup.o)
 .debug_frame   0x00001270       0x90 ../../../../../..//binary/armv7a/gcc/am335x/system_config/Release/libsystem_config.a(cpu.o)
 .debug_frame   0x00001300       0x20 /home/abby/opt/gcc-arm-none-eabi-4_7-2012q4//lib/gcc/arm-none-eabi/4.7.3//libgcc.a(_udivsi3.o)
 .debug_frame   0x00001320       0x20 /home/abby/opt/gcc-arm-none-eabi-4_7-2012q4//lib/gcc/arm-none-eabi/4.7.3//libgcc.a(_divsi3.o)
 .debug_frame   0x00001340      0x1b0 ../../../../../..//binary/armv7a/gcc/am335x/drivers/Release/libdrivers.a(dmtimer.o)
 .debug_frame   0x000014f0      0x53c ../../../../../..//binary/armv7a/gcc/am335x/drivers/Release/libdrivers.a(uart_irda_cir.o)
 .debug_frame   0x00001a2c      0x48c ../../../../../..//binary/armv7a/gcc/am335x/drivers/Release/libdrivers.a(usb.o)
 .debug_frame   0x00001eb8       0x30 ../../../../../..//binary/armv7a/gcc/am335x/drivers/Release/libdrivers.a(usbphyGS70.o)
