Archive member included because of file (symbol)

/home/abby/NEW//binary/armv7a/gcc/am335x/drivers/Release/libdrivers.a(gpio_v2.o)
                              Release/TEST.o (GPIOModuleReset)
/home/abby/NEW//binary/armv7a/gcc/am335x/beaglebone/platform/Release/libplatform.a(gpio.o)
                              Release/TEST.o (GPIO1Pin23PinMuxSetup)
/home/abby/NEW//binary/armv7a/gcc/am335x/system_config/Release/libsystem_config.a(init.o)
                              (Entry)
/home/abby/NEW//binary/armv7a/gcc/am335x/system_config/Release/libsystem_config.a(startup.o)
                              /home/abby/NEW//binary/armv7a/gcc/am335x/system_config/Release/libsystem_config.a(init.o) (start_boot)
/home/abby/NEW//binary/armv7a/gcc/am335x/system_config/Release/libsystem_config.a(cp15.o)
                              /home/abby/NEW//binary/armv7a/gcc/am335x/system_config/Release/libsystem_config.a(startup.o) (CP15VectorBaseAddrSet)
/home/abby/NEW//binary/armv7a/gcc/am335x/system_config/Release/libsystem_config.a(exceptionhandler.o)
                              /home/abby/NEW//binary/armv7a/gcc/am335x/system_config/Release/libsystem_config.a(startup.o) (IRQHandler)
/home/abby/NEW//binary/armv7a/gcc/am335x/system_config/Release/libsystem_config.a(interrupt.o)
                              /home/abby/NEW//binary/armv7a/gcc/am335x/system_config/Release/libsystem_config.a(exceptionhandler.o) (fnRAMVectors)
/home/abby/NEW//binary/armv7a/gcc/am335x/system_config/Release/libsystem_config.a(cpu.o)
                              /home/abby/NEW//binary/armv7a/gcc/am335x/system_config/Release/libsystem_config.a(exceptionhandler.o) (CPUAbortHandler)
/home/abby/opt/gcc-arm-none-eabi-4_7-2012q4//lib/gcc/arm-none-eabi/4.7.3//libgcc.a(_udivsi3.o)
                              (__aeabi_uidiv)
/home/abby/opt/gcc-arm-none-eabi-4_7-2012q4//lib/gcc/arm-none-eabi/4.7.3//libgcc.a(_divsi3.o)
                              (__aeabi_idiv)
/home/abby/opt/gcc-arm-none-eabi-4_7-2012q4//lib/gcc/arm-none-eabi/4.7.3//libgcc.a(_dvmd_tls.o)
                              /home/abby/opt/gcc-arm-none-eabi-4_7-2012q4//lib/gcc/arm-none-eabi/4.7.3//libgcc.a(_udivsi3.o) (__aeabi_idiv0)

Allocating common symbols
Common symbol       size              file

fnRAMVectors        0x200             /home/abby/NEW//binary/armv7a/gcc/am335x/system_config/Release/libsystem_config.a(interrupt.o)

Discarded input sections

 .data          0x00000000        0x0 Release/OS_CPU_A.o
 .bss           0x00000000        0x0 Release/OS_CPU_A.o
 .text          0x00000000        0x0 Release/OS_CPU_C.o
 .data          0x00000000        0x0 Release/OS_CPU_C.o
 .bss           0x00000000        0x0 Release/OS_CPU_C.o
 .text.OSTaskDelHook
                0x00000000        0x4 Release/OS_CPU_C.o
 .text.OSTimeTickHook
                0x00000000        0x4 Release/OS_CPU_C.o
 .text._Z11OSDebugInitv
                0x00000000        0x4 Release/OS_CPU_C.o
 .text          0x00000000        0x0 Release/TEST.o
 .data          0x00000000        0x0 Release/TEST.o
 .bss           0x00000000        0x0 Release/TEST.o
 .text          0x00000000        0x0 Release/uCOS_II.o
 .data          0x00000000        0x0 Release/uCOS_II.o
 .bss           0x00000000        0x0 Release/uCOS_II.o
 .text.OSDummy  0x00000000        0x4 Release/uCOS_II.o
 .text.OSEventTaskRdy
                0x00000000       0xb0 Release/uCOS_II.o
 .text.OSEventTaskWait
                0x00000000       0x74 Release/uCOS_II.o
 .text.OSEventTO
                0x00000000       0x48 Release/uCOS_II.o
 .text.OSEventWaitListInit
                0x00000000       0x14 Release/uCOS_II.o
 .text.OSIntEnter
                0x00000000       0x1c Release/uCOS_II.o
 .text.OSSchedLock
                0x00000000       0x30 Release/uCOS_II.o
 .text.OSSchedUnlock
                0x00000000       0x64 Release/uCOS_II.o
 .text.OSStatInit
                0x00000000       0x50 Release/uCOS_II.o
 .text.OSTimeTick
                0x00000000       0xb8 Release/uCOS_II.o
 .text.OSVersion
                0x00000000        0x8 Release/uCOS_II.o
 .text.OSMboxAccept
                0x00000000       0x34 Release/uCOS_II.o
 .text.OSMboxCreate
                0x00000000       0x60 Release/uCOS_II.o
 .text.OSMboxPend
                0x00000000       0xfc Release/uCOS_II.o
 .text.OSMboxPost
                0x00000000       0x84 Release/uCOS_II.o
 .text.OSMboxQuery
                0x00000000       0x4c Release/uCOS_II.o
 .text.OSSemAccept
                0x00000000       0x38 Release/uCOS_II.o
 .text.OSSemCreate
                0x00000000       0x5c Release/uCOS_II.o
 .text.OSSemPend
                0x00000000       0xe4 Release/uCOS_II.o
 .text.OSSemPost
                0x00000000       0x84 Release/uCOS_II.o
 .text.OSSemQuery
                0x00000000       0x4c Release/uCOS_II.o
 .text.OSTaskQuery
                0x00000000       0x94 Release/uCOS_II.o
 .text.OSTimeDly
                0x00000000       0x1c Release/uCOS_II.o
 .text.OSTimeDlyHMSM
                0x00000000       0xc4 Release/uCOS_II.o
 .text.OSTimeDlyResume
                0x00000000       0xa8 Release/uCOS_II.o
 .text.OSTimeGet
                0x00000000       0x10 Release/uCOS_II.o
 .text.OSTimeSet
                0x00000000       0x10 Release/uCOS_II.o
 .text          0x00000000        0x0 /home/abby/NEW//binary/armv7a/gcc/am335x/drivers/Release/libdrivers.a(gpio_v2.o)
 .data          0x00000000        0x0 /home/abby/NEW//binary/armv7a/gcc/am335x/drivers/Release/libdrivers.a(gpio_v2.o)
 .bss           0x00000000        0x0 /home/abby/NEW//binary/armv7a/gcc/am335x/drivers/Release/libdrivers.a(gpio_v2.o)
 .text.GPIOModuleDisable
                0x00000000       0x10 /home/abby/NEW//binary/armv7a/gcc/am335x/drivers/Release/libdrivers.a(gpio_v2.o)
 .text.GPIODirModeGet
                0x00000000       0x18 /home/abby/NEW//binary/armv7a/gcc/am335x/drivers/Release/libdrivers.a(gpio_v2.o)
 .text.GPIOPinRead
                0x00000000       0x10 /home/abby/NEW//binary/armv7a/gcc/am335x/drivers/Release/libdrivers.a(gpio_v2.o)
 .text.GPIOMultiplePinsWrite
                0x00000000        0xc /home/abby/NEW//binary/armv7a/gcc/am335x/drivers/Release/libdrivers.a(gpio_v2.o)
 .text.GPIOMultiplePinsRead
                0x00000000        0xc /home/abby/NEW//binary/armv7a/gcc/am335x/drivers/Release/libdrivers.a(gpio_v2.o)
 .text.GPIOPinIntEnable
                0x00000000       0x18 /home/abby/NEW//binary/armv7a/gcc/am335x/drivers/Release/libdrivers.a(gpio_v2.o)
 .text.GPIOPinIntDisable
                0x00000000       0x18 /home/abby/NEW//binary/armv7a/gcc/am335x/drivers/Release/libdrivers.a(gpio_v2.o)
 .text.GPIOIntTypeSet
                0x00000000      0x1bc /home/abby/NEW//binary/armv7a/gcc/am335x/drivers/Release/libdrivers.a(gpio_v2.o)
 .text.GPIOIntTypeGet
                0x00000000       0x50 /home/abby/NEW//binary/armv7a/gcc/am335x/drivers/Release/libdrivers.a(gpio_v2.o)
 .text.GPIOPinIntStatus
                0x00000000       0x18 /home/abby/NEW//binary/armv7a/gcc/am335x/drivers/Release/libdrivers.a(gpio_v2.o)
 .text.GPIOPinIntClear
                0x00000000       0x18 /home/abby/NEW//binary/armv7a/gcc/am335x/drivers/Release/libdrivers.a(gpio_v2.o)
 .text.GPIORawIntStatus
                0x00000000       0x14 /home/abby/NEW//binary/armv7a/gcc/am335x/drivers/Release/libdrivers.a(gpio_v2.o)
 .text.GPIOTriggerPinInt
                0x00000000       0x18 /home/abby/NEW//binary/armv7a/gcc/am335x/drivers/Release/libdrivers.a(gpio_v2.o)
 .text.GPIOWakeupGlobalEnable
                0x00000000       0x10 /home/abby/NEW//binary/armv7a/gcc/am335x/drivers/Release/libdrivers.a(gpio_v2.o)
 .text.GPIOWakeupGlobalDisable
                0x00000000       0x10 /home/abby/NEW//binary/armv7a/gcc/am335x/drivers/Release/libdrivers.a(gpio_v2.o)
 .text.GPIOPinIntWakeUpEnable
                0x00000000       0x28 /home/abby/NEW//binary/armv7a/gcc/am335x/drivers/Release/libdrivers.a(gpio_v2.o)
 .text.GPIOPinIntWakeUpDisable
                0x00000000       0x28 /home/abby/NEW//binary/armv7a/gcc/am335x/drivers/Release/libdrivers.a(gpio_v2.o)
 .text.GPIOAutoIdleModeControl
                0x00000000       0x20 /home/abby/NEW//binary/armv7a/gcc/am335x/drivers/Release/libdrivers.a(gpio_v2.o)
 .text.GPIOIdleModeConfigure
                0x00000000       0x20 /home/abby/NEW//binary/armv7a/gcc/am335x/drivers/Release/libdrivers.a(gpio_v2.o)
 .text.GPIOGatingRatioConfigure
                0x00000000       0x20 /home/abby/NEW//binary/armv7a/gcc/am335x/drivers/Release/libdrivers.a(gpio_v2.o)
 .text.GPIODebounceFuncControl
                0x00000000       0x20 /home/abby/NEW//binary/armv7a/gcc/am335x/drivers/Release/libdrivers.a(gpio_v2.o)
 .text.GPIODebounceTimeConfig
                0x00000000        0xc /home/abby/NEW//binary/armv7a/gcc/am335x/drivers/Release/libdrivers.a(gpio_v2.o)
 .text.GPIORevisionInfoGet
                0x00000000        0x8 /home/abby/NEW//binary/armv7a/gcc/am335x/drivers/Release/libdrivers.a(gpio_v2.o)
 .text.gpioContextSave
                0x00000000       0x1c /home/abby/NEW//binary/armv7a/gcc/am335x/drivers/Release/libdrivers.a(gpio_v2.o)
 .text.gpioContextRestore
                0x00000000       0x1c /home/abby/NEW//binary/armv7a/gcc/am335x/drivers/Release/libdrivers.a(gpio_v2.o)
 .text          0x00000000        0x0 /home/abby/NEW//binary/armv7a/gcc/am335x/beaglebone/platform/Release/libplatform.a(gpio.o)
 .data          0x00000000        0x0 /home/abby/NEW//binary/armv7a/gcc/am335x/beaglebone/platform/Release/libplatform.a(gpio.o)
 .bss           0x00000000        0x0 /home/abby/NEW//binary/armv7a/gcc/am335x/beaglebone/platform/Release/libplatform.a(gpio.o)
 .text.GPIO0ModuleClkConfig
                0x00000000       0xdc /home/abby/NEW//binary/armv7a/gcc/am335x/beaglebone/platform/Release/libplatform.a(gpio.o)
 .text.GPIO1PinMuxSetup
                0x00000000       0x1c /home/abby/NEW//binary/armv7a/gcc/am335x/beaglebone/platform/Release/libplatform.a(gpio.o)
 .text.GpioPinMuxSetup
                0x00000000       0x10 /home/abby/NEW//binary/armv7a/gcc/am335x/beaglebone/platform/Release/libplatform.a(gpio.o)
 .data          0x00000000        0x0 /home/abby/NEW//binary/armv7a/gcc/am335x/system_config/Release/libsystem_config.a(init.o)
 .bss           0x00000000        0x0 /home/abby/NEW//binary/armv7a/gcc/am335x/system_config/Release/libsystem_config.a(init.o)
 .text          0x00000000        0x0 /home/abby/NEW//binary/armv7a/gcc/am335x/system_config/Release/libsystem_config.a(startup.o)
 .data          0x00000000        0x0 /home/abby/NEW//binary/armv7a/gcc/am335x/system_config/Release/libsystem_config.a(startup.o)
 .bss           0x00000000        0x0 /home/abby/NEW//binary/armv7a/gcc/am335x/system_config/Release/libsystem_config.a(startup.o)
 .rodata.AM335X_VECTOR_BASE
                0x00000000        0x4 /home/abby/NEW//binary/armv7a/gcc/am335x/system_config/Release/libsystem_config.a(startup.o)
 .data          0x00000000        0x0 /home/abby/NEW//binary/armv7a/gcc/am335x/system_config/Release/libsystem_config.a(cp15.o)
 .bss           0x00000000        0x0 /home/abby/NEW//binary/armv7a/gcc/am335x/system_config/Release/libsystem_config.a(cp15.o)
 .data          0x00000000        0x0 /home/abby/NEW//binary/armv7a/gcc/am335x/system_config/Release/libsystem_config.a(exceptionhandler.o)
 .bss           0x00000000        0x0 /home/abby/NEW//binary/armv7a/gcc/am335x/system_config/Release/libsystem_config.a(exceptionhandler.o)
 .text          0x00000000        0x0 /home/abby/NEW//binary/armv7a/gcc/am335x/system_config/Release/libsystem_config.a(interrupt.o)
 .data          0x00000000        0x0 /home/abby/NEW//binary/armv7a/gcc/am335x/system_config/Release/libsystem_config.a(interrupt.o)
 .bss           0x00000000        0x0 /home/abby/NEW//binary/armv7a/gcc/am335x/system_config/Release/libsystem_config.a(interrupt.o)
 .text.IntDefaultHandler
                0x00000000        0x4 /home/abby/NEW//binary/armv7a/gcc/am335x/system_config/Release/libsystem_config.a(interrupt.o)
 .text.IntRegister
                0x00000000       0x10 /home/abby/NEW//binary/armv7a/gcc/am335x/system_config/Release/libsystem_config.a(interrupt.o)
 .text.IntUnRegister
                0x00000000       0x18 /home/abby/NEW//binary/armv7a/gcc/am335x/system_config/Release/libsystem_config.a(interrupt.o)
 .text.IntAINTCInit
                0x00000000       0x54 /home/abby/NEW//binary/armv7a/gcc/am335x/system_config/Release/libsystem_config.a(interrupt.o)
 .text.IntPrioritySet
                0x00000000       0x24 /home/abby/NEW//binary/armv7a/gcc/am335x/system_config/Release/libsystem_config.a(interrupt.o)
 .text.IntSystemEnable
                0x00000000       0x24 /home/abby/NEW//binary/armv7a/gcc/am335x/system_config/Release/libsystem_config.a(interrupt.o)
 .text.IntSystemDisable
                0x00000000       0x24 /home/abby/NEW//binary/armv7a/gcc/am335x/system_config/Release/libsystem_config.a(interrupt.o)
 .text.IntIfClkFreeRunSet
                0x00000000       0x18 /home/abby/NEW//binary/armv7a/gcc/am335x/system_config/Release/libsystem_config.a(interrupt.o)
 .text.IntIfClkAutoGateSet
                0x00000000       0x18 /home/abby/NEW//binary/armv7a/gcc/am335x/system_config/Release/libsystem_config.a(interrupt.o)
 .text.IntActiveIrqNumGet
                0x00000000       0x14 /home/abby/NEW//binary/armv7a/gcc/am335x/system_config/Release/libsystem_config.a(interrupt.o)
 .text.IntSpurIrqFlagGet
                0x00000000       0x14 /home/abby/NEW//binary/armv7a/gcc/am335x/system_config/Release/libsystem_config.a(interrupt.o)
 .text.IntProtectionEnable
                0x00000000       0x14 /home/abby/NEW//binary/armv7a/gcc/am335x/system_config/Release/libsystem_config.a(interrupt.o)
 .text.IntProtectionDisable
                0x00000000       0x18 /home/abby/NEW//binary/armv7a/gcc/am335x/system_config/Release/libsystem_config.a(interrupt.o)
 .text.IntSyncClkFreeRunSet
                0x00000000       0x18 /home/abby/NEW//binary/armv7a/gcc/am335x/system_config/Release/libsystem_config.a(interrupt.o)
 .text.IntSyncClkAutoGateSet
                0x00000000       0x18 /home/abby/NEW//binary/armv7a/gcc/am335x/system_config/Release/libsystem_config.a(interrupt.o)
 .text.IntFuncClkFreeRunSet
                0x00000000       0x18 /home/abby/NEW//binary/armv7a/gcc/am335x/system_config/Release/libsystem_config.a(interrupt.o)
 .text.IntFuncClkAutoGateSet
                0x00000000       0x18 /home/abby/NEW//binary/armv7a/gcc/am335x/system_config/Release/libsystem_config.a(interrupt.o)
 .text.IntCurrIrqPriorityGet
                0x00000000       0x14 /home/abby/NEW//binary/armv7a/gcc/am335x/system_config/Release/libsystem_config.a(interrupt.o)
 .text.IntPriorityThresholdGet
                0x00000000       0x14 /home/abby/NEW//binary/armv7a/gcc/am335x/system_config/Release/libsystem_config.a(interrupt.o)
 .text.IntPriorityThresholdSet
                0x00000000       0x14 /home/abby/NEW//binary/armv7a/gcc/am335x/system_config/Release/libsystem_config.a(interrupt.o)
 .text.IntRawStatusGet
                0x00000000       0x24 /home/abby/NEW//binary/armv7a/gcc/am335x/system_config/Release/libsystem_config.a(interrupt.o)
 .text.IntSoftwareIntSet
                0x00000000       0x20 /home/abby/NEW//binary/armv7a/gcc/am335x/system_config/Release/libsystem_config.a(interrupt.o)
 .text.IntSoftwareIntClear
                0x00000000       0x20 /home/abby/NEW//binary/armv7a/gcc/am335x/system_config/Release/libsystem_config.a(interrupt.o)
 .text.IntPendingIrqMaskedStatusGet
                0x00000000       0x24 /home/abby/NEW//binary/armv7a/gcc/am335x/system_config/Release/libsystem_config.a(interrupt.o)
 .text.IntMasterIRQEnable
                0x00000000       0x14 /home/abby/NEW//binary/armv7a/gcc/am335x/system_config/Release/libsystem_config.a(interrupt.o)
 .text.IntMasterIRQDisable
                0x00000000       0x14 /home/abby/NEW//binary/armv7a/gcc/am335x/system_config/Release/libsystem_config.a(interrupt.o)
 .text.IntMasterFIQEnable
                0x00000000       0x14 /home/abby/NEW//binary/armv7a/gcc/am335x/system_config/Release/libsystem_config.a(interrupt.o)
 .text.IntMasterFIQDisable
                0x00000000       0x14 /home/abby/NEW//binary/armv7a/gcc/am335x/system_config/Release/libsystem_config.a(interrupt.o)
 .text.IntMasterStatusGet
                0x00000000       0x14 /home/abby/NEW//binary/armv7a/gcc/am335x/system_config/Release/libsystem_config.a(interrupt.o)
 .text.IntDisable
                0x00000000       0x28 /home/abby/NEW//binary/armv7a/gcc/am335x/system_config/Release/libsystem_config.a(interrupt.o)
 .text.IntEnable
                0x00000000       0x1c /home/abby/NEW//binary/armv7a/gcc/am335x/system_config/Release/libsystem_config.a(interrupt.o)
 .text          0x00000000        0x0 /home/abby/NEW//binary/armv7a/gcc/am335x/system_config/Release/libsystem_config.a(cpu.o)
 .data          0x00000000        0x0 /home/abby/NEW//binary/armv7a/gcc/am335x/system_config/Release/libsystem_config.a(cpu.o)
 .bss           0x00000000        0x0 /home/abby/NEW//binary/armv7a/gcc/am335x/system_config/Release/libsystem_config.a(cpu.o)
 .text.CPUSwitchToPrivilegedMode
                0x00000000        0x8 /home/abby/NEW//binary/armv7a/gcc/am335x/system_config/Release/libsystem_config.a(cpu.o)
 .text.CPUSwitchToUserMode
                0x00000000       0x14 /home/abby/NEW//binary/armv7a/gcc/am335x/system_config/Release/libsystem_config.a(cpu.o)
 .text.CPUAbortHandler
                0x00000000        0x4 /home/abby/NEW//binary/armv7a/gcc/am335x/system_config/Release/libsystem_config.a(cpu.o)
 .text.CPUIntStatus
                0x00000000        0xc /home/abby/NEW//binary/armv7a/gcc/am335x/system_config/Release/libsystem_config.a(cpu.o)
 .text.CPUirqd  0x00000000       0x14 /home/abby/NEW//binary/armv7a/gcc/am335x/system_config/Release/libsystem_config.a(cpu.o)
 .text.CPUirqe  0x00000000       0x14 /home/abby/NEW//binary/armv7a/gcc/am335x/system_config/Release/libsystem_config.a(cpu.o)
 .text.CPUfiqd  0x00000000       0x14 /home/abby/NEW//binary/armv7a/gcc/am335x/system_config/Release/libsystem_config.a(cpu.o)
 .text.CPUfiqe  0x00000000       0x14 /home/abby/NEW//binary/armv7a/gcc/am335x/system_config/Release/libsystem_config.a(cpu.o)
 .debug_info    0x00000000       0xef /home/abby/NEW//binary/armv7a/gcc/am335x/system_config/Release/libsystem_config.a(cpu.o)
 .debug_abbrev  0x00000000       0x64 /home/abby/NEW//binary/armv7a/gcc/am335x/system_config/Release/libsystem_config.a(cpu.o)
 .debug_aranges
                0x00000000       0x58 /home/abby/NEW//binary/armv7a/gcc/am335x/system_config/Release/libsystem_config.a(cpu.o)
 .debug_ranges  0x00000000       0x48 /home/abby/NEW//binary/armv7a/gcc/am335x/system_config/Release/libsystem_config.a(cpu.o)
 .debug_line    0x00000000       0xd6 /home/abby/NEW//binary/armv7a/gcc/am335x/system_config/Release/libsystem_config.a(cpu.o)
 .debug_str     0x00000000      0x12a /home/abby/NEW//binary/armv7a/gcc/am335x/system_config/Release/libsystem_config.a(cpu.o)
 .comment       0x00000000       0x71 /home/abby/NEW//binary/armv7a/gcc/am335x/system_config/Release/libsystem_config.a(cpu.o)
 .ARM.attributes
                0x00000000       0x3d /home/abby/NEW//binary/armv7a/gcc/am335x/system_config/Release/libsystem_config.a(cpu.o)
 .debug_frame   0x00000000       0x90 /home/abby/NEW//binary/armv7a/gcc/am335x/system_config/Release/libsystem_config.a(cpu.o)
 .data          0x00000000        0x0 /home/abby/opt/gcc-arm-none-eabi-4_7-2012q4//lib/gcc/arm-none-eabi/4.7.3//libgcc.a(_udivsi3.o)
 .bss           0x00000000        0x0 /home/abby/opt/gcc-arm-none-eabi-4_7-2012q4//lib/gcc/arm-none-eabi/4.7.3//libgcc.a(_udivsi3.o)
 .data          0x00000000        0x0 /home/abby/opt/gcc-arm-none-eabi-4_7-2012q4//lib/gcc/arm-none-eabi/4.7.3//libgcc.a(_divsi3.o)
 .bss           0x00000000        0x0 /home/abby/opt/gcc-arm-none-eabi-4_7-2012q4//lib/gcc/arm-none-eabi/4.7.3//libgcc.a(_divsi3.o)
 .data          0x00000000        0x0 /home/abby/opt/gcc-arm-none-eabi-4_7-2012q4//lib/gcc/arm-none-eabi/4.7.3//libgcc.a(_dvmd_tls.o)
 .bss           0x00000000        0x0 /home/abby/opt/gcc-arm-none-eabi-4_7-2012q4//lib/gcc/arm-none-eabi/4.7.3//libgcc.a(_dvmd_tls.o)

Memory Configuration

Name             Origin             Length             Attributes
DDR0             0x80000000         0x10000000
*default*        0x00000000         0xffffffff

Linker script and memory map

LOAD Release/OS_CPU_A.o
LOAD Release/OS_CPU_C.o
LOAD Release/TEST.o
LOAD Release/uCOS_II.o
LOAD /home/abby/NEW//binary/armv7a/gcc/am335x/drivers/Release/libdrivers.a
LOAD /home/abby/NEW//binary/armv7a/gcc/utils/Release/libutils.a
LOAD /home/abby/NEW//binary/armv7a/gcc/am335x/beaglebone/platform/Release/libplatform.a
LOAD /home/abby/NEW//binary/armv7a/gcc/am335x/system_config/Release/libsystem_config.a
LOAD /home/abby/opt/gcc-arm-none-eabi-4_7-2012q4//arm-none-eabi/lib//libc.a
LOAD /home/abby/opt/gcc-arm-none-eabi-4_7-2012q4//lib/gcc/arm-none-eabi/4.7.3//libgcc.a
LOAD /home/abby/NEW//binary/armv7a/gcc/am335x/drivers/Release/libdrivers.a
LOAD /home/abby/NEW//binary/armv7a/gcc/utils/Release/libutils.a
LOAD /home/abby/NEW//binary/armv7a/gcc/am335x/beaglebone/platform/Release/libplatform.a
LOAD /home/abby/NEW//binary/armv7a/gcc/am335x/system_config/Release/libsystem_config.a
LOAD /home/abby/opt/gcc-arm-none-eabi-4_7-2012q4//arm-none-eabi/lib//libc.a
LOAD /home/abby/opt/gcc-arm-none-eabi-4_7-2012q4//lib/gcc/arm-none-eabi/4.7.3//libgcc.a

.startcode      0x80000000       0xb4
                0x80000000                . = ALIGN (0x4)
 *init.o(.text)
 .text          0x80000000       0xb4 /home/abby/NEW//binary/armv7a/gcc/am335x/system_config/Release/libsystem_config.a(init.o)
                0x80000000                Entry

.text           0x800000b4     0x15a8
                0x800000b4                . = ALIGN (0x4)
 *(.text*)
 .text          0x800000b4      0x2b0 Release/OS_CPU_A.o
                0x800000b4                OSCtxSw
                0x80000170                OSIntCtxSw
                0x800001dc                OSStartHighRdy
                0x80000240                OS_CPU_SR_Save
                0x80000260                OS_CPU_SR_Restore
                0x80000268                OS_CPU_IRQ_ISR
 .text.OSTaskStkInit
                0x80000364       0xc0 Release/OS_CPU_C.o
                0x80000364                OSTaskStkInit
 .text.OSTaskCreateHook
                0x80000424        0x4 Release/OS_CPU_C.o
                0x80000424                OSTaskCreateHook
 .text.OSTaskSwHook
                0x80000428        0x4 Release/OS_CPU_C.o
                0x80000428                OSTaskSwHook
 .text.OSTaskStatHook
                0x8000042c        0x4 Release/OS_CPU_C.o
                0x8000042c                OSTaskStatHook
 .text.OSInitHookBegin
                0x80000430        0x4 Release/OS_CPU_C.o
                0x80000430                OSInitHookBegin
 .text.OSInitHookEnd
                0x80000434        0x4 Release/OS_CPU_C.o
                0x80000434                OSInitHookEnd
 .text.OSTCBInitHook
                0x80000438        0x4 Release/OS_CPU_C.o
                0x80000438                OSTCBInitHook
 .text._ZL9DEBUG_LEDi
                0x8000043c       0x68 Release/TEST.o
 .text.startup.main
                0x800004a4       0xcc Release/TEST.o
                0x800004a4                main
 .text.OSTaskIdle
                0x80000570        0x4 Release/uCOS_II.o
                0x80000570                OSTaskIdle
 .text.OSIntExit
                0x80000574       0xd8 Release/uCOS_II.o
                0x80000574                OSIntExit
 .text.OSSched  0x8000064c       0xa8 Release/uCOS_II.o
                0x8000064c                OSSched
 .text.OSTimeDly.part.2
                0x800006f4       0x5c Release/uCOS_II.o
 .text.OSTaskStat
                0x80000750       0xc4 Release/uCOS_II.o
                0x80000750                OSTaskStat
 .text.OSStart  0x80000814       0x94 Release/uCOS_II.o
                0x80000814                OSStart
 .text.OSTCBInit
                0x800008a8       0xf8 Release/uCOS_II.o
                0x800008a8                OSTCBInit
 .text.OSTaskCreate
                0x800009a0       0xc4 Release/uCOS_II.o
                0x800009a0                OSTaskCreate
 .text.OSInit   0x80000a64      0x18c Release/uCOS_II.o
                0x80000a64                OSInit
 .text.GPIOModuleReset
                0x80000bf0       0x20 /home/abby/NEW//binary/armv7a/gcc/am335x/drivers/Release/libdrivers.a(gpio_v2.o)
                0x80000bf0                GPIOModuleReset
 .text.GPIOModuleEnable
                0x80000c10       0x10 /home/abby/NEW//binary/armv7a/gcc/am335x/drivers/Release/libdrivers.a(gpio_v2.o)
                0x80000c10                GPIOModuleEnable
 .text.GPIODirModeSet
                0x80000c20       0x1c /home/abby/NEW//binary/armv7a/gcc/am335x/drivers/Release/libdrivers.a(gpio_v2.o)
                0x80000c20                GPIODirModeSet
 .text.GPIOPinWrite
                0x80000c3c       0x1c /home/abby/NEW//binary/armv7a/gcc/am335x/drivers/Release/libdrivers.a(gpio_v2.o)
                0x80000c3c                GPIOPinWrite
 .text.GPIO1Pin23PinMuxSetup
                0x80000c58       0x14 /home/abby/NEW//binary/armv7a/gcc/am335x/beaglebone/platform/Release/libplatform.a(gpio.o)
                0x80000c58                GPIO1Pin23PinMuxSetup
 .text.GPIO1ModuleClkConfig
                0x80000c6c       0x78 /home/abby/NEW//binary/armv7a/gcc/am335x/beaglebone/platform/Release/libplatform.a(gpio.o)
                0x80000c6c                GPIO1ModuleClkConfig
 .text.start_boot
                0x80000ce4       0x60 /home/abby/NEW//binary/armv7a/gcc/am335x/system_config/Release/libsystem_config.a(startup.o)
                0x80000ce4                start_boot
 .text          0x80000d44      0x488 /home/abby/NEW//binary/armv7a/gcc/am335x/system_config/Release/libsystem_config.a(cp15.o)
                0x80000d44                CP15ICacheDisable
                0x80000d60                CP15DCacheDisable
                0x80000d7c                CP15ICacheEnable
                0x80000d8c                CP15DCacheEnable
                0x80000d9c                CP15DCacheFlush
                0x80000e30                CP15DCacheClean
                0x80000ec4                CP15DCacheCleanFlush
                0x80000f58                CP15ICacheFlush
                0x80000f68                CP15DCacheCleanBuff
                0x80000fbc                CP15DCacheCleanFlushBuff
                0x80001010                CP15DCacheFlushBuff
                0x80001074                CP15ICacheFlushBuff
                0x800010c8                CP15Ttb0Set
                0x800010d4                CP15TlbInvalidate
                0x800010e0                CP15MMUDisable
                0x800010f8                CP15MMUEnable
                0x8000110c                CP15VectorBaseAddrSet
                0x80001118                CP15BranchPredictorInvalidate
                0x80001124                CP15BranchPredictionEnable
                0x80001134                CP15BranchPredictionDisable
                0x80001144                CP15DomainAccessClientSet
                0x80001154                CP15ControlFeatureDisable
                0x80001168                CP15ControlFeatureEnable
                0x8000117c                CP15TtbCtlTtb0Config
                0x8000118c                CP15AuxControlFeatureEnable
                0x800011a0                CP15AuxControlFeatureDisable
                0x800011b4                CP15MainIdPrimPartNumGet
 .text          0x800011cc       0xf0 /home/abby/NEW//binary/armv7a/gcc/am335x/system_config/Release/libsystem_config.a(exceptionhandler.o)
                0x800011cc                SVC_Handler
                0x800011f4                IRQHandler
                0x800012a0                FIQHandler
                0x800012a4                UndefInstHandler
                0x800012a4                AbortHandler
 .text          0x800012bc      0x114 /home/abby/opt/gcc-arm-none-eabi-4_7-2012q4//lib/gcc/arm-none-eabi/4.7.3//libgcc.a(_udivsi3.o)
                0x800012bc                __udivsi3
                0x800012bc                __aeabi_uidiv
                0x800013b0                __aeabi_uidivmod
 .text          0x800013d0      0x148 /home/abby/opt/gcc-arm-none-eabi-4_7-2012q4//lib/gcc/arm-none-eabi/4.7.3//libgcc.a(_divsi3.o)
                0x800013d0                __aeabi_idiv
                0x800013d0                __divsi3
                0x800014f8                __aeabi_idivmod
 .text          0x80001518        0x4 /home/abby/opt/gcc-arm-none-eabi-4_7-2012q4//lib/gcc/arm-none-eabi/4.7.3//libgcc.a(_dvmd_tls.o)
                0x80001518                __aeabi_ldiv0
                0x80001518                __aeabi_idiv0
 *(.rodata*)
 .rodata.OSMapTbl
                0x8000151c        0x8 Release/uCOS_II.o
                0x8000151c                OSMapTbl
 .rodata.OSUnMapTbl
                0x80001524      0x100 Release/uCOS_II.o
                0x80001524                OSUnMapTbl
 .rodata.vecTbl
                0x80001624       0x38 /home/abby/NEW//binary/armv7a/gcc/am335x/system_config/Release/libsystem_config.a(startup.o)

.glue_7         0x8000165c        0x0
 .glue_7        0x00000000        0x0 linker stubs

.glue_7t        0x8000165c        0x0
 .glue_7t       0x00000000        0x0 linker stubs

.vfp11_veneer   0x8000165c        0x0
 .vfp11_veneer  0x00000000        0x0 linker stubs

.v4_bx          0x8000165c        0x0
 .v4_bx         0x00000000        0x0 linker stubs

.iplt           0x8000165c        0x0
 .iplt          0x00000000        0x0 Release/OS_CPU_A.o

.rel.dyn        0x8000165c        0x0
 .rel.iplt      0x00000000        0x0 Release/OS_CPU_A.o

.data           0x8000165c        0x0
                0x8000165c                . = ALIGN (0x4)
 *(.data*)

.igot.plt       0x8000165c        0x0
 .igot.plt      0x00000000        0x0 Release/OS_CPU_A.o

.bss            0x8000165c     0x1434
                0x8000165c                . = ALIGN (0x4)
                0x8000165c                _bss_start = .
 *(.bss*)
 .bss.OSIdleCtrRun
                0x8000165c        0x4 Release/uCOS_II.o
                0x8000165c                OSIdleCtrRun
 .bss.OSTCBPrioTbl
                0x80001660       0x34 Release/uCOS_II.o
                0x80001660                OSTCBPrioTbl
 .bss.OSTCBList
                0x80001694        0x4 Release/uCOS_II.o
                0x80001694                OSTCBList
 .bss.OSTaskStatStk
                0x80001698      0x800 Release/uCOS_II.o
                0x80001698                OSTaskStatStk
 .bss.OSCPUUsage
                0x80001e98        0x1 Release/uCOS_II.o
                0x80001e98                OSCPUUsage
 *fill*         0x80001e99        0x3 00
 .bss.OSIdleCtrMax
                0x80001e9c        0x4 Release/uCOS_II.o
                0x80001e9c                OSIdleCtrMax
 .bss.OSCtxSwCtr
                0x80001ea0        0x4 Release/uCOS_II.o
                0x80001ea0                OSCtxSwCtr
 .bss.OSPrioHighRdy
                0x80001ea4        0x1 Release/uCOS_II.o
                0x80001ea4                OSPrioHighRdy
 .bss.OSTaskCtr
                0x80001ea5        0x1 Release/uCOS_II.o
                0x80001ea5                OSTaskCtr
 .bss.OSStatRdy
                0x80001ea6        0x1 Release/uCOS_II.o
                0x80001ea6                OSStatRdy
 *fill*         0x80001ea7        0x1 00
 .bss.OSTaskIdleStk
                0x80001ea8      0x800 Release/uCOS_II.o
                0x80001ea8                OSTaskIdleStk
 .bss.OSTCBTbl  0x800026a8      0x1a0 Release/uCOS_II.o
                0x800026a8                OSTCBTbl
 .bss.OSEventFreeList
                0x80002848        0x4 Release/uCOS_II.o
                0x80002848                OSEventFreeList
 .bss.OSTCBHighRdy
                0x8000284c        0x4 Release/uCOS_II.o
                0x8000284c                OSTCBHighRdy
 .bss.OSTCBCur  0x80002850        0x4 Release/uCOS_II.o
                0x80002850                OSTCBCur
 .bss.OSPrioCur
                0x80002854        0x1 Release/uCOS_II.o
                0x80002854                OSPrioCur
 .bss.OSRdyGrp  0x80002855        0x1 Release/uCOS_II.o
                0x80002855                OSRdyGrp
 *fill*         0x80002856        0x2 00
 .bss.OSRdyTbl  0x80002858        0x4 Release/uCOS_II.o
                0x80002858                OSRdyTbl
 .bss.OSTime    0x8000285c        0x4 Release/uCOS_II.o
                0x8000285c                OSTime
 .bss.OSTCBFreeList
                0x80002860        0x4 Release/uCOS_II.o
                0x80002860                OSTCBFreeList
 .bss.OSLockNesting
                0x80002864        0x1 Release/uCOS_II.o
                0x80002864                OSLockNesting
 .bss.OSIntNesting
                0x80002865        0x1 Release/uCOS_II.o
                0x80002865                OSIntNesting
 .bss.OSRunning
                0x80002866        0x1 Release/uCOS_II.o
                0x80002866                OSRunning
 *fill*         0x80002867        0x1 00
 .bss.OSEventTbl
                0x80002868       0x20 Release/uCOS_II.o
                0x80002868                OSEventTbl
 .bss.OSIdleCtr
                0x80002888        0x4 Release/uCOS_II.o
                0x80002888                OSIdleCtr
 .bss.OSIntExitY
                0x8000288c        0x1 Release/uCOS_II.o
                0x8000288c                OSIntExitY
 *(COMMON)
 *fill*         0x8000288d        0x3 00
 COMMON         0x80002890      0x200 /home/abby/NEW//binary/armv7a/gcc/am335x/system_config/Release/libsystem_config.a(interrupt.o)
                0x80002890                fnRAMVectors
                0x80002a90                _bss_end = .

.heap           0x80002a90      0x800
                0x80002a90                . = ALIGN (0x4)
                0x80002a90                __end__ = .
                0x80002a90                end = __end__
                0x80002a90                __HeapBase = __end__
 *(.heap*)
                0x80003290                . = (. + 0x800)
 *fill*         0x80002a90      0x800 00
                0x80003290                __HeapLimit = .

.stack          0x80003290  0x7fffff8
                0x80003290                . = ALIGN (0x4)
                0x80003290                __StackLimit = .
 *(.stack*)
                0x88003288                . = (. + 0x7fffff8)
 *fill*         0x80003290  0x7fffff8 00
                0x88003288                __StackTop = .
                0x88003288                _stack = __StackTop
OUTPUT(Release/app.out elf32-littlearm)

.ARM.attributes
                0x00000000       0x33
 .ARM.attributes
                0x00000000       0x1f Release/OS_CPU_A.o
 .ARM.attributes
                0x0000001f       0x37 Release/OS_CPU_C.o
 .ARM.attributes
                0x00000056       0x37 Release/TEST.o
 .ARM.attributes
                0x0000008d       0x37 Release/uCOS_II.o
 .ARM.attributes
                0x000000c4       0x37 /home/abby/NEW//binary/armv7a/gcc/am335x/drivers/Release/libdrivers.a(gpio_v2.o)
 .ARM.attributes
                0x000000fb       0x37 /home/abby/NEW//binary/armv7a/gcc/am335x/beaglebone/platform/Release/libplatform.a(gpio.o)
 .ARM.attributes
                0x00000132       0x23 /home/abby/NEW//binary/armv7a/gcc/am335x/system_config/Release/libsystem_config.a(init.o)
 .ARM.attributes
                0x00000155       0x3d /home/abby/NEW//binary/armv7a/gcc/am335x/system_config/Release/libsystem_config.a(startup.o)
 .ARM.attributes
                0x00000192       0x23 /home/abby/NEW//binary/armv7a/gcc/am335x/system_config/Release/libsystem_config.a(cp15.o)
 .ARM.attributes
                0x000001b5       0x23 /home/abby/NEW//binary/armv7a/gcc/am335x/system_config/Release/libsystem_config.a(exceptionhandler.o)
 .ARM.attributes
                0x000001d8       0x3d /home/abby/NEW//binary/armv7a/gcc/am335x/system_config/Release/libsystem_config.a(interrupt.o)
 .ARM.attributes
                0x00000215       0x18 /home/abby/opt/gcc-arm-none-eabi-4_7-2012q4//lib/gcc/arm-none-eabi/4.7.3//libgcc.a(_udivsi3.o)
 .ARM.attributes
                0x0000022d       0x18 /home/abby/opt/gcc-arm-none-eabi-4_7-2012q4//lib/gcc/arm-none-eabi/4.7.3//libgcc.a(_divsi3.o)
 .ARM.attributes
                0x00000245       0x18 /home/abby/opt/gcc-arm-none-eabi-4_7-2012q4//lib/gcc/arm-none-eabi/4.7.3//libgcc.a(_dvmd_tls.o)

.comment        0x00000000       0x70
 .comment       0x00000000       0x70 Release/OS_CPU_C.o
                                 0x71 (size before relaxing)
 .comment       0x00000000       0x71 Release/TEST.o
 .comment       0x00000000       0x71 Release/uCOS_II.o
 .comment       0x00000000       0x71 /home/abby/NEW//binary/armv7a/gcc/am335x/drivers/Release/libdrivers.a(gpio_v2.o)
 .comment       0x00000000       0x71 /home/abby/NEW//binary/armv7a/gcc/am335x/beaglebone/platform/Release/libplatform.a(gpio.o)
 .comment       0x00000000       0x71 /home/abby/NEW//binary/armv7a/gcc/am335x/system_config/Release/libsystem_config.a(startup.o)
 .comment       0x00000000       0x71 /home/abby/NEW//binary/armv7a/gcc/am335x/system_config/Release/libsystem_config.a(interrupt.o)

.debug_line     0x00000000     0x13eb
 .debug_line    0x00000000      0x120 Release/OS_CPU_A.o
 .debug_line    0x00000120      0x18d Release/OS_CPU_C.o
 .debug_line    0x000002ad       0xb7 Release/TEST.o
 .debug_line    0x00000364      0x6b4 Release/uCOS_II.o
 .debug_line    0x00000a18      0x2df /home/abby/NEW//binary/armv7a/gcc/am335x/drivers/Release/libdrivers.a(gpio_v2.o)
 .debug_line    0x00000cf7       0xfa /home/abby/NEW//binary/armv7a/gcc/am335x/beaglebone/platform/Release/libplatform.a(gpio.o)
 .debug_line    0x00000df1       0x93 /home/abby/NEW//binary/armv7a/gcc/am335x/system_config/Release/libsystem_config.a(init.o)
 .debug_line    0x00000e84       0x76 /home/abby/NEW//binary/armv7a/gcc/am335x/system_config/Release/libsystem_config.a(startup.o)
 .debug_line    0x00000efa      0x18a /home/abby/NEW//binary/armv7a/gcc/am335x/system_config/Release/libsystem_config.a(cp15.o)
 .debug_line    0x00001084       0xb9 /home/abby/NEW//binary/armv7a/gcc/am335x/system_config/Release/libsystem_config.a(exceptionhandler.o)
 .debug_line    0x0000113d      0x2ae /home/abby/NEW//binary/armv7a/gcc/am335x/system_config/Release/libsystem_config.a(interrupt.o)

.debug_info     0x00000000     0x2830
 .debug_info    0x00000000       0x8e Release/OS_CPU_A.o
 .debug_info    0x0000008e      0x37a Release/OS_CPU_C.o
 .debug_info    0x00000408      0x232 Release/TEST.o
 .debug_info    0x0000063a     0x11db Release/uCOS_II.o
 .debug_info    0x00001815      0x78f /home/abby/NEW//binary/armv7a/gcc/am335x/drivers/Release/libdrivers.a(gpio_v2.o)
 .debug_info    0x00001fa4       0xd7 /home/abby/NEW//binary/armv7a/gcc/am335x/beaglebone/platform/Release/libplatform.a(gpio.o)
 .debug_info    0x0000207b       0x8d /home/abby/NEW//binary/armv7a/gcc/am335x/system_config/Release/libsystem_config.a(init.o)
 .debug_info    0x00002108      0x116 /home/abby/NEW//binary/armv7a/gcc/am335x/system_config/Release/libsystem_config.a(startup.o)
 .debug_info    0x0000221e       0x8d /home/abby/NEW//binary/armv7a/gcc/am335x/system_config/Release/libsystem_config.a(cp15.o)
 .debug_info    0x000022ab       0xa0 /home/abby/NEW//binary/armv7a/gcc/am335x/system_config/Release/libsystem_config.a(exceptionhandler.o)
 .debug_info    0x0000234b      0x4e5 /home/abby/NEW//binary/armv7a/gcc/am335x/system_config/Release/libsystem_config.a(interrupt.o)

.debug_abbrev   0x00000000      0xbbb
 .debug_abbrev  0x00000000       0x14 Release/OS_CPU_A.o
 .debug_abbrev  0x00000014      0x157 Release/OS_CPU_C.o
 .debug_abbrev  0x0000016b      0x108 Release/TEST.o
 .debug_abbrev  0x00000273      0x44e Release/uCOS_II.o
 .debug_abbrev  0x000006c1      0x142 /home/abby/NEW//binary/armv7a/gcc/am335x/drivers/Release/libdrivers.a(gpio_v2.o)
 .debug_abbrev  0x00000803       0x89 /home/abby/NEW//binary/armv7a/gcc/am335x/beaglebone/platform/Release/libplatform.a(gpio.o)
 .debug_abbrev  0x0000088c       0x14 /home/abby/NEW//binary/armv7a/gcc/am335x/system_config/Release/libsystem_config.a(init.o)
 .debug_abbrev  0x000008a0       0xe8 /home/abby/NEW//binary/armv7a/gcc/am335x/system_config/Release/libsystem_config.a(startup.o)
 .debug_abbrev  0x00000988       0x14 /home/abby/NEW//binary/armv7a/gcc/am335x/system_config/Release/libsystem_config.a(cp15.o)
 .debug_abbrev  0x0000099c       0x14 /home/abby/NEW//binary/armv7a/gcc/am335x/system_config/Release/libsystem_config.a(exceptionhandler.o)
 .debug_abbrev  0x000009b0      0x20b /home/abby/NEW//binary/armv7a/gcc/am335x/system_config/Release/libsystem_config.a(interrupt.o)

.debug_aranges  0x00000000      0x4b8
 .debug_aranges
                0x00000000       0x20 Release/OS_CPU_A.o
 .debug_aranges
                0x00000020       0x68 Release/OS_CPU_C.o
 .debug_aranges
                0x00000088       0x28 Release/TEST.o
 .debug_aranges
                0x000000b0      0x138 Release/uCOS_II.o
 .debug_aranges
                0x000001e8      0x100 /home/abby/NEW//binary/armv7a/gcc/am335x/drivers/Release/libdrivers.a(gpio_v2.o)
 .debug_aranges
                0x000002e8       0x40 /home/abby/NEW//binary/armv7a/gcc/am335x/beaglebone/platform/Release/libplatform.a(gpio.o)
 .debug_aranges
                0x00000328       0x20 /home/abby/NEW//binary/armv7a/gcc/am335x/system_config/Release/libsystem_config.a(init.o)
 .debug_aranges
                0x00000348       0x20 /home/abby/NEW//binary/armv7a/gcc/am335x/system_config/Release/libsystem_config.a(startup.o)
 .debug_aranges
                0x00000368       0x20 /home/abby/NEW//binary/armv7a/gcc/am335x/system_config/Release/libsystem_config.a(cp15.o)
 .debug_aranges
                0x00000388       0x20 /home/abby/NEW//binary/armv7a/gcc/am335x/system_config/Release/libsystem_config.a(exceptionhandler.o)
 .debug_aranges
                0x000003a8      0x110 /home/abby/NEW//binary/armv7a/gcc/am335x/system_config/Release/libsystem_config.a(interrupt.o)

.debug_loc      0x00000000     0x1a04
 .debug_loc     0x00000000      0x184 Release/OS_CPU_C.o
 .debug_loc     0x00000184       0x85 Release/TEST.o
 .debug_loc     0x00000209     0x1079 Release/uCOS_II.o
 .debug_loc     0x00001282      0x4d1 /home/abby/NEW//binary/armv7a/gcc/am335x/drivers/Release/libdrivers.a(gpio_v2.o)
 .debug_loc     0x00001753       0x35 /home/abby/NEW//binary/armv7a/gcc/am335x/beaglebone/platform/Release/libplatform.a(gpio.o)
 .debug_loc     0x00001788       0x34 /home/abby/NEW//binary/armv7a/gcc/am335x/system_config/Release/libsystem_config.a(startup.o)
 .debug_loc     0x000017bc      0x248 /home/abby/NEW//binary/armv7a/gcc/am335x/system_config/Release/libsystem_config.a(interrupt.o)

.debug_ranges   0x00000000      0x5d8
 .debug_ranges  0x00000000       0x70 Release/OS_CPU_C.o
 .debug_ranges  0x00000070       0x18 Release/TEST.o
 .debug_ranges  0x00000088      0x2f0 Release/uCOS_II.o
 .debug_ranges  0x00000378       0xf0 /home/abby/NEW//binary/armv7a/gcc/am335x/drivers/Release/libdrivers.a(gpio_v2.o)
 .debug_ranges  0x00000468       0x30 /home/abby/NEW//binary/armv7a/gcc/am335x/beaglebone/platform/Release/libplatform.a(gpio.o)
 .debug_ranges  0x00000498       0x10 /home/abby/NEW//binary/armv7a/gcc/am335x/system_config/Release/libsystem_config.a(startup.o)
 .debug_ranges  0x000004a8      0x130 /home/abby/NEW//binary/armv7a/gcc/am335x/system_config/Release/libsystem_config.a(interrupt.o)

.debug_str      0x00000000      0xe91
 .debug_str     0x00000000      0x2af Release/OS_CPU_C.o
                                0x2f1 (size before relaxing)
 .debug_str     0x000002af       0x54 Release/TEST.o
                                0x167 (size before relaxing)
 .debug_str     0x00000303      0x3cd Release/uCOS_II.o
                                0x5f8 (size before relaxing)
 .debug_str     0x000006d0      0x38d /home/abby/NEW//binary/armv7a/gcc/am335x/drivers/Release/libdrivers.a(gpio_v2.o)
                                0x3ad (size before relaxing)
 .debug_str     0x00000a5d       0xe8 /home/abby/NEW//binary/armv7a/gcc/am335x/beaglebone/platform/Release/libplatform.a(gpio.o)
                                0x155 (size before relaxing)
 .debug_str     0x00000b45       0xa0 /home/abby/NEW//binary/armv7a/gcc/am335x/system_config/Release/libsystem_config.a(startup.o)
                                0x118 (size before relaxing)
 .debug_str     0x00000be5      0x2ac /home/abby/NEW//binary/armv7a/gcc/am335x/system_config/Release/libsystem_config.a(interrupt.o)
                                0x363 (size before relaxing)

.debug_frame    0x00000000      0x92c
 .debug_frame   0x00000000       0xb8 Release/OS_CPU_C.o
 .debug_frame   0x000000b8       0x48 Release/TEST.o
 .debug_frame   0x00000100      0x34c Release/uCOS_II.o
 .debug_frame   0x0000044c      0x1e0 /home/abby/NEW//binary/armv7a/gcc/am335x/drivers/Release/libdrivers.a(gpio_v2.o)
 .debug_frame   0x0000062c       0x60 /home/abby/NEW//binary/armv7a/gcc/am335x/beaglebone/platform/Release/libplatform.a(gpio.o)
 .debug_frame   0x0000068c       0x28 /home/abby/NEW//binary/armv7a/gcc/am335x/system_config/Release/libsystem_config.a(startup.o)
 .debug_frame   0x000006b4      0x238 /home/abby/NEW//binary/armv7a/gcc/am335x/system_config/Release/libsystem_config.a(interrupt.o)
 .debug_frame   0x000008ec       0x20 /home/abby/opt/gcc-arm-none-eabi-4_7-2012q4//lib/gcc/arm-none-eabi/4.7.3//libgcc.a(_udivsi3.o)
 .debug_frame   0x0000090c       0x20 /home/abby/opt/gcc-arm-none-eabi-4_7-2012q4//lib/gcc/arm-none-eabi/4.7.3//libgcc.a(_divsi3.o)
