Archive member included because of file (symbol)

../../../../../..//binary/armv7a/gcc/am335x/drivers/Debug/libdrivers.a(cpsw.o)
                              Debug/demoEnet.o (CPSWSSReset)
../../../../../..//binary/armv7a/gcc/am335x/drivers/Debug/libdrivers.a(dmtimer.o)
                              Debug/demoTimer.o (DMTimerEnable)
../../../../../..//binary/armv7a/gcc/am335x/drivers/Debug/libdrivers.a(edma.o)
                              Debug/demoSdRw.o (EDMA3Init)
../../../../../..//binary/armv7a/gcc/am335x/drivers/Debug/libdrivers.a(gpio_v2.o)
                              Debug/demoLedIf.o (GPIOModuleReset)
../../../../../..//binary/armv7a/gcc/am335x/drivers/Debug/libdrivers.a(gpmc.o)
                              Debug/demoPwrMgmnt.o (GPMCIdleModeSelect)
../../../../../..//binary/armv7a/gcc/am335x/drivers/Debug/libdrivers.a(hs_mmcsd.o)
                              Debug/demoPwrMgmnt.o (HSMMCSDSystemConfig)
../../../../../..//binary/armv7a/gcc/am335x/drivers/Debug/libdrivers.a(hsi2c.o)
                              Debug/demoI2c.o (I2CMasterInitExpClk)
../../../../../..//binary/armv7a/gcc/am335x/drivers/Debug/libdrivers.a(mailbox.o)
                              Debug/cm3wkup_proxy.o (MBresetMailbox)
../../../../../..//binary/armv7a/gcc/am335x/drivers/Debug/libdrivers.a(mdio.o)
                              Debug/lwiplib.o (MDIOPhyAliveStatusGet)
../../../../../..//binary/armv7a/gcc/am335x/drivers/Debug/libdrivers.a(phy.o)
                              Debug/lwiplib.o (PhyReset)
../../../../../..//binary/armv7a/gcc/am335x/drivers/Debug/libdrivers.a(rtc.o)
                              Debug/demoRtc.o (RTCRun)
../../../../../..//binary/armv7a/gcc/am335x/drivers/Debug/libdrivers.a(uart_irda_cir.o)
                              Debug/demoUart.o (UARTIntEnable)
../../../../../..//binary/armv7a/gcc/utils/Debug/libutils.a(ascii.o)
                              Debug/demoRtc.o (TimeToStr)
../../../../../..//binary/armv7a/gcc/utils/Debug/libutils.a(board.o)
                              Debug/demoMain.o (BoardVersionGet)
../../../../../..//binary/armv7a/gcc/utils/Debug/libutils.a(cmdline.o)
                              Debug/demoSdFs.o (CmdLineProcess)
../../../../../..//binary/armv7a/gcc/utils/Debug/libutils.a(consoleUtils.o)
                              Debug/demoMain.o (ConsoleUtilsInit)
../../../../../..//binary/armv7a/gcc/utils/Debug/libutils.a(delay.o)
                              Debug/demoMain.o (DelayTimerSetup)
../../../../../..//binary/armv7a/gcc/utils/Debug/libutils.a(uartStdio.o)
                              ../../../../../..//binary/armv7a/gcc/utils/Debug/libutils.a(consoleUtils.o) (UARTStdioInit)
../../../../../..//binary/armv7a/gcc/am335x/beaglebone/platform/Debug/libplatform.a(board.o)
                              ../../../../../..//binary/armv7a/gcc/utils/Debug/libutils.a(board.o) (BoardInfoCheck)
../../../../../..//binary/armv7a/gcc/am335x/beaglebone/platform/Debug/libplatform.a(cpsw.o)
                              Debug/demoMain.o (CPSWPinMuxSetup)
../../../../../..//binary/armv7a/gcc/am335x/beaglebone/platform/Debug/libplatform.a(ctlregcontext.o)
                              Debug/demoPwrMgmnt.o (ControlRegContextSave)
../../../../../..//binary/armv7a/gcc/am335x/beaglebone/platform/Debug/libplatform.a(dmtimer.o)
                              Debug/demoMain.o (DMTimer3ModuleClkConfig)
../../../../../..//binary/armv7a/gcc/am335x/beaglebone/platform/Debug/libplatform.a(edma.o)
                              ../../../../../..//binary/armv7a/gcc/am335x/drivers/Debug/libdrivers.a(edma.o) (EDMAVersionGet)
../../../../../..//binary/armv7a/gcc/am335x/beaglebone/platform/Debug/libplatform.a(eeprom.o)
                              ../../../../../..//binary/armv7a/gcc/utils/Debug/libutils.a(board.o) (BoardInfoRead)
../../../../../..//binary/armv7a/gcc/am335x/beaglebone/platform/Debug/libplatform.a(gpio.o)
                              Debug/demoMain.o (GPIO1Pin23PinMuxSetup)
../../../../../..//binary/armv7a/gcc/am335x/beaglebone/platform/Debug/libplatform.a(hs_mmcsd.o)
                              Debug/demoMain.o (HSMMCSDPinMuxSetup)
../../../../../..//binary/armv7a/gcc/am335x/beaglebone/platform/Debug/libplatform.a(hsi2c.o)
                              Debug/demoMain.o (I2CPinMuxSetup)
../../../../../..//binary/armv7a/gcc/am335x/beaglebone/platform/Debug/libplatform.a(rtc.o)
                              ../../../../../..//binary/armv7a/gcc/am335x/drivers/Debug/libdrivers.a(rtc.o) (RtcVersionGet)
../../../../../..//binary/armv7a/gcc/am335x/beaglebone/platform/Debug/libplatform.a(sysdelay.o)
                              ../../../../../..//binary/armv7a/gcc/utils/Debug/libutils.a(delay.o) (SysDelayTimerSetup)
../../../../../..//binary/armv7a/gcc/am335x/beaglebone/platform/Debug/libplatform.a(uartConsole.o)
                              ../../../../../..//binary/armv7a/gcc/utils/Debug/libutils.a(uartStdio.o) (UARTConsoleInit)
[...]
Memory Configuration

Name             Origin             Length             Attributes
OCMC             0x40300000         0x0000ffff
DDR0             0x80000000         0x10000000
*default*        0x00000000         0xffffffff

Linker script and memory map

LOAD Debug/am335x_clock_data.o
LOAD Debug/cm3wkup_proxy.o
LOAD Debug/demoDvfs.o
LOAD Debug/demoEnet.o
LOAD Debug/demoGpio.o
LOAD Debug/demoI2c.o
LOAD Debug/demoLedIf.o
LOAD Debug/demoMain.o
LOAD Debug/demoPwrMgmnt.o
LOAD Debug/demoRtc.o
LOAD Debug/demoSdFs.o
LOAD Debug/demoSdRw.o
LOAD Debug/demoTimer.o
LOAD Debug/demoUart.o
LOAD Debug/fat_mmcsd.o
LOAD Debug/ff.o
LOAD Debug/httpd_io.o
LOAD Debug/lwiplib.o
LOAD Debug/pmic.o
LOAD Debug/slpWkup_gcc.o
LOAD ../../../../../..//binary/armv7a/gcc/am335x/drivers/Debug/libdrivers.a
LOAD ../../../../../..//binary/armv7a/gcc/utils/Debug/libutils.a
LOAD ../../../../../..//binary/armv7a/gcc/am335x/beaglebone/platform/Debug/libplatform.a
LOAD ../../../../../..//binary/armv7a/gcc/mmcsdlib/Debug/libmmcsd.a
LOAD ../../../../../..//binary/armv7a/gcc/am335x/system_config/Debug/libsystem_config.a
LOAD /home/abby/opt/gcc-arm-none-eabi-4_7-2012q4//arm-none-eabi/lib//libc.a
LOAD /home/abby/opt/gcc-arm-none-eabi-4_7-2012q4//lib/gcc/arm-none-eabi/4.7.3//libgcc.a
LOAD ../../../../../..//binary/armv7a/gcc/am335x/drivers/Debug/libdrivers.a
LOAD ../../../../../..//binary/armv7a/gcc/utils/Debug/libutils.a
LOAD ../../../../../..//binary/armv7a/gcc/am335x/beaglebone/platform/Debug/libplatform.a
LOAD ../../../../../..//binary/armv7a/gcc/mmcsdlib/Debug/libmmcsd.a
LOAD ../../../../../..//binary/armv7a/gcc/am335x/system_config/Debug/libsystem_config.a
LOAD /home/abby/opt/gcc-arm-none-eabi-4_7-2012q4//arm-none-eabi/lib//libc.a
LOAD /home/abby/opt/gcc-arm-none-eabi-4_7-2012q4//lib/gcc/arm-none-eabi/4.7.3//libgcc.a

.startcode      0x80000000       0xb4
                0x80000000                . = ALIGN (0x4)
 *init.o(.text)
 .text          0x80000000       0xb4 ../../../../../..//binary/armv7a/gcc/am335x/system_config/Debug/libsystem_config.a(init.o)
                0x80000000                Entry

.text           0x800000b4    0x4ea58
                0x800000b4                . = ALIGN (0x4)
 *(.text*)
 .text.configIPCRegs
                0x800000b4       0x8c Debug/cm3wkup_proxy.o
                0x800000b4                configIPCRegs
 .text.readCmdStatus
                0x80000140       0x2c Debug/cm3wkup_proxy.o
                0x80000140                readCmdStatus
 .text.readCM3FWVersion
                0x8000016c       0x28 Debug/cm3wkup_proxy.o
                0x8000016c                readCM3FWVersion
 .text.CM3EventsClear
                0x80000194       0x4c Debug/cm3wkup_proxy.o
                0x80000194                CM3EventsClear
 .text.CM3Isr   0x800001e0       0x28 Debug/cm3wkup_proxy.o
 .text.CM3IntRegister
                0x80000208       0x24 Debug/cm3wkup_proxy.o
                0x80000208                CM3IntRegister
 .text.CM3LoadAndRun
                0x8000022c       0x5c Debug/cm3wkup_proxy.o
                0x8000022c                CM3LoadAndRun
 .text.waitForM3Txevent
                0x80000288       0xa4 Debug/cm3wkup_proxy.o
                0x80000288                waitForM3Txevent
 .text.initializeMailbox
                0x8000032c       0x80 Debug/cm3wkup_proxy.o
                0x8000032c                initializeMailbox
 .text.MailBoxInit
                0x800003ac       0x20 Debug/cm3wkup_proxy.o
                0x800003ac                MailBoxInit
 .text.generateMailboxInt
                0x800003cc       0x34 Debug/cm3wkup_proxy.o
                0x800003cc                generateMailboxInt
 .text.clearMailboxMsg
                0x80000400       0x50 Debug/cm3wkup_proxy.o
                0x80000400                clearMailboxMsg
 .text.syncCm3  0x80000450       0x38 Debug/cm3wkup_proxy.o
                0x80000450                syncCm3
 .text.VddVoltageGet
                0x80000488       0xdc Debug/demoDvfs.o
                0x80000488                VddVoltageGet
 .text.FrequencyGet
                0x80000564       0xdc Debug/demoDvfs.o
                0x80000564                FrequencyGet
 .text.ConfigMinimumOPP
                0x80000640       0x90 Debug/demoDvfs.o
                0x80000640                ConfigMinimumOPP
 .text.ConfigMaximumOPP
                0x800006d0       0x90 Debug/demoDvfs.o
                0x800006d0                ConfigMaximumOPP
 .text.DemoMpuPllConfig
                0x80000760      0x140 Debug/demoDvfs.o
                0x80000760                DemoMpuPllConfig
 .text.PrintConfigDVFS
                0x800008a0      0x124 Debug/demoDvfs.o
                0x800008a0                PrintConfigDVFS
 .text.EnetIntRegister
                0x800009c4       0x6c Debug/demoEnet.o
                0x800009c4                EnetIntRegister
 .text.EnetIfIsUp
                0x80000a30       0x28 Debug/demoEnet.o
                0x80000a30                EnetIfIsUp
 .text.EnetLinkIsUp
                0x80000a58       0x28 Debug/demoEnet.o
                0x80000a58                EnetLinkIsUp
 .text.EnetHttpServerInit
                0x80000a80      0x124 Debug/demoEnet.o
                0x80000a80                EnetHttpServerInit
 .text.ControlCGIHandler
                0x80000ba4      0x1c0 Debug/demoEnet.o
 .text.IpAddrDisplay
                0x80000d64       0x78 Debug/demoEnet.o
                0x80000d64                IpAddrDisplay
 .text.CPSWCore0RxIsr
                0x80000ddc       0x1c Debug/demoEnet.o
 .text.CPSWCore0TxIsr
                0x80000df8       0x1c Debug/demoEnet.o
 .text.EnetDHCPRestart
                0x80000e14      0x104 Debug/demoEnet.o
                0x80000e14                EnetDHCPRestart
 .text.EnetContextSave
                0x80000f18       0xf0 Debug/demoEnet.o
                0x80000f18                EnetContextSave
 .text.EnetReset
                0x80001008       0x70 Debug/demoEnet.o
                0x80001008                EnetReset
 .text._DemoGpioPinConfig
                0x80001078      0x174 Debug/demoGpio.o
                0x80001078                _DemoGpioPinConfig
 .text.gpioStdbyUartIsr
                0x800011ec       0x28 Debug/demoGpio.o
                0x800011ec                gpioStdbyUartIsr
 .text.DemoGpioPinStandbySrcConfig
                0x80001214       0xf8 Debug/demoGpio.o
                0x80001214                DemoGpioPinStandbySrcConfig
 .text.getI2CAddr
                0x8000130c       0x6c Debug/demoI2c.o
                0x8000130c                getI2CAddr
 .text.cleanupInterrupts
                0x80001378       0x68 Debug/demoI2c.o
                0x80001378                cleanupInterrupts
 .text.I2CInit  0x800013e0       0xcc Debug/demoI2c.o
                0x800013e0                I2CInit
 .text.I2CIntRegister
                0x800014ac       0x3c Debug/demoI2c.o
                0x800014ac                I2CIntRegister
 .text.I2C0Isr  0x800014e8      0x230 Debug/demoI2c.o
                0x800014e8                I2C0Isr
 .text.SetupI2CTransmit
                0x80001718      0x144 Debug/demoI2c.o
                0x80001718                SetupI2CTransmit
 .text.SetupReception
                0x8000185c      0x1e0 Debug/demoI2c.o
                0x8000185c                SetupReception
 .text.LedIfConfig
                0x80001a3c       0x50 Debug/demoLedIf.o
                0x80001a3c                LedIfConfig
 .text.LedToggle
                0x80001a8c       0x54 Debug/demoLedIf.o
                0x80001a8c                LedToggle
 .text.LedOff   0x80001ae0       0x28 Debug/demoLedIf.o
                0x80001ae0                LedOff
 .text.LedOn    0x80001b08       0x28 Debug/demoLedIf.o
                0x80001b08                LedOn
 .text.MMUConfigAndEnable
                0x80001b30       0xd8 Debug/demoMain.o
 .text.UpdateUartConsoleHelp
                0x80001c08       0xe4 Debug/demoMain.o
                0x80001c08                UpdateUartConsoleHelp
 .text.UartAction
                0x80001cec       0xe8 Debug/demoMain.o
 .text.PeripheralsSetUp
                0x80001dd4       0xdc Debug/demoMain.o
 .text.ContextReset
                0x80001eb0       0x58 Debug/demoMain.o
 .text.ClickAction
                0x80001f08       0x68 Debug/demoMain.o
 .text.main     0x80001f70      0x848 Debug/demoMain.o
                0x80001f70                main
 .text.ActionEnetInit
                0x800027b8      0x124 Debug/demoMain.o
 .text.ActionMenu
                0x800028dc       0x90 Debug/demoMain.o
 .text.ActionMenuWeb
                0x8000296c       0x90 Debug/demoMain.o
 .text.ActionMenuMMCSD
                0x800029fc       0x74 Debug/demoMain.o
 .text.ActionMenuRTC
                0x80002a70       0x74 Debug/demoMain.o
 .text.ActionMenuTimer
                0x80002ae4       0x84 Debug/demoMain.o
 .text.ActionMenuGPIO
                0x80002b68       0x80 Debug/demoMain.o
 .text.ActionMenuPM
                0x80002be8       0x80 Debug/demoMain.o
 .text.ActionRTC
                0x80002c68       0x34 Debug/demoMain.o
 .text.ActionMMCSD
                0x80002c9c       0xe4 Debug/demoMain.o
 .text.ActionDeepSleep1
                0x80002d80       0x54 Debug/demoMain.o
 .text.ActionStandBy
                0x80002dd4       0x54 Debug/demoMain.o
 .text.ActionDeepSleep0
                0x80002e28       0x54 Debug/demoMain.o
 .text.ActionWakeOnTimer
                0x80002e7c       0x3c Debug/demoMain.o
 .text.ActionWakeOnUart
                0x80002eb8       0x3c Debug/demoMain.o
 .text.dummyIsr
                0x80002ef4       0x14 Debug/demoMain.o
 .text.uartIsr  0x80002f08       0x54 Debug/demoMain.o
 .text.gpioIsr  0x80002f5c       0x34 Debug/demoMain.o
 .text.PeripheralsHalt
                0x80002f90      0x108 Debug/demoPwrMgmnt.o
 .text.PeripheralsResume
                0x80003098       0xa0 Debug/demoPwrMgmnt.o
 .text.PeripheralsContextSave
                0x80003138      0x174 Debug/demoPwrMgmnt.o
 .text.HSMMCSDModuleDisable
                0x800032ac       0x4c Debug/demoPwrMgmnt.o
 .text.PeripheralsContextRestore
                0x800032f8      0x1bc Debug/demoPwrMgmnt.o
 .text.ConfigIdleMode
                0x800034b4      0x240 Debug/demoPwrMgmnt.o
                0x800034b4                ConfigIdleMode
 .text.ModuleListConfig
                0x800036f4       0xa4 Debug/demoPwrMgmnt.o
 .text.enableStandbyWakeSrc
                0x80003798      0x1b4 Debug/demoPwrMgmnt.o
                0x80003798                enableStandbyWakeSrc
 .text.disableStandbyWakeSrc
                0x8000394c       0x78 Debug/demoPwrMgmnt.o
                0x8000394c                disableStandbyWakeSrc
 .text.enableWakeSource
                0x800039c4       0xd8 Debug/demoPwrMgmnt.o
                0x800039c4                enableWakeSource
 .text.disableWakeSource
                0x80003a9c       0xc0 Debug/demoPwrMgmnt.o
                0x80003a9c                disableWakeSource
 .text.PowerDownConfig
                0x80003b5c      0x1bc Debug/demoPwrMgmnt.o
 .text.PowerSaveModeEnter
                0x80003d18      0x3bc Debug/demoPwrMgmnt.o
                0x80003d18                PowerSaveModeEnter
 .text.RtcIntRegister
                0x800040d4       0x24 Debug/demoRtc.o
                0x800040d4                RtcIntRegister
 .text.RtcSecIntEnable
                0x800040f8       0x24 Debug/demoRtc.o
                0x800040f8                RtcSecIntEnable
 .text.RtcInit  0x8000411c       0x64 Debug/demoRtc.o
                0x8000411c                RtcInit
 .text.RtcTimeCalSet
                0x80004180      0x5f4 Debug/demoRtc.o
                0x80004180                RtcTimeCalSet
 .text.RtcTimeCalDisplay
                0x80004774      0x1d0 Debug/demoRtc.o
                0x80004774                RtcTimeCalDisplay
 .text.RTCIsr   0x80004944       0x24 Debug/demoRtc.o
 .text.ReadLine
                0x80004968      0x384 Debug/demoSdFs.o
                0x80004968                ReadLine
 .text.StringFromFresult
                0x80004cec       0x90 Debug/demoSdFs.o
                0x80004cec                StringFromFresult
 .text.Cmd_ls   0x80004d7c      0x320 Debug/demoSdFs.o
                0x80004d7c                Cmd_ls
 .text.Cmd_cd   0x8000509c      0x2cc Debug/demoSdFs.o
                0x8000509c                Cmd_cd
 .text.Cmd_pwd  0x80005368       0x40 Debug/demoSdFs.o
                0x80005368                Cmd_pwd
 .text.Cmd_exit
                0x800053a8       0x28 Debug/demoSdFs.o
                0x800053a8                Cmd_exit
 .text.Cmd_cat  0x800053d0      0x218 Debug/demoSdFs.o
                0x800053d0                Cmd_cat
 .text.Cmd_help
                0x800055e8       0xa4 Debug/demoSdFs.o
                0x800055e8                Cmd_help
 .text.HSMMCSDFsMount
                0x8000568c       0xf8 Debug/demoSdFs.o
                0x8000568c                HSMMCSDFsMount
 .text.HSMMCSDFsProcessCmdLine
                0x80005784      0x160 Debug/demoSdFs.o
                0x80005784                HSMMCSDFsProcessCmdLine
 .text.HSMMCSDCmdStatusGet
                0x800058e4       0xb0 Debug/demoSdRw.o
 .text.HSMMCSDXferStatusGet
                0x80005994      0x104 Debug/demoSdRw.o
 .text.HSMMCSDRxDmaConfig
                0x80005a98      0x10c Debug/demoSdRw.o
 .text.HSMMCSDTxDmaConfig
                0x80005ba4      0x10c Debug/demoSdRw.o
 .text.HSMMCSDXferSetup
                0x80005cb0       0xb0 Debug/demoSdRw.o
 .text.callback
                0x80005d60       0x44 Debug/demoSdRw.o
 .text.Edma3CompletionIsr
                0x80005da4      0x10c Debug/demoSdRw.o
 .text.Edma3CCErrorIsr
                0x80005eb0      0x240 Debug/demoSdRw.o
 .text.HSMMCSDIsr
                0x800060f0      0x110 Debug/demoSdRw.o
 .text.HSMMCSDIntRegister
                0x80006200       0x54 Debug/demoSdRw.o
                0x80006200                HSMMCSDIntRegister
 .text.HSMMCSDEdmaInit
                0x80006254       0x98 Debug/demoSdRw.o
 .text.HSMMCSDControllerSetup
                0x800062ec      0x1d0 Debug/demoSdRw.o
 .text.HSMMCSDContolInit
                0x800064bc       0x24 Debug/demoSdRw.o
                0x800064bc                HSMMCSDContolInit
 .text.HSMMCSDCardPresentStat
                0x800064e0       0x3c Debug/demoSdRw.o
                0x800064e0                HSMMCSDCardPresentStat
 .text.HSMMCSDCardAccessSetup
                0x8000651c       0x58 Debug/demoSdRw.o
                0x8000651c                HSMMCSDCardAccessSetup
 .text.Timer2IntRegister
                0x80006574       0x24 Debug/demoTimer.o
                0x80006574                Timer2IntRegister
 .text.Timer2Config
                0x80006598       0x5c Debug/demoTimer.o
                0x80006598                Timer2Config
 .text.Timer2IntEnable
                0x800065f4       0x24 Debug/demoTimer.o
                0x800065f4                Timer2IntEnable
 .text.Timer2Start
                0x80006618       0x20 Debug/demoTimer.o
                0x80006618                Timer2Start
 .text.Timer2Stop
                0x80006638       0x20 Debug/demoTimer.o
                0x80006638                Timer2Stop
 .text.Timer2Isr
                0x80006658       0xd4 Debug/demoTimer.o
 .text.Timer4IntRegister
                0x8000672c       0x4c Debug/demoTimer.o
                0x8000672c                Timer4IntRegister
 .text.Timer4Config
                0x80006778       0x60 Debug/demoTimer.o
                0x80006778                Timer4Config
 .text.Timer4IntEnable
                0x800067d8       0x24 Debug/demoTimer.o
                0x800067d8                Timer4IntEnable
 .text.Timer4Start
                0x800067fc       0x20 Debug/demoTimer.o
                0x800067fc                Timer4Start
 .text.Timer4Stop
                0x8000681c       0x20 Debug/demoTimer.o
                0x8000681c                Timer4Stop
 .text.Timer4Isr
                0x8000683c       0x34 Debug/demoTimer.o
 .text.Timer6IntRegister
                0x80006870       0x4c Debug/demoTimer.o
                0x80006870                Timer6IntRegister
 .text.Timer6Config
                0x800068bc       0x70 Debug/demoTimer.o
                0x800068bc                Timer6Config
 .text.Timer6IntEnable
                0x8000692c       0x24 Debug/demoTimer.o
                0x8000692c                Timer6IntEnable
 .text.Timer6Start
                0x80006950       0x20 Debug/demoTimer.o
                0x80006950                Timer6Start
 .text.Timer6Stop
                0x80006970       0x20 Debug/demoTimer.o
                0x80006970                Timer6Stop
 .text.Timer6Isr
                0x80006990       0x38 Debug/demoTimer.o
 .text.initializeTimer1
                0x800069c8       0x4c Debug/demoTimer.o
                0x800069c8                initializeTimer1
 .text.setTimerCount
                0x80006a14       0x3c Debug/demoTimer.o
                0x80006a14                setTimerCount
 .text.clearTimerInt
                0x80006a50       0x24 Debug/demoTimer.o
                0x80006a50                clearTimerInt
 .text.enableUartWakeup
                0x80006a74       0x54 Debug/demoUart.o
                0x80006a74                enableUartWakeup
 .text.disableUartWakeup
                0x80006ac8       0x54 Debug/demoUart.o
                0x80006ac8                disableUartWakeup
 .text.disk_initialize
                0x80006b1c      0x158 Debug/fat_mmcsd.o
                0x80006b1c                disk_initialize
 .text.disk_status
                0x80006c74       0x28 Debug/fat_mmcsd.o
                0x80006c74                disk_status
 .text.disk_read
                0x80006c9c       0x9c Debug/fat_mmcsd.o
                0x80006c9c                disk_read
 .text.disk_write
                0x80006d38       0x9c Debug/fat_mmcsd.o
                0x80006d38                disk_write
 .text.disk_ioctl
                0x80006dd4       0x34 Debug/fat_mmcsd.o
                0x80006dd4                disk_ioctl
 .text.get_fattime
                0x80006e08       0x20 Debug/fat_mmcsd.o
                0x80006e08                get_fattime
 .text.move_window
                0x80006e28      0x17c Debug/ff.o
 .text.sync     0x80006fa4       0x88 Debug/ff.o
 .text.get_cluster
                0x8000702c      0x354 Debug/ff.o
 .text.put_cluster
                0x80007380      0x3dc Debug/ff.o
 .text.remove_chain
                0x8000775c       0xcc Debug/ff.o
 .text.create_chain
                0x80007828      0x1f0 Debug/ff.o
 .text.clust2sect
                0x80007a18       0x6c Debug/ff.o
 .text.next_dir_entry
                0x80007a84      0x134 Debug/ff.o
 .text.get_fileinfo
                0x80007bb8      0x280 Debug/ff.o
 .text.make_dirfile
                0x80007e38      0x30c Debug/ff.o
 .text.trace_path
                0x80008144      0x318 Debug/ff.o
 .text.reserve_direntry
                0x8000845c      0x280 Debug/ff.o
 .text.check_fs
                0x800086dc      0x128 Debug/ff.o
 .text.auto_mount
                0x80008804      0x618 Debug/ff.o
 .text.validate
                0x80008e1c       0x80 Debug/ff.o
 .text.f_mount  0x80008e9c       0xac Debug/ff.o
                0x80008e9c                f_mount
 .text.f_open   0x80008f48      0x5b8 Debug/ff.o
                0x80008f48                f_open
 .text.f_read   0x80009500      0x454 Debug/ff.o
                0x80009500                f_read
 .text.f_sync   0x80009954      0x2d8 Debug/ff.o
                0x80009954                f_sync
 .text.f_close  0x80009c2c       0x50 Debug/ff.o
                0x80009c2c                f_close
 .text.f_opendir
                0x80009c7c      0x17c Debug/ff.o
                0x80009c7c                f_opendir
 .text.f_readdir
                0x80009df8      0x170 Debug/ff.o
                0x80009df8                f_readdir
 .text.f_getfree
                0x80009f68      0x2a0 Debug/ff.o
                0x80009f68                f_getfree
 .text.fs_malloc
                0x8000a208       0xcc Debug/httpd_io.o
 .text.fs_free  0x8000a2d4       0xac Debug/httpd_io.o
 .text.fs_open  0x8000a380       0xf8 Debug/httpd_io.o
                0x8000a380                fs_open
 .text.fs_close
                0x8000a478       0x28 Debug/httpd_io.o
                0x8000a478                fs_close
 .text.fs_bytes_left
                0x8000a4a0       0x34 Debug/httpd_io.o
                0x8000a4a0                fs_bytes_left
 .text.strnstr  0x8000a4d4       0xe4 Debug/httpd_io.o
 .text.http_state_alloc
                0x8000a5b8       0x54 Debug/httpd_io.o
 .text.http_state_free
                0x8000a60c       0x68 Debug/httpd_io.o
 .text.http_write
                0x8000a674       0xc8 Debug/httpd_io.o
 .text.http_close_conn
                0x8000a73c       0xd4 Debug/httpd_io.o
 .text.extract_uri_parameters
                0x8000a810      0x174 Debug/httpd_io.o
 .text.http_send_data
                0x8000a984      0x26c Debug/httpd_io.o
 .text.http_get_404_file
                0x8000abf0       0xd4 Debug/httpd_io.o
 .text.http_parse_request
                0x8000acc4      0x214 Debug/httpd_io.o
 .text.http_find_file
                0x8000aed8      0x2b4 Debug/httpd_io.o
 .text.http_init_file
                0x8000b18c      0x154 Debug/httpd_io.o
 .text.http_err
                0x8000b2e0       0x44 Debug/httpd_io.o
 .text.http_sent
                0x8000b324       0x6c Debug/httpd_io.o
 .text.http_poll
                0x8000b390       0xe8 Debug/httpd_io.o
 .text.http_recv
                0x8000b478      0x170 Debug/httpd_io.o
 .text.http_accept
                0x8000b5e8       0xe8 Debug/httpd_io.o
 .text.httpd_init_addr
                0x8000b6d0       0xa0 Debug/httpd_io.o
 .text.httpd_init
                0x8000b770       0x20 Debug/httpd_io.o
                0x8000b770                httpd_init
 .text.http_set_cgi_handlers
                0x8000b790       0x40 Debug/httpd_io.o
                0x8000b790                http_set_cgi_handlers
 .text.lwip_htons
                0x8000b7d0       0x4c Debug/lwiplib.o
                0x8000b7d0                lwip_htons
 .text.lwip_ntohs
                0x8000b81c       0x38 Debug/lwiplib.o
                0x8000b81c                lwip_ntohs
 .text.lwip_htonl
                0x8000b854       0x54 Debug/lwiplib.o
                0x8000b854                lwip_htonl
 .text.lwip_ntohl
                0x8000b8a8       0x30 Debug/lwiplib.o
                0x8000b8a8                lwip_ntohl
 .text.tcp_timer_needed
                0x8000b8d8       0x14 Debug/lwiplib.o
                0x8000b8d8                tcp_timer_needed
 .text.dhcp_handle_nak
                0x8000b8ec       0xa0 Debug/lwiplib.o
 .text.dhcp_handle_offer
                0x8000b98c       0x84 Debug/lwiplib.o
 .text.dhcp_select
                0x8000ba10      0x298 Debug/lwiplib.o
 .text.dhcp_handle_ack
                0x8000bca8      0x188 Debug/lwiplib.o
 .text.dhcp_start
                0x8000be30      0x230 Debug/lwiplib.o
                0x8000be30                dhcp_start
 .text.dhcp_discover
                0x8000c060      0x21c Debug/lwiplib.o
 .text.dhcp_bind
                0x8000c27c      0x238 Debug/lwiplib.o
 .text.dhcp_stop
                0x8000c4b4       0x9c Debug/lwiplib.o
                0x8000c4b4                dhcp_stop
 .text.dhcp_set_state
                0x8000c550       0x5c Debug/lwiplib.o
 .text.dhcp_option
                0x8000c5ac       0x9c Debug/lwiplib.o
 .text.dhcp_option_byte
                0x8000c648       0x5c Debug/lwiplib.o
 .text.dhcp_option_short
                0x8000c6a4       0xa4 Debug/lwiplib.o
 .text.dhcp_option_long
                0x8000c748      0x124 Debug/lwiplib.o
 .text.dhcp_parse_reply
                0x8000c86c      0x608 Debug/lwiplib.o
 .text.dhcp_recv
                0x8000ce74      0x2a0 Debug/lwiplib.o
 .text.dhcp_create_msg
                0x8000d114      0x43c Debug/lwiplib.o
 .text.dhcp_delete_msg
                0x8000d550       0x64 Debug/lwiplib.o
 .text.dhcp_option_trailer
                0x8000d5b4       0xc0 Debug/lwiplib.o
 .text.lwip_init
                0x8000d674       0x3c Debug/lwiplib.o
                0x8000d674                lwip_init
 .text.plug_holes
                0x8000d6b0      0x17c Debug/lwiplib.o
 .text.mem_init
                0x8000d82c       0xec Debug/lwiplib.o
                0x8000d82c                mem_init
 .text.mem_free
                0x8000d918      0x14c Debug/lwiplib.o
                0x8000d918                mem_free
 .text.mem_trim
                0x8000da64      0x378 Debug/lwiplib.o
                0x8000da64                mem_trim
 .text.mem_malloc
                0x8000dddc      0x37c Debug/lwiplib.o
                0x8000dddc                mem_malloc
 .text.memp_init
                0x8000e158      0x1b4 Debug/lwiplib.o
                0x8000e158                memp_init
 .text.memp_malloc
                0x8000e30c      0x1c4 Debug/lwiplib.o
                0x8000e30c                memp_malloc
 .text.memp_free
                0x8000e4d0       0xd8 Debug/lwiplib.o
                0x8000e4d0                memp_free
 .text.netif_init
                0x8000e5a8       0x14 Debug/lwiplib.o
                0x8000e5a8                netif_init
 .text.netif_add
                0x8000e5bc      0x10c Debug/lwiplib.o
                0x8000e5bc                netif_add
 .text.netif_set_addr
                0x8000e6c8       0x60 Debug/lwiplib.o
                0x8000e6c8                netif_set_addr
 .text.netif_set_ipaddr
                0x8000e728      0x148 Debug/lwiplib.o
                0x8000e728                netif_set_ipaddr
 .text.netif_set_gw
                0x8000e870       0x44 Debug/lwiplib.o
                0x8000e870                netif_set_gw
 .text.netif_set_netmask
                0x8000e8b4       0x44 Debug/lwiplib.o
                0x8000e8b4                netif_set_netmask
 .text.netif_set_default
                0x8000e8f8       0x2c Debug/lwiplib.o
                0x8000e8f8                netif_set_default
 .text.netif_set_up
                0x8000e924       0x88 Debug/lwiplib.o
                0x8000e924                netif_set_up
 .text.netif_set_down
                0x8000e9ac       0x48 Debug/lwiplib.o
                0x8000e9ac                netif_set_down
 .text.pbuf_alloc
                0x8000e9f4      0x38c Debug/lwiplib.o
                0x8000e9f4                pbuf_alloc
 .text.pbuf_realloc
                0x8000ed80      0x194 Debug/lwiplib.o
                0x8000ed80                pbuf_realloc
 .text.pbuf_header
                0x8000ef14      0x1a0 Debug/lwiplib.o
                0x8000ef14                pbuf_header
 .text.pbuf_free
                0x8000f0b4      0x16c Debug/lwiplib.o
                0x8000f0b4                pbuf_free
 .text.pbuf_clen
                0x8000f220       0x54 Debug/lwiplib.o
                0x8000f220                pbuf_clen
 .text.pbuf_ref
                0x8000f274       0x64 Debug/lwiplib.o
                0x8000f274                pbuf_ref
 .text.pbuf_cat
                0x8000f2d8       0xac Debug/lwiplib.o
                0x8000f2d8                pbuf_cat
 .text.pbuf_chain
                0x8000f384       0x40 Debug/lwiplib.o
                0x8000f384                pbuf_chain
 .text.pbuf_copy
                0x8000f3c4      0x1fc Debug/lwiplib.o
                0x8000f3c4                pbuf_copy
 .text.pbuf_copy_partial
                0x8000f5c0      0x188 Debug/lwiplib.o
                0x8000f5c0                pbuf_copy_partial
 .text.raw_input
                0x8000f748      0x170 Debug/lwiplib.o
                0x8000f748                raw_input
 .text.stats_init
                0x8000f8b8       0x14 Debug/lwiplib.o
                0x8000f8b8                stats_init
 .text.tcp_close_shutdown
                0x8000f8cc      0x468 Debug/lwiplib.o
 .text.tcp_close
                0x8000fd34       0x5c Debug/lwiplib.o
                0x8000fd34                tcp_close
 .text.tcp_abandon
                0x8000fd90      0x1b4 Debug/lwiplib.o
                0x8000fd90                tcp_abandon
 .text.tcp_abort
                0x8000ff44       0x2c Debug/lwiplib.o
                0x8000ff44                tcp_abort
 .text.tcp_bind
                0x8000ff70      0x1a0 Debug/lwiplib.o
                0x8000ff70                tcp_bind
 .text.tcp_accept_null
                0x80010110       0x34 Debug/lwiplib.o
 .text.tcp_listen_with_backlog
                0x80010144      0x240 Debug/lwiplib.o
                0x80010144                tcp_listen_with_backlog
 .text.tcp_update_rcv_ann_wnd
                0x80010384       0xf4 Debug/lwiplib.o
                0x80010384                tcp_update_rcv_ann_wnd
 .text.tcp_recved
                0x80010478       0xac Debug/lwiplib.o
                0x80010478                tcp_recved
 .text.tcp_new_port
                0x80010524       0xf0 Debug/lwiplib.o
 .text.tcp_segs_free
                0x80010614       0x4c Debug/lwiplib.o
                0x80010614                tcp_segs_free
 .text.tcp_seg_free
                0x80010660       0x60 Debug/lwiplib.o
                0x80010660                tcp_seg_free
 .text.tcp_setprio
                0x800106c0       0x30 Debug/lwiplib.o
                0x800106c0                tcp_setprio
 .text.tcp_seg_copy
                0x800106f0       0x78 Debug/lwiplib.o
                0x800106f0                tcp_seg_copy
 .text.tcp_recv_null
                0x80010768       0x90 Debug/lwiplib.o
                0x80010768                tcp_recv_null
 .text.tcp_kill_prio
                0x800107f8       0xf8 Debug/lwiplib.o
 .text.tcp_kill_timewait
                0x800108f0       0xb4 Debug/lwiplib.o
 .text.tcp_alloc
                0x800109a4      0x23c Debug/lwiplib.o
                0x800109a4                tcp_alloc
 .text.tcp_new  0x80010be0       0x24 Debug/lwiplib.o
                0x80010be0                tcp_new
 .text.tcp_arg  0x80010c04       0x2c Debug/lwiplib.o
                0x80010c04                tcp_arg
 .text.tcp_recv
                0x80010c30       0x2c Debug/lwiplib.o
                0x80010c30                tcp_recv
 .text.tcp_sent
                0x80010c5c       0x2c Debug/lwiplib.o
                0x80010c5c                tcp_sent
 .text.tcp_err  0x80010c88       0x2c Debug/lwiplib.o
                0x80010c88                tcp_err
 .text.tcp_accept
                0x80010cb4       0x2c Debug/lwiplib.o
                0x80010cb4                tcp_accept
 .text.tcp_poll
                0x80010ce0       0x40 Debug/lwiplib.o
                0x80010ce0                tcp_poll
 .text.tcp_pcb_purge
                0x80010d20      0x104 Debug/lwiplib.o
                0x80010d20                tcp_pcb_purge
 .text.tcp_pcb_remove
                0x80010e24      0x158 Debug/lwiplib.o
                0x80010e24                tcp_pcb_remove
 .text.tcp_next_iss
                0x80010f7c       0x4c Debug/lwiplib.o
                0x80010f7c                tcp_next_iss
 .text.tcp_eff_send_mss
                0x80010fc8       0x7c Debug/lwiplib.o
                0x80010fc8                tcp_eff_send_mss
 .text.tcp_input
                0x80011044      0xe40 Debug/lwiplib.o
                0x80011044                tcp_input
 .text.tcp_listen_input
                0x80011e84      0x300 Debug/lwiplib.o
 .text.tcp_timewait_input
                0x80012184      0x1a0 Debug/lwiplib.o
 .text.tcp_process
                0x80012324      0xd20 Debug/lwiplib.o
 .text.tcp_oos_insert_segment
                0x80013044      0x1e0 Debug/lwiplib.o
 .text.tcp_receive
                0x80013224     0x1bfc Debug/lwiplib.o
 .text.tcp_parseopt
                0x80014e20      0x208 Debug/lwiplib.o
 .text.tcp_output_alloc_header
                0x80015028      0x1a8 Debug/lwiplib.o
 .text.tcp_send_fin
                0x800151d0       0xe4 Debug/lwiplib.o
                0x800151d0                tcp_send_fin
 .text.tcp_create_segment
                0x800152b4      0x22c Debug/lwiplib.o
 .text.tcp_pbuf_prealloc
                0x800154e0      0x12c Debug/lwiplib.o
 .text.tcp_write_checks
                0x8001560c      0x158 Debug/lwiplib.o
 .text.tcp_write
                0x80015764      0x864 Debug/lwiplib.o
                0x80015764                tcp_write
 .text.tcp_enqueue_flags
                0x80015fc8      0x34c Debug/lwiplib.o
                0x80015fc8                tcp_enqueue_flags
 .text.tcp_send_empty_ack
                0x80016314      0x130 Debug/lwiplib.o
                0x80016314                tcp_send_empty_ack
 .text.tcp_output
                0x80016444      0x598 Debug/lwiplib.o
                0x80016444                tcp_output
 .text.tcp_output_segment
                0x800169dc      0x2d0 Debug/lwiplib.o
 .text.tcp_rst  0x80016cac      0x1dc Debug/lwiplib.o
                0x80016cac                tcp_rst
 .text.tcp_rexmit
                0x80016e88      0x108 Debug/lwiplib.o
                0x80016e88                tcp_rexmit
 .text.tcp_rexmit_fast
                0x80016f90      0x118 Debug/lwiplib.o
                0x80016f90                tcp_rexmit_fast
 .text.udp_input
                0x800170a8      0x6ac Debug/lwiplib.o
                0x800170a8                udp_input
 .text.udp_sendto_if
                0x80017754      0x300 Debug/lwiplib.o
                0x80017754                udp_sendto_if
 .text.udp_bind
                0x80017a54      0x1e8 Debug/lwiplib.o
                0x80017a54                udp_bind
 .text.udp_connect
                0x80017c3c      0x130 Debug/lwiplib.o
                0x80017c3c                udp_connect
 .text.udp_recv
                0x80017d6c       0x3c Debug/lwiplib.o
                0x80017d6c                udp_recv
 .text.udp_remove
                0x80017da8       0xc4 Debug/lwiplib.o
                0x80017da8                udp_remove
 .text.udp_new  0x80017e6c       0x60 Debug/lwiplib.o
                0x80017e6c                udp_new
 .text.icmp_input
                0x80017ecc      0x54c Debug/lwiplib.o
                0x80017ecc                icmp_input
 .text.icmp_dest_unreach
                0x80018418       0x3c Debug/lwiplib.o
                0x80018418                icmp_dest_unreach
 .text.icmp_send_response
                0x80018454      0x180 Debug/lwiplib.o
 .text.lwip_standard_chksum
                0x800185d4      0x16c Debug/lwiplib.o
 .text.inet_chksum_pseudo
                0x80018740      0x228 Debug/lwiplib.o
                0x80018740                inet_chksum_pseudo
 .text.inet_chksum
                0x80018968       0x48 Debug/lwiplib.o
                0x80018968                inet_chksum
 .text.inet_chksum_pbuf
                0x800189b0      0x128 Debug/lwiplib.o
                0x800189b0                inet_chksum_pbuf
 .text.ip_route
                0x80018ad8       0xf4 Debug/lwiplib.o
                0x80018ad8                ip_route
 .text.ip_input
                0x80018bcc      0x690 Debug/lwiplib.o
                0x80018bcc                ip_input
 .text.ip_output_if
                0x8001925c      0x354 Debug/lwiplib.o
                0x8001925c                ip_output_if
 .text.ip_output
                0x800195b0       0xac Debug/lwiplib.o
                0x800195b0                ip_output
 .text.ip4_addr_isbroadcast
                0x8001965c       0xdc Debug/lwiplib.o
                0x8001965c                ip4_addr_isbroadcast
 .text.free_entry
                0x80019738       0x88 Debug/lwiplib.o
 .text.etharp_tmr
                0x800197c0      0x13c Debug/lwiplib.o
                0x800197c0                etharp_tmr
 .text.find_entry
                0x800198fc      0x370 Debug/lwiplib.o
 .text.etharp_send_ip
                0x80019c6c       0xa0 Debug/lwiplib.o
 .text.update_arp_entry
                0x80019d0c      0x1ac Debug/lwiplib.o
 .text.etharp_arp_input
                0x80019eb8      0x3b4 Debug/lwiplib.o
 .text.etharp_output
                0x8001a26c      0x2b0 Debug/lwiplib.o
                0x8001a26c                etharp_output
 .text.etharp_query
                0x8001a51c      0x3e4 Debug/lwiplib.o
                0x8001a51c                etharp_query
 .text.etharp_raw
                0x8001a900      0x238 Debug/lwiplib.o
 .text.etharp_request
                0x8001ab38       0x7c Debug/lwiplib.o
                0x8001ab38                etharp_request
 .text.ethernet_input
                0x8001abb4      0x1cc Debug/lwiplib.o
                0x8001abb4                ethernet_input
 .text.sys_arch_protect
                0x8001ad80       0x3c Debug/lwiplib.o
                0x8001ad80                sys_arch_protect
 .text.sys_arch_unprotect
                0x8001adbc       0x38 Debug/lwiplib.o
                0x8001adbc                sys_arch_unprotect
 .text.cpswif_inst_config
                0x8001adf4      0x118 Debug/lwiplib.o
 .text.cpswif_ale_entry_match_free
                0x8001af0c       0x98 Debug/lwiplib.o
 .text.cpswif_port_to_host_vlan_cfg
                0x8001afa4      0x1c4 Debug/lwiplib.o
 .text.cpswif_autoneg_config
                0x8001b168      0x3c8 Debug/lwiplib.o
 .text.cpswif_rxbd_alloc
                0x8001b530      0x1dc Debug/lwiplib.o
 .text.cpswif_transmit
                0x8001b70c      0x280 Debug/lwiplib.o
 .text.cpswif_output
                0x8001b98c       0xec Debug/lwiplib.o
 .text.cpswif_phylink_config
                0x8001ba78      0x228 Debug/lwiplib.o
 .text.cpswif_port_init
                0x8001bca0      0x188 Debug/lwiplib.o
 .text.cpswif_cpdma_init
                0x8001be28      0x1d0 Debug/lwiplib.o
 .text.cpswif_inst_init
                0x8001bff8      0x2a8 Debug/lwiplib.o
 .text.cpswif_init
                0x8001c2a0      0x124 Debug/lwiplib.o
                0x8001c2a0                cpswif_init
 .text.cpswif_rx_inthandler
                0x8001c3c4      0x228 Debug/lwiplib.o
                0x8001c3c4                cpswif_rx_inthandler
 .text.cpswif_tx_inthandler
                0x8001c5ec      0x22c Debug/lwiplib.o
                0x8001c5ec                cpswif_tx_inthandler
 .text.cpswif_netif_status
                0x8001c818       0x2c Debug/lwiplib.o
                0x8001c818                cpswif_netif_status
 .text.cpswif_link_status
                0x8001c844       0x84 Debug/lwiplib.o
                0x8001c844                cpswif_link_status
 .text.lwIPDHCPComplete
                0x8001c8c8      0x134 Debug/lwiplib.o
 .text.lwIPInit
                0x8001c9fc      0x2fc Debug/lwiplib.o
                0x8001c9fc                lwIPInit
 .text.lwIPNetIfStatusGet
                0x8001ccf8       0x64 Debug/lwiplib.o
                0x8001ccf8                lwIPNetIfStatusGet
 .text.lwIPLinkStatusGet
                0x8001cd5c       0x38 Debug/lwiplib.o
                0x8001cd5c                lwIPLinkStatusGet
 .text.lwIPRxIntHandler
                0x8001cd94       0x30 Debug/lwiplib.o
                0x8001cd94                lwIPRxIntHandler
 .text.lwIPTxIntHandler
                0x8001cdc4       0x28 Debug/lwiplib.o
                0x8001cdc4                lwIPTxIntHandler
 .text.lwIPDHCPStart
                0x8001cdec       0x70 Debug/lwiplib.o
                0x8001cdec                lwIPDHCPStart
 .text.TPS65217RegWrite
                0x8001ce5c      0x208 Debug/pmic.o
                0x8001ce5c                TPS65217RegWrite
 .text.TPS65217VoltageUpdate
                0x8001d064       0x64 Debug/pmic.o
                0x8001d064                TPS65217VoltageUpdate
 .text.configVddOpVoltage
                0x8001d0c8       0x78 Debug/pmic.o
                0x8001d0c8                configVddOpVoltage
 .text.setVdd1OpVoltage
                0x8001d140       0x4c Debug/pmic.o
                0x8001d140                setVdd1OpVoltage
 .text.CPSWSSReset
                0x8001d18c       0x48 ../../../../../..//binary/armv7a/gcc/am335x/drivers/Debug/libdrivers.a(cpsw.o)
                0x8001d18c                CPSWSSReset
 .text.CPSWSlTransferModeSet
                0x8001d1d4       0x5c ../../../../../..//binary/armv7a/gcc/am335x/drivers/Debug/libdrivers.a(cpsw.o)
                0x8001d1d4                CPSWSlTransferModeSet
 .text.CPSWSlReset
                0x8001d230       0x48 ../../../../../..//binary/armv7a/gcc/am335x/drivers/Debug/libdrivers.a(cpsw.o)
                0x8001d230                CPSWSlReset
 .text.CPSWSlRGMIIEnable
                0x8001d278       0x40 ../../../../../..//binary/armv7a/gcc/am335x/drivers/Debug/libdrivers.a(cpsw.o)
                0x8001d278                CPSWSlRGMIIEnable
 .text.CPSWWrReset
                0x8001d2b8       0x48 ../../../../../..//binary/armv7a/gcc/am335x/drivers/Debug/libdrivers.a(cpsw.o)
                0x8001d2b8                CPSWWrReset
 .text.CPSWWrControlRegReset
                0x8001d300       0x2c ../../../../../..//binary/armv7a/gcc/am335x/drivers/Debug/libdrivers.a(cpsw.o)
                0x8001d300                CPSWWrControlRegReset
 .text.CPSWWrCoreIntEnable
                0x8001d32c       0x78 ../../../../../..//binary/armv7a/gcc/am335x/drivers/Debug/libdrivers.a(cpsw.o)
                0x8001d32c                CPSWWrCoreIntEnable
 .text.CPSWALEInit
                0x8001d3a4       0x2c ../../../../../..//binary/armv7a/gcc/am335x/drivers/Debug/libdrivers.a(cpsw.o)
                0x8001d3a4                CPSWALEInit
 .text.CPSWALEPortStateSet
                0x8001d3d0       0x90 ../../../../../..//binary/armv7a/gcc/am335x/drivers/Debug/libdrivers.a(cpsw.o)
                0x8001d3d0                CPSWALEPortStateSet
 .text.CPSWALEVLANAwareSet
                0x8001d460       0x38 ../../../../../..//binary/armv7a/gcc/am335x/drivers/Debug/libdrivers.a(cpsw.o)
                0x8001d460                CPSWALEVLANAwareSet
 .text.CPSWALETableEntrySet
                0x8001d498       0x98 ../../../../../..//binary/armv7a/gcc/am335x/drivers/Debug/libdrivers.a(cpsw.o)
                0x8001d498                CPSWALETableEntrySet
 .text.CPSWALETableEntryGet
                0x8001d530       0x94 ../../../../../..//binary/armv7a/gcc/am335x/drivers/Debug/libdrivers.a(cpsw.o)
                0x8001d530                CPSWALETableEntryGet
 .text.CPSWStatisticsEnable
                0x8001d5c4       0x2c ../../../../../..//binary/armv7a/gcc/am335x/drivers/Debug/libdrivers.a(cpsw.o)
                0x8001d5c4                CPSWStatisticsEnable
 .text.CPSWPortSrcAddrSet
                0x8001d5f0       0xa4 ../../../../../..//binary/armv7a/gcc/am335x/drivers/Debug/libdrivers.a(cpsw.o)
                0x8001d5f0                CPSWPortSrcAddrSet
 .text.CPSWHostPortDualMacModeSet
                0x8001d694       0x54 ../../../../../..//binary/armv7a/gcc/am335x/drivers/Debug/libdrivers.a(cpsw.o)
                0x8001d694                CPSWHostPortDualMacModeSet
 .text.CPSWPortVLANConfig
                0x8001d6e8       0x50 ../../../../../..//binary/armv7a/gcc/am335x/drivers/Debug/libdrivers.a(cpsw.o)
                0x8001d6e8                CPSWPortVLANConfig
 .text.CPSWCPDMAReset
                0x8001d738       0xdc ../../../../../..//binary/armv7a/gcc/am335x/drivers/Debug/libdrivers.a(cpsw.o)
                0x8001d738                CPSWCPDMAReset
 .text.CPSWCPDMATxIntEnable
                0x8001d814       0x48 ../../../../../..//binary/armv7a/gcc/am335x/drivers/Debug/libdrivers.a(cpsw.o)
                0x8001d814                CPSWCPDMATxIntEnable
 .text.CPSWCPDMARxIntEnable
                0x8001d85c       0x48 ../../../../../..//binary/armv7a/gcc/am335x/drivers/Debug/libdrivers.a(cpsw.o)
                0x8001d85c                CPSWCPDMARxIntEnable
 .text.CPSWCPDMATxEnable
                0x8001d8a4       0x2c ../../../../../..//binary/armv7a/gcc/am335x/drivers/Debug/libdrivers.a(cpsw.o)
                0x8001d8a4                CPSWCPDMATxEnable
 .text.CPSWCPDMARxEnable
                0x8001d8d0       0x2c ../../../../../..//binary/armv7a/gcc/am335x/drivers/Debug/libdrivers.a(cpsw.o)
                0x8001d8d0                CPSWCPDMARxEnable
 .text.CPSWCPDMATxHdrDescPtrWrite
                0x8001d8fc       0x40 ../../../../../..//binary/armv7a/gcc/am335x/drivers/Debug/libdrivers.a(cpsw.o)
                0x8001d8fc                CPSWCPDMATxHdrDescPtrWrite
 .text.CPSWCPDMARxHdrDescPtrWrite
                0x8001d93c       0x40 ../../../../../..//binary/armv7a/gcc/am335x/drivers/Debug/libdrivers.a(cpsw.o)
                0x8001d93c                CPSWCPDMARxHdrDescPtrWrite
 .text.CPSWCPDMAEndOfIntVectorWrite
                0x8001d97c       0x30 ../../../../../..//binary/armv7a/gcc/am335x/drivers/Debug/libdrivers.a(cpsw.o)
                0x8001d97c                CPSWCPDMAEndOfIntVectorWrite
 .text.CPSWCPDMATxCPWrite
                0x8001d9ac       0x40 ../../../../../..//binary/armv7a/gcc/am335x/drivers/Debug/libdrivers.a(cpsw.o)
                0x8001d9ac                CPSWCPDMATxCPWrite
 .text.CPSWCPDMARxCPWrite
                0x8001d9ec       0x40 ../../../../../..//binary/armv7a/gcc/am335x/drivers/Debug/libdrivers.a(cpsw.o)
                0x8001d9ec                CPSWCPDMARxCPWrite
 .text.CPSWCPDMACmdIdleEnable
                0x8001da2c       0x50 ../../../../../..//binary/armv7a/gcc/am335x/drivers/Debug/libdrivers.a(cpsw.o)
                0x8001da2c                CPSWCPDMACmdIdleEnable
 .text.CPSWCPDMACmdIdleDisable
                0x8001da7c       0x38 ../../../../../..//binary/armv7a/gcc/am335x/drivers/Debug/libdrivers.a(cpsw.o)
                0x8001da7c                CPSWCPDMACmdIdleDisable
 .text.CPSWContextSave
                0x8001dab4      0x368 ../../../../../..//binary/armv7a/gcc/am335x/drivers/Debug/libdrivers.a(cpsw.o)
                0x8001dab4                CPSWContextSave
 .text.CPSWContextRestore
                0x8001de1c      0x350 ../../../../../..//binary/armv7a/gcc/am335x/drivers/Debug/libdrivers.a(cpsw.o)
                0x8001de1c                CPSWContextRestore
 .text.DMTimerEnable
                0x8001e16c       0x6c ../../../../../..//binary/armv7a/gcc/am335x/drivers/Debug/libdrivers.a(dmtimer.o)
                0x8001e16c                DMTimerEnable
 .text.DMTimerDisable
                0x8001e1d8       0x6c ../../../../../..//binary/armv7a/gcc/am335x/drivers/Debug/libdrivers.a(dmtimer.o)
                0x8001e1d8                DMTimerDisable
 .text.DMTimerModeConfigure
                0x8001e244       0xcc ../../../../../..//binary/armv7a/gcc/am335x/drivers/Debug/libdrivers.a(dmtimer.o)
                0x8001e244                DMTimerModeConfigure
 .text.DMTimerCounterSet
                0x8001e310       0x64 ../../../../../..//binary/armv7a/gcc/am335x/drivers/Debug/libdrivers.a(dmtimer.o)
                0x8001e310                DMTimerCounterSet
 .text.DMTimerReloadSet
                0x8001e374       0x64 ../../../../../..//binary/armv7a/gcc/am335x/drivers/Debug/libdrivers.a(dmtimer.o)
                0x8001e374                DMTimerReloadSet
 .text.DMTimerIntStatusClear
                0x8001e3d8       0x34 ../../../../../..//binary/armv7a/gcc/am335x/drivers/Debug/libdrivers.a(dmtimer.o)
                0x8001e3d8                DMTimerIntStatusClear
 .text.DMTimerIntEnable
                0x8001e40c       0x34 ../../../../../..//binary/armv7a/gcc/am335x/drivers/Debug/libdrivers.a(dmtimer.o)
                0x8001e40c                DMTimerIntEnable
 .text.DMTimerIntDisable
                0x8001e440       0x34 ../../../../../..//binary/armv7a/gcc/am335x/drivers/Debug/libdrivers.a(dmtimer.o)
                0x8001e440                DMTimerIntDisable
 .text.DMTimerContextSave
                0x8001e474       0xb8 ../../../../../..//binary/armv7a/gcc/am335x/drivers/Debug/libdrivers.a(dmtimer.o)
                0x8001e474                DMTimerContextSave
 .text.DMTimerContextRestore
                0x8001e52c      0x160 ../../../../../..//binary/armv7a/gcc/am335x/drivers/Debug/libdrivers.a(dmtimer.o)
                0x8001e52c                DMTimerContextRestore
 .text.DMTimerWritePostedStatusGet
                0x8001e68c       0x2c ../../../../../..//binary/armv7a/gcc/am335x/drivers/Debug/libdrivers.a(dmtimer.o)
                0x8001e68c                DMTimerWritePostedStatusGet
 .text.EDMA3Init
                0x8001e6b8      0x294 ../../../../../..//binary/armv7a/gcc/am335x/drivers/Debug/libdrivers.a(edma.o)
                0x8001e6b8                EDMA3Init
 .text.EDMA3EnableChInShadowReg
                0x8001e94c      0x150 ../../../../../..//binary/armv7a/gcc/am335x/drivers/Debug/libdrivers.a(edma.o)
                0x8001e94c                EDMA3EnableChInShadowReg
 .text.EDMA3MapChToEvtQ
                0x8001ea9c      0x11c ../../../../../..//binary/armv7a/gcc/am335x/drivers/Debug/libdrivers.a(edma.o)
                0x8001ea9c                EDMA3MapChToEvtQ
 .text.EDMA3ClrMissEvt
                0x8001ebb8       0xe4 ../../../../../..//binary/armv7a/gcc/am335x/drivers/Debug/libdrivers.a(edma.o)
                0x8001ebb8                EDMA3ClrMissEvt
 .text.EDMA3SetEvt
                0x8001ec9c       0xec ../../../../../..//binary/armv7a/gcc/am335x/drivers/Debug/libdrivers.a(edma.o)
                0x8001ec9c                EDMA3SetEvt
 .text.EDMA3ClrEvt
                0x8001ed88       0xec ../../../../../..//binary/armv7a/gcc/am335x/drivers/Debug/libdrivers.a(edma.o)
                0x8001ed88                EDMA3ClrEvt
 .text.EDMA3EnableDmaEvt
                0x8001ee74       0xec ../../../../../..//binary/armv7a/gcc/am335x/drivers/Debug/libdrivers.a(edma.o)
                0x8001ee74                EDMA3EnableDmaEvt
 .text.EDMA3DisableDmaEvt
                0x8001ef60       0xe8 ../../../../../..//binary/armv7a/gcc/am335x/drivers/Debug/libdrivers.a(edma.o)
                0x8001ef60                EDMA3DisableDmaEvt
 .text.EDMA3EnableQdmaEvt
                0x8001f048       0x50 ../../../../../..//binary/armv7a/gcc/am335x/drivers/Debug/libdrivers.a(edma.o)
                0x8001f048                EDMA3EnableQdmaEvt
 .text.EDMA3DisableQdmaEvt
                0x8001f098       0x50 ../../../../../..//binary/armv7a/gcc/am335x/drivers/Debug/libdrivers.a(edma.o)
                0x8001f098                EDMA3DisableQdmaEvt
 .text.EDMA3EnableEvtIntr
                0x8001f0e8       0xec ../../../../../..//binary/armv7a/gcc/am335x/drivers/Debug/libdrivers.a(edma.o)
                0x8001f0e8                EDMA3EnableEvtIntr
 .text.EDMA3GetPaRAM
                0x8001f1d4       0x98 ../../../../../..//binary/armv7a/gcc/am335x/drivers/Debug/libdrivers.a(edma.o)
                0x8001f1d4                EDMA3GetPaRAM
 .text.EDMA3SetPaRAM
                0x8001f26c       0xa0 ../../../../../..//binary/armv7a/gcc/am335x/drivers/Debug/libdrivers.a(edma.o)
                0x8001f26c                EDMA3SetPaRAM
 .text.EDMA3RequestChannel
                0x8001f30c      0x1c8 ../../../../../..//binary/armv7a/gcc/am335x/drivers/Debug/libdrivers.a(edma.o)
                0x8001f30c                EDMA3RequestChannel
 .text.EDMA3EnableTransfer
                0x8001f4d4      0x108 ../../../../../..//binary/armv7a/gcc/am335x/drivers/Debug/libdrivers.a(edma.o)
                0x8001f4d4                EDMA3EnableTransfer
 .text.EDMA3DisableTransfer
                0x8001f5dc      0x108 ../../../../../..//binary/armv7a/gcc/am335x/drivers/Debug/libdrivers.a(edma.o)
                0x8001f5dc                EDMA3DisableTransfer
 .text.EDMA3ContextSave
                0x8001f6e4      0x1e4 ../../../../../..//binary/armv7a/gcc/am335x/drivers/Debug/libdrivers.a(edma.o)
                0x8001f6e4                EDMA3ContextSave
 .text.EDMA3ContextRestore
                0x8001f8c8      0x1e4 ../../../../../..//binary/armv7a/gcc/am335x/drivers/Debug/libdrivers.a(edma.o)
                0x8001f8c8                EDMA3ContextRestore
 .text.GPIOModuleReset
                0x8001faac       0x54 ../../../../../..//binary/armv7a/gcc/am335x/drivers/Debug/libdrivers.a(gpio_v2.o)
                0x8001faac                GPIOModuleReset
 .text.GPIOModuleEnable
                0x8001fb00       0x38 ../../../../../..//binary/armv7a/gcc/am335x/drivers/Debug/libdrivers.a(gpio_v2.o)
                0x8001fb00                GPIOModuleEnable
 .text.GPIODirModeSet
                0x8001fb38       0x88 ../../../../../..//binary/armv7a/gcc/am335x/drivers/Debug/libdrivers.a(gpio_v2.o)
                0x8001fb38                GPIODirModeSet
 .text.GPIOPinWrite
                0x8001fbc0       0x64 ../../../../../..//binary/armv7a/gcc/am335x/drivers/Debug/libdrivers.a(gpio_v2.o)
                0x8001fbc0                GPIOPinWrite
 .text.GPIOPinIntEnable
                0x8001fc24       0x64 ../../../../../..//binary/armv7a/gcc/am335x/drivers/Debug/libdrivers.a(gpio_v2.o)
                0x8001fc24                GPIOPinIntEnable
 .text.GPIOPinIntDisable
                0x8001fc88       0x64 ../../../../../..//binary/armv7a/gcc/am335x/drivers/Debug/libdrivers.a(gpio_v2.o)
                0x8001fc88                GPIOPinIntDisable
 .text.GPIOIntTypeSet
                0x8001fcec      0x564 ../../../../../..//binary/armv7a/gcc/am335x/drivers/Debug/libdrivers.a(gpio_v2.o)
                0x8001fcec                GPIOIntTypeSet
 .text.GPIOPinIntClear
                0x80020250       0x64 ../../../../../..//binary/armv7a/gcc/am335x/drivers/Debug/libdrivers.a(gpio_v2.o)
                0x80020250                GPIOPinIntClear
 .text.GPIOWakeupGlobalEnable
                0x800202b4       0x38 ../../../../../..//binary/armv7a/gcc/am335x/drivers/Debug/libdrivers.a(gpio_v2.o)
                0x800202b4                GPIOWakeupGlobalEnable
 .text.GPIOWakeupGlobalDisable
                0x800202ec       0x38 ../../../../../..//binary/armv7a/gcc/am335x/drivers/Debug/libdrivers.a(gpio_v2.o)
                0x800202ec                GPIOWakeupGlobalDisable
 .text.GPIOPinIntWakeUpEnable
                0x80020324       0x84 ../../../../../..//binary/armv7a/gcc/am335x/drivers/Debug/libdrivers.a(gpio_v2.o)
                0x80020324                GPIOPinIntWakeUpEnable
 .text.GPIOPinIntWakeUpDisable
                0x800203a8       0x8c ../../../../../..//binary/armv7a/gcc/am335x/drivers/Debug/libdrivers.a(gpio_v2.o)
                0x800203a8                GPIOPinIntWakeUpDisable
 .text.GPIODebounceFuncControl
                0x80020434       0x78 ../../../../../..//binary/armv7a/gcc/am335x/drivers/Debug/libdrivers.a(gpio_v2.o)
                0x80020434                GPIODebounceFuncControl
 .text.GPIODebounceTimeConfig
                0x800204ac       0x34 ../../../../../..//binary/armv7a/gcc/am335x/drivers/Debug/libdrivers.a(gpio_v2.o)
                0x800204ac                GPIODebounceTimeConfig
 .text.gpioContextSave
                0x800204e0       0x5c ../../../../../..//binary/armv7a/gcc/am335x/drivers/Debug/libdrivers.a(gpio_v2.o)
                0x800204e0                gpioContextSave
 .text.gpioContextRestore
                0x8002053c       0x5c ../../../../../..//binary/armv7a/gcc/am335x/drivers/Debug/libdrivers.a(gpio_v2.o)
                0x8002053c                gpioContextRestore
 .text.GPMCIdleModeSelect
                0x80020598       0x64 ../../../../../..//binary/armv7a/gcc/am335x/drivers/Debug/libdrivers.a(gpmc.o)
                0x80020598                GPMCIdleModeSelect
 .text.HSMMCSDSoftReset
                0x800205fc       0xa0 ../../../../../..//binary/armv7a/gcc/am335x/drivers/Debug/libdrivers.a(hs_mmcsd.o)
                0x800205fc                HSMMCSDSoftReset
 .text.HSMMCSDLinesReset
                0x8002069c       0xb0 ../../../../../..//binary/armv7a/gcc/am335x/drivers/Debug/libdrivers.a(hs_mmcsd.o)
                0x8002069c                HSMMCSDLinesReset
 .text.HSMMCSDSystemConfig
                0x8002074c       0x64 ../../../../../..//binary/armv7a/gcc/am335x/drivers/Debug/libdrivers.a(hs_mmcsd.o)
                0x8002074c                HSMMCSDSystemConfig
 .text.HSMMCSDBusWidthSet
                0x800207b0       0xf0 ../../../../../..//binary/armv7a/gcc/am335x/drivers/Debug/libdrivers.a(hs_mmcsd.o)
                0x800207b0                HSMMCSDBusWidthSet
 .text.HSMMCSDBusVoltSet
                0x800208a0       0x5c ../../../../../..//binary/armv7a/gcc/am335x/drivers/Debug/libdrivers.a(hs_mmcsd.o)
                0x800208a0                HSMMCSDBusVoltSet
 .text.HSMMCSDBusPower
                0x800208fc       0xbc ../../../../../..//binary/armv7a/gcc/am335x/drivers/Debug/libdrivers.a(hs_mmcsd.o)
                0x800208fc                HSMMCSDBusPower
 .text.HSMMCSDIntClock
                0x800209b8       0x7c ../../../../../..//binary/armv7a/gcc/am335x/drivers/Debug/libdrivers.a(hs_mmcsd.o)
                0x800209b8                HSMMCSDIntClock
 .text.HSMMCSDIsIntClockStable
                0x80020a34       0x88 ../../../../../..//binary/armv7a/gcc/am335x/drivers/Debug/libdrivers.a(hs_mmcsd.o)
                0x80020a34                HSMMCSDIsIntClockStable
 .text.HSMMCSDSupportedVoltSet
                0x80020abc       0x5c ../../../../../..//binary/armv7a/gcc/am335x/drivers/Debug/libdrivers.a(hs_mmcsd.o)
                0x80020abc                HSMMCSDSupportedVoltSet
 .text.HSMMCSDDataTimeoutSet
                0x80020b18       0x5c ../../../../../..//binary/armv7a/gcc/am335x/drivers/Debug/libdrivers.a(hs_mmcsd.o)
                0x80020b18                HSMMCSDDataTimeoutSet
 .text.HSMMCSDBusFreqSet
                0x80020b74      0x194 ../../../../../..//binary/armv7a/gcc/am335x/drivers/Debug/libdrivers.a(hs_mmcsd.o)
                0x80020b74                HSMMCSDBusFreqSet
 .text.HSMMCSDInitStreamSend
                0x80020d08       0xa8 ../../../../../..//binary/armv7a/gcc/am335x/drivers/Debug/libdrivers.a(hs_mmcsd.o)
                0x80020d08                HSMMCSDInitStreamSend
 .text.HSMMCSDIntrStatusEnable
                0x80020db0       0x40 ../../../../../..//binary/armv7a/gcc/am335x/drivers/Debug/libdrivers.a(hs_mmcsd.o)
                0x80020db0                HSMMCSDIntrStatusEnable
 .text.HSMMCSDIntrEnable
                0x80020df0       0x50 ../../../../../..//binary/armv7a/gcc/am335x/drivers/Debug/libdrivers.a(hs_mmcsd.o)
                0x80020df0                HSMMCSDIntrEnable
 .text.HSMMCSDIntrStatusGet
                0x80020e40       0x38 ../../../../../..//binary/armv7a/gcc/am335x/drivers/Debug/libdrivers.a(hs_mmcsd.o)
                0x80020e40                HSMMCSDIntrStatusGet
 .text.HSMMCSDIntrStatusClear
                0x80020e78       0x30 ../../../../../..//binary/armv7a/gcc/am335x/drivers/Debug/libdrivers.a(hs_mmcsd.o)
                0x80020e78                HSMMCSDIntrStatusClear
 .text.HSMMCSDIsCmdComplete
                0x80020ea8       0x84 ../../../../../..//binary/armv7a/gcc/am335x/drivers/Debug/libdrivers.a(hs_mmcsd.o)
                0x80020ea8                HSMMCSDIsCmdComplete
 .text.HSMMCSDBlkLenSet
                0x80020f2c       0x64 ../../../../../..//binary/armv7a/gcc/am335x/drivers/Debug/libdrivers.a(hs_mmcsd.o)
                0x80020f2c                HSMMCSDBlkLenSet
 .text.HSMMCSDCommandSend
                0x80020f90       0xc4 ../../../../../..//binary/armv7a/gcc/am335x/drivers/Debug/libdrivers.a(hs_mmcsd.o)
                0x80020f90                HSMMCSDCommandSend
 .text.HSMMCSDResponseGet
                0x80021054       0x70 ../../../../../..//binary/armv7a/gcc/am335x/drivers/Debug/libdrivers.a(hs_mmcsd.o)
                0x80021054                HSMMCSDResponseGet
 .text.HSMMCSDIsCardInserted
                0x800210c4       0x34 ../../../../../..//binary/armv7a/gcc/am335x/drivers/Debug/libdrivers.a(hs_mmcsd.o)
                0x800210c4                HSMMCSDIsCardInserted
 .text.MMCSDContextSave
                0x800210f8       0x98 ../../../../../..//binary/armv7a/gcc/am335x/drivers/Debug/libdrivers.a(hs_mmcsd.o)
                0x800210f8                MMCSDContextSave
 .text.MMCSDContextRestore
                0x80021190       0x98 ../../../../../..//binary/armv7a/gcc/am335x/drivers/Debug/libdrivers.a(hs_mmcsd.o)
                0x80021190                MMCSDContextRestore
 .text.I2CMasterInitExpClk
                0x80021228       0xa4 ../../../../../..//binary/armv7a/gcc/am335x/drivers/Debug/libdrivers.a(hsi2c.o)
                0x80021228                I2CMasterInitExpClk
 .text.I2CMasterEnable
                0x800212cc       0x38 ../../../../../..//binary/armv7a/gcc/am335x/drivers/Debug/libdrivers.a(hsi2c.o)
                0x800212cc                I2CMasterEnable
 .text.I2CMasterDisable
                0x80021304       0x38 ../../../../../..//binary/armv7a/gcc/am335x/drivers/Debug/libdrivers.a(hsi2c.o)
                0x80021304                I2CMasterDisable
 .text.I2CMasterBusBusy
                0x8002133c       0x50 ../../../../../..//binary/armv7a/gcc/am335x/drivers/Debug/libdrivers.a(hsi2c.o)
                0x8002133c                I2CMasterBusBusy
 .text.I2CMasterBusy
                0x8002138c       0x30 ../../../../../..//binary/armv7a/gcc/am335x/drivers/Debug/libdrivers.a(hsi2c.o)
                0x8002138c                I2CMasterBusy
 .text.I2CMasterControl
                0x800213bc       0x34 ../../../../../..//binary/armv7a/gcc/am335x/drivers/Debug/libdrivers.a(hsi2c.o)
                0x800213bc                I2CMasterControl
 .text.I2CMasterStart
                0x800213f0       0x38 ../../../../../..//binary/armv7a/gcc/am335x/drivers/Debug/libdrivers.a(hsi2c.o)
                0x800213f0                I2CMasterStart
 .text.I2CMasterStop
                0x80021428       0x38 ../../../../../..//binary/armv7a/gcc/am335x/drivers/Debug/libdrivers.a(hsi2c.o)
                0x80021428                I2CMasterStop
 .text.I2CMasterIntEnableEx
                0x80021460       0x40 ../../../../../..//binary/armv7a/gcc/am335x/drivers/Debug/libdrivers.a(hsi2c.o)
                0x80021460                I2CMasterIntEnableEx
 .text.I2CMasterIntDisableEx
                0x800214a0       0x30 ../../../../../..//binary/armv7a/gcc/am335x/drivers/Debug/libdrivers.a(hsi2c.o)
                0x800214a0                I2CMasterIntDisableEx
 .text.I2CMasterIntStatus
                0x800214d0       0x2c ../../../../../..//binary/armv7a/gcc/am335x/drivers/Debug/libdrivers.a(hsi2c.o)
                0x800214d0                I2CMasterIntStatus
 .text.I2CMasterIntRawStatus
                0x800214fc       0x2c ../../../../../..//binary/armv7a/gcc/am335x/drivers/Debug/libdrivers.a(hsi2c.o)
                0x800214fc                I2CMasterIntRawStatus
 .text.I2CMasterIntRawStatusEx
                0x80021528       0x38 ../../../../../..//binary/armv7a/gcc/am335x/drivers/Debug/libdrivers.a(hsi2c.o)
                0x80021528                I2CMasterIntRawStatusEx
 .text.I2CMasterIntClearEx
                0x80021560       0x30 ../../../../../..//binary/armv7a/gcc/am335x/drivers/Debug/libdrivers.a(hsi2c.o)
                0x80021560                I2CMasterIntClearEx
 .text.I2CMasterSlaveAddrSet
                0x80021590       0x30 ../../../../../..//binary/armv7a/gcc/am335x/drivers/Debug/libdrivers.a(hsi2c.o)
                0x80021590                I2CMasterSlaveAddrSet
 .text.I2CSetDataCount
                0x800215c0       0x30 ../../../../../..//binary/armv7a/gcc/am335x/drivers/Debug/libdrivers.a(hsi2c.o)
                0x800215c0                I2CSetDataCount
 .text.I2CDataCountGet
                0x800215f0       0x2c ../../../../../..//binary/armv7a/gcc/am335x/drivers/Debug/libdrivers.a(hsi2c.o)
                0x800215f0                I2CDataCountGet
 .text.I2COwnAddressSet
                0x8002161c       0x84 ../../../../../..//binary/armv7a/gcc/am335x/drivers/Debug/libdrivers.a(hsi2c.o)
                0x8002161c                I2COwnAddressSet
 .text.I2CSoftReset
                0x800216a0       0x38 ../../../../../..//binary/armv7a/gcc/am335x/drivers/Debug/libdrivers.a(hsi2c.o)
                0x800216a0                I2CSoftReset
 .text.I2CAutoIdleDisable
                0x800216d8       0x38 ../../../../../..//binary/armv7a/gcc/am335x/drivers/Debug/libdrivers.a(hsi2c.o)
                0x800216d8                I2CAutoIdleDisable
 .text.I2CSystemStatusGet
                0x80021710       0x30 ../../../../../..//binary/armv7a/gcc/am335x/drivers/Debug/libdrivers.a(hsi2c.o)
                0x80021710                I2CSystemStatusGet
 .text.I2CMasterDataPut
                0x80021740       0x34 ../../../../../..//binary/armv7a/gcc/am335x/drivers/Debug/libdrivers.a(hsi2c.o)
                0x80021740                I2CMasterDataPut
 .text.I2CMasterDataGet
                0x80021774       0x34 ../../../../../..//binary/armv7a/gcc/am335x/drivers/Debug/libdrivers.a(hsi2c.o)
                0x80021774                I2CMasterDataGet
 .text.MBresetMailbox
                0x800217a8       0x48 ../../../../../..//binary/armv7a/gcc/am335x/drivers/Debug/libdrivers.a(mailbox.o)
                0x800217a8                MBresetMailbox
 .text.MBconfigIdleMode
                0x800217f0       0x34 ../../../../../..//binary/armv7a/gcc/am335x/drivers/Debug/libdrivers.a(mailbox.o)
                0x800217f0                MBconfigIdleMode
 .text.MBgetMessage
                0x80021824       0x78 ../../../../../..//binary/armv7a/gcc/am335x/drivers/Debug/libdrivers.a(mailbox.o)
                0x80021824                MBgetMessage
 .text.MBsendMessage
                0x8002189c       0x94 ../../../../../..//binary/armv7a/gcc/am335x/drivers/Debug/libdrivers.a(mailbox.o)
                0x8002189c                MBsendMessage
 .text.MBenableNewMsgInt
                0x80021930       0x58 ../../../../../..//binary/armv7a/gcc/am335x/drivers/Debug/libdrivers.a(mailbox.o)
                0x80021930                MBenableNewMsgInt
 .text.MBclrNewMsgStatus
                0x80021988       0x58 ../../../../../..//binary/armv7a/gcc/am335x/drivers/Debug/libdrivers.a(mailbox.o)
                0x80021988                MBclrNewMsgStatus
 .text.MDIOPhyRegRead
                0x800219e0       0xc4 ../../../../../..//binary/armv7a/gcc/am335x/drivers/Debug/libdrivers.a(mdio.o)
                0x800219e0                MDIOPhyRegRead
 .text.MDIOPhyRegWrite
                0x80021aa4       0x8c ../../../../../..//binary/armv7a/gcc/am335x/drivers/Debug/libdrivers.a(mdio.o)
                0x80021aa4                MDIOPhyRegWrite
 .text.MDIOPhyAliveStatusGet
                0x80021b30       0x2c ../../../../../..//binary/armv7a/gcc/am335x/drivers/Debug/libdrivers.a(mdio.o)
                0x80021b30                MDIOPhyAliveStatusGet
 .text.MDIOInit
                0x80021b5c       0x64 ../../../../../..//binary/armv7a/gcc/am335x/drivers/Debug/libdrivers.a(mdio.o)
                0x80021b5c                MDIOInit
 .text.MDIOContextSave
                0x80021bc0       0x34 ../../../../../..//binary/armv7a/gcc/am335x/drivers/Debug/libdrivers.a(mdio.o)
                0x80021bc0                MDIOContextSave
 .text.MDIOContextRestore
                0x80021bf4       0x34 ../../../../../..//binary/armv7a/gcc/am335x/drivers/Debug/libdrivers.a(mdio.o)
                0x80021bf4                MDIOContextRestore
 .text.PhyAutoNegotiate
                0x80021c28      0x1f4 ../../../../../..//binary/armv7a/gcc/am335x/drivers/Debug/libdrivers.a(phy.o)
                0x80021c28                PhyAutoNegotiate
 .text.PhyAutoNegStatusGet
                0x80021e1c       0x5c ../../../../../..//binary/armv7a/gcc/am335x/drivers/Debug/libdrivers.a(phy.o)
                0x80021e1c                PhyAutoNegStatusGet
 .text.PhyPartnerAbilityGet
                0x80021e78       0x88 ../../../../../..//binary/armv7a/gcc/am335x/drivers/Debug/libdrivers.a(phy.o)
                0x80021e78                PhyPartnerAbilityGet
 .text.PhyLinkStatusGet
                0x80021f00       0x88 ../../../../../..//binary/armv7a/gcc/am335x/drivers/Debug/libdrivers.a(phy.o)
                0x80021f00                PhyLinkStatusGet
 .text.RTCRun   0x80021f88       0x64 ../../../../../..//binary/armv7a/gcc/am335x/drivers/Debug/libdrivers.a(rtc.o)
                0x80021f88                RTCRun
 .text.RTCWriteProtectDisable
                0x80021fec       0x4c ../../../../../..//binary/armv7a/gcc/am335x/drivers/Debug/libdrivers.a(rtc.o)
                0x80021fec                RTCWriteProtectDisable
 .text.RTCIntTimerEnable
                0x80022038       0x7c ../../../../../..//binary/armv7a/gcc/am335x/drivers/Debug/libdrivers.a(rtc.o)
                0x80022038                RTCIntTimerEnable
 .text.RTCEnable
                0x800220b4       0x98 ../../../../../..//binary/armv7a/gcc/am335x/drivers/Debug/libdrivers.a(rtc.o)
                0x800220b4                RTCEnable
 .text.RTCTimeSet
                0x8002214c       0xcc ../../../../../..//binary/armv7a/gcc/am335x/drivers/Debug/libdrivers.a(rtc.o)
                0x8002214c                RTCTimeSet
 .text.RTCTimeGet
                0x80022218       0xcc ../../../../../..//binary/armv7a/gcc/am335x/drivers/Debug/libdrivers.a(rtc.o)
                0x80022218                RTCTimeGet
 .text.RTCCalendarSet
                0x800222e4       0x98 ../../../../../..//binary/armv7a/gcc/am335x/drivers/Debug/libdrivers.a(rtc.o)
                0x800222e4                RTCCalendarSet
 .text.RTCCalendarGet
                0x8002237c       0xa4 ../../../../../..//binary/armv7a/gcc/am335x/drivers/Debug/libdrivers.a(rtc.o)
                0x8002237c                RTCCalendarGet
 .text.RTC32KClkSourceSelect
                0x80022420       0x88 ../../../../../..//binary/armv7a/gcc/am335x/drivers/Debug/libdrivers.a(rtc.o)
                0x80022420                RTC32KClkSourceSelect
 .text.RTC32KClkClockControl
                0x800224a8       0x60 ../../../../../..//binary/armv7a/gcc/am335x/drivers/Debug/libdrivers.a(rtc.o)
                0x800224a8                RTC32KClkClockControl
 .text.UARTOperatingModeSelect
                0x80022508       0x84 ../../../../../..//binary/armv7a/gcc/am335x/drivers/Debug/libdrivers.a(uart_irda_cir.o)
                0x80022508                UARTOperatingModeSelect
 .text.UARTDivisorValCompute
                0x8002258c      0x104 ../../../../../..//binary/armv7a/gcc/am335x/drivers/Debug/libdrivers.a(uart_irda_cir.o)
                0x8002258c                UARTDivisorValCompute
 .text.UARTDivisorLatchWrite
                0x80022690      0x210 ../../../../../..//binary/armv7a/gcc/am335x/drivers/Debug/libdrivers.a(uart_irda_cir.o)
                0x80022690                UARTDivisorLatchWrite
 .text.UARTDivisorLatchDisable
                0x800228a0       0x38 ../../../../../..//binary/armv7a/gcc/am335x/drivers/Debug/libdrivers.a(uart_irda_cir.o)
                0x800228a0                UARTDivisorLatchDisable
 .text.UARTRegConfigModeEnable
                0x800228d8       0x9c ../../../../../..//binary/armv7a/gcc/am335x/drivers/Debug/libdrivers.a(uart_irda_cir.o)
                0x800228d8                UARTRegConfigModeEnable
 .text.UARTBreakCtl
                0x80022974       0x60 ../../../../../..//binary/armv7a/gcc/am335x/drivers/Debug/libdrivers.a(uart_irda_cir.o)
                0x80022974                UARTBreakCtl
 .text.UARTLineCharacConfig
                0x800229d4       0xa4 ../../../../../..//binary/armv7a/gcc/am335x/drivers/Debug/libdrivers.a(uart_irda_cir.o)
                0x800229d4                UARTLineCharacConfig
 .text.UARTFIFOConfig
                0x80022a78      0x480 ../../../../../..//binary/armv7a/gcc/am335x/drivers/Debug/libdrivers.a(uart_irda_cir.o)
                0x80022a78                UARTFIFOConfig
 .text.UARTFIFORegisterWrite
                0x80022ef8       0xc0 ../../../../../..//binary/armv7a/gcc/am335x/drivers/Debug/libdrivers.a(uart_irda_cir.o)
                0x80022ef8                UARTFIFORegisterWrite
 .text.UARTEnhanFuncEnable
                0x80022fb8       0x88 ../../../../../..//binary/armv7a/gcc/am335x/drivers/Debug/libdrivers.a(uart_irda_cir.o)
                0x80022fb8                UARTEnhanFuncEnable
 .text.UARTEnhanFuncBitValRestore
                0x80023040       0x8c ../../../../../..//binary/armv7a/gcc/am335x/drivers/Debug/libdrivers.a(uart_irda_cir.o)
                0x80023040                UARTEnhanFuncBitValRestore
 .text.UARTSubConfigTCRTLRModeEn
                0x800230cc      0x124 ../../../../../..//binary/armv7a/gcc/am335x/drivers/Debug/libdrivers.a(uart_irda_cir.o)
                0x800230cc                UARTSubConfigTCRTLRModeEn
 .text.UARTTCRTLRBitValRestore
                0x800231f0      0x128 ../../../../../..//binary/armv7a/gcc/am335x/drivers/Debug/libdrivers.a(uart_irda_cir.o)
                0x800231f0                UARTTCRTLRBitValRestore
 .text.UARTIntEnable
                0x80023318      0x130 ../../../../../..//binary/armv7a/gcc/am335x/drivers/Debug/libdrivers.a(uart_irda_cir.o)
                0x80023318                UARTIntEnable
 .text.UARTIntDisable
                0x80023448      0x110 ../../../../../..//binary/armv7a/gcc/am335x/drivers/Debug/libdrivers.a(uart_irda_cir.o)
                0x80023448                UARTIntDisable
 .text.UARTCharsAvail
                0x80023558       0x78 ../../../../../..//binary/armv7a/gcc/am335x/drivers/Debug/libdrivers.a(uart_irda_cir.o)
                0x80023558                UARTCharsAvail
 .text.UARTCharPutNonBlocking
                0x800235d0       0x8c ../../../../../..//binary/armv7a/gcc/am335x/drivers/Debug/libdrivers.a(uart_irda_cir.o)
                0x800235d0                UARTCharPutNonBlocking
 .text.UARTCharGetNonBlocking
                0x8002365c       0x80 ../../../../../..//binary/armv7a/gcc/am335x/drivers/Debug/libdrivers.a(uart_irda_cir.o)
                0x8002365c                UARTCharGetNonBlocking
 .text.UARTCharGet
                0x800236dc       0x84 ../../../../../..//binary/armv7a/gcc/am335x/drivers/Debug/libdrivers.a(uart_irda_cir.o)
                0x800236dc                UARTCharGet
 .text.UARTCharPut
                0x80023760       0x78 ../../../../../..//binary/armv7a/gcc/am335x/drivers/Debug/libdrivers.a(uart_irda_cir.o)
                0x80023760                UARTCharPut
 .text.UARTModuleReset
                0x800237d8       0x54 ../../../../../..//binary/armv7a/gcc/am335x/drivers/Debug/libdrivers.a(uart_irda_cir.o)
                0x800237d8                UARTModuleReset
 .text.UARTIdleModeConfigure
                0x8002382c       0x60 ../../../../../..//binary/armv7a/gcc/am335x/drivers/Debug/libdrivers.a(uart_irda_cir.o)
                0x8002382c                UARTIdleModeConfigure
 .text.UARTWakeUpControl
                0x8002388c       0x60 ../../../../../..//binary/armv7a/gcc/am335x/drivers/Debug/libdrivers.a(uart_irda_cir.o)
                0x8002388c                UARTWakeUpControl
 .text.ASCIIToDigit
                0x800238ec       0xe8 ../../../../../..//binary/armv7a/gcc/utils/Debug/libutils.a(ascii.o)
                0x800238ec                ASCIIToDigit
 .text.DigitToASCII
                0x800239d4       0xb8 ../../../../../..//binary/armv7a/gcc/utils/Debug/libutils.a(ascii.o)
                0x800239d4                DigitToASCII
 .text.TimeToStr
                0x80023a8c      0x18c ../../../../../..//binary/armv7a/gcc/utils/Debug/libutils.a(ascii.o)
                0x80023a8c                TimeToStr
 .text.DateToStr
                0x80023c18      0x18c ../../../../../..//binary/armv7a/gcc/utils/Debug/libutils.a(ascii.o)
                0x80023c18                DateToStr
 .text.BoardVersionGet
                0x80023da4       0x20 ../../../../../..//binary/armv7a/gcc/utils/Debug/libutils.a(board.o)
                0x80023da4                BoardVersionGet
 .text.BoardNameGet
                0x80023dc4       0x20 ../../../../../..//binary/armv7a/gcc/utils/Debug/libutils.a(board.o)
                0x80023dc4                BoardNameGet
 .text.BoardInfoInit
                0x80023de4      0x154 ../../../../../..//binary/armv7a/gcc/utils/Debug/libutils.a(board.o)
                0x80023de4                BoardInfoInit
 .text.CmdLineProcess
                0x80023f38      0x158 ../../../../../..//binary/armv7a/gcc/utils/Debug/libutils.a(cmdline.o)
                0x80023f38                CmdLineProcess
 .text.ConsoleUtilsInit
                0x80024090       0x18 ../../../../../..//binary/armv7a/gcc/utils/Debug/libutils.a(consoleUtils.o)
                0x80024090                ConsoleUtilsInit
 .text.ConsoleUtilsSetType
                0x800240a8       0x54 ../../../../../..//binary/armv7a/gcc/utils/Debug/libutils.a(consoleUtils.o)
                0x800240a8                ConsoleUtilsSetType
 .text.ConsoleUtilsPrintf
                0x800240fc       0x6c ../../../../../..//binary/armv7a/gcc/utils/Debug/libutils.a(consoleUtils.o)
                0x800240fc                ConsoleUtilsPrintf
 .text.ConsoleUtilsScanf
                0x80024168       0x80 ../../../../../..//binary/armv7a/gcc/utils/Debug/libutils.a(consoleUtils.o)
                0x80024168                ConsoleUtilsScanf
 .text.DelayTimerSetup
                0x800241e8       0x18 ../../../../../..//binary/armv7a/gcc/utils/Debug/libutils.a(delay.o)
                0x800241e8                DelayTimerSetup
 .text.delay    0x80024200       0x28 ../../../../../..//binary/armv7a/gcc/utils/Debug/libutils.a(delay.o)
                0x80024200                delay
 .text.UARTStdioInit
                0x80024228       0x18 ../../../../../..//binary/armv7a/gcc/utils/Debug/libutils.a(uartStdio.o)
                0x80024228                UARTStdioInit
 .text.UARTStdioRead
                0x80024240       0xd0 ../../../../../..//binary/armv7a/gcc/utils/Debug/libutils.a(uartStdio.o)
 .text.UARTPuts
                0x80024310       0xec ../../../../../..//binary/armv7a/gcc/utils/Debug/libutils.a(uartStdio.o)
                0x80024310                UARTPuts
 .text.UARTPutc
                0x800243fc       0x30 ../../../../../..//binary/armv7a/gcc/utils/Debug/libutils.a(uartStdio.o)
                0x800243fc                UARTPutc
 .text.UARTGetc
                0x8002442c       0x20 ../../../../../..//binary/armv7a/gcc/utils/Debug/libutils.a(uartStdio.o)
                0x8002442c                UARTGetc
 .text.UARTwrite
                0x8002444c       0x94 ../../../../../..//binary/armv7a/gcc/utils/Debug/libutils.a(uartStdio.o)
                0x8002444c                UARTwrite
 .text.UARTScanf
                0x800244e0      0xa68 ../../../../../..//binary/armv7a/gcc/utils/Debug/libutils.a(uartStdio.o)
                0x800244e0                UARTScanf
 .text.UARTPrintf
                0x80024f48      0x6ac ../../../../../..//binary/armv7a/gcc/utils/Debug/libutils.a(uartStdio.o)
                0x80024f48                UARTPrintf
 .text.BoardInfoCheck
                0x800255f4      0x12c ../../../../../..//binary/armv7a/gcc/am335x/beaglebone/platform/Debug/libplatform.a(board.o)
                0x800255f4                BoardInfoCheck
 .text.CPSWPinMuxSetup
                0x80025720      0x124 ../../../../../..//binary/armv7a/gcc/am335x/beaglebone/platform/Debug/libplatform.a(cpsw.o)
                0x80025720                CPSWPinMuxSetup
 .text.CPSWClkEnable
                0x80025844       0x6c ../../../../../..//binary/armv7a/gcc/am335x/beaglebone/platform/Debug/libplatform.a(cpsw.o)
                0x80025844                CPSWClkEnable
 .text.EVMPortMIIModeSelect
                0x800258b0       0x24 ../../../../../..//binary/armv7a/gcc/am335x/beaglebone/platform/Debug/libplatform.a(cpsw.o)
                0x800258b0                EVMPortMIIModeSelect
 .text.EVMMACAddrGet
                0x800258d4      0x11c ../../../../../..//binary/armv7a/gcc/am335x/beaglebone/platform/Debug/libplatform.a(cpsw.o)
                0x800258d4                EVMMACAddrGet
 .text.ControlRegContextSave
                0x800259f0       0x90 ../../../../../..//binary/armv7a/gcc/am335x/beaglebone/platform/Debug/libplatform.a(ctlregcontext.o)
                0x800259f0                ControlRegContextSave
 .text.ControlRegContextRestore
                0x80025a80       0x90 ../../../../../..//binary/armv7a/gcc/am335x/beaglebone/platform/Debug/libplatform.a(ctlregcontext.o)
                0x80025a80                ControlRegContextRestore
 .text.IOPadContextSave
                0x80025b10       0x58 ../../../../../..//binary/armv7a/gcc/am335x/beaglebone/platform/Debug/libplatform.a(ctlregcontext.o)
                0x80025b10                IOPadContextSave
 .text.IOPadContextRestore
                0x80025b68       0x58 ../../../../../..//binary/armv7a/gcc/am335x/beaglebone/platform/Debug/libplatform.a(ctlregcontext.o)
                0x80025b68                IOPadContextRestore
 .text.IOPadConfigure
                0x80025bc0       0x4c ../../../../../..//binary/armv7a/gcc/am335x/beaglebone/platform/Debug/libplatform.a(ctlregcontext.o)
                0x80025bc0                IOPadConfigure
 .text.IOPadSel
                0x80025c0c       0x8c ../../../../../..//binary/armv7a/gcc/am335x/beaglebone/platform/Debug/libplatform.a(ctlregcontext.o)
                0x80025c0c                IOPadSel
 .text.IOPadSelConfigure
                0x80025c98       0x90 ../../../../../..//binary/armv7a/gcc/am335x/beaglebone/platform/Debug/libplatform.a(ctlregcontext.o)
                0x80025c98                IOPadSelConfigure
 .text.DMTimer3ModuleClkConfig
                0x80025d28      0x260 ../../../../../..//binary/armv7a/gcc/am335x/beaglebone/platform/Debug/libplatform.a(dmtimer.o)
                0x80025d28                DMTimer3ModuleClkConfig
 .text.DMTimer2ModuleClkConfig
                0x80025f88      0x260 ../../../../../..//binary/armv7a/gcc/am335x/beaglebone/platform/Debug/libplatform.a(dmtimer.o)
                0x80025f88                DMTimer2ModuleClkConfig
 .text.DMTimer4ModuleClkConfig
                0x800261e8      0x268 ../../../../../..//binary/armv7a/gcc/am335x/beaglebone/platform/Debug/libplatform.a(dmtimer.o)
                0x800261e8                DMTimer4ModuleClkConfig
 .text.DMTimer6ModuleClkConfig
                0x80026450       0xc4 ../../../../../..//binary/armv7a/gcc/am335x/beaglebone/platform/Debug/libplatform.a(dmtimer.o)
                0x80026450                DMTimer6ModuleClkConfig
 .text.DMTimer7ModuleClkConfig
                0x80026514      0x260 ../../../../../..//binary/armv7a/gcc/am335x/beaglebone/platform/Debug/libplatform.a(dmtimer.o)
                0x80026514                DMTimer7ModuleClkConfig
 .text.DMTimer1msModuleClkConfig
                0x80026774       0xd8 ../../../../../..//binary/armv7a/gcc/am335x/beaglebone/platform/Debug/libplatform.a(dmtimer.o)
                0x80026774                DMTimer1msModuleClkConfig
 .text.EDMAVersionGet
                0x8002684c       0x1c ../../../../../..//binary/armv7a/gcc/am335x/beaglebone/platform/Debug/libplatform.a(edma.o)
                0x8002684c                EDMAVersionGet
 .text.EDMAModuleClkConfig
                0x80026868      0x1e8 ../../../../../..//binary/armv7a/gcc/am335x/beaglebone/platform/Debug/libplatform.a(edma.o)
                0x80026868                EDMAModuleClkConfig
 .text.EEPROMI2CSetUp
                0x80026a50       0xec ../../../../../..//binary/armv7a/gcc/am335x/beaglebone/platform/Debug/libplatform.a(eeprom.o)
                0x80026a50                EEPROMI2CSetUp
 .text.EEPROMI2CRead
                0x80026b3c      0x294 ../../../../../..//binary/armv7a/gcc/am335x/beaglebone/platform/Debug/libplatform.a(eeprom.o)
                0x80026b3c                EEPROMI2CRead
 .text.StatusClear
                0x80026dd0       0x24 ../../../../../..//binary/armv7a/gcc/am335x/beaglebone/platform/Debug/libplatform.a(eeprom.o)
 .text.I2C0PinMux
                0x80026df4       0x34 ../../../../../..//binary/armv7a/gcc/am335x/beaglebone/platform/Debug/libplatform.a(eeprom.o)
 .text.BoardInfoRead
                0x80026e28       0x40 ../../../../../..//binary/armv7a/gcc/am335x/beaglebone/platform/Debug/libplatform.a(eeprom.o)
                0x80026e28                BoardInfoRead
 .text.GPIO1Pin23PinMuxSetup
                0x80026e68       0x24 ../../../../../..//binary/armv7a/gcc/am335x/beaglebone/platform/Debug/libplatform.a(gpio.o)
                0x80026e68                GPIO1Pin23PinMuxSetup
 .text.GPIO0ModuleClkConfig
                0x80026e8c      0x148 ../../../../../..//binary/armv7a/gcc/am335x/beaglebone/platform/Debug/libplatform.a(gpio.o)
                0x80026e8c                GPIO0ModuleClkConfig
 .text.GPIO1ModuleClkConfig
                0x80026fd4       0xbc ../../../../../..//binary/armv7a/gcc/am335x/beaglebone/platform/Debug/libplatform.a(gpio.o)
                0x80026fd4                GPIO1ModuleClkConfig
 .text.GpioPinMuxSetup
                0x80027090       0x34 ../../../../../..//binary/armv7a/gcc/am335x/beaglebone/platform/Debug/libplatform.a(gpio.o)
                0x80027090                GpioPinMuxSetup
 .text.HSMMCSDPinMuxSetup
                0x800270c4       0x84 ../../../../../..//binary/armv7a/gcc/am335x/beaglebone/platform/Debug/libplatform.a(hs_mmcsd.o)
                0x800270c4                HSMMCSDPinMuxSetup
 .text.HSMMCSDModuleClkConfig
                0x80027148       0x4c ../../../../../..//binary/armv7a/gcc/am335x/beaglebone/platform/Debug/libplatform.a(hs_mmcsd.o)
                0x80027148                HSMMCSDModuleClkConfig
 .text.I2CPinMuxSetup
                0x80027194       0x78 ../../../../../..//binary/armv7a/gcc/am335x/beaglebone/platform/Debug/libplatform.a(hsi2c.o)
                0x80027194                I2CPinMuxSetup
 .text.I2C0ModuleClkConfig
                0x8002720c      0x35c ../../../../../..//binary/armv7a/gcc/am335x/beaglebone/platform/Debug/libplatform.a(hsi2c.o)
                0x8002720c                I2C0ModuleClkConfig
 .text.RtcVersionGet
                0x80027568       0x1c ../../../../../..//binary/armv7a/gcc/am335x/beaglebone/platform/Debug/libplatform.a(rtc.o)
                0x80027568                RtcVersionGet
 .text.RTCModuleClkConfig
                0x80027584      0x3b0 ../../../../../..//binary/armv7a/gcc/am335x/beaglebone/platform/Debug/libplatform.a(rtc.o)
                0x80027584                RTCModuleClkConfig
 .text.SysDelayTimerSetup
                0x80027934       0x88 ../../../../../..//binary/armv7a/gcc/am335x/beaglebone/platform/Debug/libplatform.a(sysdelay.o)
                0x80027934                SysDelayTimerSetup
 .text.Sysdelay
                0x800279bc       0xb0 ../../../../../..//binary/armv7a/gcc/am335x/beaglebone/platform/Debug/libplatform.a(sysdelay.o)
                0x800279bc                Sysdelay
 .text.DMTimerIsr
                0x80027a6c       0x48 ../../../../../..//binary/armv7a/gcc/am335x/beaglebone/platform/Debug/libplatform.a(sysdelay.o)
 .text.UARTStdioInitExpClk
                0x80027ab4       0xd0 ../../../../../..//binary/armv7a/gcc/am335x/beaglebone/platform/Debug/libplatform.a(uartConsole.o)
 .text.UartFIFOConfigure
                0x80027b84       0x64 ../../../../../..//binary/armv7a/gcc/am335x/beaglebone/platform/Debug/libplatform.a(uartConsole.o)
 .text.UartBaudRateSet
                0x80027be8       0x5c ../../../../../..//binary/armv7a/gcc/am335x/beaglebone/platform/Debug/libplatform.a(uartConsole.o)
 .text.UARTConsoleInit
                0x80027c44       0x44 ../../../../../..//binary/armv7a/gcc/am335x/beaglebone/platform/Debug/libplatform.a(uartConsole.o)
                0x80027c44                UARTConsoleInit
 .text.UARTConsolePutc
                0x80027c88       0x38 ../../../../../..//binary/armv7a/gcc/am335x/beaglebone/platform/Debug/libplatform.a(uartConsole.o)
                0x80027c88                UARTConsolePutc
 .text.UARTConsoleGetc
                0x80027cc0       0x2c ../../../../../..//binary/armv7a/gcc/am335x/beaglebone/platform/Debug/libplatform.a(uartConsole.o)
                0x80027cc0                UARTConsoleGetc
 .text.UARTPinMuxSetup
                0x80027cec       0x48 ../../../../../..//binary/armv7a/gcc/am335x/beaglebone/platform/Debug/libplatform.a(uart.o)
                0x80027cec                UARTPinMuxSetup
 .text.UART0ModuleClkConfig
                0x80027d34      0x35c ../../../../../..//binary/armv7a/gcc/am335x/beaglebone/platform/Debug/libplatform.a(uart.o)
                0x80027d34                UART0ModuleClkConfig
 .text.HSMMCSDCardPresent
                0x80028090       0x38 ../../../../../..//binary/armv7a/gcc/mmcsdlib/Debug/libmmcsd.a(hs_mmcsdlib.o)
                0x80028090                HSMMCSDCardPresent
 .text.HSMMCSDIntEnable
                0x800280c8       0x3c ../../../../../..//binary/armv7a/gcc/mmcsdlib/Debug/libmmcsd.a(hs_mmcsdlib.o)
                0x800280c8                HSMMCSDIntEnable
 .text.HSMMCSDControllerInit
                0x80028104      0x1c4 ../../../../../..//binary/armv7a/gcc/mmcsdlib/Debug/libmmcsd.a(hs_mmcsdlib.o)
                0x80028104                HSMMCSDControllerInit
 .text.HSMMCSDCmdSend
                0x800282c8      0x258 ../../../../../..//binary/armv7a/gcc/mmcsdlib/Debug/libmmcsd.a(hs_mmcsdlib.o)
                0x800282c8                HSMMCSDCmdSend
 .text.HSMMCSDBusWidthConfig
                0x80028520       0x64 ../../../../../..//binary/armv7a/gcc/mmcsdlib/Debug/libmmcsd.a(hs_mmcsdlib.o)
                0x80028520                HSMMCSDBusWidthConfig
 .text.HSMMCSDBusFreqConfig
                0x80028584       0x50 ../../../../../..//binary/armv7a/gcc/mmcsdlib/Debug/libmmcsd.a(hs_mmcsdlib.o)
                0x80028584                HSMMCSDBusFreqConfig
 .text.MMCSDCmdSend
                0x800285d4       0x38 ../../../../../..//binary/armv7a/gcc/mmcsdlib/Debug/libmmcsd.a(mmcsd_proto.o)
                0x800285d4                MMCSDCmdSend
 .text.MMCSDAppCmdSend
                0x8002860c       0x98 ../../../../../..//binary/armv7a/gcc/mmcsdlib/Debug/libmmcsd.a(mmcsd_proto.o)
                0x8002860c                MMCSDAppCmdSend
 .text.MMCSDBusWidthSet
                0x800286a4       0xe8 ../../../../../..//binary/armv7a/gcc/mmcsdlib/Debug/libmmcsd.a(mmcsd_proto.o)
                0x800286a4                MMCSDBusWidthSet
 .text.MMCSDTranSpeedSet
                0x8002878c      0x1ac ../../../../../..//binary/armv7a/gcc/mmcsdlib/Debug/libmmcsd.a(mmcsd_proto.o)
                0x8002878c                MMCSDTranSpeedSet
 .text.MMCSDCardReset
                0x80028938       0x5c ../../../../../..//binary/armv7a/gcc/mmcsdlib/Debug/libmmcsd.a(mmcsd_proto.o)
                0x80028938                MMCSDCardReset
 .text.MMCSDStopCmdSend
                0x80028994       0x6c ../../../../../..//binary/armv7a/gcc/mmcsdlib/Debug/libmmcsd.a(mmcsd_proto.o)
                0x80028994                MMCSDStopCmdSend
 .text.MMCSDCardTypeCheck
                0x80028a00       0x54 ../../../../../..//binary/armv7a/gcc/mmcsdlib/Debug/libmmcsd.a(mmcsd_proto.o)
                0x80028a00                MMCSDCardTypeCheck
 .text.MMCSDCtrlInit
                0x80028a54       0x30 ../../../../../..//binary/armv7a/gcc/mmcsdlib/Debug/libmmcsd.a(mmcsd_proto.o)
                0x80028a54                MMCSDCtrlInit
 .text.MMCSDIntEnable
                0x80028a84       0x2c ../../../../../..//binary/armv7a/gcc/mmcsdlib/Debug/libmmcsd.a(mmcsd_proto.o)
                0x80028a84                MMCSDIntEnable
 .text.MMCSDCardInit
                0x80028ab0      0x784 ../../../../../..//binary/armv7a/gcc/mmcsdlib/Debug/libmmcsd.a(mmcsd_proto.o)
                0x80028ab0                MMCSDCardInit
 .text.MMCSDWriteCmdSend
                0x80029234      0x184 ../../../../../..//binary/armv7a/gcc/mmcsdlib/Debug/libmmcsd.a(mmcsd_proto.o)
                0x80029234                MMCSDWriteCmdSend
 .text.MMCSDReadCmdSend
                0x800293b8      0x184 ../../../../../..//binary/armv7a/gcc/mmcsdlib/Debug/libmmcsd.a(mmcsd_proto.o)
                0x800293b8                MMCSDReadCmdSend
 .text.CacheDisable
                0x8002953c       0x7c ../../../../../..//binary/armv7a/gcc/am335x/system_config/Debug/libsystem_config.a(cache.o)
                0x8002953c                CacheDisable
 .text.CacheEnable
                0x800295b8       0x94 ../../../../../..//binary/armv7a/gcc/am335x/system_config/Debug/libsystem_config.a(cache.o)
                0x800295b8                CacheEnable
 .text.CacheDataCleanBuff
                0x8002964c       0x30 ../../../../../..//binary/armv7a/gcc/am335x/system_config/Debug/libsystem_config.a(cache.o)
                0x8002964c                CacheDataCleanBuff
 .text.CacheDataInvalidateBuff
                0x8002967c       0x30 ../../../../../..//binary/armv7a/gcc/am335x/system_config/Debug/libsystem_config.a(cache.o)
                0x8002967c                CacheDataInvalidateBuff
 .text.setDividerAutoGateCtrl
                0x800296ac       0x50 ../../../../../..//binary/armv7a/gcc/am335x/system_config/Debug/libsystem_config.a(clock.o)
 .text.setDividerAutoPDCtrl
                0x800296fc       0x60 ../../../../../..//binary/armv7a/gcc/am335x/system_config/Debug/libsystem_config.a(clock.o)
 .text.updateClockDivider
                0x8002975c       0x5c ../../../../../..//binary/armv7a/gcc/am335x/system_config/Debug/libsystem_config.a(clock.o)
 .text.configClkDiv
                0x800297b8       0x50 ../../../../../..//binary/armv7a/gcc/am335x/system_config/Debug/libsystem_config.a(clock.o)
 .text.configADPLLAutoIdleCtrl
                0x80029808       0x30 ../../../../../..//binary/armv7a/gcc/am335x/system_config/Debug/libsystem_config.a(clock.o)
 .text.setBypassClockSource
                0x80029838       0x50 ../../../../../..//binary/armv7a/gcc/am335x/system_config/Debug/libsystem_config.a(clock.o)
 .text.setClkMultDiv
                0x80029888       0xe4 ../../../../../..//binary/armv7a/gcc/am335x/system_config/Debug/libsystem_config.a(clock.o)
 .text.setLPBypassMode
                0x8002996c      0x100 ../../../../../..//binary/armv7a/gcc/am335x/system_config/Debug/libsystem_config.a(clock.o)
                0x8002996c                setLPBypassMode
 .text.setRelockRampCtrl
                0x80029a6c       0x50 ../../../../../..//binary/armv7a/gcc/am335x/system_config/Debug/libsystem_config.a(clock.o)
 .text.configADPLL