Archive member included because of file (symbol)

../../../../../..//binary/armv7a/gcc/am335x/drivers/Debug/libdrivers.a(cpsw.o)
                              Debug/demoEnet.o (CPSWSSReset)
../../../../../..//binary/armv7a/gcc/am335x/drivers/Debug/libdrivers.a(dmtimer.o)
                              Debug/demoTimer.o (DMTimerEnable)
../../../../../..//binary/armv7a/gcc/am335x/drivers/Debug/libdrivers.a(edma.o)
                              Debug/demoSdRw.o (EDMA3Init)
../../../../../..//binary/armv7a/gcc/am335x/drivers/Debug/libdrivers.a(gpio_v2.o)
                              Debug/demoLedIf.o (GPIOModuleReset)
../../../../../..//binary/armv7a/gcc/am335x/drivers/Debug/libdrivers.a(gpmc.o)
                              Debug/demoPwrMgmnt.o (GPMCIdleModeSelect)
../../../../../..//binary/armv7a/gcc/am335x/drivers/Debug/libdrivers.a(hs_mmcsd.o)
                              Debug/demoPwrMgmnt.o (HSMMCSDSystemConfig)
../../../../../..//binary/armv7a/gcc/am335x/drivers/Debug/libdrivers.a(hsi2c.o)
                              Debug/demoI2c.o (I2CMasterInitExpClk)
../../../../../..//binary/armv7a/gcc/am335x/drivers/Debug/libdrivers.a(mailbox.o)
                              Debug/cm3wkup_proxy.o (MBresetMailbox)
../../../../../..//binary/armv7a/gcc/am335x/drivers/Debug/libdrivers.a(mdio.o)
                              Debug/lwiplib.o (MDIOPhyAliveStatusGet)
../../../../../..//binary/armv7a/gcc/am335x/drivers/Debug/libdrivers.a(phy.o)
                              Debug/lwiplib.o (PhyReset)
../../../../../..//binary/armv7a/gcc/am335x/drivers/Debug/libdrivers.a(rtc.o)
                              Debug/demoRtc.o (RTCRun)
../../../../../..//binary/armv7a/gcc/am335x/drivers/Debug/libdrivers.a(uart_irda_cir.o)
                              Debug/demoUart.o (UARTIntEnable)
../../../../../..//binary/armv7a/gcc/utils/Debug/libutils.a(ascii.o)
                              Debug/demoRtc.o (TimeToStr)
../../../../../..//binary/armv7a/gcc/utils/Debug/libutils.a(board.o)
                              Debug/demoMain.o (BoardVersionGet)
../../../../../..//binary/armv7a/gcc/utils/Debug/libutils.a(cmdline.o)
                              Debug/demoSdFs.o (CmdLineProcess)
../../../../../..//binary/armv7a/gcc/utils/Debug/libutils.a(consoleUtils.o)
                              Debug/demoMain.o (ConsoleUtilsInit)
../../../../../..//binary/armv7a/gcc/utils/Debug/libutils.a(delay.o)
                              Debug/demoMain.o (DelayTimerSetup)
../../../../../..//binary/armv7a/gcc/utils/Debug/libutils.a(uartStdio.o)
                              ../../../../../..//binary/armv7a/gcc/utils/Debug/libutils.a(consoleUtils.o) (UARTStdioInit)
../../../../../..//binary/armv7a/gcc/am335x/beaglebone/platform/Debug/libplatform.a(board.o)
                              ../../../../../..//binary/armv7a/gcc/utils/Debug/libutils.a(board.o) (BoardInfoCheck)
../../../../../..//binary/armv7a/gcc/am335x/beaglebone/platform/Debug/libplatform.a(cpsw.o)
                              Debug/demoEnet.o (EVMPortMIIModeSelect)
../../../../../..//binary/armv7a/gcc/am335x/beaglebone/platform/Debug/libplatform.a(ctlregcontext.o)
                              Debug/demoPwrMgmnt.o (ControlRegContextSave)
../../../../../..//binary/armv7a/gcc/am335x/beaglebone/platform/Debug/libplatform.a(dmtimer.o)
                              Debug/demoMain.o (DMTimer2ModuleClkConfig)
../../../../../..//binary/armv7a/gcc/am335x/beaglebone/platform/Debug/libplatform.a(edma.o)
                              ../../../../../..//binary/armv7a/gcc/am335x/drivers/Debug/libdrivers.a(edma.o) (EDMAVersionGet)
../../../../../..//binary/armv7a/gcc/am335x/beaglebone/platform/Debug/libplatform.a(eeprom.o)
                              ../../../../../..//binary/armv7a/gcc/utils/Debug/libutils.a(board.o) (BoardInfoRead)
../../../../../..//binary/armv7a/gcc/am335x/beaglebone/platform/Debug/libplatform.a(gpio.o)
                              Debug/demoMain.o (GPIO1Pin23PinMuxSetup)
../../../../../..//binary/armv7a/gcc/am335x/beaglebone/platform/Debug/libplatform.a(hs_mmcsd.o)
                              Debug/demoPwrMgmnt.o (HSMMCSDModuleClkConfig)
../../../../../..//binary/armv7a/gcc/am335x/beaglebone/platform/Debug/libplatform.a(hsi2c.o)
                              ../../../../../..//binary/armv7a/gcc/am335x/beaglebone/platform/Debug/libplatform.a(eeprom.o) (I2C0ModuleClkConfig)
../../../../../..//binary/armv7a/gcc/am335x/beaglebone/platform/Debug/libplatform.a(rtc.o)
                              ../../../../../..//binary/armv7a/gcc/am335x/drivers/Debug/libdrivers.a(rtc.o) (RtcVersionGet)
../../../../../..//binary/armv7a/gcc/am335x/beaglebone/platform/Debug/libplatform.a(sysdelay.o)
                              ../../../../../..//binary/armv7a/gcc/utils/Debug/libutils.a(delay.o) (SysDelayTimerSetup)
../../../../../..//binary/armv7a/gcc/am335x/beaglebone/platform/Debug/libplatform.a(uartConsole.o)
[...]
Memory Configuration

Name             Origin             Length             Attributes
OCMC             0x40300000         0x0000ffff
DDR0             0x80000000         0x10000000
*default*        0x00000000         0xffffffff

Linker script and memory map

LOAD Debug/am335x_clock_data.o
LOAD Debug/cm3wkup_proxy.o
LOAD Debug/demoDvfs.o
LOAD Debug/demoEnet.o
LOAD Debug/demoGpio.o
LOAD Debug/demoI2c.o
LOAD Debug/demoLedIf.o
LOAD Debug/demoMain.o
LOAD Debug/demoPwrMgmnt.o
LOAD Debug/demoRtc.o
LOAD Debug/demoSdFs.o
LOAD Debug/demoSdRw.o
LOAD Debug/demoTimer.o
LOAD Debug/demoUart.o
LOAD Debug/fat_mmcsd.o
LOAD Debug/ff.o
LOAD Debug/httpd_io.o
LOAD Debug/lwiplib.o
LOAD Debug/pmic.o
LOAD Debug/slpWkup_gcc.o
LOAD ../../../../../..//binary/armv7a/gcc/am335x/drivers/Debug/libdrivers.a
LOAD ../../../../../..//binary/armv7a/gcc/utils/Debug/libutils.a
LOAD ../../../../../..//binary/armv7a/gcc/am335x/beaglebone/platform/Debug/libplatform.a
LOAD ../../../../../..//binary/armv7a/gcc/mmcsdlib/Debug/libmmcsd.a
LOAD ../../../../../..//binary/armv7a/gcc/am335x/system_config/Debug/libsystem_config.a
LOAD /home/sungjae/gcc-arm-none-eabi-4_7-2012q4//arm-none-eabi/lib//libc.a
LOAD /home/sungjae/gcc-arm-none-eabi-4_7-2012q4//lib/gcc/arm-none-eabi/4.7.3//libgcc.a
LOAD ../../../../../..//binary/armv7a/gcc/am335x/drivers/Debug/libdrivers.a
LOAD ../../../../../..//binary/armv7a/gcc/utils/Debug/libutils.a
LOAD ../../../../../..//binary/armv7a/gcc/am335x/beaglebone/platform/Debug/libplatform.a
LOAD ../../../../../..//binary/armv7a/gcc/mmcsdlib/Debug/libmmcsd.a
LOAD ../../../../../..//binary/armv7a/gcc/am335x/system_config/Debug/libsystem_config.a
LOAD /home/sungjae/gcc-arm-none-eabi-4_7-2012q4//arm-none-eabi/lib//libc.a
LOAD /home/sungjae/gcc-arm-none-eabi-4_7-2012q4//lib/gcc/arm-none-eabi/4.7.3//libgcc.a

.startcode      0x80000000       0xb4
                0x80000000                . = ALIGN (0x4)
 *init.o(.text)
 .text          0x80000000       0xb4 ../../../../../..//binary/armv7a/gcc/am335x/system_config/Debug/libsystem_config.a(init.o)
                0x80000000                Entry

.text           0x800000b4    0x4dec4
                0x800000b4                . = ALIGN (0x4)
 *(.text*)
 .text.configIPCRegs
                0x800000b4       0x8c Debug/cm3wkup_proxy.o
                0x800000b4                configIPCRegs
 .text.readCmdStatus
                0x80000140       0x2c Debug/cm3wkup_proxy.o
                0x80000140                readCmdStatus
 .text.readCM3FWVersion
                0x8000016c       0x28 Debug/cm3wkup_proxy.o
                0x8000016c                readCM3FWVersion
 .text.CM3EventsClear
                0x80000194       0x4c Debug/cm3wkup_proxy.o
                0x80000194                CM3EventsClear
 .text.CM3Isr   0x800001e0       0x28 Debug/cm3wkup_proxy.o
 .text.CM3IntRegister
                0x80000208       0x24 Debug/cm3wkup_proxy.o
                0x80000208                CM3IntRegister
 .text.CM3LoadAndRun
                0x8000022c       0x5c Debug/cm3wkup_proxy.o
                0x8000022c                CM3LoadAndRun
 .text.waitForM3Txevent
                0x80000288       0xa4 Debug/cm3wkup_proxy.o
                0x80000288                waitForM3Txevent
 .text.initializeMailbox
                0x8000032c       0x80 Debug/cm3wkup_proxy.o
                0x8000032c                initializeMailbox
 .text.MailBoxInit
                0x800003ac       0x20 Debug/cm3wkup_proxy.o
                0x800003ac                MailBoxInit
 .text.generateMailboxInt
                0x800003cc       0x34 Debug/cm3wkup_proxy.o
                0x800003cc                generateMailboxInt
 .text.clearMailboxMsg
                0x80000400       0x50 Debug/cm3wkup_proxy.o
                0x80000400                clearMailboxMsg
 .text.syncCm3  0x80000450       0x38 Debug/cm3wkup_proxy.o
                0x80000450                syncCm3
 .text.VddVoltageGet
                0x80000488       0xdc Debug/demoDvfs.o
                0x80000488                VddVoltageGet
 .text.FrequencyGet
                0x80000564       0xdc Debug/demoDvfs.o
                0x80000564                FrequencyGet
 .text.ConfigMinimumOPP
                0x80000640       0x90 Debug/demoDvfs.o
                0x80000640                ConfigMinimumOPP
 .text.ConfigMaximumOPP
                0x800006d0       0x90 Debug/demoDvfs.o
                0x800006d0                ConfigMaximumOPP
 .text.DemoMpuPllConfig
                0x80000760      0x140 Debug/demoDvfs.o
                0x80000760                DemoMpuPllConfig
 .text.PrintConfigDVFS
                0x800008a0      0x124 Debug/demoDvfs.o
                0x800008a0                PrintConfigDVFS
 .text.EnetIntRegister
                0x800009c4       0x6c Debug/demoEnet.o
                0x800009c4                EnetIntRegister
 .text.EnetIfIsUp
                0x80000a30       0x28 Debug/demoEnet.o
                0x80000a30                EnetIfIsUp
 .text.EnetLinkIsUp
                0x80000a58       0x28 Debug/demoEnet.o
                0x80000a58                EnetLinkIsUp
 .text.EnetHttpServerInit
                0x80000a80      0x124 Debug/demoEnet.o
                0x80000a80                EnetHttpServerInit
 .text.ControlCGIHandler
                0x80000ba4      0x1c0 Debug/demoEnet.o
 .text.IpAddrDisplay
                0x80000d64       0x78 Debug/demoEnet.o
                0x80000d64                IpAddrDisplay
 .text.CPSWCore0RxIsr
                0x80000ddc       0x1c Debug/demoEnet.o
 .text.CPSWCore0TxIsr
                0x80000df8       0x1c Debug/demoEnet.o
 .text.EnetDHCPRestart
                0x80000e14      0x104 Debug/demoEnet.o
                0x80000e14                EnetDHCPRestart
 .text.EnetContextSave
                0x80000f18       0xf0 Debug/demoEnet.o
                0x80000f18                EnetContextSave
 .text.EnetReset
                0x80001008       0x70 Debug/demoEnet.o
                0x80001008                EnetReset
 .text._DemoGpioPinConfig
                0x80001078      0x174 Debug/demoGpio.o
                0x80001078                _DemoGpioPinConfig
 .text.gpioStdbyUartIsr
                0x800011ec       0x28 Debug/demoGpio.o
                0x800011ec                gpioStdbyUartIsr
 .text.DemoGpioPinStandbySrcConfig
                0x80001214       0xf8 Debug/demoGpio.o
                0x80001214                DemoGpioPinStandbySrcConfig
 .text.getI2CAddr
                0x8000130c       0x6c Debug/demoI2c.o
                0x8000130c                getI2CAddr
 .text.cleanupInterrupts
                0x80001378       0x68 Debug/demoI2c.o
                0x80001378                cleanupInterrupts
 .text.I2CInit  0x800013e0       0xcc Debug/demoI2c.o
                0x800013e0                I2CInit
 .text.I2CIntRegister
                0x800014ac       0x3c Debug/demoI2c.o
                0x800014ac                I2CIntRegister
 .text.I2C0Isr  0x800014e8      0x230 Debug/demoI2c.o
                0x800014e8                I2C0Isr
 .text.SetupI2CTransmit
                0x80001718      0x144 Debug/demoI2c.o
                0x80001718                SetupI2CTransmit
 .text.SetupReception
                0x8000185c      0x1e0 Debug/demoI2c.o
                0x8000185c                SetupReception
 .text.LedIfConfig
                0x80001a3c       0x50 Debug/demoLedIf.o
                0x80001a3c                LedIfConfig
 .text.LedToggle
                0x80001a8c       0x54 Debug/demoLedIf.o
                0x80001a8c                LedToggle
 .text.LedOff   0x80001ae0       0x28 Debug/demoLedIf.o
                0x80001ae0                LedOff
 .text.LedOn    0x80001b08       0x28 Debug/demoLedIf.o
                0x80001b08                LedOn
 .text.MMUConfigAndEnable
                0x80001b30       0xd8 Debug/demoMain.o
 .text.UpdateUartConsoleHelp
                0x80001c08       0xe4 Debug/demoMain.o
                0x80001c08                UpdateUartConsoleHelp
 .text.UartAction
                0x80001cec       0xe8 Debug/demoMain.o
 .text.PeripheralsSetUp
                0x80001dd4       0x4c Debug/demoMain.o
 .text.ContextReset
                0x80001e20       0x58 Debug/demoMain.o
 .text.ClickAction
                0x80001e78       0x68 Debug/demoMain.o
 .text.main     0x80001ee0      0x848 Debug/demoMain.o
                0x80001ee0                main
 .text.ActionEnetInit
                0x80002728      0x124 Debug/demoMain.o
 .text.ActionMenu
                0x8000284c       0x90 Debug/demoMain.o
 .text.ActionMenuWeb
                0x800028dc       0x90 Debug/demoMain.o
 .text.ActionMenuMMCSD
                0x8000296c       0x74 Debug/demoMain.o
 .text.ActionMenuRTC
                0x800029e0       0x74 Debug/demoMain.o
 .text.ActionMenuTimer
                0x80002a54       0x84 Debug/demoMain.o
 .text.ActionMenuGPIO
                0x80002ad8       0x80 Debug/demoMain.o
 .text.ActionMenuPM
                0x80002b58       0x80 Debug/demoMain.o
 .text.ActionRTC
                0x80002bd8       0x34 Debug/demoMain.o
 .text.ActionMMCSD
                0x80002c0c       0xe4 Debug/demoMain.o
 .text.ActionDeepSleep1
                0x80002cf0       0x54 Debug/demoMain.o
 .text.ActionStandBy
                0x80002d44       0x54 Debug/demoMain.o
 .text.ActionDeepSleep0
                0x80002d98       0x54 Debug/demoMain.o
 .text.ActionWakeOnTimer
                0x80002dec       0x3c Debug/demoMain.o
 .text.ActionWakeOnUart
                0x80002e28       0x3c Debug/demoMain.o
 .text.dummyIsr
                0x80002e64       0x14 Debug/demoMain.o
 .text.uartIsr  0x80002e78       0x54 Debug/demoMain.o
 .text.gpioIsr  0x80002ecc       0x34 Debug/demoMain.o
 .text.PeripheralsHalt
                0x80002f00      0x108 Debug/demoPwrMgmnt.o
 .text.PeripheralsResume
                0x80003008       0xa0 Debug/demoPwrMgmnt.o
 .text.PeripheralsContextSave
                0x800030a8      0x174 Debug/demoPwrMgmnt.o
 .text.HSMMCSDModuleDisable
                0x8000321c       0x4c Debug/demoPwrMgmnt.o
 .text.PeripheralsContextRestore
                0x80003268      0x1bc Debug/demoPwrMgmnt.o
 .text.ConfigIdleMode
                0x80003424      0x240 Debug/demoPwrMgmnt.o
                0x80003424                ConfigIdleMode
 .text.ModuleListConfig
                0x80003664       0xa4 Debug/demoPwrMgmnt.o
 .text.enableStandbyWakeSrc
                0x80003708      0x1b4 Debug/demoPwrMgmnt.o
                0x80003708                enableStandbyWakeSrc
 .text.disableStandbyWakeSrc
                0x800038bc       0x78 Debug/demoPwrMgmnt.o
                0x800038bc                disableStandbyWakeSrc
 .text.enableWakeSource
                0x80003934       0xd8 Debug/demoPwrMgmnt.o
                0x80003934                enableWakeSource
 .text.disableWakeSource
                0x80003a0c       0xc0 Debug/demoPwrMgmnt.o
                0x80003a0c                disableWakeSource
 .text.PowerDownConfig
                0x80003acc      0x1bc Debug/demoPwrMgmnt.o
 .text.PowerSaveModeEnter
                0x80003c88      0x3bc Debug/demoPwrMgmnt.o
                0x80003c88                PowerSaveModeEnter
 .text.RtcIntRegister
                0x80004044       0x24 Debug/demoRtc.o
                0x80004044                RtcIntRegister
 .text.RtcSecIntEnable
                0x80004068       0x24 Debug/demoRtc.o
                0x80004068                RtcSecIntEnable
 .text.RtcInit  0x8000408c       0x64 Debug/demoRtc.o
                0x8000408c                RtcInit
 .text.RtcTimeCalSet
                0x800040f0      0x5f4 Debug/demoRtc.o
                0x800040f0                RtcTimeCalSet
 .text.RtcTimeCalDisplay
                0x800046e4      0x1d0 Debug/demoRtc.o
                0x800046e4                RtcTimeCalDisplay
 .text.RTCIsr   0x800048b4       0x24 Debug/demoRtc.o
 .text.ReadLine
                0x800048d8      0x384 Debug/demoSdFs.o
                0x800048d8                ReadLine
 .text.StringFromFresult
                0x80004c5c       0x90 Debug/demoSdFs.o
                0x80004c5c                StringFromFresult
 .text.Cmd_ls   0x80004cec      0x320 Debug/demoSdFs.o
                0x80004cec                Cmd_ls
 .text.Cmd_cd   0x8000500c      0x2cc Debug/demoSdFs.o
                0x8000500c                Cmd_cd
 .text.Cmd_pwd  0x800052d8       0x40 Debug/demoSdFs.o
                0x800052d8                Cmd_pwd
 .text.Cmd_exit
                0x80005318       0x28 Debug/demoSdFs.o
                0x80005318                Cmd_exit
 .text.Cmd_cat  0x80005340      0x218 Debug/demoSdFs.o
                0x80005340                Cmd_cat
 .text.Cmd_help
                0x80005558       0xa4 Debug/demoSdFs.o
                0x80005558                Cmd_help
 .text.HSMMCSDFsMount
                0x800055fc       0xf8 Debug/demoSdFs.o
                0x800055fc                HSMMCSDFsMount
 .text.HSMMCSDFsProcessCmdLine
                0x800056f4      0x160 Debug/demoSdFs.o
                0x800056f4                HSMMCSDFsProcessCmdLine
 .text.HSMMCSDCmdStatusGet
                0x80005854       0xb0 Debug/demoSdRw.o
 .text.HSMMCSDXferStatusGet
                0x80005904      0x104 Debug/demoSdRw.o
 .text.HSMMCSDRxDmaConfig
                0x80005a08      0x10c Debug/demoSdRw.o
 .text.HSMMCSDTxDmaConfig
                0x80005b14      0x10c Debug/demoSdRw.o
 .text.HSMMCSDXferSetup
                0x80005c20       0xb0 Debug/demoSdRw.o
 .text.callback
                0x80005cd0       0x44 Debug/demoSdRw.o
 .text.Edma3CompletionIsr
                0x80005d14      0x10c Debug/demoSdRw.o
 .text.Edma3CCErrorIsr
                0x80005e20      0x240 Debug/demoSdRw.o
 .text.HSMMCSDIsr
                0x80006060      0x110 Debug/demoSdRw.o
 .text.HSMMCSDIntRegister
                0x80006170       0x54 Debug/demoSdRw.o
                0x80006170                HSMMCSDIntRegister
 .text.HSMMCSDEdmaInit
                0x800061c4       0x98 Debug/demoSdRw.o
 .text.HSMMCSDControllerSetup
                0x8000625c      0x1d0 Debug/demoSdRw.o
 .text.HSMMCSDContolInit
                0x8000642c       0x24 Debug/demoSdRw.o
                0x8000642c                HSMMCSDContolInit
 .text.HSMMCSDCardPresentStat
                0x80006450       0x3c Debug/demoSdRw.o
                0x80006450                HSMMCSDCardPresentStat
 .text.HSMMCSDCardAccessSetup
                0x8000648c       0x58 Debug/demoSdRw.o
                0x8000648c                HSMMCSDCardAccessSetup
 .text.Timer2IntRegister
                0x800064e4       0x24 Debug/demoTimer.o
                0x800064e4                Timer2IntRegister
 .text.Timer2Config
                0x80006508       0x5c Debug/demoTimer.o
                0x80006508                Timer2Config
 .text.Timer2IntEnable
                0x80006564       0x24 Debug/demoTimer.o
                0x80006564                Timer2IntEnable
 .text.Timer2Start
                0x80006588       0x20 Debug/demoTimer.o
                0x80006588                Timer2Start
 .text.Timer2Stop
                0x800065a8       0x20 Debug/demoTimer.o
                0x800065a8                Timer2Stop
 .text.Timer2Isr
                0x800065c8       0xd4 Debug/demoTimer.o
 .text.Timer4IntRegister
                0x8000669c       0x4c Debug/demoTimer.o
                0x8000669c                Timer4IntRegister
 .text.Timer4Config
                0x800066e8       0x60 Debug/demoTimer.o
                0x800066e8                Timer4Config
 .text.Timer4IntEnable
                0x80006748       0x24 Debug/demoTimer.o
                0x80006748                Timer4IntEnable
 .text.Timer4Start
                0x8000676c       0x20 Debug/demoTimer.o
                0x8000676c                Timer4Start
 .text.Timer4Stop
                0x8000678c       0x20 Debug/demoTimer.o
                0x8000678c                Timer4Stop
 .text.Timer4Isr
                0x800067ac       0x34 Debug/demoTimer.o
 .text.Timer6IntRegister
                0x800067e0       0x4c Debug/demoTimer.o
                0x800067e0                Timer6IntRegister
 .text.Timer6Config
                0x8000682c       0x70 Debug/demoTimer.o
                0x8000682c                Timer6Config
 .text.Timer6IntEnable
                0x8000689c       0x24 Debug/demoTimer.o
                0x8000689c                Timer6IntEnable
 .text.Timer6Start
                0x800068c0       0x20 Debug/demoTimer.o
                0x800068c0                Timer6Start
 .text.Timer6Stop
                0x800068e0       0x20 Debug/demoTimer.o
                0x800068e0                Timer6Stop
 .text.Timer6Isr
                0x80006900       0x38 Debug/demoTimer.o
 .text.initializeTimer1
                0x80006938       0x4c Debug/demoTimer.o
                0x80006938                initializeTimer1
 .text.setTimerCount
                0x80006984       0x3c Debug/demoTimer.o
                0x80006984                setTimerCount
 .text.clearTimerInt
                0x800069c0       0x24 Debug/demoTimer.o
                0x800069c0                clearTimerInt
 .text.enableUartWakeup
                0x800069e4       0x54 Debug/demoUart.o
                0x800069e4                enableUartWakeup
 .text.disableUartWakeup
                0x80006a38       0x54 Debug/demoUart.o
                0x80006a38                disableUartWakeup
 .text.disk_initialize
                0x80006a8c      0x158 Debug/fat_mmcsd.o
                0x80006a8c                disk_initialize
 .text.disk_status
                0x80006be4       0x28 Debug/fat_mmcsd.o
                0x80006be4                disk_status
 .text.disk_read
                0x80006c0c       0x9c Debug/fat_mmcsd.o
                0x80006c0c                disk_read
 .text.disk_write
                0x80006ca8       0x9c Debug/fat_mmcsd.o
                0x80006ca8                disk_write
 .text.disk_ioctl
                0x80006d44       0x34 Debug/fat_mmcsd.o
                0x80006d44                disk_ioctl
 .text.get_fattime
                0x80006d78       0x20 Debug/fat_mmcsd.o
                0x80006d78                get_fattime
 .text.move_window
                0x80006d98      0x17c Debug/ff.o
 .text.sync     0x80006f14       0x88 Debug/ff.o
 .text.get_cluster
                0x80006f9c      0x354 Debug/ff.o
 .text.put_cluster
                0x800072f0      0x3dc Debug/ff.o
 .text.remove_chain
                0x800076cc       0xcc Debug/ff.o
 .text.create_chain
                0x80007798      0x1f0 Debug/ff.o
 .text.clust2sect
                0x80007988       0x6c Debug/ff.o
 .text.next_dir_entry
                0x800079f4      0x134 Debug/ff.o
 .text.get_fileinfo
                0x80007b28      0x280 Debug/ff.o
 .text.make_dirfile
                0x80007da8      0x30c Debug/ff.o
 .text.trace_path
                0x800080b4      0x318 Debug/ff.o
 .text.reserve_direntry
                0x800083cc      0x280 Debug/ff.o
 .text.check_fs
                0x8000864c      0x128 Debug/ff.o
 .text.auto_mount
                0x80008774      0x618 Debug/ff.o
 .text.validate
                0x80008d8c       0x80 Debug/ff.o
 .text.f_mount  0x80008e0c       0xac Debug/ff.o
                0x80008e0c                f_mount
 .text.f_open   0x80008eb8      0x5b8 Debug/ff.o
                0x80008eb8                f_open
 .text.f_read   0x80009470      0x454 Debug/ff.o
                0x80009470                f_read
 .text.f_sync   0x800098c4      0x2d8 Debug/ff.o
                0x800098c4                f_sync
 .text.f_close  0x80009b9c       0x50 Debug/ff.o
                0x80009b9c                f_close
 .text.f_opendir
                0x80009bec      0x17c Debug/ff.o
                0x80009bec                f_opendir
 .text.f_readdir
                0x80009d68      0x170 Debug/ff.o
                0x80009d68                f_readdir
 .text.f_getfree
                0x80009ed8      0x2a0 Debug/ff.o
                0x80009ed8                f_getfree
 .text.fs_malloc
                0x8000a178       0xcc Debug/httpd_io.o
 .text.fs_free  0x8000a244       0xac Debug/httpd_io.o
 .text.fs_open  0x8000a2f0       0xf8 Debug/httpd_io.o
                0x8000a2f0                fs_open
 .text.fs_close
                0x8000a3e8       0x28 Debug/httpd_io.o
                0x8000a3e8                fs_close
 .text.fs_bytes_left
                0x8000a410       0x34 Debug/httpd_io.o
                0x8000a410                fs_bytes_left
 .text.strnstr  0x8000a444       0xe4 Debug/httpd_io.o
 .text.http_state_alloc
                0x8000a528       0x54 Debug/httpd_io.o
 .text.http_state_free
                0x8000a57c       0x68 Debug/httpd_io.o
 .text.http_write
                0x8000a5e4       0xc8 Debug/httpd_io.o
 .text.http_close_conn
                0x8000a6ac       0xd4 Debug/httpd_io.o
 .text.extract_uri_parameters
                0x8000a780      0x174 Debug/httpd_io.o
 .text.http_send_data
                0x8000a8f4      0x26c Debug/httpd_io.o
 .text.http_get_404_file
                0x8000ab60       0xd4 Debug/httpd_io.o
 .text.http_parse_request
                0x8000ac34      0x214 Debug/httpd_io.o
 .text.http_find_file
                0x8000ae48      0x2b4 Debug/httpd_io.o
 .text.http_init_file
                0x8000b0fc      0x154 Debug/httpd_io.o
 .text.http_err
                0x8000b250       0x44 Debug/httpd_io.o
 .text.http_sent
                0x8000b294       0x6c Debug/httpd_io.o
 .text.http_poll
                0x8000b300       0xe8 Debug/httpd_io.o
 .text.http_recv
                0x8000b3e8      0x170 Debug/httpd_io.o
 .text.http_accept
                0x8000b558       0xe8 Debug/httpd_io.o
 .text.httpd_init_addr
                0x8000b640       0xa0 Debug/httpd_io.o
 .text.httpd_init
                0x8000b6e0       0x20 Debug/httpd_io.o
                0x8000b6e0                httpd_init
 .text.http_set_cgi_handlers
                0x8000b700       0x40 Debug/httpd_io.o
                0x8000b700                http_set_cgi_handlers
 .text.lwip_htons
                0x8000b740       0x4c Debug/lwiplib.o
                0x8000b740                lwip_htons
 .text.lwip_ntohs
                0x8000b78c       0x38 Debug/lwiplib.o
                0x8000b78c                lwip_ntohs
 .text.lwip_htonl
                0x8000b7c4       0x54 Debug/lwiplib.o
                0x8000b7c4                lwip_htonl
 .text.lwip_ntohl
                0x8000b818       0x30 Debug/lwiplib.o
                0x8000b818                lwip_ntohl
 .text.tcp_timer_needed
                0x8000b848       0x14 Debug/lwiplib.o
                0x8000b848                tcp_timer_needed
 .text.dhcp_handle_nak
                0x8000b85c       0xa0 Debug/lwiplib.o
 .text.dhcp_handle_offer
                0x8000b8fc       0x84 Debug/lwiplib.o
 .text.dhcp_select
                0x8000b980      0x298 Debug/lwiplib.o
 .text.dhcp_handle_ack
                0x8000bc18      0x188 Debug/lwiplib.o
 .text.dhcp_start
                0x8000bda0      0x230 Debug/lwiplib.o
                0x8000bda0                dhcp_start
 .text.dhcp_discover
                0x8000bfd0      0x21c Debug/lwiplib.o
 .text.dhcp_bind
                0x8000c1ec      0x238 Debug/lwiplib.o
 .text.dhcp_stop
                0x8000c424       0x9c Debug/lwiplib.o
                0x8000c424                dhcp_stop
 .text.dhcp_set_state
                0x8000c4c0       0x5c Debug/lwiplib.o
 .text.dhcp_option
                0x8000c51c       0x9c Debug/lwiplib.o
 .text.dhcp_option_byte
                0x8000c5b8       0x5c Debug/lwiplib.o
 .text.dhcp_option_short
                0x8000c614       0xa4 Debug/lwiplib.o
 .text.dhcp_option_long
                0x8000c6b8      0x124 Debug/lwiplib.o
 .text.dhcp_parse_reply
                0x8000c7dc      0x608 Debug/lwiplib.o
 .text.dhcp_recv
                0x8000cde4      0x2a0 Debug/lwiplib.o
 .text.dhcp_create_msg
                0x8000d084      0x43c Debug/lwiplib.o
 .text.dhcp_delete_msg
                0x8000d4c0       0x64 Debug/lwiplib.o
 .text.dhcp_option_trailer
                0x8000d524       0xc0 Debug/lwiplib.o
 .text.lwip_init
                0x8000d5e4       0x3c Debug/lwiplib.o
                0x8000d5e4                lwip_init
 .text.plug_holes
                0x8000d620      0x17c Debug/lwiplib.o
 .text.mem_init
                0x8000d79c       0xec Debug/lwiplib.o
                0x8000d79c                mem_init
 .text.mem_free
                0x8000d888      0x14c Debug/lwiplib.o
                0x8000d888                mem_free
 .text.mem_trim
                0x8000d9d4      0x378 Debug/lwiplib.o
                0x8000d9d4                mem_trim
 .text.mem_malloc
                0x8000dd4c      0x37c Debug/lwiplib.o
                0x8000dd4c                mem_malloc
 .text.memp_init
                0x8000e0c8      0x1b4 Debug/lwiplib.o
                0x8000e0c8                memp_init
 .text.memp_malloc
                0x8000e27c      0x1c4 Debug/lwiplib.o
                0x8000e27c                memp_malloc
 .text.memp_free
                0x8000e440       0xd8 Debug/lwiplib.o
                0x8000e440                memp_free
 .text.netif_init
                0x8000e518       0x14 Debug/lwiplib.o
                0x8000e518                netif_init
 .text.netif_add
                0x8000e52c      0x10c Debug/lwiplib.o
                0x8000e52c                netif_add
 .text.netif_set_addr
                0x8000e638       0x60 Debug/lwiplib.o
                0x8000e638                netif_set_addr
 .text.netif_set_ipaddr
                0x8000e698      0x148 Debug/lwiplib.o
                0x8000e698                netif_set_ipaddr
 .text.netif_set_gw
                0x8000e7e0       0x44 Debug/lwiplib.o
                0x8000e7e0                netif_set_gw
 .text.netif_set_netmask
                0x8000e824       0x44 Debug/lwiplib.o
                0x8000e824                netif_set_netmask
 .text.netif_set_default
                0x8000e868       0x2c Debug/lwiplib.o
                0x8000e868                netif_set_default
 .text.netif_set_up
                0x8000e894       0x88 Debug/lwiplib.o
                0x8000e894                netif_set_up
 .text.netif_set_down
                0x8000e91c       0x48 Debug/lwiplib.o
                0x8000e91c                netif_set_down
 .text.pbuf_alloc
                0x8000e964      0x38c Debug/lwiplib.o
                0x8000e964                pbuf_alloc
 .text.pbuf_realloc
                0x8000ecf0      0x194 Debug/lwiplib.o
                0x8000ecf0                pbuf_realloc
 .text.pbuf_header
                0x8000ee84      0x1a0 Debug/lwiplib.o
                0x8000ee84                pbuf_header
 .text.pbuf_free
                0x8000f024      0x16c Debug/lwiplib.o
                0x8000f024                pbuf_free
 .text.pbuf_clen
                0x8000f190       0x54 Debug/lwiplib.o
                0x8000f190                pbuf_clen
 .text.pbuf_ref
                0x8000f1e4       0x64 Debug/lwiplib.o
                0x8000f1e4                pbuf_ref
 .text.pbuf_cat
                0x8000f248       0xac Debug/lwiplib.o
                0x8000f248                pbuf_cat
 .text.pbuf_chain
                0x8000f2f4       0x40 Debug/lwiplib.o
                0x8000f2f4                pbuf_chain
 .text.pbuf_copy
                0x8000f334      0x1fc Debug/lwiplib.o
                0x8000f334                pbuf_copy
 .text.pbuf_copy_partial
                0x8000f530      0x188 Debug/lwiplib.o
                0x8000f530                pbuf_copy_partial
 .text.raw_input
                0x8000f6b8      0x170 Debug/lwiplib.o
                0x8000f6b8                raw_input
 .text.stats_init
                0x8000f828       0x14 Debug/lwiplib.o
                0x8000f828                stats_init
 .text.tcp_close_shutdown
                0x8000f83c      0x468 Debug/lwiplib.o
 .text.tcp_close
                0x8000fca4       0x5c Debug/lwiplib.o
                0x8000fca4                tcp_close
 .text.tcp_abandon
                0x8000fd00      0x1b4 Debug/lwiplib.o
                0x8000fd00                tcp_abandon
 .text.tcp_abort
                0x8000feb4       0x2c Debug/lwiplib.o
                0x8000feb4                tcp_abort
 .text.tcp_bind
                0x8000fee0      0x1a0 Debug/lwiplib.o
                0x8000fee0                tcp_bind
 .text.tcp_accept_null
                0x80010080       0x34 Debug/lwiplib.o
 .text.tcp_listen_with_backlog
                0x800100b4      0x240 Debug/lwiplib.o
                0x800100b4                tcp_listen_with_backlog
 .text.tcp_update_rcv_ann_wnd
                0x800102f4       0xf4 Debug/lwiplib.o
                0x800102f4                tcp_update_rcv_ann_wnd
 .text.tcp_recved
                0x800103e8       0xac Debug/lwiplib.o
                0x800103e8                tcp_recved
 .text.tcp_new_port
                0x80010494       0xf0 Debug/lwiplib.o
 .text.tcp_segs_free
                0x80010584       0x4c Debug/lwiplib.o
                0x80010584                tcp_segs_free
 .text.tcp_seg_free
                0x800105d0       0x60 Debug/lwiplib.o
                0x800105d0                tcp_seg_free
 .text.tcp_setprio
                0x80010630       0x30 Debug/lwiplib.o
                0x80010630                tcp_setprio
 .text.tcp_seg_copy
                0x80010660       0x78 Debug/lwiplib.o
                0x80010660                tcp_seg_copy
 .text.tcp_recv_null
                0x800106d8       0x90 Debug/lwiplib.o
                0x800106d8                tcp_recv_null
 .text.tcp_kill_prio
                0x80010768       0xf8 Debug/lwiplib.o
 .text.tcp_kill_timewait
                0x80010860       0xb4 Debug/lwiplib.o
 .text.tcp_alloc
                0x80010914      0x23c Debug/lwiplib.o
                0x80010914                tcp_alloc
 .text.tcp_new  0x80010b50       0x24 Debug/lwiplib.o
                0x80010b50                tcp_new
 .text.tcp_arg  0x80010b74       0x2c Debug/lwiplib.o
                0x80010b74                tcp_arg
 .text.tcp_recv
                0x80010ba0       0x2c Debug/lwiplib.o
                0x80010ba0                tcp_recv
 .text.tcp_sent
                0x80010bcc       0x2c Debug/lwiplib.o
                0x80010bcc                tcp_sent
 .text.tcp_err  0x80010bf8       0x2c Debug/lwiplib.o
                0x80010bf8                tcp_err
 .text.tcp_accept
                0x80010c24       0x2c Debug/lwiplib.o
                0x80010c24                tcp_accept
 .text.tcp_poll
                0x80010c50       0x40 Debug/lwiplib.o
                0x80010c50                tcp_poll
 .text.tcp_pcb_purge
                0x80010c90      0x104 Debug/lwiplib.o
                0x80010c90                tcp_pcb_purge
 .text.tcp_pcb_remove
                0x80010d94      0x158 Debug/lwiplib.o
                0x80010d94                tcp_pcb_remove
 .text.tcp_next_iss
                0x80010eec       0x4c Debug/lwiplib.o
                0x80010eec                tcp_next_iss
 .text.tcp_eff_send_mss
                0x80010f38       0x7c Debug/lwiplib.o
                0x80010f38                tcp_eff_send_mss
 .text.tcp_input
                0x80010fb4      0xe40 Debug/lwiplib.o
                0x80010fb4                tcp_input
 .text.tcp_listen_input
                0x80011df4      0x300 Debug/lwiplib.o
 .text.tcp_timewait_input
                0x800120f4      0x1a0 Debug/lwiplib.o
 .text.tcp_process
                0x80012294      0xd20 Debug/lwiplib.o
 .text.tcp_oos_insert_segment
                0x80012fb4      0x1e0 Debug/lwiplib.o
 .text.tcp_receive
                0x80013194     0x1bfc Debug/lwiplib.o
 .text.tcp_parseopt
                0x80014d90      0x208 Debug/lwiplib.o
 .text.tcp_output_alloc_header
                0x80014f98      0x1a8 Debug/lwiplib.o
 .text.tcp_send_fin
                0x80015140       0xe4 Debug/lwiplib.o
                0x80015140                tcp_send_fin
 .text.tcp_create_segment
                0x80015224      0x22c Debug/lwiplib.o
 .text.tcp_pbuf_prealloc
                0x80015450      0x12c Debug/lwiplib.o
 .text.tcp_write_checks
                0x8001557c      0x158 Debug/lwiplib.o
 .text.tcp_write
                0x800156d4      0x864 Debug/lwiplib.o
                0x800156d4                tcp_write
 .text.tcp_enqueue_flags
                0x80015f38      0x34c Debug/lwiplib.o
                0x80015f38                tcp_enqueue_flags
 .text.tcp_send_empty_ack
                0x80016284      0x130 Debug/lwiplib.o
                0x80016284                tcp_send_empty_ack
 .text.tcp_output
                0x800163b4      0x598 Debug/lwiplib.o
                0x800163b4                tcp_output
 .text.tcp_output_segment
                0x8001694c      0x2d0 Debug/lwiplib.o
 .text.tcp_rst  0x80016c1c      0x1dc Debug/lwiplib.o
                0x80016c1c                tcp_rst
 .text.tcp_rexmit
                0x80016df8      0x108 Debug/lwiplib.o
                0x80016df8                tcp_rexmit
 .text.tcp_rexmit_fast
                0x80016f00      0x118 Debug/lwiplib.o
                0x80016f00                tcp_rexmit_fast
 .text.udp_input
                0x80017018      0x6ac Debug/lwiplib.o
                0x80017018                udp_input
 .text.udp_sendto_if
                0x800176c4      0x300 Debug/lwiplib.o
                0x800176c4                udp_sendto_if
 .text.udp_bind
                0x800179c4      0x1e8 Debug/lwiplib.o
                0x800179c4                udp_bind
 .text.udp_connect
                0x80017bac      0x130 Debug/lwiplib.o
                0x80017bac                udp_connect
 .text.udp_recv
                0x80017cdc       0x3c Debug/lwiplib.o
                0x80017cdc                udp_recv
 .text.udp_remove
                0x80017d18       0xc4 Debug/lwiplib.o
                0x80017d18                udp_remove
 .text.udp_new  0x80017ddc       0x60 Debug/lwiplib.o
                0x80017ddc                udp_new
 .text.icmp_input
                0x80017e3c      0x54c Debug/lwiplib.o
                0x80017e3c                icmp_input
 .text.icmp_dest_unreach
                0x80018388       0x3c Debug/lwiplib.o
                0x80018388                icmp_dest_unreach
 .text.icmp_send_response
                0x800183c4      0x180 Debug/lwiplib.o
 .text.lwip_standard_chksum
                0x80018544      0x16c Debug/lwiplib.o
 .text.inet_chksum_pseudo
                0x800186b0      0x228 Debug/lwiplib.o
                0x800186b0                inet_chksum_pseudo
 .text.inet_chksum
                0x800188d8       0x48 Debug/lwiplib.o
                0x800188d8                inet_chksum
 .text.inet_chksum_pbuf
                0x80018920      0x128 Debug/lwiplib.o
                0x80018920                inet_chksum_pbuf
 .text.ip_route
                0x80018a48       0xf4 Debug/lwiplib.o
                0x80018a48                ip_route
 .text.ip_input
                0x80018b3c      0x690 Debug/lwiplib.o
                0x80018b3c                ip_input
 .text.ip_output_if
                0x800191cc      0x354 Debug/lwiplib.o
                0x800191cc                ip_output_if
 .text.ip_output
                0x80019520       0xac Debug/lwiplib.o
                0x80019520                ip_output
 .text.ip4_addr_isbroadcast
                0x800195cc       0xdc Debug/lwiplib.o
                0x800195cc                ip4_addr_isbroadcast
 .text.free_entry
                0x800196a8       0x88 Debug/lwiplib.o
 .text.etharp_tmr
                0x80019730      0x13c Debug/lwiplib.o
                0x80019730                etharp_tmr
 .text.find_entry
                0x8001986c      0x370 Debug/lwiplib.o
 .text.etharp_send_ip
                0x80019bdc       0xa0 Debug/lwiplib.o
 .text.update_arp_entry
                0x80019c7c      0x1ac Debug/lwiplib.o
 .text.etharp_arp_input
                0x80019e28      0x3b4 Debug/lwiplib.o
 .text.etharp_output
                0x8001a1dc      0x2b0 Debug/lwiplib.o
                0x8001a1dc                etharp_output
 .text.etharp_query
                0x8001a48c      0x3e4 Debug/lwiplib.o
                0x8001a48c                etharp_query
 .text.etharp_raw
                0x8001a870      0x238 Debug/lwiplib.o
 .text.etharp_request
                0x8001aaa8       0x7c Debug/lwiplib.o
                0x8001aaa8                etharp_request
 .text.ethernet_input
                0x8001ab24      0x1cc Debug/lwiplib.o
                0x8001ab24                ethernet_input
 .text.sys_arch_protect
                0x8001acf0       0x3c Debug/lwiplib.o
                0x8001acf0                sys_arch_protect
 .text.sys_arch_unprotect
                0x8001ad2c       0x38 Debug/lwiplib.o
                0x8001ad2c                sys_arch_unprotect
 .text.cpswif_inst_config
                0x8001ad64      0x118 Debug/lwiplib.o
 .text.cpswif_ale_entry_match_free
                0x8001ae7c       0x98 Debug/lwiplib.o
 .text.cpswif_port_to_host_vlan_cfg
                0x8001af14      0x1c4 Debug/lwiplib.o
 .text.cpswif_autoneg_config
                0x8001b0d8      0x3c8 Debug/lwiplib.o
 .text.cpswif_rxbd_alloc
                0x8001b4a0      0x1dc Debug/lwiplib.o
 .text.cpswif_transmit
                0x8001b67c      0x280 Debug/lwiplib.o
 .text.cpswif_output
                0x8001b8fc       0xec Debug/lwiplib.o
 .text.cpswif_phylink_config
                0x8001b9e8      0x228 Debug/lwiplib.o
 .text.cpswif_port_init
                0x8001bc10      0x188 Debug/lwiplib.o
 .text.cpswif_cpdma_init
                0x8001bd98      0x1d0 Debug/lwiplib.o
 .text.cpswif_inst_init
                0x8001bf68      0x2a8 Debug/lwiplib.o
 .text.cpswif_init
                0x8001c210      0x124 Debug/lwiplib.o
                0x8001c210                cpswif_init
 .text.cpswif_rx_inthandler
                0x8001c334      0x228 Debug/lwiplib.o
                0x8001c334                cpswif_rx_inthandler
 .text.cpswif_tx_inthandler
                0x8001c55c      0x22c Debug/lwiplib.o
                0x8001c55c                cpswif_tx_inthandler
 .text.cpswif_netif_status
                0x8001c788       0x2c Debug/lwiplib.o
                0x8001c788                cpswif_netif_status
 .text.cpswif_link_status
                0x8001c7b4       0x84 Debug/lwiplib.o
                0x8001c7b4                cpswif_link_status
 .text.lwIPDHCPComplete
                0x8001c838      0x134 Debug/lwiplib.o
 .text.lwIPInit
                0x8001c96c      0x2fc Debug/lwiplib.o
                0x8001c96c                lwIPInit
 .text.lwIPNetIfStatusGet
                0x8001cc68       0x64 Debug/lwiplib.o
                0x8001cc68                lwIPNetIfStatusGet
 .text.lwIPLinkStatusGet
                0x8001cccc       0x38 Debug/lwiplib.o
                0x8001cccc                lwIPLinkStatusGet
 .text.lwIPRxIntHandler
                0x8001cd04       0x30 Debug/lwiplib.o
                0x8001cd04                lwIPRxIntHandler
 .text.lwIPTxIntHandler
                0x8001cd34       0x28 Debug/lwiplib.o
                0x8001cd34                lwIPTxIntHandler
 .text.lwIPDHCPStart
                0x8001cd5c       0x70 Debug/lwiplib.o
                0x8001cd5c                lwIPDHCPStart
 .text.TPS65217RegWrite
                0x8001cdcc      0x208 Debug/pmic.o
                0x8001cdcc                TPS65217RegWrite
 .text.TPS65217VoltageUpdate
                0x8001cfd4       0x64 Debug/pmic.o
                0x8001cfd4                TPS65217VoltageUpdate
 .text.configVddOpVoltage
                0x8001d038       0x78 Debug/pmic.o
                0x8001d038                configVddOpVoltage
 .text.setVdd1OpVoltage
                0x8001d0b0       0x4c Debug/pmic.o
                0x8001d0b0                setVdd1OpVoltage
 .text.CPSWSSReset
                0x8001d0fc       0x48 ../../../../../..//binary/armv7a/gcc/am335x/drivers/Debug/libdrivers.a(cpsw.o)
                0x8001d0fc                CPSWSSReset
 .text.CPSWSlTransferModeSet
                0x8001d144       0x5c ../../../../../..//binary/armv7a/gcc/am335x/drivers/Debug/libdrivers.a(cpsw.o)
                0x8001d144                CPSWSlTransferModeSet
 .text.CPSWSlReset
                0x8001d1a0       0x48 ../../../../../..//binary/armv7a/gcc/am335x/drivers/Debug/libdrivers.a(cpsw.o)
                0x8001d1a0                CPSWSlReset
 .text.CPSWSlRGMIIEnable
                0x8001d1e8       0x40 ../../../../../..//binary/armv7a/gcc/am335x/drivers/Debug/libdrivers.a(cpsw.o)
                0x8001d1e8                CPSWSlRGMIIEnable
 .text.CPSWWrReset
                0x8001d228       0x48 ../../../../../..//binary/armv7a/gcc/am335x/drivers/Debug/libdrivers.a(cpsw.o)
                0x8001d228                CPSWWrReset
 .text.CPSWWrControlRegReset
                0x8001d270       0x2c ../../../../../..//binary/armv7a/gcc/am335x/drivers/Debug/libdrivers.a(cpsw.o)
                0x8001d270                CPSWWrControlRegReset
 .text.CPSWWrCoreIntEnable
                0x8001d29c       0x78 ../../../../../..//binary/armv7a/gcc/am335x/drivers/Debug/libdrivers.a(cpsw.o)
                0x8001d29c                CPSWWrCoreIntEnable
 .text.CPSWALEInit
                0x8001d314       0x2c ../../../../../..//binary/armv7a/gcc/am335x/drivers/Debug/libdrivers.a(cpsw.o)
                0x8001d314                CPSWALEInit
 .text.CPSWALEPortStateSet
                0x8001d340       0x90 ../../../../../..//binary/armv7a/gcc/am335x/drivers/Debug/libdrivers.a(cpsw.o)
                0x8001d340                CPSWALEPortStateSet
 .text.CPSWALEVLANAwareSet
                0x8001d3d0       0x38 ../../../../../..//binary/armv7a/gcc/am335x/drivers/Debug/libdrivers.a(cpsw.o)
                0x8001d3d0                CPSWALEVLANAwareSet
 .text.CPSWALETableEntrySet
                0x8001d408       0x98 ../../../../../..//binary/armv7a/gcc/am335x/drivers/Debug/libdrivers.a(cpsw.o)
                0x8001d408                CPSWALETableEntrySet
 .text.CPSWALETableEntryGet
                0x8001d4a0       0x94 ../../../../../..//binary/armv7a/gcc/am335x/drivers/Debug/libdrivers.a(cpsw.o)
                0x8001d4a0                CPSWALETableEntryGet
 .text.CPSWStatisticsEnable
                0x8001d534       0x2c ../../../../../..//binary/armv7a/gcc/am335x/drivers/Debug/libdrivers.a(cpsw.o)
                0x8001d534                CPSWStatisticsEnable
 .text.CPSWPortSrcAddrSet
                0x8001d560       0xa4 ../../../../../..//binary/armv7a/gcc/am335x/drivers/Debug/libdrivers.a(cpsw.o)
                0x8001d560                CPSWPortSrcAddrSet
 .text.CPSWHostPortDualMacModeSet
                0x8001d604       0x54 ../../../../../..//binary/armv7a/gcc/am335x/drivers/Debug/libdrivers.a(cpsw.o)
                0x8001d604                CPSWHostPortDualMacModeSet
 .text.CPSWPortVLANConfig
                0x8001d658       0x50 ../../../../../..//binary/armv7a/gcc/am335x/drivers/Debug/libdrivers.a(cpsw.o)
                0x8001d658                CPSWPortVLANConfig
 .text.CPSWCPDMAReset
                0x8001d6a8       0xdc ../../../../../..//binary/armv7a/gcc/am335x/drivers/Debug/libdrivers.a(cpsw.o)
                0x8001d6a8                CPSWCPDMAReset
 .text.CPSWCPDMATxIntEnable
                0x8001d784       0x48 ../../../../../..//binary/armv7a/gcc/am335x/drivers/Debug/libdrivers.a(cpsw.o)
                0x8001d784                CPSWCPDMATxIntEnable
 .text.CPSWCPDMARxIntEnable
                0x8001d7cc       0x48 ../../../../../..//binary/armv7a/gcc/am335x/drivers/Debug/libdrivers.a(cpsw.o)
                0x8001d7cc                CPSWCPDMARxIntEnable
 .text.CPSWCPDMATxEnable
                0x8001d814       0x2c ../../../../../..//binary/armv7a/gcc/am335x/drivers/Debug/libdrivers.a(cpsw.o)
                0x8001d814                CPSWCPDMATxEnable
 .text.CPSWCPDMARxEnable
                0x8001d840       0x2c ../../../../../..//binary/armv7a/gcc/am335x/drivers/Debug/libdrivers.a(cpsw.o)
                0x8001d840                CPSWCPDMARxEnable
 .text.CPSWCPDMATxHdrDescPtrWrite
                0x8001d86c       0x40 ../../../../../..//binary/armv7a/gcc/am335x/drivers/Debug/libdrivers.a(cpsw.o)
                0x8001d86c                CPSWCPDMATxHdrDescPtrWrite
 .text.CPSWCPDMARxHdrDescPtrWrite
                0x8001d8ac       0x40 ../../../../../..//binary/armv7a/gcc/am335x/drivers/Debug/libdrivers.a(cpsw.o)
                0x8001d8ac                CPSWCPDMARxHdrDescPtrWrite
 .text.CPSWCPDMAEndOfIntVectorWrite
                0x8001d8ec       0x30 ../../../../../..//binary/armv7a/gcc/am335x/drivers/Debug/libdrivers.a(cpsw.o)
                0x8001d8ec                CPSWCPDMAEndOfIntVectorWrite
 .text.CPSWCPDMATxCPWrite
                0x8001d91c       0x40 ../../../../../..//binary/armv7a/gcc/am335x/drivers/Debug/libdrivers.a(cpsw.o)
                0x8001d91c                CPSWCPDMATxCPWrite
 .text.CPSWCPDMARxCPWrite
                0x8001d95c       0x40 ../../../../../..//binary/armv7a/gcc/am335x/drivers/Debug/libdrivers.a(cpsw.o)
                0x8001d95c                CPSWCPDMARxCPWrite
 .text.CPSWCPDMACmdIdleEnable
                0x8001d99c       0x50 ../../../../../..//binary/armv7a/gcc/am335x/drivers/Debug/libdrivers.a(cpsw.o)
                0x8001d99c                CPSWCPDMACmdIdleEnable
 .text.CPSWCPDMACmdIdleDisable
                0x8001d9ec       0x38 ../../../../../..//binary/armv7a/gcc/am335x/drivers/Debug/libdrivers.a(cpsw.o)
                0x8001d9ec                CPSWCPDMACmdIdleDisable
 .text.CPSWContextSave
                0x8001da24      0x368 ../../../../../..//binary/armv7a/gcc/am335x/drivers/Debug/libdrivers.a(cpsw.o)
                0x8001da24                CPSWContextSave
 .text.CPSWContextRestore
                0x8001dd8c      0x350 ../../../../../..//binary/armv7a/gcc/am335x/drivers/Debug/libdrivers.a(cpsw.o)
                0x8001dd8c                CPSWContextRestore
 .text.DMTimerEnable
                0x8001e0dc       0x6c ../../../../../..//binary/armv7a/gcc/am335x/drivers/Debug/libdrivers.a(dmtimer.o)
                0x8001e0dc                DMTimerEnable
 .text.DMTimerDisable
                0x8001e148       0x6c ../../../../../..//binary/armv7a/gcc/am335x/drivers/Debug/libdrivers.a(dmtimer.o)
                0x8001e148                DMTimerDisable
 .text.DMTimerModeConfigure
                0x8001e1b4       0xcc ../../../../../..//binary/armv7a/gcc/am335x/drivers/Debug/libdrivers.a(dmtimer.o)
                0x8001e1b4                DMTimerModeConfigure
 .text.DMTimerCounterSet
                0x8001e280       0x64 ../../../../../..//binary/armv7a/gcc/am335x/drivers/Debug/libdrivers.a(dmtimer.o)
                0x8001e280                DMTimerCounterSet
 .text.DMTimerReloadSet
                0x8001e2e4       0x64 ../../../../../..//binary/armv7a/gcc/am335x/drivers/Debug/libdrivers.a(dmtimer.o)
                0x8001e2e4                DMTimerReloadSet
 .text.DMTimerIntStatusClear
                0x8001e348       0x34 ../../../../../..//binary/armv7a/gcc/am335x/drivers/Debug/libdrivers.a(dmtimer.o)
                0x8001e348                DMTimerIntStatusClear
 .text.DMTimerIntEnable
                0x8001e37c       0x34 ../../../../../..//binary/armv7a/gcc/am335x/drivers/Debug/libdrivers.a(dmtimer.o)
                0x8001e37c                DMTimerIntEnable
 .text.DMTimerIntDisable
                0x8001e3b0       0x34 ../../../../../..//binary/armv7a/gcc/am335x/drivers/Debug/libdrivers.a(dmtimer.o)
                0x8001e3b0                DMTimerIntDisable
 .text.DMTimerContextSave
                0x8001e3e4       0xb8 ../../../../../..//binary/armv7a/gcc/am335x/drivers/Debug/libdrivers.a(dmtimer.o)
                0x8001e3e4                DMTimerContextSave
 .text.DMTimerContextRestore
                0x8001e49c      0x160 ../../../../../..//binary/armv7a/gcc/am335x/drivers/Debug/libdrivers.a(dmtimer.o)
                0x8001e49c                DMTimerContextRestore
 .text.DMTimerWritePostedStatusGet
                0x8001e5fc       0x2c ../../../../../..//binary/armv7a/gcc/am335x/drivers/Debug/libdrivers.a(dmtimer.o)
                0x8001e5fc                DMTimerWritePostedStatusGet
 .text.EDMA3Init
                0x8001e628      0x294 ../../../../../..//binary/armv7a/gcc/am335x/drivers/Debug/libdrivers.a(edma.o)
                0x8001e628                EDMA3Init
 .text.EDMA3EnableChInShadowReg
                0x8001e8bc      0x150 ../../../../../..//binary/armv7a/gcc/am335x/drivers/Debug/libdrivers.a(edma.o)
                0x8001e8bc                EDMA3EnableChInShadowReg
 .text.EDMA3MapChToEvtQ
                0x8001ea0c      0x11c ../../../../../..//binary/armv7a/gcc/am335x/drivers/Debug/libdrivers.a(edma.o)
                0x8001ea0c                EDMA3MapChToEvtQ
 .text.EDMA3ClrMissEvt
                0x8001eb28       0xe4 ../../../../../..//binary/armv7a/gcc/am335x/drivers/Debug/libdrivers.a(edma.o)
                0x8001eb28                EDMA3ClrMissEvt
 .text.EDMA3SetEvt
                0x8001ec0c       0xec ../../../../../..//binary/armv7a/gcc/am335x/drivers/Debug/libdrivers.a(edma.o)
                0x8001ec0c                EDMA3SetEvt
 .text.EDMA3ClrEvt
                0x8001ecf8       0xec ../../../../../..//binary/armv7a/gcc/am335x/drivers/Debug/libdrivers.a(edma.o)
                0x8001ecf8                EDMA3ClrEvt
 .text.EDMA3EnableDmaEvt
                0x8001ede4       0xec ../../../../../..//binary/armv7a/gcc/am335x/drivers/Debug/libdrivers.a(edma.o)
                0x8001ede4                EDMA3EnableDmaEvt
 .text.EDMA3DisableDmaEvt
                0x8001eed0       0xe8 ../../../../../..//binary/armv7a/gcc/am335x/drivers/Debug/libdrivers.a(edma.o)
                0x8001eed0                EDMA3DisableDmaEvt
 .text.EDMA3EnableQdmaEvt
                0x8001efb8       0x50 ../../../../../..//binary/armv7a/gcc/am335x/drivers/Debug/libdrivers.a(edma.o)
                0x8001efb8                EDMA3EnableQdmaEvt
 .text.EDMA3DisableQdmaEvt
                0x8001f008       0x50 ../../../../../..//binary/armv7a/gcc/am335x/drivers/Debug/libdrivers.a(edma.o)
                0x8001f008                EDMA3DisableQdmaEvt
 .text.EDMA3EnableEvtIntr
                0x8001f058       0xec ../../../../../..//binary/armv7a/gcc/am335x/drivers/Debug/libdrivers.a(edma.o)
                0x8001f058                EDMA3EnableEvtIntr
 .text.EDMA3GetPaRAM
                0x8001f144       0x98 ../../../../../..//binary/armv7a/gcc/am335x/drivers/Debug/libdrivers.a(edma.o)
                0x8001f144                EDMA3GetPaRAM
 .text.EDMA3SetPaRAM
                0x8001f1dc       0xa0 ../../../../../..//binary/armv7a/gcc/am335x/drivers/Debug/libdrivers.a(edma.o)
                0x8001f1dc                EDMA3SetPaRAM
 .text.EDMA3RequestChannel
                0x8001f27c      0x1c8 ../../../../../..//binary/armv7a/gcc/am335x/drivers/Debug/libdrivers.a(edma.o)
                0x8001f27c                EDMA3RequestChannel
 .text.EDMA3EnableTransfer
                0x8001f444      0x108 ../../../../../..//binary/armv7a/gcc/am335x/drivers/Debug/libdrivers.a(edma.o)
                0x8001f444                EDMA3EnableTransfer
 .text.EDMA3DisableTransfer
                0x8001f54c      0x108 ../../../../../..//binary/armv7a/gcc/am335x/drivers/Debug/libdrivers.a(edma.o)
                0x8001f54c                EDMA3DisableTransfer
 .text.EDMA3ContextSave
                0x8001f654      0x1e4 ../../../../../..//binary/armv7a/gcc/am335x/drivers/Debug/libdrivers.a(edma.o)
                0x8001f654                EDMA3ContextSave
 .text.EDMA3ContextRestore
                0x8001f838      0x1e4 ../../../../../..//binary/armv7a/gcc/am335x/drivers/Debug/libdrivers.a(edma.o)
                0x8001f838                EDMA3ContextRestore
 .text.GPIOModuleReset
                0x8001fa1c       0x54 ../../../../../..//binary/armv7a/gcc/am335x/drivers/Debug/libdrivers.a(gpio_v2.o)
                0x8001fa1c                GPIOModuleReset
 .text.GPIOModuleEnable
                0x8001fa70       0x38 ../../../../../..//binary/armv7a/gcc/am335x/drivers/Debug/libdrivers.a(gpio_v2.o)
                0x8001fa70                GPIOModuleEnable
 .text.GPIODirModeSet
                0x8001faa8       0x88 ../../../../../..//binary/armv7a/gcc/am335x/drivers/Debug/libdrivers.a(gpio_v2.o)
                0x8001faa8                GPIODirModeSet
 .text.GPIOPinWrite
                0x8001fb30       0x64 ../../../../../..//binary/armv7a/gcc/am335x/drivers/Debug/libdrivers.a(gpio_v2.o)
                0x8001fb30                GPIOPinWrite
 .text.GPIOPinIntEnable
                0x8001fb94       0x64 ../../../../../..//binary/armv7a/gcc/am335x/drivers/Debug/libdrivers.a(gpio_v2.o)
                0x8001fb94                GPIOPinIntEnable
 .text.GPIOPinIntDisable
                0x8001fbf8       0x64 ../../../../../..//binary/armv7a/gcc/am335x/drivers/Debug/libdrivers.a(gpio_v2.o)
                0x8001fbf8                GPIOPinIntDisable
 .text.GPIOIntTypeSet
                0x8001fc5c      0x564 ../../../../../..//binary/armv7a/gcc/am335x/drivers/Debug/libdrivers.a(gpio_v2.o)
                0x8001fc5c                GPIOIntTypeSet
 .text.GPIOPinIntClear
                0x800201c0       0x64 ../../../../../..//binary/armv7a/gcc/am335x/drivers/Debug/libdrivers.a(gpio_v2.o)
                0x800201c0                GPIOPinIntClear
 .text.GPIOWakeupGlobalEnable
                0x80020224       0x38 ../../../../../..//binary/armv7a/gcc/am335x/drivers/Debug/libdrivers.a(gpio_v2.o)
                0x80020224                GPIOWakeupGlobalEnable
 .text.GPIOWakeupGlobalDisable
                0x8002025c       0x38 ../../../../../..//binary/armv7a/gcc/am335x/drivers/Debug/libdrivers.a(gpio_v2.o)
                0x8002025c                GPIOWakeupGlobalDisable
 .text.GPIOPinIntWakeUpEnable
                0x80020294       0x84 ../../../../../..//binary/armv7a/gcc/am335x/drivers/Debug/libdrivers.a(gpio_v2.o)
                0x80020294                GPIOPinIntWakeUpEnable
 .text.GPIOPinIntWakeUpDisable
                0x80020318       0x8c ../../../../../..//binary/armv7a/gcc/am335x/drivers/Debug/libdrivers.a(gpio_v2.o)
                0x80020318                GPIOPinIntWakeUpDisable
 .text.GPIODebounceFuncControl
                0x800203a4       0x78 ../../../../../..//binary/armv7a/gcc/am335x/drivers/Debug/libdrivers.a(gpio_v2.o)
                0x800203a4                GPIODebounceFuncControl
 .text.GPIODebounceTimeConfig
                0x8002041c       0x34 ../../../../../..//binary/armv7a/gcc/am335x/drivers/Debug/libdrivers.a(gpio_v2.o)
                0x8002041c                GPIODebounceTimeConfig
 .text.gpioContextSave
                0x80020450       0x5c ../../../../../..//binary/armv7a/gcc/am335x/drivers/Debug/libdrivers.a(gpio_v2.o)
                0x80020450                gpioContextSave
 .text.gpioContextRestore
                0x800204ac       0x5c ../../../../../..//binary/armv7a/gcc/am335x/drivers/Debug/libdrivers.a(gpio_v2.o)
                0x800204ac                gpioContextRestore
 .text.GPMCIdleModeSelect
                0x80020508       0x64 ../../../../../..//binary/armv7a/gcc/am335x/drivers/Debug/libdrivers.a(gpmc.o)
                0x80020508                GPMCIdleModeSelect
 .text.HSMMCSDSoftReset
                0x8002056c       0xa0 ../../../../../..//binary/armv7a/gcc/am335x/drivers/Debug/libdrivers.a(hs_mmcsd.o)
                0x8002056c                HSMMCSDSoftReset
 .text.HSMMCSDLinesReset
                0x8002060c       0xb0 ../../../../../..//binary/armv7a/gcc/am335x/drivers/Debug/libdrivers.a(hs_mmcsd.o)
                0x8002060c                HSMMCSDLinesReset
 .text.HSMMCSDSystemConfig
                0x800206bc       0x64 ../../../../../..//binary/armv7a/gcc/am335x/drivers/Debug/libdrivers.a(hs_mmcsd.o)
                0x800206bc                HSMMCSDSystemConfig
 .text.HSMMCSDBusWidthSet
                0x80020720       0xf0 ../../../../../..//binary/armv7a/gcc/am335x/drivers/Debug/libdrivers.a(hs_mmcsd.o)
                0x80020720                HSMMCSDBusWidthSet
 .text.HSMMCSDBusVoltSet
                0x80020810       0x5c ../../../../../..//binary/armv7a/gcc/am335x/drivers/Debug/libdrivers.a(hs_mmcsd.o)
                0x80020810                HSMMCSDBusVoltSet
 .text.HSMMCSDBusPower
                0x8002086c       0xbc ../../../../../..//binary/armv7a/gcc/am335x/drivers/Debug/libdrivers.a(hs_mmcsd.o)
                0x8002086c                HSMMCSDBusPower
 .text.HSMMCSDIntClock
                0x80020928       0x7c ../../../../../..//binary/armv7a/gcc/am335x/drivers/Debug/libdrivers.a(hs_mmcsd.o)
                0x80020928                HSMMCSDIntClock
 .text.HSMMCSDIsIntClockStable
                0x800209a4       0x88 ../../../../../..//binary/armv7a/gcc/am335x/drivers/Debug/libdrivers.a(hs_mmcsd.o)
                0x800209a4                HSMMCSDIsIntClockStable
 .text.HSMMCSDSupportedVoltSet
                0x80020a2c       0x5c ../../../../../..//binary/armv7a/gcc/am335x/drivers/Debug/libdrivers.a(hs_mmcsd.o)
                0x80020a2c                HSMMCSDSupportedVoltSet
 .text.HSMMCSDDataTimeoutSet
                0x80020a88       0x5c ../../../../../..//binary/armv7a/gcc/am335x/drivers/Debug/libdrivers.a(hs_mmcsd.o)
                0x80020a88                HSMMCSDDataTimeoutSet
 .text.HSMMCSDBusFreqSet
                0x80020ae4      0x194 ../../../../../..//binary/armv7a/gcc/am335x/drivers/Debug/libdrivers.a(hs_mmcsd.o)
                0x80020ae4                HSMMCSDBusFreqSet
 .text.HSMMCSDInitStreamSend
                0x80020c78       0xa8 ../../../../../..//binary/armv7a/gcc/am335x/drivers/Debug/libdrivers.a(hs_mmcsd.o)
                0x80020c78                HSMMCSDInitStreamSend
 .text.HSMMCSDIntrStatusEnable
                0x80020d20       0x40 ../../../../../..//binary/armv7a/gcc/am335x/drivers/Debug/libdrivers.a(hs_mmcsd.o)
                0x80020d20                HSMMCSDIntrStatusEnable
 .text.HSMMCSDIntrEnable
                0x80020d60       0x50 ../../../../../..//binary/armv7a/gcc/am335x/drivers/Debug/libdrivers.a(hs_mmcsd.o)
                0x80020d60                HSMMCSDIntrEnable
 .text.HSMMCSDIntrStatusGet
                0x80020db0       0x38 ../../../../../..//binary/armv7a/gcc/am335x/drivers/Debug/libdrivers.a(hs_mmcsd.o)
                0x80020db0                HSMMCSDIntrStatusGet
 .text.HSMMCSDIntrStatusClear
                0x80020de8       0x30 ../../../../../..//binary/armv7a/gcc/am335x/drivers/Debug/libdrivers.a(hs_mmcsd.o)
                0x80020de8                HSMMCSDIntrStatusClear
 .text.HSMMCSDIsCmdComplete
                0x80020e18       0x84 ../../../../../..//binary/armv7a/gcc/am335x/drivers/Debug/libdrivers.a(hs_mmcsd.o)
                0x80020e18                HSMMCSDIsCmdComplete
 .text.HSMMCSDBlkLenSet
                0x80020e9c       0x64 ../../../../../..//binary/armv7a/gcc/am335x/drivers/Debug/libdrivers.a(hs_mmcsd.o)
                0x80020e9c                HSMMCSDBlkLenSet
 .text.HSMMCSDCommandSend
                0x80020f00       0xc4 ../../../../../..//binary/armv7a/gcc/am335x/drivers/Debug/libdrivers.a(hs_mmcsd.o)
                0x80020f00                HSMMCSDCommandSend
 .text.HSMMCSDResponseGet
                0x80020fc4       0x70 ../../../../../..//binary/armv7a/gcc/am335x/drivers/Debug/libdrivers.a(hs_mmcsd.o)
                0x80020fc4                HSMMCSDResponseGet
 .text.HSMMCSDIsCardInserted
                0x80021034       0x34 ../../../../../..//binary/armv7a/gcc/am335x/drivers/Debug/libdrivers.a(hs_mmcsd.o)
                0x80021034                HSMMCSDIsCardInserted
 .text.MMCSDContextSave
                0x80021068       0x98 ../../../../../..//binary/armv7a/gcc/am335x/drivers/Debug/libdrivers.a(hs_mmcsd.o)
                0x80021068                MMCSDContextSave
 .text.MMCSDContextRestore
                0x80021100       0x98 ../../../../../..//binary/armv7a/gcc/am335x/drivers/Debug/libdrivers.a(hs_mmcsd.o)
                0x80021100                MMCSDContextRestore
 .text.I2CMasterInitExpClk
                0x80021198       0xa4 ../../../../../..//binary/armv7a/gcc/am335x/drivers/Debug/libdrivers.a(hsi2c.o)
                0x80021198                I2CMasterInitExpClk
 .text.I2CMasterEnable
                0x8002123c       0x38 ../../../../../..//binary/armv7a/gcc/am335x/drivers/Debug/libdrivers.a(hsi2c.o)
                0x8002123c                I2CMasterEnable
 .text.I2CMasterDisable
                0x80021274       0x38 ../../../../../..//binary/armv7a/gcc/am335x/drivers/Debug/libdrivers.a(hsi2c.o)
                0x80021274                I2CMasterDisable
 .text.I2CMasterBusBusy
                0x800212ac       0x50 ../../../../../..//binary/armv7a/gcc/am335x/drivers/Debug/libdrivers.a(hsi2c.o)
                0x800212ac                I2CMasterBusBusy
 .text.I2CMasterBusy
                0x800212fc       0x30 ../../../../../..//binary/armv7a/gcc/am335x/drivers/Debug/libdrivers.a(hsi2c.o)
                0x800212fc                I2CMasterBusy
 .text.I2CMasterControl
                0x8002132c       0x34 ../../../../../..//binary/armv7a/gcc/am335x/drivers/Debug/libdrivers.a(hsi2c.o)
                0x8002132c                I2CMasterControl
 .text.I2CMasterStart
                0x80021360       0x38 ../../../../../..//binary/armv7a/gcc/am335x/drivers/Debug/libdrivers.a(hsi2c.o)
                0x80021360                I2CMasterStart
 .text.I2CMasterStop
                0x80021398       0x38 ../../../../../..//binary/armv7a/gcc/am335x/drivers/Debug/libdrivers.a(hsi2c.o)
                0x80021398                I2CMasterStop
 .text.I2CMasterIntEnableEx
                0x800213d0       0x40 ../../../../../..//binary/armv7a/gcc/am335x/drivers/Debug/libdrivers.a(hsi2c.o)
                0x800213d0                I2CMasterIntEnableEx
 .text.I2CMasterIntDisableEx
                0x80021410       0x30 ../../../../../..//binary/armv7a/gcc/am335x/drivers/Debug/libdrivers.a(hsi2c.o)
                0x80021410                I2CMasterIntDisableEx
 .text.I2CMasterIntStatus
                0x80021440       0x2c ../../../../../..//binary/armv7a/gcc/am335x/drivers/Debug/libdrivers.a(hsi2c.o)
                0x80021440                I2CMasterIntStatus
 .text.I2CMasterIntRawStatus
                0x8002146c       0x2c ../../../../../..//binary/armv7a/gcc/am335x/drivers/Debug/libdrivers.a(hsi2c.o)
                0x8002146c                I2CMasterIntRawStatus
 .text.I2CMasterIntRawStatusEx
                0x80021498       0x38 ../../../../../..//binary/armv7a/gcc/am335x/drivers/Debug/libdrivers.a(hsi2c.o)
                0x80021498                I2CMasterIntRawStatusEx
 .text.I2CMasterIntClearEx
                0x800214d0       0x30 ../../../../../..//binary/armv7a/gcc/am335x/drivers/Debug/libdrivers.a(hsi2c.o)
                0x800214d0                I2CMasterIntClearEx
 .text.I2CMasterSlaveAddrSet
                0x80021500       0x30 ../../../../../..//binary/armv7a/gcc/am335x/drivers/Debug/libdrivers.a(hsi2c.o)
                0x80021500                I2CMasterSlaveAddrSet
 .text.I2CSetDataCount
                0x80021530       0x30 ../../../../../..//binary/armv7a/gcc/am335x/drivers/Debug/libdrivers.a(hsi2c.o)
                0x80021530                I2CSetDataCount
 .text.I2CDataCountGet
                0x80021560       0x2c ../../../../../..//binary/armv7a/gcc/am335x/drivers/Debug/libdrivers.a(hsi2c.o)
                0x80021560                I2CDataCountGet
 .text.I2COwnAddressSet
                0x8002158c       0x84 ../../../../../..//binary/armv7a/gcc/am335x/drivers/Debug/libdrivers.a(hsi2c.o)
                0x8002158c                I2COwnAddressSet
 .text.I2CSoftReset
                0x80021610       0x38 ../../../../../..//binary/armv7a/gcc/am335x/drivers/Debug/libdrivers.a(hsi2c.o)
                0x80021610                I2CSoftReset
 .text.I2CAutoIdleDisable
                0x80021648       0x38 ../../../../../..//binary/armv7a/gcc/am335x/drivers/Debug/libdrivers.a(hsi2c.o)
                0x80021648                I2CAutoIdleDisable
 .text.I2CSystemStatusGet
                0x80021680       0x30 ../../../../../..//binary/armv7a/gcc/am335x/drivers/Debug/libdrivers.a(hsi2c.o)
                0x80021680                I2CSystemStatusGet
 .text.I2CMasterDataPut
                0x800216b0       0x34 ../../../../../..//binary/armv7a/gcc/am335x/drivers/Debug/libdrivers.a(hsi2c.o)
                0x800216b0                I2CMasterDataPut
 .text.I2CMasterDataGet
                0x800216e4       0x34 ../../../../../..//binary/armv7a/gcc/am335x/drivers/Debug/libdrivers.a(hsi2c.o)
                0x800216e4                I2CMasterDataGet
 .text.MBresetMailbox
                0x80021718       0x48 ../../../../../..//binary/armv7a/gcc/am335x/drivers/Debug/libdrivers.a(mailbox.o)
                0x80021718                MBresetMailbox
 .text.MBconfigIdleMode
                0x80021760       0x34 ../../../../../..//binary/armv7a/gcc/am335x/drivers/Debug/libdrivers.a(mailbox.o)
                0x80021760                MBconfigIdleMode
 .text.MBgetMessage
                0x80021794       0x78 ../../../../../..//binary/armv7a/gcc/am335x/drivers/Debug/libdrivers.a(mailbox.o)
                0x80021794                MBgetMessage
 .text.MBsendMessage
                0x8002180c       0x94 ../../../../../..//binary/armv7a/gcc/am335x/drivers/Debug/libdrivers.a(mailbox.o)
                0x8002180c                MBsendMessage
 .text.MBenableNewMsgInt
                0x800218a0       0x58 ../../../../../..//binary/armv7a/gcc/am335x/drivers/Debug/libdrivers.a(mailbox.o)
                0x800218a0                MBenableNewMsgInt
 .text.MBclrNewMsgStatus
                0x800218f8       0x58 ../../../../../..//binary/armv7a/gcc/am335x/drivers/Debug/libdrivers.a(mailbox.o)
                0x800218f8                MBclrNewMsgStatus
 .text.MDIOPhyRegRead
                0x80021950       0xc4 ../../../../../..//binary/armv7a/gcc/am335x/drivers/Debug/libdrivers.a(mdio.o)
                0x80021950                MDIOPhyRegRead
 .text.MDIOPhyRegWrite
                0x80021a14       0x8c ../../../../../..//binary/armv7a/gcc/am335x/drivers/Debug/libdrivers.a(mdio.o)
                0x80021a14                MDIOPhyRegWrite
 .text.MDIOPhyAliveStatusGet
                0x80021aa0       0x2c ../../../../../..//binary/armv7a/gcc/am335x/drivers/Debug/libdrivers.a(mdio.o)
                0x80021aa0                MDIOPhyAliveStatusGet
 .text.MDIOInit
                0x80021acc       0x64 ../../../../../..//binary/armv7a/gcc/am335x/drivers/Debug/libdrivers.a(mdio.o)
                0x80021acc                MDIOInit
 .text.MDIOContextSave
                0x80021b30       0x34 ../../../../../..//binary/armv7a/gcc/am335x/drivers/Debug/libdrivers.a(mdio.o)
                0x80021b30                MDIOContextSave
 .text.MDIOContextRestore
                0x80021b64       0x34 ../../../../../..//binary/armv7a/gcc/am335x/drivers/Debug/libdrivers.a(mdio.o)
                0x80021b64                MDIOContextRestore
 .text.PhyAutoNegotiate
                0x80021b98      0x1f4 ../../../../../..//binary/armv7a/gcc/am335x/drivers/Debug/libdrivers.a(phy.o)
                0x80021b98                PhyAutoNegotiate
 .text.PhyAutoNegStatusGet
                0x80021d8c       0x5c ../../../../../..//binary/armv7a/gcc/am335x/drivers/Debug/libdrivers.a(phy.o)
                0x80021d8c                PhyAutoNegStatusGet
 .text.PhyPartnerAbilityGet
                0x80021de8       0x88 ../../../../../..//binary/armv7a/gcc/am335x/drivers/Debug/libdrivers.a(phy.o)
                0x80021de8                PhyPartnerAbilityGet
 .text.PhyLinkStatusGet
                0x80021e70       0x88 ../../../../../..//binary/armv7a/gcc/am335x/drivers/Debug/libdrivers.a(phy.o)
                0x80021e70                PhyLinkStatusGet
 .text.RTCRun   0x80021ef8       0x64 ../../../../../..//binary/armv7a/gcc/am335x/drivers/Debug/libdrivers.a(rtc.o)
                0x80021ef8                RTCRun
 .text.RTCWriteProtectDisable
                0x80021f5c       0x4c ../../../../../..//binary/armv7a/gcc/am335x/drivers/Debug/libdrivers.a(rtc.o)
                0x80021f5c                RTCWriteProtectDisable
 .text.RTCIntTimerEnable
                0x80021fa8       0x7c ../../../../../..//binary/armv7a/gcc/am335x/drivers/Debug/libdrivers.a(rtc.o)
                0x80021fa8                RTCIntTimerEnable
 .text.RTCEnable
                0x80022024       0x98 ../../../../../..//binary/armv7a/gcc/am335x/drivers/Debug/libdrivers.a(rtc.o)
                0x80022024                RTCEnable
 .text.RTCTimeSet
                0x800220bc       0xcc ../../../../../..//binary/armv7a/gcc/am335x/drivers/Debug/libdrivers.a(rtc.o)
                0x800220bc                RTCTimeSet
 .text.RTCTimeGet
                0x80022188       0xcc ../../../../../..//binary/armv7a/gcc/am335x/drivers/Debug/libdrivers.a(rtc.o)
                0x80022188                RTCTimeGet
 .text.RTCCalendarSet
                0x80022254       0x98 ../../../../../..//binary/armv7a/gcc/am335x/drivers/Debug/libdrivers.a(rtc.o)
                0x80022254                RTCCalendarSet
 .text.RTCCalendarGet
                0x800222ec       0xa4 ../../../../../..//binary/armv7a/gcc/am335x/drivers/Debug/libdrivers.a(rtc.o)
                0x800222ec                RTCCalendarGet
 .text.RTC32KClkSourceSelect
                0x80022390       0x88 ../../../../../..//binary/armv7a/gcc/am335x/drivers/Debug/libdrivers.a(rtc.o)
                0x80022390                RTC32KClkSourceSelect
 .text.RTC32KClkClockControl
                0x80022418       0x60 ../../../../../..//binary/armv7a/gcc/am335x/drivers/Debug/libdrivers.a(rtc.o)
                0x80022418                RTC32KClkClockControl
 .text.UARTOperatingModeSelect
                0x80022478       0x84 ../../../../../..//binary/armv7a/gcc/am335x/drivers/Debug/libdrivers.a(uart_irda_cir.o)
                0x80022478                UARTOperatingModeSelect
 .text.UARTDivisorValCompute
                0x800224fc      0x104 ../../../../../..//binary/armv7a/gcc/am335x/drivers/Debug/libdrivers.a(uart_irda_cir.o)
                0x800224fc                UARTDivisorValCompute
 .text.UARTDivisorLatchWrite
                0x80022600      0x210 ../../../../../..//binary/armv7a/gcc/am335x/drivers/Debug/libdrivers.a(uart_irda_cir.o)
                0x80022600                UARTDivisorLatchWrite
 .text.UARTDivisorLatchDisable
                0x80022810       0x38 ../../../../../..//binary/armv7a/gcc/am335x/drivers/Debug/libdrivers.a(uart_irda_cir.o)
                0x80022810                UARTDivisorLatchDisable
 .text.UARTRegConfigModeEnable
                0x80022848       0x9c ../../../../../..//binary/armv7a/gcc/am335x/drivers/Debug/libdrivers.a(uart_irda_cir.o)
                0x80022848                UARTRegConfigModeEnable
 .text.UARTBreakCtl
                0x800228e4       0x60 ../../../../../..//binary/armv7a/gcc/am335x/drivers/Debug/libdrivers.a(uart_irda_cir.o)
                0x800228e4                UARTBreakCtl
 .text.UARTLineCharacConfig
                0x80022944       0xa4 ../../../../../..//binary/armv7a/gcc/am335x/drivers/Debug/libdrivers.a(uart_irda_cir.o)
                0x80022944                UARTLineCharacConfig
 .text.UARTFIFOConfig
                0x800229e8      0x480 ../../../../../..//binary/armv7a/gcc/am335x/drivers/Debug/libdrivers.a(uart_irda_cir.o)
                0x800229e8                UARTFIFOConfig
 .text.UARTFIFORegisterWrite
                0x80022e68       0xc0 ../../../../../..//binary/armv7a/gcc/am335x/drivers/Debug/libdrivers.a(uart_irda_cir.o)
                0x80022e68                UARTFIFORegisterWrite
 .text.UARTEnhanFuncEnable
                0x80022f28       0x88 ../../../../../..//binary/armv7a/gcc/am335x/drivers/Debug/libdrivers.a(uart_irda_cir.o)
                0x80022f28                UARTEnhanFuncEnable
 .text.UARTEnhanFuncBitValRestore
                0x80022fb0       0x8c ../../../../../..//binary/armv7a/gcc/am335x/drivers/Debug/libdrivers.a(uart_irda_cir.o)
                0x80022fb0                UARTEnhanFuncBitValRestore
 .text.UARTSubConfigTCRTLRModeEn
                0x8002303c      0x124 ../../../../../..//binary/armv7a/gcc/am335x/drivers/Debug/libdrivers.a(uart_irda_cir.o)
                0x8002303c                UARTSubConfigTCRTLRModeEn
 .text.UARTTCRTLRBitValRestore
                0x80023160      0x128 ../../../../../..//binary/armv7a/gcc/am335x/drivers/Debug/libdrivers.a(uart_irda_cir.o)
                0x80023160                UARTTCRTLRBitValRestore
 .text.UARTIntEnable
                0x80023288      0x130 ../../../../../..//binary/armv7a/gcc/am335x/drivers/Debug/libdrivers.a(uart_irda_cir.o)
                0x80023288                UARTIntEnable
 .text.UARTIntDisable
                0x800233b8      0x110 ../../../../../..//binary/armv7a/gcc/am335x/drivers/Debug/libdrivers.a(uart_irda_cir.o)
                0x800233b8                UARTIntDisable
 .text.UARTCharsAvail
                0x800234c8       0x78 ../../../../../..//binary/armv7a/gcc/am335x/drivers/Debug/libdrivers.a(uart_irda_cir.o)
                0x800234c8                UARTCharsAvail
 .text.UARTCharPutNonBlocking
                0x80023540       0x8c ../../../../../..//binary/armv7a/gcc/am335x/drivers/Debug/libdrivers.a(uart_irda_cir.o)
                0x80023540                UARTCharPutNonBlocking
 .text.UARTCharGetNonBlocking
                0x800235cc       0x80 ../../../../../..//binary/armv7a/gcc/am335x/drivers/Debug/libdrivers.a(uart_irda_cir.o)
                0x800235cc                UARTCharGetNonBlocking
 .text.UARTCharGet
                0x8002364c       0x84 ../../../../../..//binary/armv7a/gcc/am335x/drivers/Debug/libdrivers.a(uart_irda_cir.o)
                0x8002364c                UARTCharGet
 .text.UARTCharPut
                0x800236d0       0x78 ../../../../../..//binary/armv7a/gcc/am335x/drivers/Debug/libdrivers.a(uart_irda_cir.o)
                0x800236d0                UARTCharPut
 .text.UARTModuleReset
                0x80023748       0x54 ../../../../../..//binary/armv7a/gcc/am335x/drivers/Debug/libdrivers.a(uart_irda_cir.o)
                0x80023748                UARTModuleReset
 .text.UARTIdleModeConfigure
                0x8002379c       0x60 ../../../../../..//binary/armv7a/gcc/am335x/drivers/Debug/libdrivers.a(uart_irda_cir.o)
                0x8002379c                UARTIdleModeConfigure
 .text.UARTWakeUpControl
                0x800237fc       0x60 ../../../../../..//binary/armv7a/gcc/am335x/drivers/Debug/libdrivers.a(uart_irda_cir.o)
                0x800237fc                UARTWakeUpControl
 .text.ASCIIToDigit
                0x8002385c       0xe8 ../../../../../..//binary/armv7a/gcc/utils/Debug/libutils.a(ascii.o)
                0x8002385c                ASCIIToDigit
 .text.DigitToASCII
                0x80023944       0xb8 ../../../../../..//binary/armv7a/gcc/utils/Debug/libutils.a(ascii.o)
                0x80023944                DigitToASCII
 .text.TimeToStr
                0x800239fc      0x18c ../../../../../..//binary/armv7a/gcc/utils/Debug/libutils.a(ascii.o)
                0x800239fc                TimeToStr
 .text.DateToStr
                0x80023b88      0x18c ../../../../../..//binary/armv7a/gcc/utils/Debug/libutils.a(ascii.o)
                0x80023b88                DateToStr
 .text.BoardVersionGet
                0x80023d14       0x20 ../../../../../..//binary/armv7a/gcc/utils/Debug/libutils.a(board.o)
                0x80023d14                BoardVersionGet
 .text.BoardNameGet
                0x80023d34       0x20 ../../../../../..//binary/armv7a/gcc/utils/Debug/libutils.a(board.o)
                0x80023d34                BoardNameGet
 .text.BoardInfoInit
                0x80023d54      0x154 ../../../../../..//binary/armv7a/gcc/utils/Debug/libutils.a(board.o)
                0x80023d54                BoardInfoInit
 .text.CmdLineProcess
                0x80023ea8      0x158 ../../../../../..//binary/armv7a/gcc/utils/Debug/libutils.a(cmdline.o)
                0x80023ea8                CmdLineProcess
 .text.ConsoleUtilsInit
                0x80024000       0x18 ../../../../../..//binary/armv7a/gcc/utils/Debug/libutils.a(consoleUtils.o)
                0x80024000                ConsoleUtilsInit
 .text.ConsoleUtilsSetType
                0x80024018       0x54 ../../../../../..//binary/armv7a/gcc/utils/Debug/libutils.a(consoleUtils.o)
                0x80024018                ConsoleUtilsSetType
 .text.ConsoleUtilsPrintf
                0x8002406c       0x6c ../../../../../..//binary/armv7a/gcc/utils/Debug/libutils.a(consoleUtils.o)
                0x8002406c                ConsoleUtilsPrintf
 .text.ConsoleUtilsScanf
                0x800240d8       0x80 ../../../../../..//binary/armv7a/gcc/utils/Debug/libutils.a(consoleUtils.o)
                0x800240d8                ConsoleUtilsScanf
 .text.DelayTimerSetup
                0x80024158       0x18 ../../../../../..//binary/armv7a/gcc/utils/Debug/libutils.a(delay.o)
                0x80024158                DelayTimerSetup
 .text.delay    0x80024170       0x28 ../../../../../..//binary/armv7a/gcc/utils/Debug/libutils.a(delay.o)
                0x80024170                delay
 .text.UARTStdioInit
                0x80024198       0x18 ../../../../../..//binary/armv7a/gcc/utils/Debug/libutils.a(uartStdio.o)
                0x80024198                UARTStdioInit
 .text.UARTStdioRead
                0x800241b0       0xd0 ../../../../../..//binary/armv7a/gcc/utils/Debug/libutils.a(uartStdio.o)
 .text.UARTPuts
                0x80024280       0xec ../../../../../..//binary/armv7a/gcc/utils/Debug/libutils.a(uartStdio.o)
                0x80024280                UARTPuts
 .text.UARTPutc
                0x8002436c       0x30 ../../../../../..//binary/armv7a/gcc/utils/Debug/libutils.a(uartStdio.o)
                0x8002436c                UARTPutc
 .text.UARTGetc
                0x8002439c       0x20 ../../../../../..//binary/armv7a/gcc/utils/Debug/libutils.a(uartStdio.o)
                0x8002439c                UARTGetc
 .text.UARTwrite
                0x800243bc       0x94 ../../../../../..//binary/armv7a/gcc/utils/Debug/libutils.a(uartStdio.o)
                0x800243bc                UARTwrite
 .text.UARTScanf
                0x80024450      0xa68 ../../../../../..//binary/armv7a/gcc/utils/Debug/libutils.a(uartStdio.o)
                0x80024450                UARTScanf
 .text.UARTPrintf
                0x80024eb8      0x6ac ../../../../../..//binary/armv7a/gcc/utils/Debug/libutils.a(uartStdio.o)
                0x80024eb8                UARTPrintf
 .text.BoardInfoCheck
                0x80025564      0x12c ../../../../../..//binary/armv7a/gcc/am335x/beaglebone/platform/Debug/libplatform.a(board.o)
                0x80025564                BoardInfoCheck
 .text.EVMPortMIIModeSelect
                0x80025690       0x24 ../../../../../..//binary/armv7a/gcc/am335x/beaglebone/platform/Debug/libplatform.a(cpsw.o)
                0x80025690                EVMPortMIIModeSelect
 .text.EVMMACAddrGet
                0x800256b4      0x11c ../../../../../..//binary/armv7a/gcc/am335x/beaglebone/platform/Debug/libplatform.a(cpsw.o)
                0x800256b4                EVMMACAddrGet
 .text.ControlRegContextSave
                0x800257d0       0x90 ../../../../../..//binary/armv7a/gcc/am335x/beaglebone/platform/Debug/libplatform.a(ctlregcontext.o)
                0x800257d0                ControlRegContextSave
 .text.ControlRegContextRestore
                0x80025860       0x90 ../../../../../..//binary/armv7a/gcc/am335x/beaglebone/platform/Debug/libplatform.a(ctlregcontext.o)
                0x80025860                ControlRegContextRestore
 .text.IOPadContextSave
                0x800258f0       0x58 ../../../../../..//binary/armv7a/gcc/am335x/beaglebone/platform/Debug/libplatform.a(ctlregcontext.o)
                0x800258f0                IOPadContextSave
 .text.IOPadContextRestore
                0x80025948       0x58 ../../../../../..//binary/armv7a/gcc/am335x/beaglebone/platform/Debug/libplatform.a(ctlregcontext.o)
                0x80025948                IOPadContextRestore
 .text.IOPadConfigure
                0x800259a0       0x4c ../../../../../..//binary/armv7a/gcc/am335x/beaglebone/platform/Debug/libplatform.a(ctlregcontext.o)
                0x800259a0                IOPadConfigure
 .text.IOPadSel
                0x800259ec       0x8c ../../../../../..//binary/armv7a/gcc/am335x/beaglebone/platform/Debug/libplatform.a(ctlregcontext.o)
                0x800259ec                IOPadSel
 .text.IOPadSelConfigure
                0x80025a78       0x90 ../../../../../..//binary/armv7a/gcc/am335x/beaglebone/platform/Debug/libplatform.a(ctlregcontext.o)
                0x80025a78                IOPadSelConfigure
 .text.DMTimer2ModuleClkConfig
                0x80025b08      0x260 ../../../../../..//binary/armv7a/gcc/am335x/beaglebone/platform/Debug/libplatform.a(dmtimer.o)
                0x80025b08                DMTimer2ModuleClkConfig
 .text.DMTimer6ModuleClkConfig
                0x80025d68       0xc4 ../../../../../..//binary/armv7a/gcc/am335x/beaglebone/platform/Debug/libplatform.a(dmtimer.o)
                0x80025d68                DMTimer6ModuleClkConfig
 .text.DMTimer7ModuleClkConfig
                0x80025e2c      0x260 ../../../../../..//binary/armv7a/gcc/am335x/beaglebone/platform/Debug/libplatform.a(dmtimer.o)
                0x80025e2c                DMTimer7ModuleClkConfig
 .text.DMTimer1msModuleClkConfig
                0x8002608c       0xd8 ../../../../../..//binary/armv7a/gcc/am335x/beaglebone/platform/Debug/libplatform.a(dmtimer.o)
                0x8002608c                DMTimer1msModuleClkConfig
 .text.EDMAVersionGet
                0x80026164       0x1c ../../../../../..//binary/armv7a/gcc/am335x/beaglebone/platform/Debug/libplatform.a(edma.o)
                0x80026164                EDMAVersionGet
 .text.EDMAModuleClkConfig
                0x80026180      0x1e8 ../../../../../..//binary/armv7a/gcc/am335x/beaglebone/platform/Debug/libplatform.a(edma.o)
                0x80026180                EDMAModuleClkConfig
 .text.EEPROMI2CSetUp
                0x80026368       0xec ../../../../../..//binary/armv7a/gcc/am335x/beaglebone/platform/Debug/libplatform.a(eeprom.o)
                0x80026368                EEPROMI2CSetUp
 .text.EEPROMI2CRead
                0x80026454      0x294 ../../../../../..//binary/armv7a/gcc/am335x/beaglebone/platform/Debug/libplatform.a(eeprom.o)
                0x80026454                EEPROMI2CRead
 .text.StatusClear
                0x800266e8       0x24 ../../../../../..//binary/armv7a/gcc/am335x/beaglebone/platform/Debug/libplatform.a(eeprom.o)
 .text.I2C0PinMux
                0x8002670c       0x34 ../../../../../..//binary/armv7a/gcc/am335x/beaglebone/platform/Debug/libplatform.a(eeprom.o)
 .text.BoardInfoRead
                0x80026740       0x40 ../../../../../..//binary/armv7a/gcc/am335x/beaglebone/platform/Debug/libplatform.a(eeprom.o)
                0x80026740                BoardInfoRead
 .text.GPIO1Pin23PinMuxSetup
                0x80026780       0x24 ../../../../../..//binary/armv7a/gcc/am335x/beaglebone/platform/Debug/libplatform.a(gpio.o)
                0x80026780                GPIO1Pin23PinMuxSetup
 .text.GPIO0ModuleClkConfig
                0x800267a4      0x148 ../../../../../..//binary/armv7a/gcc/am335x/beaglebone/platform/Debug/libplatform.a(gpio.o)
                0x800267a4                GPIO0ModuleClkConfig
 .text.GPIO1ModuleClkConfig
                0x800268ec       0xbc ../../../../../..//binary/armv7a/gcc/am335x/beaglebone/platform/Debug/libplatform.a(gpio.o)
                0x800268ec                GPIO1ModuleClkConfig
 .text.GpioPinMuxSetup
                0x800269a8       0x34 ../../../../../..//binary/armv7a/gcc/am335x/beaglebone/platform/Debug/libplatform.a(gpio.o)
                0x800269a8                GpioPinMuxSetup
 .text.HSMMCSDModuleClkConfig
                0x800269dc       0x4c ../../../../../..//binary/armv7a/gcc/am335x/beaglebone/platform/Debug/libplatform.a(hs_mmcsd.o)
                0x800269dc                HSMMCSDModuleClkConfig
 .text.I2C0ModuleClkConfig
                0x80026a28      0x35c ../../../../../..//binary/armv7a/gcc/am335x/beaglebone/platform/Debug/libplatform.a(hsi2c.o)
                0x80026a28                I2C0ModuleClkConfig
 .text.RtcVersionGet
                0x80026d84       0x1c ../../../../../..//binary/armv7a/gcc/am335x/beaglebone/platform/Debug/libplatform.a(rtc.o)
                0x80026d84                RtcVersionGet
 .text.SysDelayTimerSetup
                0x80026da0       0x88 ../../../../../..//binary/armv7a/gcc/am335x/beaglebone/platform/Debug/libplatform.a(sysdelay.o)
                0x80026da0                SysDelayTimerSetup
 .text.Sysdelay
                0x80026e28       0xb0 ../../../../../..//binary/armv7a/gcc/am335x/beaglebone/platform/Debug/libplatform.a(sysdelay.o)
                0x80026e28                Sysdelay
 .text.DMTimerIsr
                0x80026ed8       0x48 ../../../../../..//binary/armv7a/gcc/am335x/beaglebone/platform/Debug/libplatform.a(sysdelay.o)
 .text.UARTStdioInitExpClk
                0x80026f20       0xd0 ../../../../../..//binary/armv7a/gcc/am335x/beaglebone/platform/Debug/libplatform.a(uartConsole.o)
 .text.UartFIFOConfigure
                0x80026ff0       0x64 ../../../../../..//binary/armv7a/gcc/am335x/beaglebone/platform/Debug/libplatform.a(uartConsole.o)
 .text.UartBaudRateSet
                0x80027054       0x5c ../../../../../..//binary/armv7a/gcc/am335x/beaglebone/platform/Debug/libplatform.a(uartConsole.o)
 .text.UARTConsoleInit
                0x800270b0       0x44 ../../../../../..//binary/armv7a/gcc/am335x/beaglebone/platform/Debug/libplatform.a(uartConsole.o)
                0x800270b0                UARTConsoleInit
 .text.UARTConsolePutc
                0x800270f4       0x38 ../../../../../..//binary/armv7a/gcc/am335x/beaglebone/platform/Debug/libplatform.a(uartConsole.o)
                0x800270f4                UARTConsolePutc
 .text.UARTConsoleGetc
                0x8002712c       0x2c ../../../../../..//binary/armv7a/gcc/am335x/beaglebone/platform/Debug/libplatform.a(uartConsole.o)
                0x8002712c                UARTConsoleGetc
 .text.UARTPinMuxSetup
                0x80027158       0x48 ../../../../../..//binary/armv7a/gcc/am335x/beaglebone/platform/Debug/libplatform.a(uart.o)
                0x80027158                UARTPinMuxSetup
 .text.UART0ModuleClkConfig
                0x800271a0      0x35c ../../../../../..//binary/armv7a/gcc/am335x/beaglebone/platform/Debug/libplatform.a(uart.o)
                0x800271a0                UART0ModuleClkConfig
 .text.HSMMCSDCardPresent
                0x800274fc       0x38 ../../../../../..//binary/armv7a/gcc/mmcsdlib/Debug/libmmcsd.a(hs_mmcsdlib.o)
                0x800274fc                HSMMCSDCardPresent
 .text.HSMMCSDIntEnable
                0x80027534       0x3c ../../../../../..//binary/armv7a/gcc/mmcsdlib/Debug/libmmcsd.a(hs_mmcsdlib.o)
                0x80027534                HSMMCSDIntEnable
 .text.HSMMCSDControllerInit
                0x80027570      0x1c4 ../../../../../..//binary/armv7a/gcc/mmcsdlib/Debug/libmmcsd.a(hs_mmcsdlib.o)
                0x80027570                HSMMCSDControllerInit
 .text.HSMMCSDCmdSend
                0x80027734      0x258 ../../../../../..//binary/armv7a/gcc/mmcsdlib/Debug/libmmcsd.a(hs_mmcsdlib.o)
                0x80027734                HSMMCSDCmdSend
 .text.HSMMCSDBusWidthConfig
                0x8002798c       0x64 ../../../../../..//binary/armv7a/gcc/mmcsdlib/Debug/libmmcsd.a(hs_mmcsdlib.o)
                0x8002798c                HSMMCSDBusWidthConfig
 .text.HSMMCSDBusFreqConfig
                0x800279f0       0x50 ../../../../../..//binary/armv7a/gcc/mmcsdlib/Debug/libmmcsd.a(hs_mmcsdlib.o)
                0x800279f0                HSMMCSDBusFreqConfig
 .text.MMCSDCmdSend
                0x80027a40       0x38 ../../../../../..//binary/armv7a/gcc/mmcsdlib/Debug/libmmcsd.a(mmcsd_proto.o)
                0x80027a40                MMCSDCmdSend
 .text.MMCSDAppCmdSend
                0x80027a78       0x98 ../../../../../..//binary/armv7a/gcc/mmcsdlib/Debug/libmmcsd.a(mmcsd_proto.o)
                0x80027a78                MMCSDAppCmdSend
 .text.MMCSDBusWidthSet
                0x80027b10       0xe8 ../../../../../..//binary/armv7a/gcc/mmcsdlib/Debug/libmmcsd.a(mmcsd_proto.o)
                0x80027b10                MMCSDBusWidthSet
 .text.MMCSDTranSpeedSet
                0x80027bf8      0x1ac ../../../../../..//binary/armv7a/gcc/mmcsdlib/Debug/libmmcsd.a(mmcsd_proto.o)
                0x80027bf8                MMCSDTranSpeedSet
 .text.MMCSDCardReset
                0x80027da4       0x5c ../../../../../..//binary/armv7a/gcc/mmcsdlib/Debug/libmmcsd.a(mmcsd_proto.o)
                0x80027da4                MMCSDCardReset
 .text.MMCSDStopCmdSend
                0x80027e00       0x6c ../../../../../..//binary/armv7a/gcc/mmcsdlib/Debug/libmmcsd.a(mmcsd_proto.o)
                0x80027e00                MMCSDStopCmdSend
 .text.MMCSDCardTypeCheck
                0x80027e6c       0x54 ../../../../../..//binary/armv7a/gcc/mmcsdlib/Debug/libmmcsd.a(mmcsd_proto.o)
                0x80027e6c                MMCSDCardTypeCheck
 .text.MMCSDCtrlInit
                0x80027ec0       0x30 ../../../../../..//binary/armv7a/gcc/mmcsdlib/Debug/libmmcsd.a(mmcsd_proto.o)
                0x80027ec0                MMCSDCtrlInit
 .text.MMCSDIntEnable
                0x80027ef0       0x2c ../../../../../..//binary/armv7a/gcc/mmcsdlib/Debug/libmmcsd.a(mmcsd_proto.o)
                0x80027ef0                MMCSDIntEnable
 .text.MMCSDCardInit
                0x80027f1c      0x784 ../../../../../..//binary/armv7a/gcc/mmcsdlib/Debug/libmmcsd.a(mmcsd_proto.o)
                0x80027f1c                MMCSDCardInit
 .text.MMCSDWriteCmdSend
                0x800286a0      0x184 ../../../../../..//binary/armv7a/gcc/mmcsdlib/Debug/libmmcsd.a(mmcsd_proto.o)
                0x800286a0                MMCSDWriteCmdSend
 .text.MMCSDReadCmdSend
                0x80028824      0x184 ../../../../../..//binary/armv7a/gcc/mmcsdlib/Debug/libmmcsd.a(mmcsd_proto.o)
                0x80028824                MMCSDReadCmdSend
 .text.CacheDisable
                0x800289a8       0x7c ../../../../../..//binary/armv7a/gcc/am335x/system_config/Debug/libsystem_config.a(cache.o)
                0x800289a8                CacheDisable
 .text.CacheEnable
                0x80028a24       0x94 ../../../../../..//binary/armv7a/gcc/am335x/system_config/Debug/libsystem_config.a(cache.o)
                0x80028a24                CacheEnable
 .text.CacheDataCleanBuff
                0x80028ab8       0x30 ../../../../../..//binary/armv7a/gcc/am335x/system_config/Debug/libsystem_config.a(cache.o)
                0x80028ab8                CacheDataCleanBuff
 .text.CacheDataInvalidateBuff
                0x80028ae8       0x30 ../../../../../..//binary/armv7a/gcc/am335x/system_config/Debug/libsystem_config.a(cache.o)
                0x80028ae8                CacheDataInvalidateBuff
 .text.setDividerAutoGateCtrl
                0x80028b18       0x50 ../../../../../..//binary/armv7a/gcc/am335x/system_config/Debug/libsystem_config.a(clock.o)
 .text.setDividerAutoPDCtrl
                0x80028b68       0x60 ../../../../../..//binary/armv7a/gcc/am335x/system_config/Debug/libsystem_config.a(clock.o)
 .text.updateClockDivider
                0x80028bc8       0x5c ../../../../../..//binary/armv7a/gcc/am335x/system_config/Debug/libsystem_config.a(clock.o)
 .text.configClkDiv
                0x80028c24       0x50 ../../../../../..//binary/armv7a/gcc/am335x/system_config/Debug/libsystem_config.a(clock.o)
 .text.configADPLLAutoIdleCtrl
                0x80028c74       0x30 ../../../../../..//binary/armv7a/gcc/am335x/system_config/Debug/libsystem_config.a(clock.o)
 .text.setBypassClockSource
                0x80028ca4       0x50 ../../../../../..//binary/armv7a/gcc/am335x/system_config/Debug/libsystem_config.a(clock.o)
 .text.setClkMultDiv
                0x80028cf4       0xe4 ../../../../../..//binary/armv7a/gcc/am335x/system_config/Debug/libsystem_config.a(clock.o)
 .text.setLPBypassMode
                0x80028dd8      0x100 ../../../../../..//binary/armv7a/gcc/am335x/system_config/Debug/libsystem_config.a(clock.o)
                0x80028dd8                setLPBypassMode
 .text.setRelockRampCtrl
                0x80028ed8       0x50 ../../../../../..//binary/armv7a/gcc/am335x/system_config/Debug/libsystem_config.a(clock.o)
 .text.configADPLL
                0x80028f28      0x104 ../../../../../..//binary/armv7a/gcc/am335x/system_config/Debug/libsystem_config.a(clock.o)
                0x80028f28                configADPLL
 .text.initClockDomain
                0x8002902c       0x70 ../../../../../..//binary/armv7a/gcc/am335x/system_config/Debug/libsystem_config.a(clock.o)
                0x8002902c                initClockDomain
 .text.enableClock
                0x8002909c      0x158 ../../../../../..//binary/armv7a/gcc/am335x/system_config/Debug/libsystem_config.a(clock.o)
 .text.enableModule
                0x800291f4       0x88 ../../../../../..//binary/armv7a/gcc/am335x/system_config/Debug/libsystem_config.a(clock.o)
                0x800291f4                enableModule
 .text.disableModule
                0x8002927c       0x64 ../../../../../..//binary/armv7a/gcc/am335x/system_config/Debug/libsystem_config.a(clock.o)
                0x8002927c                disableModule
 .text.enableModuleClock
                0x800292e0      0x19c ../../../../../..//binary/armv7a/gcc/am335x/system_config/Debug/libsystem_config.a(clock.o)
                0x800292e0                enableModuleClock
 .text.disableClock
                0x8002947c       0x5c ../../../../../..//binary/armv7a/gcc/am335x/system_config/Debug/libsystem_config.a(clock.o)
 .text.disableModuleClock
                0x800294d8      0x1e8 ../../../../../..//binary/armv7a/gcc/am335x/system_config/Debug/libsystem_config.a(clock.o)
                0x800294d8                disableModuleClock
 .text.getModuleState