Archive member included because of file (symbol)

../../../../../..//binary/armv7a/gcc/am335x/drivers/Debug/libdrivers.a(cpsw.o)
                              Debug/lwiplib.o (CPSWSSReset)
../../../../../..//binary/armv7a/gcc/am335x/drivers/Debug/libdrivers.a(mdio.o)
                              Debug/lwiplib.o (MDIOPhyAliveStatusGet)
../../../../../..//binary/armv7a/gcc/am335x/drivers/Debug/libdrivers.a(phy.o)
                              Debug/lwiplib.o (PhyReset)
../../../../../..//binary/armv7a/gcc/utils/Debug/libutils.a(consoleUtils.o)
                              Debug/enetEcho.o (ConsoleUtilsInit)
../../../../../..//binary/armv7a/gcc/utils/Debug/libutils.a(delay.o)
                              Debug/enetEcho.o (DelayTimerSetup)
../../../../../..//binary/armv7a/gcc/utils/Debug/libutils.a(uartStdio.o)
                              ../../../../../..//binary/armv7a/gcc/utils/Debug/libutils.a(consoleUtils.o) (UARTStdioInit)
../../../../../..//binary/armv7a/gcc/utils/Debug/libutils.a(ascii.o)
                              ../../../../../..//binary/armv7a/gcc/utils/Debug/libutils.a(uartStdio.o) (ASCIIToDigit)
../../../../../..//binary/armv7a/gcc/am335x/beaglebone/platform/Debug/libplatform.a(cpsw.o)
                              Debug/enetEcho.o (CPSWPinMuxSetup)
../../../../../..//binary/armv7a/gcc/am335x/beaglebone/platform/Debug/libplatform.a(sysdelay.o)
                              ../../../../../..//binary/armv7a/gcc/utils/Debug/libutils.a(delay.o) (SysDelayTimerSetup)
../../../../../..//binary/armv7a/gcc/am335x/beaglebone/platform/Debug/libplatform.a(uartConsole.o)
                              ../../../../../..//binary/armv7a/gcc/utils/Debug/libutils.a(uartStdio.o) (UARTConsoleInit)
../../../../../..//binary/armv7a/gcc/am335x/beaglebone/platform/Debug/libplatform.a(dmtimer.o)
                              ../../../../../..//binary/armv7a/gcc/am335x/beaglebone/platform/Debug/libplatform.a(sysdelay.o) (DMTimer7ModuleClkConfig)
../../../../../..//binary/armv7a/gcc/am335x/beaglebone/platform/Debug/libplatform.a(uart.o)
                              ../../../../../..//binary/armv7a/gcc/am335x/beaglebone/platform/Debug/libplatform.a(uartConsole.o) (UARTPinMuxSetup)
../../../../../..//binary/armv7a/gcc/am335x/system_config/Debug/libsystem_config.a(cache.o)
                              Debug/enetEcho.o (CacheEnable)
../../../../../..//binary/armv7a/gcc/am335x/system_config/Debug/libsystem_config.a(cp15.o)
                              ../../../../../..//binary/armv7a/gcc/am335x/system_config/Debug/libsystem_config.a(cache.o) (CP15ICacheDisable)
../../../../../..//binary/armv7a/gcc/am335x/system_config/Debug/libsystem_config.a(init.o)
                              (Entry)
../../../../../..//binary/armv7a/gcc/am335x/system_config/Debug/libsystem_config.a(interrupt.o)
                              Debug/enetEcho.o (IntRegister)
../../../../../..//binary/armv7a/gcc/am335x/system_config/Debug/libsystem_config.a(mmu.o)
                              Debug/enetEcho.o (MMUInit)
../../../../../..//binary/armv7a/gcc/am335x/system_config/Debug/libsystem_config.a(startup.o)
                              ../../../../../..//binary/armv7a/gcc/am335x/system_config/Debug/libsystem_config.a(init.o) (start_boot)
../../../../../..//binary/armv7a/gcc/am335x/system_config/Debug/libsystem_config.a(cpu.o)
                              ../../../../../..//binary/armv7a/gcc/am335x/system_config/Debug/libsystem_config.a(interrupt.o) (CPUIntStatus)
../../../../../..//binary/armv7a/gcc/am335x/system_config/Debug/libsystem_config.a(exceptionhandler.o)
                              ../../../../../..//binary/armv7a/gcc/am335x/system_config/Debug/libsystem_config.a(startup.o) (IRQHandler)
/home/sungjae/gcc-arm-none-eabi-4_7-2012q4//arm-none-eabi/lib//libc.a(lib_a-memcpy.o)
                              Debug/lwiplib.o (memcpy)
/home/sungjae/gcc-arm-none-eabi-4_7-2012q4//arm-none-eabi/lib//libc.a(lib_a-memset.o)
                              Debug/lwiplib.o (memset)
/home/sungjae/gcc-arm-none-eabi-4_7-2012q4//arm-none-eabi/lib//libc.a(lib_a-strlen.o)
                              Debug/lwiplib.o (strlen)
/home/sungjae/gcc-arm-none-eabi-4_7-2012q4//lib/gcc/arm-none-eabi/4.7.3//libgcc.a(_udivsi3.o)
                              (__aeabi_uidiv)
/home/sungjae/gcc-arm-none-eabi-4_7-2012q4//lib/gcc/arm-none-eabi/4.7.3//libgcc.a(_divsi3.o)
                              (__aeabi_idiv)
/home/sungjae/gcc-arm-none-eabi-4_7-2012q4//lib/gcc/arm-none-eabi/4.7.3//libgcc.a(_dvmd_tls.o)
                              /home/sungjae/gcc-arm-none-eabi-4_7-2012q4//lib/gcc/arm-none-eabi/4.7.3//libgcc.a(_udivsi3.o) (__aeabi_idiv0)
../../../../../..//binary/armv7a/gcc/am335x/drivers/Debug/libdrivers.a(dmtimer.o)
                              ../../../../../..//binary/armv7a/gcc/am335x/beaglebone/platform/Debug/libplatform.a(sysdelay.o) (DMTimerEnable)
../../../../../..//binary/armv7a/gcc/am335x/drivers/Debug/libdrivers.a(uart_irda_cir.o)
[...]
Memory Configuration

Name             Origin             Length             Attributes
DDR0             0x80000000         0x10000000
*default*        0x00000000         0xffffffff

Linker script and memory map

LOAD Debug/echod.o
LOAD Debug/enetEcho.o
LOAD Debug/lwiplib.o
LOAD ../../../../../..//binary/armv7a/gcc/am335x/drivers/Debug/libdrivers.a
LOAD ../../../../../..//binary/armv7a/gcc/utils/Debug/libutils.a
LOAD ../../../../../..//binary/armv7a/gcc/am335x/beaglebone/platform/Debug/libplatform.a
LOAD ../../../../../..//binary/armv7a/gcc/am335x/system_config/Debug/libsystem_config.a
LOAD /home/sungjae/gcc-arm-none-eabi-4_7-2012q4//arm-none-eabi/lib//libc.a
LOAD /home/sungjae/gcc-arm-none-eabi-4_7-2012q4//lib/gcc/arm-none-eabi/4.7.3//libgcc.a
LOAD ../../../../../..//binary/armv7a/gcc/am335x/drivers/Debug/libdrivers.a
LOAD ../../../../../..//binary/armv7a/gcc/utils/Debug/libutils.a
LOAD ../../../../../..//binary/armv7a/gcc/am335x/beaglebone/platform/Debug/libplatform.a
LOAD ../../../../../..//binary/armv7a/gcc/am335x/system_config/Debug/libsystem_config.a
LOAD /home/sungjae/gcc-arm-none-eabi-4_7-2012q4//arm-none-eabi/lib//libc.a
LOAD /home/sungjae/gcc-arm-none-eabi-4_7-2012q4//lib/gcc/arm-none-eabi/4.7.3//libgcc.a

.startcode      0x80000000       0xb4
                0x80000000                . = ALIGN (0x4)
 *init.o(.text)
 .text          0x80000000       0xb4 ../../../../../..//binary/armv7a/gcc/am335x/system_config/Debug/libsystem_config.a(init.o)
                0x80000000                Entry

.text           0x800000b4    0x166b8
                0x800000b4                . = ALIGN (0x4)
 *(.text*)
 .text.echo_close_conn
                0x800000b4       0x64 Debug/echod.o
                0x800000b4                echo_close_conn
 .text.echo_send_data
                0x80000118      0x120 Debug/echod.o
                0x80000118                echo_send_data
 .text.echo_recv
                0x80000238       0xc0 Debug/echod.o
                0x80000238                echo_recv
 .text.echo_accept
                0x800002f8       0x9c Debug/echod.o
                0x800002f8                echo_accept
 .text.echo_init
                0x80000394       0x84 Debug/echod.o
                0x80000394                echo_init
 .text.MMUConfigAndEnable
                0x80000418       0xd8 Debug/enetEcho.o
 .text.main     0x800004f0      0x180 Debug/enetEcho.o
                0x800004f0                main
 .text.CPSWCore0RxIsr
                0x80000670       0x1c Debug/enetEcho.o
 .text.CPSWCore0TxIsr
                0x8000068c       0x1c Debug/enetEcho.o
 .text.IpAddrDisplay
                0x800006a8       0x58 Debug/enetEcho.o
 .text.AintcCPSWIntrSetUp
                0x80000700       0xa4 Debug/enetEcho.o
 .text.lwip_htons
                0x800007a4       0x4c Debug/lwiplib.o
                0x800007a4                lwip_htons
 .text.lwip_ntohs
                0x800007f0       0x38 Debug/lwiplib.o
                0x800007f0                lwip_ntohs
 .text.lwip_htonl
                0x80000828       0x54 Debug/lwiplib.o
                0x80000828                lwip_htonl
 .text.lwip_ntohl
                0x8000087c       0x30 Debug/lwiplib.o
                0x8000087c                lwip_ntohl
 .text.tcp_timer_needed
                0x800008ac       0x14 Debug/lwiplib.o
                0x800008ac                tcp_timer_needed
 .text.dhcp_handle_nak
                0x800008c0       0xa0 Debug/lwiplib.o
 .text.dhcp_handle_offer
                0x80000960       0x84 Debug/lwiplib.o
 .text.dhcp_select
                0x800009e4      0x298 Debug/lwiplib.o
 .text.dhcp_handle_ack
                0x80000c7c      0x188 Debug/lwiplib.o
 .text.dhcp_start
                0x80000e04      0x230 Debug/lwiplib.o
                0x80000e04                dhcp_start
 .text.dhcp_discover
                0x80001034      0x21c Debug/lwiplib.o
 .text.dhcp_bind
                0x80001250      0x238 Debug/lwiplib.o
 .text.dhcp_stop
                0x80001488       0x9c Debug/lwiplib.o
                0x80001488                dhcp_stop
 .text.dhcp_set_state
                0x80001524       0x5c Debug/lwiplib.o
 .text.dhcp_option
                0x80001580       0x9c Debug/lwiplib.o
 .text.dhcp_option_byte
                0x8000161c       0x5c Debug/lwiplib.o
 .text.dhcp_option_short
                0x80001678       0xa4 Debug/lwiplib.o
 .text.dhcp_option_long
                0x8000171c      0x124 Debug/lwiplib.o
 .text.dhcp_parse_reply
                0x80001840      0x608 Debug/lwiplib.o
 .text.dhcp_recv
                0x80001e48      0x2a0 Debug/lwiplib.o
 .text.dhcp_create_msg
                0x800020e8      0x43c Debug/lwiplib.o
 .text.dhcp_delete_msg
                0x80002524       0x64 Debug/lwiplib.o
 .text.dhcp_option_trailer
                0x80002588       0xc0 Debug/lwiplib.o
 .text.lwip_init
                0x80002648       0x3c Debug/lwiplib.o
                0x80002648                lwip_init
 .text.plug_holes
                0x80002684      0x17c Debug/lwiplib.o
 .text.mem_init
                0x80002800       0xec Debug/lwiplib.o
                0x80002800                mem_init
 .text.mem_free
                0x800028ec      0x14c Debug/lwiplib.o
                0x800028ec                mem_free
 .text.mem_trim
                0x80002a38      0x378 Debug/lwiplib.o
                0x80002a38                mem_trim
 .text.mem_malloc
                0x80002db0      0x37c Debug/lwiplib.o
                0x80002db0                mem_malloc
 .text.memp_init
                0x8000312c      0x1b4 Debug/lwiplib.o
                0x8000312c                memp_init
 .text.memp_malloc
                0x800032e0      0x1c4 Debug/lwiplib.o
                0x800032e0                memp_malloc
 .text.memp_free
                0x800034a4       0xd8 Debug/lwiplib.o
                0x800034a4                memp_free
 .text.netif_init
                0x8000357c       0x14 Debug/lwiplib.o
                0x8000357c                netif_init
 .text.netif_add
                0x80003590      0x10c Debug/lwiplib.o
                0x80003590                netif_add
 .text.netif_set_addr
                0x8000369c       0x60 Debug/lwiplib.o
                0x8000369c                netif_set_addr
 .text.netif_set_ipaddr
                0x800036fc      0x148 Debug/lwiplib.o
                0x800036fc                netif_set_ipaddr
 .text.netif_set_gw
                0x80003844       0x44 Debug/lwiplib.o
                0x80003844                netif_set_gw
 .text.netif_set_netmask
                0x80003888       0x44 Debug/lwiplib.o
                0x80003888                netif_set_netmask
 .text.netif_set_default
                0x800038cc       0x2c Debug/lwiplib.o
                0x800038cc                netif_set_default
 .text.netif_set_up
                0x800038f8       0x88 Debug/lwiplib.o
                0x800038f8                netif_set_up
 .text.netif_set_down
                0x80003980       0x48 Debug/lwiplib.o
                0x80003980                netif_set_down
 .text.pbuf_alloc
                0x800039c8      0x38c Debug/lwiplib.o
                0x800039c8                pbuf_alloc
 .text.pbuf_realloc
                0x80003d54      0x194 Debug/lwiplib.o
                0x80003d54                pbuf_realloc
 .text.pbuf_header
                0x80003ee8      0x1a0 Debug/lwiplib.o
                0x80003ee8                pbuf_header
 .text.pbuf_free
                0x80004088      0x16c Debug/lwiplib.o
                0x80004088                pbuf_free
 .text.pbuf_clen
                0x800041f4       0x54 Debug/lwiplib.o
                0x800041f4                pbuf_clen
 .text.pbuf_ref
                0x80004248       0x64 Debug/lwiplib.o
                0x80004248                pbuf_ref
 .text.pbuf_cat
                0x800042ac       0xac Debug/lwiplib.o
                0x800042ac                pbuf_cat
 .text.pbuf_chain
                0x80004358       0x40 Debug/lwiplib.o
                0x80004358                pbuf_chain
 .text.pbuf_copy
                0x80004398      0x1fc Debug/lwiplib.o
                0x80004398                pbuf_copy
 .text.pbuf_copy_partial
                0x80004594      0x188 Debug/lwiplib.o
                0x80004594                pbuf_copy_partial
 .text.raw_input
                0x8000471c      0x170 Debug/lwiplib.o
                0x8000471c                raw_input
 .text.stats_init
                0x8000488c       0x14 Debug/lwiplib.o
                0x8000488c                stats_init
 .text.tcp_close_shutdown
                0x800048a0      0x468 Debug/lwiplib.o
 .text.tcp_close
                0x80004d08       0x5c Debug/lwiplib.o
                0x80004d08                tcp_close
 .text.tcp_abandon
                0x80004d64      0x1b4 Debug/lwiplib.o
                0x80004d64                tcp_abandon
 .text.tcp_abort
                0x80004f18       0x2c Debug/lwiplib.o
                0x80004f18                tcp_abort
 .text.tcp_bind
                0x80004f44      0x1a0 Debug/lwiplib.o
                0x80004f44                tcp_bind
 .text.tcp_accept_null
                0x800050e4       0x34 Debug/lwiplib.o
 .text.tcp_listen_with_backlog
                0x80005118      0x240 Debug/lwiplib.o
                0x80005118                tcp_listen_with_backlog
 .text.tcp_update_rcv_ann_wnd
                0x80005358       0xf4 Debug/lwiplib.o
                0x80005358                tcp_update_rcv_ann_wnd
 .text.tcp_recved
                0x8000544c       0xac Debug/lwiplib.o
                0x8000544c                tcp_recved
 .text.tcp_new_port
                0x800054f8       0xf0 Debug/lwiplib.o
 .text.tcp_segs_free
                0x800055e8       0x4c Debug/lwiplib.o
                0x800055e8                tcp_segs_free
 .text.tcp_seg_free
                0x80005634       0x60 Debug/lwiplib.o
                0x80005634                tcp_seg_free
 .text.tcp_setprio
                0x80005694       0x30 Debug/lwiplib.o
                0x80005694                tcp_setprio
 .text.tcp_seg_copy
                0x800056c4       0x78 Debug/lwiplib.o
                0x800056c4                tcp_seg_copy
 .text.tcp_recv_null
                0x8000573c       0x90 Debug/lwiplib.o
                0x8000573c                tcp_recv_null
 .text.tcp_kill_prio
                0x800057cc       0xf8 Debug/lwiplib.o
 .text.tcp_kill_timewait
                0x800058c4       0xb4 Debug/lwiplib.o
 .text.tcp_alloc
                0x80005978      0x23c Debug/lwiplib.o
                0x80005978                tcp_alloc
 .text.tcp_new  0x80005bb4       0x24 Debug/lwiplib.o
                0x80005bb4                tcp_new
 .text.tcp_arg  0x80005bd8       0x2c Debug/lwiplib.o
                0x80005bd8                tcp_arg
 .text.tcp_recv
                0x80005c04       0x2c Debug/lwiplib.o
                0x80005c04                tcp_recv
 .text.tcp_sent
                0x80005c30       0x2c Debug/lwiplib.o
                0x80005c30                tcp_sent
 .text.tcp_err  0x80005c5c       0x2c Debug/lwiplib.o
                0x80005c5c                tcp_err
 .text.tcp_accept
                0x80005c88       0x2c Debug/lwiplib.o
                0x80005c88                tcp_accept
 .text.tcp_poll
                0x80005cb4       0x40 Debug/lwiplib.o
                0x80005cb4                tcp_poll
 .text.tcp_pcb_purge
                0x80005cf4      0x104 Debug/lwiplib.o
                0x80005cf4                tcp_pcb_purge
 .text.tcp_pcb_remove
                0x80005df8      0x158 Debug/lwiplib.o
                0x80005df8                tcp_pcb_remove
 .text.tcp_next_iss
                0x80005f50       0x4c Debug/lwiplib.o
                0x80005f50                tcp_next_iss
 .text.tcp_eff_send_mss
                0x80005f9c       0x7c Debug/lwiplib.o
                0x80005f9c                tcp_eff_send_mss
 .text.tcp_input
                0x80006018      0xe40 Debug/lwiplib.o
                0x80006018                tcp_input
 .text.tcp_listen_input
                0x80006e58      0x300 Debug/lwiplib.o
 .text.tcp_timewait_input
                0x80007158      0x1a0 Debug/lwiplib.o
 .text.tcp_process
                0x800072f8      0xd20 Debug/lwiplib.o
 .text.tcp_oos_insert_segment
                0x80008018      0x1e0 Debug/lwiplib.o
 .text.tcp_receive
                0x800081f8     0x1bfc Debug/lwiplib.o
 .text.tcp_parseopt
                0x80009df4      0x208 Debug/lwiplib.o
 .text.tcp_output_alloc_header
                0x80009ffc      0x1a8 Debug/lwiplib.o
 .text.tcp_send_fin
                0x8000a1a4       0xe4 Debug/lwiplib.o
                0x8000a1a4                tcp_send_fin
 .text.tcp_create_segment
                0x8000a288      0x22c Debug/lwiplib.o
 .text.tcp_pbuf_prealloc
                0x8000a4b4      0x12c Debug/lwiplib.o
 .text.tcp_write_checks
                0x8000a5e0      0x158 Debug/lwiplib.o
 .text.tcp_write
                0x8000a738      0x864 Debug/lwiplib.o
                0x8000a738                tcp_write
 .text.tcp_enqueue_flags
                0x8000af9c      0x34c Debug/lwiplib.o
                0x8000af9c                tcp_enqueue_flags
 .text.tcp_send_empty_ack
                0x8000b2e8      0x130 Debug/lwiplib.o
                0x8000b2e8                tcp_send_empty_ack
 .text.tcp_output
                0x8000b418      0x598 Debug/lwiplib.o
                0x8000b418                tcp_output
 .text.tcp_output_segment
                0x8000b9b0      0x2d0 Debug/lwiplib.o
 .text.tcp_rst  0x8000bc80      0x1dc Debug/lwiplib.o
                0x8000bc80                tcp_rst
 .text.tcp_rexmit
                0x8000be5c      0x108 Debug/lwiplib.o
                0x8000be5c                tcp_rexmit
 .text.tcp_rexmit_fast
                0x8000bf64      0x118 Debug/lwiplib.o
                0x8000bf64                tcp_rexmit_fast
 .text.udp_input
                0x8000c07c      0x6ac Debug/lwiplib.o
                0x8000c07c                udp_input
 .text.udp_sendto_if
                0x8000c728      0x300 Debug/lwiplib.o
                0x8000c728                udp_sendto_if
 .text.udp_bind
                0x8000ca28      0x1e8 Debug/lwiplib.o
                0x8000ca28                udp_bind
 .text.udp_connect
                0x8000cc10      0x130 Debug/lwiplib.o
                0x8000cc10                udp_connect
 .text.udp_recv
                0x8000cd40       0x3c Debug/lwiplib.o
                0x8000cd40                udp_recv
 .text.udp_remove
                0x8000cd7c       0xc4 Debug/lwiplib.o
                0x8000cd7c                udp_remove
 .text.udp_new  0x8000ce40       0x60 Debug/lwiplib.o
                0x8000ce40                udp_new
 .text.icmp_input
                0x8000cea0      0x54c Debug/lwiplib.o
                0x8000cea0                icmp_input
 .text.icmp_dest_unreach
                0x8000d3ec       0x3c Debug/lwiplib.o
                0x8000d3ec                icmp_dest_unreach
 .text.icmp_send_response
                0x8000d428      0x180 Debug/lwiplib.o
 .text.lwip_standard_chksum
                0x8000d5a8      0x16c Debug/lwiplib.o
 .text.inet_chksum_pseudo
                0x8000d714      0x228 Debug/lwiplib.o
                0x8000d714                inet_chksum_pseudo
 .text.inet_chksum
                0x8000d93c       0x48 Debug/lwiplib.o
                0x8000d93c                inet_chksum
 .text.inet_chksum_pbuf
                0x8000d984      0x128 Debug/lwiplib.o
                0x8000d984                inet_chksum_pbuf
 .text.ip_route
                0x8000daac       0xf4 Debug/lwiplib.o
                0x8000daac                ip_route
 .text.ip_input
                0x8000dba0      0x690 Debug/lwiplib.o
                0x8000dba0                ip_input
 .text.ip_output_if
                0x8000e230      0x354 Debug/lwiplib.o
                0x8000e230                ip_output_if
 .text.ip_output
                0x8000e584       0xac Debug/lwiplib.o
                0x8000e584                ip_output
 .text.ip4_addr_isbroadcast
                0x8000e630       0xdc Debug/lwiplib.o
                0x8000e630                ip4_addr_isbroadcast
 .text.free_entry
                0x8000e70c       0x88 Debug/lwiplib.o
 .text.find_entry
                0x8000e794      0x370 Debug/lwiplib.o
 .text.etharp_send_ip
                0x8000eb04       0xa0 Debug/lwiplib.o
 .text.update_arp_entry
                0x8000eba4      0x1ac Debug/lwiplib.o
 .text.etharp_arp_input
                0x8000ed50      0x3b4 Debug/lwiplib.o
 .text.etharp_output
                0x8000f104      0x2b0 Debug/lwiplib.o
                0x8000f104                etharp_output
 .text.etharp_query
                0x8000f3b4      0x3e4 Debug/lwiplib.o
                0x8000f3b4                etharp_query
 .text.etharp_raw
                0x8000f798      0x238 Debug/lwiplib.o
 .text.etharp_request
                0x8000f9d0       0x7c Debug/lwiplib.o
                0x8000f9d0                etharp_request
 .text.ethernet_input
                0x8000fa4c      0x1cc Debug/lwiplib.o
                0x8000fa4c                ethernet_input
 .text.sys_arch_protect
                0x8000fc18       0x3c Debug/lwiplib.o
                0x8000fc18                sys_arch_protect
 .text.sys_arch_unprotect
                0x8000fc54       0x38 Debug/lwiplib.o
                0x8000fc54                sys_arch_unprotect
 .text.cpswif_inst_config
                0x8000fc8c      0x118 Debug/lwiplib.o
 .text.cpswif_ale_entry_match_free
                0x8000fda4       0x98 Debug/lwiplib.o
 .text.cpswif_port_to_host_vlan_cfg
                0x8000fe3c      0x1c4 Debug/lwiplib.o
 .text.cpswif_autoneg_config
                0x80010000      0x3c8 Debug/lwiplib.o
 .text.cpswif_rxbd_alloc
                0x800103c8      0x1dc Debug/lwiplib.o
 .text.cpswif_transmit
                0x800105a4      0x280 Debug/lwiplib.o
 .text.cpswif_output
                0x80010824       0xec Debug/lwiplib.o
 .text.cpswif_phylink_config
                0x80010910      0x228 Debug/lwiplib.o
 .text.cpswif_port_init
                0x80010b38      0x188 Debug/lwiplib.o
 .text.cpswif_cpdma_init
                0x80010cc0      0x1d0 Debug/lwiplib.o
 .text.cpswif_inst_init
                0x80010e90      0x2a8 Debug/lwiplib.o
 .text.cpswif_init
                0x80011138      0x124 Debug/lwiplib.o
                0x80011138                cpswif_init
 .text.cpswif_rx_inthandler
                0x8001125c      0x228 Debug/lwiplib.o
                0x8001125c                cpswif_rx_inthandler
 .text.cpswif_tx_inthandler
                0x80011484      0x22c Debug/lwiplib.o
                0x80011484                cpswif_tx_inthandler
 .text.lwIPDHCPComplete
                0x800116b0      0x134 Debug/lwiplib.o
 .text.lwIPInit
                0x800117e4      0x2fc Debug/lwiplib.o
                0x800117e4                lwIPInit
 .text.lwIPRxIntHandler
                0x80011ae0       0x30 Debug/lwiplib.o
                0x80011ae0                lwIPRxIntHandler
 .text.lwIPTxIntHandler
                0x80011b10       0x28 Debug/lwiplib.o
                0x80011b10                lwIPTxIntHandler
 .text.CPSWSSReset
                0x80011b38       0x48 ../../../../../..//binary/armv7a/gcc/am335x/drivers/Debug/libdrivers.a(cpsw.o)
                0x80011b38                CPSWSSReset
 .text.CPSWSlTransferModeSet
                0x80011b80       0x5c ../../../../../..//binary/armv7a/gcc/am335x/drivers/Debug/libdrivers.a(cpsw.o)
                0x80011b80                CPSWSlTransferModeSet
 .text.CPSWSlReset
                0x80011bdc       0x48 ../../../../../..//binary/armv7a/gcc/am335x/drivers/Debug/libdrivers.a(cpsw.o)
                0x80011bdc                CPSWSlReset
 .text.CPSWSlRGMIIEnable
                0x80011c24       0x40 ../../../../../..//binary/armv7a/gcc/am335x/drivers/Debug/libdrivers.a(cpsw.o)
                0x80011c24                CPSWSlRGMIIEnable
 .text.CPSWWrReset
                0x80011c64       0x48 ../../../../../..//binary/armv7a/gcc/am335x/drivers/Debug/libdrivers.a(cpsw.o)
                0x80011c64                CPSWWrReset
 .text.CPSWWrCoreIntEnable
                0x80011cac       0x78 ../../../../../..//binary/armv7a/gcc/am335x/drivers/Debug/libdrivers.a(cpsw.o)
                0x80011cac                CPSWWrCoreIntEnable
 .text.CPSWALEInit
                0x80011d24       0x2c ../../../../../..//binary/armv7a/gcc/am335x/drivers/Debug/libdrivers.a(cpsw.o)
                0x80011d24                CPSWALEInit
 .text.CPSWALEPortStateSet
                0x80011d50       0x90 ../../../../../..//binary/armv7a/gcc/am335x/drivers/Debug/libdrivers.a(cpsw.o)
                0x80011d50                CPSWALEPortStateSet
 .text.CPSWALEVLANAwareSet
                0x80011de0       0x38 ../../../../../..//binary/armv7a/gcc/am335x/drivers/Debug/libdrivers.a(cpsw.o)
                0x80011de0                CPSWALEVLANAwareSet
 .text.CPSWALETableEntrySet
                0x80011e18       0x98 ../../../../../..//binary/armv7a/gcc/am335x/drivers/Debug/libdrivers.a(cpsw.o)
                0x80011e18                CPSWALETableEntrySet
 .text.CPSWALETableEntryGet
                0x80011eb0       0x94 ../../../../../..//binary/armv7a/gcc/am335x/drivers/Debug/libdrivers.a(cpsw.o)
                0x80011eb0                CPSWALETableEntryGet
 .text.CPSWStatisticsEnable
                0x80011f44       0x2c ../../../../../..//binary/armv7a/gcc/am335x/drivers/Debug/libdrivers.a(cpsw.o)
                0x80011f44                CPSWStatisticsEnable
 .text.CPSWPortSrcAddrSet
                0x80011f70       0xa4 ../../../../../..//binary/armv7a/gcc/am335x/drivers/Debug/libdrivers.a(cpsw.o)
                0x80011f70                CPSWPortSrcAddrSet
 .text.CPSWHostPortDualMacModeSet
                0x80012014       0x54 ../../../../../..//binary/armv7a/gcc/am335x/drivers/Debug/libdrivers.a(cpsw.o)
                0x80012014                CPSWHostPortDualMacModeSet
 .text.CPSWPortVLANConfig
                0x80012068       0x50 ../../../../../..//binary/armv7a/gcc/am335x/drivers/Debug/libdrivers.a(cpsw.o)
                0x80012068                CPSWPortVLANConfig
 .text.CPSWCPDMAReset
                0x800120b8       0xdc ../../../../../..//binary/armv7a/gcc/am335x/drivers/Debug/libdrivers.a(cpsw.o)
                0x800120b8                CPSWCPDMAReset
 .text.CPSWCPDMATxIntEnable
                0x80012194       0x48 ../../../../../..//binary/armv7a/gcc/am335x/drivers/Debug/libdrivers.a(cpsw.o)
                0x80012194                CPSWCPDMATxIntEnable
 .text.CPSWCPDMARxIntEnable
                0x800121dc       0x48 ../../../../../..//binary/armv7a/gcc/am335x/drivers/Debug/libdrivers.a(cpsw.o)
                0x800121dc                CPSWCPDMARxIntEnable
 .text.CPSWCPDMATxEnable
                0x80012224       0x2c ../../../../../..//binary/armv7a/gcc/am335x/drivers/Debug/libdrivers.a(cpsw.o)
                0x80012224                CPSWCPDMATxEnable
 .text.CPSWCPDMARxEnable
                0x80012250       0x2c ../../../../../..//binary/armv7a/gcc/am335x/drivers/Debug/libdrivers.a(cpsw.o)
                0x80012250                CPSWCPDMARxEnable
 .text.CPSWCPDMATxHdrDescPtrWrite
                0x8001227c       0x40 ../../../../../..//binary/armv7a/gcc/am335x/drivers/Debug/libdrivers.a(cpsw.o)
                0x8001227c                CPSWCPDMATxHdrDescPtrWrite
 .text.CPSWCPDMARxHdrDescPtrWrite
                0x800122bc       0x40 ../../../../../..//binary/armv7a/gcc/am335x/drivers/Debug/libdrivers.a(cpsw.o)
                0x800122bc                CPSWCPDMARxHdrDescPtrWrite
 .text.CPSWCPDMAEndOfIntVectorWrite
                0x800122fc       0x30 ../../../../../..//binary/armv7a/gcc/am335x/drivers/Debug/libdrivers.a(cpsw.o)
                0x800122fc                CPSWCPDMAEndOfIntVectorWrite
 .text.CPSWCPDMATxCPWrite
                0x8001232c       0x40 ../../../../../..//binary/armv7a/gcc/am335x/drivers/Debug/libdrivers.a(cpsw.o)
                0x8001232c                CPSWCPDMATxCPWrite
 .text.CPSWCPDMARxCPWrite
                0x8001236c       0x40 ../../../../../..//binary/armv7a/gcc/am335x/drivers/Debug/libdrivers.a(cpsw.o)
                0x8001236c                CPSWCPDMARxCPWrite
 .text.MDIOPhyRegRead
                0x800123ac       0xc4 ../../../../../..//binary/armv7a/gcc/am335x/drivers/Debug/libdrivers.a(mdio.o)
                0x800123ac                MDIOPhyRegRead
 .text.MDIOPhyRegWrite
                0x80012470       0x8c ../../../../../..//binary/armv7a/gcc/am335x/drivers/Debug/libdrivers.a(mdio.o)
                0x80012470                MDIOPhyRegWrite
 .text.MDIOPhyAliveStatusGet
                0x800124fc       0x2c ../../../../../..//binary/armv7a/gcc/am335x/drivers/Debug/libdrivers.a(mdio.o)
                0x800124fc                MDIOPhyAliveStatusGet
 .text.MDIOInit
                0x80012528       0x64 ../../../../../..//binary/armv7a/gcc/am335x/drivers/Debug/libdrivers.a(mdio.o)
                0x80012528                MDIOInit
 .text.PhyAutoNegotiate
                0x8001258c      0x1f4 ../../../../../..//binary/armv7a/gcc/am335x/drivers/Debug/libdrivers.a(phy.o)
                0x8001258c                PhyAutoNegotiate
 .text.PhyAutoNegStatusGet
                0x80012780       0x5c ../../../../../..//binary/armv7a/gcc/am335x/drivers/Debug/libdrivers.a(phy.o)
                0x80012780                PhyAutoNegStatusGet
 .text.PhyPartnerAbilityGet
                0x800127dc       0x88 ../../../../../..//binary/armv7a/gcc/am335x/drivers/Debug/libdrivers.a(phy.o)
                0x800127dc                PhyPartnerAbilityGet
 .text.PhyLinkStatusGet
                0x80012864       0x88 ../../../../../..//binary/armv7a/gcc/am335x/drivers/Debug/libdrivers.a(phy.o)
                0x80012864                PhyLinkStatusGet
 .text.ConsoleUtilsInit
                0x800128ec       0x18 ../../../../../..//binary/armv7a/gcc/utils/Debug/libutils.a(consoleUtils.o)
                0x800128ec                ConsoleUtilsInit
 .text.ConsoleUtilsSetType
                0x80012904       0x54 ../../../../../..//binary/armv7a/gcc/utils/Debug/libutils.a(consoleUtils.o)
                0x80012904                ConsoleUtilsSetType
 .text.ConsoleUtilsPrintf
                0x80012958       0x6c ../../../../../..//binary/armv7a/gcc/utils/Debug/libutils.a(consoleUtils.o)
                0x80012958                ConsoleUtilsPrintf
 .text.DelayTimerSetup
                0x800129c4       0x18 ../../../../../..//binary/armv7a/gcc/utils/Debug/libutils.a(delay.o)
                0x800129c4                DelayTimerSetup
 .text.delay    0x800129dc       0x28 ../../../../../..//binary/armv7a/gcc/utils/Debug/libutils.a(delay.o)
                0x800129dc                delay
 .text.UARTStdioInit
                0x80012a04       0x18 ../../../../../..//binary/armv7a/gcc/utils/Debug/libutils.a(uartStdio.o)
                0x80012a04                UARTStdioInit
 .text.UARTPuts
                0x80012a1c       0xec ../../../../../..//binary/armv7a/gcc/utils/Debug/libutils.a(uartStdio.o)
                0x80012a1c                UARTPuts
 .text.UARTPutc
                0x80012b08       0x30 ../../../../../..//binary/armv7a/gcc/utils/Debug/libutils.a(uartStdio.o)
                0x80012b08                UARTPutc
 .text.UARTwrite
                0x80012b38       0x94 ../../../../../..//binary/armv7a/gcc/utils/Debug/libutils.a(uartStdio.o)
                0x80012b38                UARTwrite
 .text.UARTPrintf
                0x80012bcc      0x6ac ../../../../../..//binary/armv7a/gcc/utils/Debug/libutils.a(uartStdio.o)
                0x80012bcc                UARTPrintf
 .text.CPSWPinMuxSetup
                0x80013278      0x124 ../../../../../..//binary/armv7a/gcc/am335x/beaglebone/platform/Debug/libplatform.a(cpsw.o)
                0x80013278                CPSWPinMuxSetup
 .text.CPSWClkEnable
                0x8001339c       0x6c ../../../../../..//binary/armv7a/gcc/am335x/beaglebone/platform/Debug/libplatform.a(cpsw.o)
                0x8001339c                CPSWClkEnable
 .text.EVMPortMIIModeSelect
                0x80013408       0x24 ../../../../../..//binary/armv7a/gcc/am335x/beaglebone/platform/Debug/libplatform.a(cpsw.o)
                0x80013408                EVMPortMIIModeSelect
 .text.EVMMACAddrGet
                0x8001342c      0x11c ../../../../../..//binary/armv7a/gcc/am335x/beaglebone/platform/Debug/libplatform.a(cpsw.o)
                0x8001342c                EVMMACAddrGet
 .text.SysDelayTimerSetup
                0x80013548       0x88 ../../../../../..//binary/armv7a/gcc/am335x/beaglebone/platform/Debug/libplatform.a(sysdelay.o)
                0x80013548                SysDelayTimerSetup
 .text.Sysdelay
                0x800135d0       0xb0 ../../../../../..//binary/armv7a/gcc/am335x/beaglebone/platform/Debug/libplatform.a(sysdelay.o)
                0x800135d0                Sysdelay
 .text.DMTimerIsr
                0x80013680       0x48 ../../../../../..//binary/armv7a/gcc/am335x/beaglebone/platform/Debug/libplatform.a(sysdelay.o)
 .text.UARTStdioInitExpClk
                0x800136c8       0xd0 ../../../../../..//binary/armv7a/gcc/am335x/beaglebone/platform/Debug/libplatform.a(uartConsole.o)
 .text.UartFIFOConfigure
                0x80013798       0x64 ../../../../../..//binary/armv7a/gcc/am335x/beaglebone/platform/Debug/libplatform.a(uartConsole.o)
 .text.UartBaudRateSet
                0x800137fc       0x5c ../../../../../..//binary/armv7a/gcc/am335x/beaglebone/platform/Debug/libplatform.a(uartConsole.o)
 .text.UARTConsoleInit
                0x80013858       0x44 ../../../../../..//binary/armv7a/gcc/am335x/beaglebone/platform/Debug/libplatform.a(uartConsole.o)
                0x80013858                UARTConsoleInit
 .text.UARTConsolePutc
                0x8001389c       0x38 ../../../../../..//binary/armv7a/gcc/am335x/beaglebone/platform/Debug/libplatform.a(uartConsole.o)
                0x8001389c                UARTConsolePutc
 .text.DMTimer7ModuleClkConfig
                0x800138d4      0x260 ../../../../../..//binary/armv7a/gcc/am335x/beaglebone/platform/Debug/libplatform.a(dmtimer.o)
                0x800138d4                DMTimer7ModuleClkConfig
 .text.UARTPinMuxSetup
                0x80013b34       0x48 ../../../../../..//binary/armv7a/gcc/am335x/beaglebone/platform/Debug/libplatform.a(uart.o)
                0x80013b34                UARTPinMuxSetup
 .text.UART0ModuleClkConfig
                0x80013b7c      0x35c ../../../../../..//binary/armv7a/gcc/am335x/beaglebone/platform/Debug/libplatform.a(uart.o)
                0x80013b7c                UART0ModuleClkConfig
 .text.CacheEnable
                0x80013ed8       0x94 ../../../../../..//binary/armv7a/gcc/am335x/system_config/Debug/libsystem_config.a(cache.o)
                0x80013ed8                CacheEnable
 .text.CacheDataCleanBuff
                0x80013f6c       0x30 ../../../../../..//binary/armv7a/gcc/am335x/system_config/Debug/libsystem_config.a(cache.o)
                0x80013f6c                CacheDataCleanBuff
 .text.CacheDataInvalidateBuff
                0x80013f9c       0x30 ../../../../../..//binary/armv7a/gcc/am335x/system_config/Debug/libsystem_config.a(cache.o)
                0x80013f9c                CacheDataInvalidateBuff
 .text          0x80013fcc      0x488 ../../../../../..//binary/armv7a/gcc/am335x/system_config/Debug/libsystem_config.a(cp15.o)
                0x80013fcc                CP15ICacheDisable
                0x80013fe8                CP15DCacheDisable
                0x80014004                CP15ICacheEnable
                0x80014014                CP15DCacheEnable
                0x80014024                CP15DCacheFlush
                0x800140b8                CP15DCacheClean
                0x8001414c                CP15DCacheCleanFlush
                0x800141e0                CP15ICacheFlush
                0x800141f0                CP15DCacheCleanBuff
                0x80014244                CP15DCacheCleanFlushBuff
                0x80014298                CP15DCacheFlushBuff
                0x800142fc                CP15ICacheFlushBuff
                0x80014350                CP15Ttb0Set
                0x8001435c                CP15TlbInvalidate
                0x80014368                CP15MMUDisable
                0x80014380                CP15MMUEnable
                0x80014394                CP15VectorBaseAddrSet
                0x800143a0                CP15BranchPredictorInvalidate
                0x800143ac                CP15BranchPredictionEnable
                0x800143bc                CP15BranchPredictionDisable
                0x800143cc                CP15DomainAccessClientSet
                0x800143dc                CP15ControlFeatureDisable
                0x800143f0                CP15ControlFeatureEnable
                0x80014404                CP15TtbCtlTtb0Config
                0x80014414                CP15AuxControlFeatureEnable
                0x80014428                CP15AuxControlFeatureDisable
                0x8001443c                CP15MainIdPrimPartNumGet
 .text.IntDefaultHandler
                0x80014454       0x14 ../../../../../..//binary/armv7a/gcc/am335x/system_config/Debug/libsystem_config.a(interrupt.o)
 .text.IntRegister
                0x80014468       0x34 ../../../../../..//binary/armv7a/gcc/am335x/system_config/Debug/libsystem_config.a(interrupt.o)
                0x80014468                IntRegister
 .text.IntAINTCInit
                0x8001449c       0x90 ../../../../../..//binary/armv7a/gcc/am335x/system_config/Debug/libsystem_config.a(interrupt.o)
                0x8001449c                IntAINTCInit
 .text.IntPrioritySet
                0x8001452c       0x50 ../../../../../..//binary/armv7a/gcc/am335x/system_config/Debug/libsystem_config.a(interrupt.o)
                0x8001452c                IntPrioritySet
 .text.IntSystemEnable
                0x8001457c       0x4c ../../../../../..//binary/armv7a/gcc/am335x/system_config/Debug/libsystem_config.a(interrupt.o)
                0x8001457c                IntSystemEnable
 .text.IntMasterIRQEnable
                0x800145c8       0x18 ../../../../../..//binary/armv7a/gcc/am335x/system_config/Debug/libsystem_config.a(interrupt.o)
                0x800145c8                IntMasterIRQEnable
 .text.IntMasterIRQDisable
                0x800145e0       0x18 ../../../../../..//binary/armv7a/gcc/am335x/system_config/Debug/libsystem_config.a(interrupt.o)
                0x800145e0                IntMasterIRQDisable
 .text.IntMasterStatusGet
                0x800145f8       0x20 ../../../../../..//binary/armv7a/gcc/am335x/system_config/Debug/libsystem_config.a(interrupt.o)
                0x800145f8                IntMasterStatusGet
 .text.MMUInit  0x80014618       0x88 ../../../../../..//binary/armv7a/gcc/am335x/system_config/Debug/libsystem_config.a(mmu.o)
                0x80014618                MMUInit
 .text.MMUMemRegionMap
                0x800146a0      0x110 ../../../../../..//binary/armv7a/gcc/am335x/system_config/Debug/libsystem_config.a(mmu.o)
                0x800146a0                MMUMemRegionMap
 .text.MMUEnable
                0x800147b0       0x38 ../../../../../..//binary/armv7a/gcc/am335x/system_config/Debug/libsystem_config.a(mmu.o)
                0x800147b0                MMUEnable
 .text.start_boot
                0x800147e8       0x24 ../../../../../..//binary/armv7a/gcc/am335x/system_config/Debug/libsystem_config.a(startup.o)
                0x800147e8                start_boot
 .text.CopyVectorTable
                0x8001480c       0x98 ../../../../../..//binary/armv7a/gcc/am335x/system_config/Debug/libsystem_config.a(startup.o)
 .text.CPUIntStatus
                0x800148a4       0x2c ../../../../../..//binary/armv7a/gcc/am335x/system_config/Debug/libsystem_config.a(cpu.o)
                0x800148a4                CPUIntStatus
 .text.CPUirqd  0x800148d0       0x24 ../../../../../..//binary/armv7a/gcc/am335x/system_config/Debug/libsystem_config.a(cpu.o)
                0x800148d0                CPUirqd
 .text.CPUirqe  0x800148f4       0x24 ../../../../../..//binary/armv7a/gcc/am335x/system_config/Debug/libsystem_config.a(cpu.o)
                0x800148f4                CPUirqe
 .text          0x80014918       0xf0 ../../../../../..//binary/armv7a/gcc/am335x/system_config/Debug/libsystem_config.a(exceptionhandler.o)
                0x80014918                SVC_Handler
                0x80014940                IRQHandler
                0x800149ec                FIQHandler
                0x800149f0                UndefInstHandler
                0x800149f0                AbortHandler
 .text.memcpy   0x80014a08       0xf4 /home/sungjae/gcc-arm-none-eabi-4_7-2012q4//arm-none-eabi/lib//libc.a(lib_a-memcpy.o)
                0x80014a08                memcpy
 .text.memset   0x80014afc       0xf8 /home/sungjae/gcc-arm-none-eabi-4_7-2012q4//arm-none-eabi/lib//libc.a(lib_a-memset.o)
                0x80014afc                memset
 .text          0x80014bf4      0x114 /home/sungjae/gcc-arm-none-eabi-4_7-2012q4//lib/gcc/arm-none-eabi/4.7.3//libgcc.a(_udivsi3.o)
                0x80014bf4                __udivsi3
                0x80014bf4                __aeabi_uidiv
                0x80014ce8                __aeabi_uidivmod
 .text          0x80014d08      0x148 /home/sungjae/gcc-arm-none-eabi-4_7-2012q4//lib/gcc/arm-none-eabi/4.7.3//libgcc.a(_divsi3.o)
                0x80014d08                __aeabi_idiv
                0x80014d08                __divsi3
                0x80014e30                __aeabi_idivmod
 .text          0x80014e50        0x4 /home/sungjae/gcc-arm-none-eabi-4_7-2012q4//lib/gcc/arm-none-eabi/4.7.3//libgcc.a(_dvmd_tls.o)
                0x80014e50                __aeabi_ldiv0
                0x80014e50                __aeabi_idiv0
 .text.DMTimerEnable
                0x80014e54       0x6c ../../../../../..//binary/armv7a/gcc/am335x/drivers/Debug/libdrivers.a(dmtimer.o)
                0x80014e54                DMTimerEnable
 .text.DMTimerDisable
                0x80014ec0       0x6c ../../../../../..//binary/armv7a/gcc/am335x/drivers/Debug/libdrivers.a(dmtimer.o)
                0x80014ec0                DMTimerDisable
 .text.DMTimerModeConfigure
                0x80014f2c       0xcc ../../../../../..//binary/armv7a/gcc/am335x/drivers/Debug/libdrivers.a(dmtimer.o)
                0x80014f2c                DMTimerModeConfigure
 .text.DMTimerCounterSet
                0x80014ff8       0x64 ../../../../../..//binary/armv7a/gcc/am335x/drivers/Debug/libdrivers.a(dmtimer.o)
                0x80014ff8                DMTimerCounterSet
 .text.DMTimerIntStatusClear
                0x8001505c       0x34 ../../../../../..//binary/armv7a/gcc/am335x/drivers/Debug/libdrivers.a(dmtimer.o)
                0x8001505c                DMTimerIntStatusClear
 .text.DMTimerIntEnable
                0x80015090       0x34 ../../../../../..//binary/armv7a/gcc/am335x/drivers/Debug/libdrivers.a(dmtimer.o)
                0x80015090                DMTimerIntEnable
 .text.DMTimerIntDisable
                0x800150c4       0x34 ../../../../../..//binary/armv7a/gcc/am335x/drivers/Debug/libdrivers.a(dmtimer.o)
                0x800150c4                DMTimerIntDisable
 .text.DMTimerWritePostedStatusGet
                0x800150f8       0x2c ../../../../../..//binary/armv7a/gcc/am335x/drivers/Debug/libdrivers.a(dmtimer.o)
                0x800150f8                DMTimerWritePostedStatusGet
 .text.UARTOperatingModeSelect
                0x80015124       0x84 ../../../../../..//binary/armv7a/gcc/am335x/drivers/Debug/libdrivers.a(uart_irda_cir.o)
                0x80015124                UARTOperatingModeSelect
 .text.UARTDivisorValCompute
                0x800151a8      0x104 ../../../../../..//binary/armv7a/gcc/am335x/drivers/Debug/libdrivers.a(uart_irda_cir.o)
                0x800151a8                UARTDivisorValCompute
 .text.UARTDivisorLatchWrite
                0x800152ac      0x210 ../../../../../..//binary/armv7a/gcc/am335x/drivers/Debug/libdrivers.a(uart_irda_cir.o)
                0x800152ac                UARTDivisorLatchWrite
 .text.UARTDivisorLatchDisable
                0x800154bc       0x38 ../../../../../..//binary/armv7a/gcc/am335x/drivers/Debug/libdrivers.a(uart_irda_cir.o)
                0x800154bc                UARTDivisorLatchDisable
 .text.UARTRegConfigModeEnable
                0x800154f4       0x9c ../../../../../..//binary/armv7a/gcc/am335x/drivers/Debug/libdrivers.a(uart_irda_cir.o)
                0x800154f4                UARTRegConfigModeEnable
 .text.UARTBreakCtl
                0x80015590       0x60 ../../../../../..//binary/armv7a/gcc/am335x/drivers/Debug/libdrivers.a(uart_irda_cir.o)
                0x80015590                UARTBreakCtl
 .text.UARTLineCharacConfig
                0x800155f0       0xa4 ../../../../../..//binary/armv7a/gcc/am335x/drivers/Debug/libdrivers.a(uart_irda_cir.o)
                0x800155f0                UARTLineCharacConfig
 .text.UARTFIFOConfig
                0x80015694      0x480 ../../../../../..//binary/armv7a/gcc/am335x/drivers/Debug/libdrivers.a(uart_irda_cir.o)
                0x80015694                UARTFIFOConfig
 .text.UARTFIFORegisterWrite
                0x80015b14       0xc0 ../../../../../..//binary/armv7a/gcc/am335x/drivers/Debug/libdrivers.a(uart_irda_cir.o)
                0x80015b14                UARTFIFORegisterWrite
 .text.UARTEnhanFuncEnable
                0x80015bd4       0x88 ../../../../../..//binary/armv7a/gcc/am335x/drivers/Debug/libdrivers.a(uart_irda_cir.o)
                0x80015bd4                UARTEnhanFuncEnable
 .text.UARTEnhanFuncBitValRestore
                0x80015c5c       0x8c ../../../../../..//binary/armv7a/gcc/am335x/drivers/Debug/libdrivers.a(uart_irda_cir.o)
                0x80015c5c                UARTEnhanFuncBitValRestore
 .text.UARTSubConfigTCRTLRModeEn
                0x80015ce8      0x124 ../../../../../..//binary/armv7a/gcc/am335x/drivers/Debug/libdrivers.a(uart_irda_cir.o)
                0x80015ce8                UARTSubConfigTCRTLRModeEn
 .text.UARTTCRTLRBitValRestore
                0x80015e0c      0x128 ../../../../../..//binary/armv7a/gcc/am335x/drivers/Debug/libdrivers.a(uart_irda_cir.o)
                0x80015e0c                UARTTCRTLRBitValRestore
 .text.UARTCharPut
                0x80015f34       0x78 ../../../../../..//binary/armv7a/gcc/am335x/drivers/Debug/libdrivers.a(uart_irda_cir.o)
                0x80015f34                UARTCharPut
 .text.UARTModuleReset
                0x80015fac       0x54 ../../../../../..//binary/armv7a/gcc/am335x/drivers/Debug/libdrivers.a(uart_irda_cir.o)
                0x80015fac                UARTModuleReset
 *(.rodata*)
 .rodata        0x80016000      0x108 Debug/enetEcho.o
 .rodata.memp_sizes
                0x80016108       0x10 Debug/lwiplib.o
 .rodata.memp_num
                0x80016118       0x10 Debug/lwiplib.o
 .rodata.memp_bases
                0x80016128       0x1c Debug/lwiplib.o
 .rodata        0x80016144      0x510 Debug/lwiplib.o
 .rodata.tcp_pcb_lists
                0x80016654       0x10 Debug/lwiplib.o
                0x80016654                tcp_pcb_lists
 .rodata.ip_addr_any
                0x80016664        0x4 Debug/lwiplib.o
                0x80016664                ip_addr_any
 .rodata.ip_addr_broadcast
                0x80016668        0x4 Debug/lwiplib.o
                0x80016668                ip_addr_broadcast
 .rodata.ethbroadcast
                0x8001666c        0x8 Debug/lwiplib.o
                0x8001666c                ethbroadcast
 .rodata.ethzero
                0x80016674        0x8 Debug/lwiplib.o
                0x80016674                ethzero
 .rodata        0x8001667c       0x50 ../../../../../..//binary/armv7a/gcc/utils/Debug/libutils.a(consoleUtils.o)
 .rodata        0x800166cc       0x60 ../../../../../..//binary/armv7a/gcc/utils/Debug/libutils.a(uartStdio.o)
 .rodata.g_pcHex
                0x8001672c        0x4 ../../../../../..//binary/armv7a/gcc/utils/Debug/libutils.a(uartStdio.o)
 .rodata.AM335X_VECTOR_BASE
                0x80016730        0x4 ../../../../../..//binary/armv7a/gcc/am335x/system_config/Debug/libsystem_config.a(startup.o)
                0x80016730                AM335X_VECTOR_BASE
 .rodata.vecTbl
                0x80016734       0x38 ../../../../../..//binary/armv7a/gcc/am335x/system_config/Debug/libsystem_config.a(startup.o)

.glue_7         0x8001676c        0x0
 .glue_7        0x00000000        0x0 linker stubs

.glue_7t        0x8001676c        0x0
 .glue_7t       0x00000000        0x0 linker stubs

.vfp11_veneer   0x8001676c        0x0
 .vfp11_veneer  0x00000000        0x0 linker stubs

.v4_bx          0x8001676c        0x0
 .v4_bx         0x00000000        0x0 linker stubs

.iplt           0x8001676c        0x0
 .iplt          0x00000000        0x0 Debug/echod.o

.rel.dyn        0x8001676c        0x0
 .rel.iplt      0x00000000        0x0 Debug/echod.o

.data           0x8001676c       0x10
                0x8001676c                . = ALIGN (0x4)
 *(.data*)
 .data.iss.6166
                0x8001676c        0x4 Debug/lwiplib.o
 .data.port.6030
                0x80016770        0x2 Debug/lwiplib.o
 *fill*         0x80016772        0x2 00
 .data.xid.5446
                0x80016774        0x4 Debug/lwiplib.o
 .data.flagIsr  0x80016778        0x4 ../../../../../..//binary/armv7a/gcc/am335x/beaglebone/platform/Debug/libplatform.a(sysdelay.o)

.igot.plt       0x8001677c        0x0
 .igot.plt      0x00000000        0x0 Debug/echod.o

.bss            0x80018000    0x7600c
                0x80018000                . = ALIGN (0x4)
                0x80018000                _bss_start = .
 *(.bss*)
 .bss.pageTable
                0x80018000     0x4000 Debug/enetEcho.o
 .bss.ram       0x8001c000        0x4 Debug/lwiplib.o
 .bss.ram_end   0x8001c004        0x4 Debug/lwiplib.o
 .bss.lfree     0x8001c008        0x4 Debug/lwiplib.o
 .bss.memp_tab  0x8001c00c       0x1c Debug/lwiplib.o
 .bss.raw_pcbs  0x8001c028        0x4 Debug/lwiplib.o
 .bss.inseg     0x8001c02c       0x10 Debug/lwiplib.o
 .bss.tcphdr    0x8001c03c        0x4 Debug/lwiplib.o
 .bss.iphdr     0x8001c040        0x4 Debug/lwiplib.o
 .bss.seqno     0x8001c044        0x4 Debug/lwiplib.o
 .bss.ackno     0x8001c048        0x4 Debug/lwiplib.o
 .bss.flags     0x8001c04c        0x1 Debug/lwiplib.o
 *fill*         0x8001c04d        0x1 00
 .bss.tcplen    0x8001c04e        0x2 Debug/lwiplib.o
 .bss.recv_flags
                0x8001c050        0x1 Debug/lwiplib.o
 *fill*         0x8001c051        0x3 00
 .bss.recv_data
                0x8001c054        0x4 Debug/lwiplib.o
 .bss.ip_id     0x8001c058        0x2 Debug/lwiplib.o
 *fill*         0x8001c05a        0x2 00
 .bss.arp_table
                0x8001c05c       0xa0 Debug/lwiplib.o
 .bss.etharp_cached_entry
                0x8001c0fc        0x1 Debug/lwiplib.o
 *fill*         0x8001c0fd        0x3 00
 .bss.cpsw_inst_data
                0x8001c100       0x5c Debug/lwiplib.o
 .bss.cpswNetIF
                0x8001c15c       0x68 Debug/lwiplib.o
 .bss.cpswPortIf
                0x8001c1c4       0x20 Debug/lwiplib.o
 .bss.lwipInitFlag.7715
                0x8001c1e4        0x4 Debug/lwiplib.o
 .bss.inst_init_flag.7598
                0x8001c1e8        0x4 Debug/lwiplib.o
 .bss.netifnum.5649
                0x8001c1ec        0x1 Debug/lwiplib.o
 .bss.ConsoleType
                0x8001c1ed        0x1 ../../../../../..//binary/armv7a/gcc/utils/Debug/libutils.a(consoleUtils.o)
 *(COMMON)
 *fill*         0x8001c1ee        0x2 00
 COMMON         0x8001c1f0     0x1000 Debug/echod.o
                0x8001c1f0                mydata
 *fill*         0x8001d1f0       0x10 00
 COMMON         0x8001d200    0x70c0c Debug/lwiplib.o
                0x8001d200                current_iphdr_src
                0x8001d204                netif_list
                0x8001d208                cpdma_tx_bd
                0x8001d21c                cpswportif
                0x8001d22c                rxch
                0x8001d23c                tcp_active_pcbs
                0x8001d240                udp_pcbs
                0x8001d244                current_netif
                0x8001d248                tcp_ticks
                0x8001d24c                tcp_listen_pcbs
                0x8001d250                memp_memory_RAW_PCB_base
                0x8001d2c0                memp_memory_TCP_SEG_base
                0x8001d3c0                current_iphdr_dest
                0x8001d400                memp_memory_PBUF_POOL_base
                0x8006c000                free_head
                0x8006c004                tcp_tmp_pcb
                0x8006c008                tcp_input_pcb
                0x8006c00c                current_header
                0x8006c010                dhcp_rx_options_given
                0x8006c01c                memp_memory_PBUF_base
                0x8006c61c                tcp_bound_pcbs
                0x8006c620                memp_memory_TCP_PCB_LISTEN_base
                0x8006c720                txch
                0x8006c730                cpswinst
                0x8006c78c                memp_memory_UDP_PCB_base
                0x8006c80c                cpdma_rx_bd
                0x8006c820                tcp_tw_pcbs
                0x8006c824                lwip_stats
                0x8006c934                netif_default
                0x8006c938                dhcp_rx_options_val
                0x8006c960                memp_memory_TCP_PCB_base
                0x8006dde0                ram_heap
                0x8008ddfc                cpswport
 COMMON         0x8008de0c      0x200 ../../../../../..//binary/armv7a/gcc/am335x/system_config/Debug/libsystem_config.a(interrupt.o)
                0x8008de0c                fnRAMVectors
                0x8008e00c                _bss_end = .

.heap           0x8008e00c      0x800
                0x8008e00c                . = ALIGN (0x4)
                0x8008e00c                __end__ = .
                0x8008e00c                end = __end__
                0x8008e00c                __HeapBase = __end__
 *(.heap*)
                0x8008e80c                . = (. + 0x800)
 *fill*         0x8008e00c      0x800 00
                0x8008e80c                __HeapLimit = .

.stack          0x8008e80c  0x7fffff8
                0x8008e80c                . = ALIGN (0x4)
                0x8008e80c                __StackLimit = .
 *(.stack*)
                0x8808e804                . = (. + 0x7fffff8)
 *fill*         0x8008e80c  0x7fffff8 00
                0x8808e804                __StackTop = .
                0x8808e804                _stack = __StackTop
OUTPUT(Debug/enetEcho.out elf32-littlearm)

.debug_info     0x00000000     0xc486
 .debug_info    0x00000000      0x83d Debug/echod.o
 .debug_info    0x0000083d      0x2ef Debug/enetEcho.o
 .debug_info    0x00000b2c     0x6b9f Debug/lwiplib.o
 .debug_info    0x000076cb     0x131b ../../../../../..//binary/armv7a/gcc/am335x/drivers/Debug/libdrivers.a(cpsw.o)
 .debug_info    0x000089e6      0x237 ../../../../../..//binary/armv7a/gcc/am335x/drivers/Debug/libdrivers.a(mdio.o)
 .debug_info    0x00008c1d      0x40c ../../../../../..//binary/armv7a/gcc/am335x/drivers/Debug/libdrivers.a(phy.o)
 .debug_info    0x00009029      0x29a ../../../../../..//binary/armv7a/gcc/utils/Debug/libutils.a(consoleUtils.o)
 .debug_info    0x000092c3       0xc8 ../../../../../..//binary/armv7a/gcc/utils/Debug/libutils.a(delay.o)
 .debug_info    0x0000938b      0x69a ../../../../../..//binary/armv7a/gcc/utils/Debug/libutils.a(uartStdio.o)
 .debug_info    0x00009a25       0xbe ../../../../../..//binary/armv7a/gcc/am335x/beaglebone/platform/Debug/libplatform.a(cpsw.o)
 .debug_info    0x00009ae3      0x11e ../../../../../..//binary/armv7a/gcc/am335x/beaglebone/platform/Debug/libplatform.a(sysdelay.o)
 .debug_info    0x00009c01      0x156 ../../../../../..//binary/armv7a/gcc/am335x/beaglebone/platform/Debug/libplatform.a(uartConsole.o)
 .debug_info    0x00009d57       0xd3 ../../../../../..//binary/armv7a/gcc/am335x/beaglebone/platform/Debug/libplatform.a(dmtimer.o)
 .debug_info    0x00009e2a       0x7e ../../../../../..//binary/armv7a/gcc/am335x/beaglebone/platform/Debug/libplatform.a(uart.o)
 .debug_info    0x00009ea8      0x1b3 ../../../../../..//binary/armv7a/gcc/am335x/system_config/Debug/libsystem_config.a(cache.o)
 .debug_info    0x0000a05b       0xa3 ../../../../../..//binary/armv7a/gcc/am335x/system_config/Debug/libsystem_config.a(cp15.o)
 .debug_info    0x0000a0fe       0xa3 ../../../../../..//binary/armv7a/gcc/am335x/system_config/Debug/libsystem_config.a(init.o)
 .debug_info    0x0000a1a1      0x46f ../../../../../..//binary/armv7a/gcc/am335x/system_config/Debug/libsystem_config.a(interrupt.o)
 .debug_info    0x0000a610      0x16d ../../../../../..//binary/armv7a/gcc/am335x/system_config/Debug/libsystem_config.a(mmu.o)
 .debug_info    0x0000a77d       0xe0 ../../../../../..//binary/armv7a/gcc/am335x/system_config/Debug/libsystem_config.a(startup.o)
 .debug_info    0x0000a85d       0xf8 ../../../../../..//binary/armv7a/gcc/am335x/system_config/Debug/libsystem_config.a(cpu.o)
 .debug_info    0x0000a955       0xb6 ../../../../../..//binary/armv7a/gcc/am335x/system_config/Debug/libsystem_config.a(exceptionhandler.o)
 .debug_info    0x0000aa0b      0x5d0 ../../../../../..//binary/armv7a/gcc/am335x/drivers/Debug/libdrivers.a(dmtimer.o)
 .debug_info    0x0000afdb     0x14ab ../../../../../..//binary/armv7a/gcc/am335x/drivers/Debug/libdrivers.a(uart_irda_cir.o)

.debug_abbrev   0x00000000     0x1710
 .debug_abbrev  0x00000000      0x17d Debug/echod.o
 .debug_abbrev  0x0000017d      0x152 Debug/enetEcho.o
 .debug_abbrev  0x000002cf      0x460 Debug/lwiplib.o
 .debug_abbrev  0x0000072f      0x168 ../../../../../..//binary/armv7a/gcc/am335x/drivers/Debug/libdrivers.a(cpsw.o)
 .debug_abbrev  0x00000897       0xe2 ../../../../../..//binary/armv7a/gcc/am335x/drivers/Debug/libdrivers.a(mdio.o)
 .debug_abbrev  0x00000979       0xce ../../../../../..//binary/armv7a/gcc/am335x/drivers/Debug/libdrivers.a(phy.o)
 .debug_abbrev  0x00000a47      0x156 ../../../../../..//binary/armv7a/gcc/utils/Debug/libutils.a(consoleUtils.o)
 .debug_abbrev  0x00000b9d       0x92 ../../../../../..//binary/armv7a/gcc/utils/Debug/libutils.a(delay.o)
 .debug_abbrev  0x00000c2f      0x186 ../../../../../..//binary/armv7a/gcc/utils/Debug/libutils.a(uartStdio.o)
 .debug_abbrev  0x00000db5       0x6b ../../../../../..//binary/armv7a/gcc/am335x/beaglebone/platform/Debug/libplatform.a(cpsw.o)
 .debug_abbrev  0x00000e20       0xa8 ../../../../../..//binary/armv7a/gcc/am335x/beaglebone/platform/Debug/libplatform.a(sysdelay.o)
 .debug_abbrev  0x00000ec8       0xa3 ../../../../../..//binary/armv7a/gcc/am335x/beaglebone/platform/Debug/libplatform.a(uartConsole.o)
 .debug_abbrev  0x00000f6b       0x7a ../../../../../..//binary/armv7a/gcc/am335x/beaglebone/platform/Debug/libplatform.a(dmtimer.o)
 .debug_abbrev  0x00000fe5       0x62 ../../../../../..//binary/armv7a/gcc/am335x/beaglebone/platform/Debug/libplatform.a(uart.o)
 .debug_abbrev  0x00001047       0x7a ../../../../../..//binary/armv7a/gcc/am335x/system_config/Debug/libsystem_config.a(cache.o)
 .debug_abbrev  0x000010c1       0x14 ../../../../../..//binary/armv7a/gcc/am335x/system_config/Debug/libsystem_config.a(cp15.o)
 .debug_abbrev  0x000010d5       0x14 ../../../../../..//binary/armv7a/gcc/am335x/system_config/Debug/libsystem_config.a(init.o)
 .debug_abbrev  0x000010e9      0x1c2 ../../../../../..//binary/armv7a/gcc/am335x/system_config/Debug/libsystem_config.a(interrupt.o)
 .debug_abbrev  0x000012ab       0xd9 ../../../../../..//binary/armv7a/gcc/am335x/system_config/Debug/libsystem_config.a(mmu.o)
 .debug_abbrev  0x00001384       0xa4 ../../../../../..//binary/armv7a/gcc/am335x/system_config/Debug/libsystem_config.a(startup.o)
 .debug_abbrev  0x00001428       0x64 ../../../../../..//binary/armv7a/gcc/am335x/system_config/Debug/libsystem_config.a(cpu.o)
 .debug_abbrev  0x0000148c       0x14 ../../../../../..//binary/armv7a/gcc/am335x/system_config/Debug/libsystem_config.a(exceptionhandler.o)
 .debug_abbrev  0x000014a0      0x122 ../../../../../..//binary/armv7a/gcc/am335x/drivers/Debug/libdrivers.a(dmtimer.o)
 .debug_abbrev  0x000015c2      0x14e ../../../../../..//binary/armv7a/gcc/am335x/drivers/Debug/libdrivers.a(uart_irda_cir.o)

.debug_loc      0x00000000     0x5a34
 .debug_loc     0x00000000       0xdc Debug/echod.o
 .debug_loc     0x000000dc      0x108 Debug/enetEcho.o
 .debug_loc     0x000001e4     0x24f4 Debug/lwiplib.o
 .debug_loc     0x000026d8      0xce4 ../../../../../..//binary/armv7a/gcc/am335x/drivers/Debug/libdrivers.a(cpsw.o)
 .debug_loc     0x000033bc      0x134 ../../../../../..//binary/armv7a/gcc/am335x/drivers/Debug/libdrivers.a(mdio.o)
 .debug_loc     0x000034f0      0x1e4 ../../../../../..//binary/armv7a/gcc/am335x/drivers/Debug/libdrivers.a(phy.o)
 .debug_loc     0x000036d4      0x178 ../../../../../..//binary/armv7a/gcc/utils/Debug/libutils.a(consoleUtils.o)
 .debug_loc     0x0000384c       0xdc ../../../../../..//binary/armv7a/gcc/utils/Debug/libutils.a(delay.o)
 .debug_loc     0x00003928      0x274 ../../../../../..//binary/armv7a/gcc/utils/Debug/libutils.a(uartStdio.o)
 .debug_loc     0x00003b9c       0xb0 ../../../../../..//binary/armv7a/gcc/am335x/beaglebone/platform/Debug/libplatform.a(cpsw.o)
 .debug_loc     0x00003c4c      0x108 ../../../../../..//binary/armv7a/gcc/am335x/beaglebone/platform/Debug/libplatform.a(sysdelay.o)
 .debug_loc     0x00003d54      0x108 ../../../../../..//binary/armv7a/gcc/am335x/beaglebone/platform/Debug/libplatform.a(uartConsole.o)
 .debug_loc     0x00003e5c      0x108 ../../../../../..//binary/armv7a/gcc/am335x/beaglebone/platform/Debug/libplatform.a(dmtimer.o)
 .debug_loc     0x00003f64       0x58 ../../../../../..//binary/armv7a/gcc/am335x/beaglebone/platform/Debug/libplatform.a(uart.o)
 .debug_loc     0x00003fbc      0x1b8 ../../../../../..//binary/armv7a/gcc/am335x/system_config/Debug/libsystem_config.a(cache.o)
 .debug_loc     0x00004174      0x554 ../../../../../..//binary/armv7a/gcc/am335x/system_config/Debug/libsystem_config.a(interrupt.o)
 .debug_loc     0x000046c8       0x84 ../../../../../..//binary/armv7a/gcc/am335x/system_config/Debug/libsystem_config.a(mmu.o)
 .debug_loc     0x0000474c       0x58 ../../../../../..//binary/armv7a/gcc/am335x/system_config/Debug/libsystem_config.a(startup.o)
 .debug_loc     0x000047a4      0x160 ../../../../../..//binary/armv7a/gcc/am335x/system_config/Debug/libsystem_config.a(cpu.o)
 .debug_loc     0x00004904      0x478 ../../../../../..//binary/armv7a/gcc/am335x/drivers/Debug/libdrivers.a(dmtimer.o)
 .debug_loc     0x00004d7c      0xcb8 ../../../../../..//binary/armv7a/gcc/am335x/drivers/Debug/libdrivers.a(uart_irda_cir.o)

.debug_aranges  0x00000000     0x12b8
 .debug_aranges
                0x00000000       0x40 Debug/echod.o
 .debug_aranges
                0x00000040       0x48 Debug/enetEcho.o
 .debug_aranges
                0x00000088      0x6d0 Debug/lwiplib.o
 .debug_aranges
                0x00000758      0x270 ../../../../../..//binary/armv7a/gcc/am335x/drivers/Debug/libdrivers.a(cpsw.o)
 .debug_aranges
                0x000009c8       0x50 ../../../../../..//binary/armv7a/gcc/am335x/drivers/Debug/libdrivers.a(mdio.o)
 .debug_aranges
                0x00000a18       0x70 ../../../../../..//binary/armv7a/gcc/am335x/drivers/Debug/libdrivers.a(phy.o)
 .debug_aranges
                0x00000a88       0x58 ../../../../../..//binary/armv7a/gcc/utils/Debug/libutils.a(consoleUtils.o)
 .debug_aranges
                0x00000ae0       0x40 ../../../../../..//binary/armv7a/gcc/utils/Debug/libutils.a(delay.o)
 .debug_aranges
                0x00000b20       0x88 ../../../../../..//binary/armv7a/gcc/utils/Debug/libutils.a(uartStdio.o)
 .debug_aranges
                0x00000ba8       0x38 ../../../../../..//binary/armv7a/gcc/am335x/beaglebone/platform/Debug/libplatform.a(cpsw.o)
 .debug_aranges
                0x00000be0       0x48 ../../../../../..//binary/armv7a/gcc/am335x/beaglebone/platform/Debug/libplatform.a(sysdelay.o)
 .debug_aranges
                0x00000c28       0x48 ../../../../../..//binary/armv7a/gcc/am335x/beaglebone/platform/Debug/libplatform.a(uartConsole.o)
 .debug_aranges
                0x00000c70       0x48 ../../../../../..//binary/armv7a/gcc/am335x/beaglebone/platform/Debug/libplatform.a(dmtimer.o)
 .debug_aranges
                0x00000cb8       0x28 ../../../../../..//binary/armv7a/gcc/am335x/beaglebone/platform/Debug/libplatform.a(uart.o)
 .debug_aranges
                0x00000ce0       0x68 ../../../../../..//binary/armv7a/gcc/am335x/system_config/Debug/libsystem_config.a(cache.o)
 .debug_aranges
                0x00000d48       0x20 ../../../../../..//binary/armv7a/gcc/am335x/system_config/Debug/libsystem_config.a(cp15.o)
 .debug_aranges
                0x00000d68       0x20 ../../../../../..//binary/armv7a/gcc/am335x/system_config/Debug/libsystem_config.a(init.o)
 .debug_aranges
                0x00000d88      0x110 ../../../../../..//binary/armv7a/gcc/am335x/system_config/Debug/libsystem_config.a(interrupt.o)
 .debug_aranges
                0x00000e98       0x30 ../../../../../..//binary/armv7a/gcc/am335x/system_config/Debug/libsystem_config.a(mmu.o)
 .debug_aranges
                0x00000ec8       0x28 ../../../../../..//binary/armv7a/gcc/am335x/system_config/Debug/libsystem_config.a(startup.o)
 .debug_aranges
                0x00000ef0       0x58 ../../../../../..//binary/armv7a/gcc/am335x/system_config/Debug/libsystem_config.a(cpu.o)
 .debug_aranges
                0x00000f48       0x20 ../../../../../..//binary/armv7a/gcc/am335x/system_config/Debug/libsystem_config.a(exceptionhandler.o)
 .debug_aranges
                0x00000f68       0xe8 ../../../../../..//binary/armv7a/gcc/am335x/drivers/Debug/libdrivers.a(dmtimer.o)
 .debug_aranges
                0x00001050      0x268 ../../../../../..//binary/armv7a/gcc/am335x/drivers/Debug/libdrivers.a(uart_irda_cir.o)

.debug_ranges   0x00000000     0x1198
 .debug_ranges  0x00000000       0x30 Debug/echod.o
 .debug_ranges  0x00000030       0x38 Debug/enetEcho.o
 .debug_ranges  0x00000068      0x750 Debug/lwiplib.o
 .debug_ranges  0x000007b8      0x260 ../../../../../..//binary/armv7a/gcc/am335x/drivers/Debug/libdrivers.a(cpsw.o)
 .debug_ranges  0x00000a18       0x40 ../../../../../..//binary/armv7a/gcc/am335x/drivers/Debug/libdrivers.a(mdio.o)
 .debug_ranges  0x00000a58       0x60 ../../../../../..//binary/armv7a/gcc/am335x/drivers/Debug/libdrivers.a(phy.o)
 .debug_ranges  0x00000ab8       0x48 ../../../../../..//binary/armv7a/gcc/utils/Debug/libutils.a(consoleUtils.o)
 .debug_ranges  0x00000b00       0x30 ../../../../../..//binary/armv7a/gcc/utils/Debug/libutils.a(delay.o)
 .debug_ranges  0x00000b30       0x78 ../../../../../..//binary/armv7a/gcc/utils/Debug/libutils.a(uartStdio.o)
 .debug_ranges  0x00000ba8       0x28 ../../../../../..//binary/armv7a/gcc/am335x/beaglebone/platform/Debug/libplatform.a(cpsw.o)
 .debug_ranges  0x00000bd0       0x38 ../../../../../..//binary/armv7a/gcc/am335x/beaglebone/platform/Debug/libplatform.a(sysdelay.o)
 .debug_ranges  0x00000c08       0x38 ../../../../../..//binary/armv7a/gcc/am335x/beaglebone/platform/Debug/libplatform.a(uartConsole.o)
 .debug_ranges  0x00000c40       0x38 ../../../../../..//binary/armv7a/gcc/am335x/beaglebone/platform/Debug/libplatform.a(dmtimer.o)
 .debug_ranges  0x00000c78       0x18 ../../../../../..//binary/armv7a/gcc/am335x/beaglebone/platform/Debug/libplatform.a(uart.o)
 .debug_ranges  0x00000c90       0x58 ../../../../../..//binary/armv7a/gcc/am335x/system_config/Debug/libsystem_config.a(cache.o)
 .debug_ranges  0x00000ce8      0x100 ../../../../../..//binary/armv7a/gcc/am335x/system_config/Debug/libsystem_config.a(interrupt.o)
 .debug_ranges  0x00000de8       0x20 ../../../../../..//binary/armv7a/gcc/am335x/system_config/Debug/libsystem_config.a(mmu.o)
 .debug_ranges  0x00000e08       0x18 ../../../../../..//binary/armv7a/gcc/am335x/system_config/Debug/libsystem_config.a(startup.o)
 .debug_ranges  0x00000e20       0x48 ../../../../../..//binary/armv7a/gcc/am335x/system_config/Debug/libsystem_config.a(cpu.o)
 .debug_ranges  0x00000e68       0xd8 ../../../../../..//binary/armv7a/gcc/am335x/drivers/Debug/libdrivers.a(dmtimer.o)
 .debug_ranges  0x00000f40      0x258 ../../../../../..//binary/armv7a/gcc/am335x/drivers/Debug/libdrivers.a(uart_irda_cir.o)

.debug_line     0x00000000     0x6685
 .debug_line    0x00000000      0x1e2 Debug/echod.o
 .debug_line    0x000001e2      0x1e2 Debug/enetEcho.o
 .debug_line    0x000003c4     0x36da Debug/lwiplib.o
 .debug_line    0x00003a9e      0x714 ../../../../../..//binary/armv7a/gcc/am335x/drivers/Debug/libdrivers.a(cpsw.o)
 .debug_line    0x000041b2      0x10d ../../../../../..//binary/armv7a/gcc/am335x/drivers/Debug/libdrivers.a(mdio.o)
 .debug_line    0x000042bf      0x14e ../../../../../..//binary/armv7a/gcc/am335x/drivers/Debug/libdrivers.a(phy.o)
 .debug_line    0x0000440d      0x19a ../../../../../..//binary/armv7a/gcc/utils/Debug/libutils.a(consoleUtils.o)
 .debug_line    0x000045a7       0x94 ../../../../../..//binary/armv7a/gcc/utils/Debug/libutils.a(delay.o)
 .debug_line    0x0000463b      0x631 ../../../../../..//binary/armv7a/gcc/utils/Debug/libutils.a(uartStdio.o)
 .debug_line    0x00004c6c       0xda ../../../../../..//binary/armv7a/gcc/am335x/beaglebone/platform/Debug/libplatform.a(cpsw.o)
 .debug_line    0x00004d46       0xdb ../../../../../..//binary/armv7a/gcc/am335x/beaglebone/platform/Debug/libplatform.a(sysdelay.o)
 .debug_line    0x00004e21       0xd2 ../../../../../..//binary/armv7a/gcc/am335x/beaglebone/platform/Debug/libplatform.a(uartConsole.o)
 .debug_line    0x00004ef3      0x304 ../../../../../..//binary/armv7a/gcc/am335x/beaglebone/platform/Debug/libplatform.a(dmtimer.o)
 .debug_line    0x000051f7      0x16a ../../../../../..//binary/armv7a/gcc/am335x/beaglebone/platform/Debug/libplatform.a(uart.o)
 .debug_line    0x00005361      0x10d ../../../../../..//binary/armv7a/gcc/am335x/system_config/Debug/libsystem_config.a(cache.o)
 .debug_line    0x0000546e      0x18a ../../../../../..//binary/armv7a/gcc/am335x/system_config/Debug/libsystem_config.a(cp15.o)
 .debug_line    0x000055f8       0x93 ../../../../../..//binary/armv7a/gcc/am335x/system_config/Debug/libsystem_config.a(init.o)
 .debug_line    0x0000568b      0x2bb ../../../../../..//binary/armv7a/gcc/am335x/system_config/Debug/libsystem_config.a(interrupt.o)
 .debug_line    0x00005946       0xda ../../../../../..//binary/armv7a/gcc/am335x/system_config/Debug/libsystem_config.a(mmu.o)
 .debug_line    0x00005a20       0x96 ../../../../../..//binary/armv7a/gcc/am335x/system_config/Debug/libsystem_config.a(startup.o)
 .debug_line    0x00005ab6       0xde ../../../../../..//binary/armv7a/gcc/am335x/system_config/Debug/libsystem_config.a(cpu.o)
 .debug_line    0x00005b94       0xb9 ../../../../../..//binary/armv7a/gcc/am335x/system_config/Debug/libsystem_config.a(exceptionhandler.o)
 .debug_line    0x00005c4d      0x2f7 ../../../../../..//binary/armv7a/gcc/am335x/drivers/Debug/libdrivers.a(dmtimer.o)
 .debug_line    0x00005f44      0x741 ../../../../../..//binary/armv7a/gcc/am335x/drivers/Debug/libdrivers.a(uart_irda_cir.o)

.debug_str      0x00000000     0x443d
 .debug_str     0x00000000      0x3da Debug/echod.o
                                0x4a9 (size before relaxing)
 .debug_str     0x000003da      0x217 Debug/enetEcho.o
                                0x304 (size before relaxing)
 .debug_str     0x000005f1     0x1c1d Debug/lwiplib.o
                               0x22a6 (size before relaxing)
 .debug_str     0x0000220e      0x91e ../../../../../..//binary/armv7a/gcc/am335x/drivers/Debug/libdrivers.a(cpsw.o)
                                0x990 (size before relaxing)
 .debug_str     0x00002b2c       0xf1 ../../../../../..//binary/armv7a/gcc/am335x/drivers/Debug/libdrivers.a(mdio.o)
                                0x1c8 (size before relaxing)
 .debug_str     0x00002c1d      0x10f ../../../../../..//binary/armv7a/gcc/am335x/drivers/Debug/libdrivers.a(phy.o)
                                0x20d (size before relaxing)
 .debug_str     0x00002d2c      0x157 ../../../../../..//binary/armv7a/gcc/utils/Debug/libutils.a(consoleUtils.o)
                                0x283 (size before relaxing)
 .debug_str     0x00002e83       0x2d ../../../../../..//binary/armv7a/gcc/utils/Debug/libutils.a(delay.o)
                                 0xf9 (size before relaxing)
 .debug_str     0x00002eb0      0x192 ../../../../../..//binary/armv7a/gcc/utils/Debug/libutils.a(uartStdio.o)
                                0x2a0 (size before relaxing)
 .debug_str     0x00003042       0xd0 ../../../../../..//binary/armv7a/gcc/am335x/beaglebone/platform/Debug/libplatform.a(cpsw.o)
                                0x13d (size before relaxing)
 .debug_str     0x00003112       0x97 ../../../../../..//binary/armv7a/gcc/am335x/beaglebone/platform/Debug/libplatform.a(sysdelay.o)
                                0x15e (size before relaxing)
 .debug_str     0x000031a9       0xd4 ../../../../../..//binary/armv7a/gcc/am335x/beaglebone/platform/Debug/libplatform.a(uartConsole.o)
                                0x197 (size before relaxing)
 .debug_str     0x0000327d       0xcd ../../../../../..//binary/armv7a/gcc/am335x/beaglebone/platform/Debug/libplatform.a(dmtimer.o)
                                0x182 (size before relaxing)
 .debug_str     0x0000334a       0x5f ../../../../../..//binary/armv7a/gcc/am335x/beaglebone/platform/Debug/libplatform.a(uart.o)
                                0x11d (size before relaxing)
 .debug_str     0x000033a9      0x165 ../../../../../..//binary/armv7a/gcc/am335x/system_config/Debug/libsystem_config.a(cache.o)
                                0x1c5 (size before relaxing)
 .debug_str     0x0000350e      0x295 ../../../../../..//binary/armv7a/gcc/am335x/system_config/Debug/libsystem_config.a(interrupt.o)
                                0x379 (size before relaxing)
 .debug_str     0x000037a3       0x69 ../../../../../..//binary/armv7a/gcc/am335x/system_config/Debug/libsystem_config.a(mmu.o)
                                0x15c (size before relaxing)
 .debug_str     0x0000380c       0x6b ../../../../../..//binary/armv7a/gcc/am335x/system_config/Debug/libsystem_config.a(startup.o)
                                0x12e (size before relaxing)
 .debug_str     0x00003877       0x9a ../../../../../..//binary/armv7a/gcc/am335x/system_config/Debug/libsystem_config.a(cpu.o)
                                0x140 (size before relaxing)
 .debug_str     0x00003911      0x2b6 ../../../../../..//binary/armv7a/gcc/am335x/drivers/Debug/libdrivers.a(dmtimer.o)
                                0x36a (size before relaxing)
 .debug_str     0x00003bc7      0x876 ../../../../../..//binary/armv7a/gcc/am335x/drivers/Debug/libdrivers.a(uart_irda_cir.o)
                                0x963 (size before relaxing)

.comment        0x00000000       0x70
 .comment       0x00000000       0x70 Debug/echod.o
                                 0x71 (size before relaxing)
 .comment       0x00000000       0x71 Debug/enetEcho.o
 .comment       0x00000000       0x71 Debug/lwiplib.o
 .comment       0x00000000       0x71 ../../../../../..//binary/armv7a/gcc/am335x/drivers/Debug/libdrivers.a(cpsw.o)
 .comment       0x00000000       0x71 ../../../../../..//binary/armv7a/gcc/am335x/drivers/Debug/libdrivers.a(mdio.o)
 .comment       0x00000000       0x71 ../../../../../..//binary/armv7a/gcc/am335x/drivers/Debug/libdrivers.a(phy.o)
 .comment       0x00000000       0x71 ../../../../../..//binary/armv7a/gcc/utils/Debug/libutils.a(consoleUtils.o)
 .comment       0x00000000       0x71 ../../../../../..//binary/armv7a/gcc/utils/Debug/libutils.a(delay.o)
 .comment       0x00000000       0x71 ../../../../../..//binary/armv7a/gcc/utils/Debug/libutils.a(uartStdio.o)
 .comment       0x00000000       0x71 ../../../../../..//binary/armv7a/gcc/am335x/beaglebone/platform/Debug/libplatform.a(cpsw.o)
 .comment       0x00000000       0x71 ../../../../../..//binary/armv7a/gcc/am335x/beaglebone/platform/Debug/libplatform.a(sysdelay.o)
 .comment       0x00000000       0x71 ../../../../../..//binary/armv7a/gcc/am335x/beaglebone/platform/Debug/libplatform.a(uartConsole.o)
 .comment       0x00000000       0x71 ../../../../../..//binary/armv7a/gcc/am335x/beaglebone/platform/Debug/libplatform.a(dmtimer.o)
 .comment       0x00000000       0x71 ../../../../../..//binary/armv7a/gcc/am335x/beaglebone/platform/Debug/libplatform.a(uart.o)
 .comment       0x00000000       0x71 ../../../../../..//binary/armv7a/gcc/am335x/system_config/Debug/libsystem_config.a(cache.o)
 .comment       0x00000000       0x71 ../../../../../..//binary/armv7a/gcc/am335x/system_config/Debug/libsystem_config.a(interrupt.o)
 .comment       0x00000000       0x71 ../../../../../..//binary/armv7a/gcc/am335x/system_config/Debug/libsystem_config.a(mmu.o)
 .comment       0x00000000       0x71 ../../../../../..//binary/armv7a/gcc/am335x/system_config/Debug/libsystem_config.a(startup.o)
 .comment       0x00000000       0x71 ../../../../../..//binary/armv7a/gcc/am335x/system_config/Debug/libsystem_config.a(cpu.o)
 .comment       0x00000000       0x71 ../../../../../..//binary/armv7a/gcc/am335x/drivers/Debug/libdrivers.a(dmtimer.o)
 .comment       0x00000000       0x71 ../../../../../..//binary/armv7a/gcc/am335x/drivers/Debug/libdrivers.a(uart_irda_cir.o)

.ARM.attributes
                0x00000000       0x3b
 .ARM.attributes
                0x00000000       0x37 Debug/echod.o
 .ARM.attributes
                0x00000037       0x37 Debug/enetEcho.o
 .ARM.attributes
                0x0000006e       0x37 Debug/lwiplib.o
 .ARM.attributes
                0x000000a5       0x37 ../../../../../..//binary/armv7a/gcc/am335x/drivers/Debug/libdrivers.a(cpsw.o)
 .ARM.attributes
                0x000000dc       0x37 ../../../../../..//binary/armv7a/gcc/am335x/drivers/Debug/libdrivers.a(mdio.o)
 .ARM.attributes
                0x00000113       0x37 ../../../../../..//binary/armv7a/gcc/am335x/drivers/Debug/libdrivers.a(phy.o)
 .ARM.attributes
                0x0000014a       0x37 ../../../../../..//binary/armv7a/gcc/utils/Debug/libutils.a(consoleUtils.o)
 .ARM.attributes
                0x00000181       0x37 ../../../../../..//binary/armv7a/gcc/utils/Debug/libutils.a(delay.o)
 .ARM.attributes
                0x000001b8       0x37 ../../../../../..//binary/armv7a/gcc/utils/Debug/libutils.a(uartStdio.o)
 .ARM.attributes
                0x000001ef       0x37 ../../../../../..//binary/armv7a/gcc/am335x/beaglebone/platform/Debug/libplatform.a(cpsw.o)
 .ARM.attributes
                0x00000226       0x37 ../../../../../..//binary/armv7a/gcc/am335x/beaglebone/platform/Debug/libplatform.a(sysdelay.o)
 .ARM.attributes
                0x0000025d       0x37 ../../../../../..//binary/armv7a/gcc/am335x/beaglebone/platform/Debug/libplatform.a(uartConsole.o)
 .ARM.attributes
                0x00000294       0x37 ../../../../../..//binary/armv7a/gcc/am335x/beaglebone/platform/Debug/libplatform.a(dmtimer.o)
 .ARM.attributes
                0x000002cb       0x37 ../../../../../..//binary/armv7a/gcc/am335x/beaglebone/platform/Debug/libplatform.a(uart.o)
 .ARM.attributes
                0x00000302       0x3d ../../../../../..//binary/armv7a/gcc/am335x/system_config/Debug/libsystem_config.a(cache.o)
 .ARM.attributes
                0x0000033f       0x23 ../../../../../..//binary/armv7a/gcc/am335x/system_config/Debug/libsystem_config.a(cp15.o)
 .ARM.attributes
                0x00000362       0x23 ../../../../../..//binary/armv7a/gcc/am335x/system_config/Debug/libsystem_config.a(init.o)
 .ARM.attributes
                0x00000385       0x3d ../../../../../..//binary/armv7a/gcc/am335x/system_config/Debug/libsystem_config.a(interrupt.o)
 .ARM.attributes
                0x000003c2       0x3d ../../../../../..//binary/armv7a/gcc/am335x/system_config/Debug/libsystem_config.a(mmu.o)
 .ARM.attributes
                0x000003ff       0x3d ../../../../../..//binary/armv7a/gcc/am335x/system_config/Debug/libsystem_config.a(startup.o)
 .ARM.attributes
                0x0000043c       0x3d ../../../../../..//binary/armv7a/gcc/am335x/system_config/Debug/libsystem_config.a(cpu.o)
 .ARM.attributes
                0x00000479       0x23 ../../../../../..//binary/armv7a/gcc/am335x/system_config/Debug/libsystem_config.a(exceptionhandler.o)
 .ARM.attributes
                0x0000049c       0x30 /home/sungjae/gcc-arm-none-eabi-4_7-2012q4//arm-none-eabi/lib//libc.a(lib_a-memcpy.o)
 .ARM.attributes
                0x000004cc       0x30 /home/sungjae/gcc-arm-none-eabi-4_7-2012q4//arm-none-eabi/lib//libc.a(lib_a-memset.o)
 .ARM.attributes
                0x000004fc       0x18 /home/sungjae/gcc-arm-none-eabi-4_7-2012q4//lib/gcc/arm-none-eabi/4.7.3//libgcc.a(_udivsi3.o)
 .ARM.attributes
                0x00000514       0x18 /home/sungjae/gcc-arm-none-eabi-4_7-2012q4//lib/gcc/arm-none-eabi/4.7.3//libgcc.a(_divsi3.o)
 .ARM.attributes
                0x0000052c       0x18 /home/sungjae/gcc-arm-none-eabi-4_7-2012q4//lib/gcc/arm-none-eabi/4.7.3//libgcc.a(_dvmd_tls.o)
 .ARM.attributes
                0x00000544       0x37 ../../../../../..//binary/armv7a/gcc/am335x/drivers/Debug/libdrivers.a(dmtimer.o)
 .ARM.attributes
                0x0000057b       0x37 ../../../../../..//binary/armv7a/gcc/am335x/drivers/Debug/libdrivers.a(uart_irda_cir.o)

.debug_frame    0x00000000     0x37f4
 .debug_frame   0x00000000       0x9c Debug/echod.o
 .debug_frame   0x0000009c       0xb8 Debug/enetEcho.o
 .debug_frame   0x00000154     0x1700 Debug/lwiplib.o
 .debug_frame   0x00001854      0x720 ../../../../../..//binary/armv7a/gcc/am335x/drivers/Debug/libdrivers.a(cpsw.o)
 .debug_frame   0x00001f74       0xbc ../../../../../..//binary/armv7a/gcc/am335x/drivers/Debug/libdrivers.a(mdio.o)
 .debug_frame   0x00002030      0x144 ../../../../../..//binary/armv7a/gcc/am335x/drivers/Debug/libdrivers.a(phy.o)
 .debug_frame   0x00002174      0x108 ../../../../../..//binary/armv7a/gcc/utils/Debug/libutils.a(consoleUtils.o)
 .debug_frame   0x0000227c       0x9c ../../../../../..//binary/armv7a/gcc/utils/Debug/libutils.a(delay.o)
 .debug_frame   0x00002318      0x1a8 ../../../../../..//binary/armv7a/gcc/utils/Debug/libutils.a(uartStdio.o)
 .debug_frame   0x000024c0       0x70 ../../../../../..//binary/armv7a/gcc/am335x/beaglebone/platform/Debug/libplatform.a(cpsw.o)
 .debug_frame   0x00002530       0xb4 ../../../../../..//binary/armv7a/gcc/am335x/beaglebone/platform/Debug/libplatform.a(sysdelay.o)
 .debug_frame   0x000025e4       0xb8 ../../../../../..//binary/armv7a/gcc/am335x/beaglebone/platform/Debug/libplatform.a(uartConsole.o)
 .debug_frame   0x0000269c       0xa0 ../../../../../..//binary/armv7a/gcc/am335x/beaglebone/platform/Debug/libplatform.a(dmtimer.o)
 .debug_frame   0x0000273c       0x40 ../../../../../..//binary/armv7a/gcc/am335x/beaglebone/platform/Debug/libplatform.a(uart.o)
 .debug_frame   0x0000277c      0x128 ../../../../../..//binary/armv7a/gcc/am335x/system_config/Debug/libsystem_config.a(cache.o)
 .debug_frame   0x000028a4      0x314 ../../../../../..//binary/armv7a/gcc/am335x/system_config/Debug/libsystem_config.a(interrupt.o)
 .debug_frame   0x00002bb8       0x60 ../../../../../..//binary/armv7a/gcc/am335x/system_config/Debug/libsystem_config.a(mmu.o)
 .debug_frame   0x00002c18       0x48 ../../../../../..//binary/armv7a/gcc/am335x/system_config/Debug/libsystem_config.a(startup.o)
 .debug_frame   0x00002c60       0xd4 ../../../../../..//binary/armv7a/gcc/am335x/system_config/Debug/libsystem_config.a(cpu.o)
 .debug_frame   0x00002d34       0x2c /home/sungjae/gcc-arm-none-eabi-4_7-2012q4//arm-none-eabi/lib//libc.a(lib_a-memcpy.o)
 .debug_frame   0x00002d60       0x28 /home/sungjae/gcc-arm-none-eabi-4_7-2012q4//arm-none-eabi/lib//libc.a(lib_a-memset.o)
 .debug_frame   0x00002d88       0x20 /home/sungjae/gcc-arm-none-eabi-4_7-2012q4//lib/gcc/arm-none-eabi/4.7.3//libgcc.a(_udivsi3.o)
 .debug_frame   0x00002da8       0x20 /home/sungjae/gcc-arm-none-eabi-4_7-2012q4//lib/gcc/arm-none-eabi/4.7.3//libgcc.a(_divsi3.o)
 .debug_frame   0x00002dc8      0x2b4 ../../../../../..//binary/armv7a/gcc/am335x/drivers/Debug/libdrivers.a(dmtimer.o)
 .debug_frame   0x0000307c      0x778 ../../../../../..//binary/armv7a/gcc/am335x/drivers/Debug/libdrivers.a(uart_irda_cir.o)
