Archive member included because of file (symbol)

../../../../../..//binary/armv7a/gcc/am335x/drivers/Debug/libdrivers.a(cppi41dma.o)
                              Debug/usb_host_msc.o (Cppi41DmaInit)
../../../../../..//binary/armv7a/gcc/am335x/drivers/Debug/libdrivers.a(uart_irda_cir.o)
                              Debug/usb_host_msc.o (UARTCharsAvail)
../../../../../..//binary/armv7a/gcc/am335x/drivers/Debug/libdrivers.a(usb.o)
                              ../../../../../..//binary/armv7a/gcc/am335x/drivers/Debug/libdrivers.a(cppi41dma.o) (USBDmaTxChTeardown)
../../../../../..//binary/armv7a/gcc/utils/Debug/libutils.a(cmdline.o)
                              Debug/usb_host_msc.o (CmdLineProcess)
../../../../../..//binary/armv7a/gcc/utils/Debug/libutils.a(consoleUtils.o)
                              Debug/usb_host_msc.o (ConsoleUtilsInit)
../../../../../..//binary/armv7a/gcc/utils/Debug/libutils.a(delay.o)
                              Debug/usb_host_msc.o (DelayTimerSetup)
../../../../../..//binary/armv7a/gcc/utils/Debug/libutils.a(uartStdio.o)
                              ../../../../../..//binary/armv7a/gcc/utils/Debug/libutils.a(consoleUtils.o) (UARTStdioInit)
../../../../../..//binary/armv7a/gcc/utils/Debug/libutils.a(ascii.o)
                              ../../../../../..//binary/armv7a/gcc/utils/Debug/libutils.a(uartStdio.o) (ASCIIToDigit)
../../../../../..//binary/armv7a/gcc/am335x/beaglebone/platform/Debug/libplatform.a(sysdelay.o)
                              ../../../../../..//binary/armv7a/gcc/utils/Debug/libutils.a(delay.o) (SysDelayTimerSetup)
../../../../../..//binary/armv7a/gcc/am335x/beaglebone/platform/Debug/libplatform.a(uartConsole.o)
                              ../../../../../..//binary/armv7a/gcc/utils/Debug/libutils.a(uartStdio.o) (UARTConsoleInit)
../../../../../..//binary/armv7a/gcc/am335x/beaglebone/platform/Debug/libplatform.a(usb.o)
                              Debug/usb_host_msc.o (USB0ModuleClkConfig)
../../../../../..//binary/armv7a/gcc/am335x/beaglebone/platform/Debug/libplatform.a(dmtimer.o)
                              ../../../../../..//binary/armv7a/gcc/am335x/beaglebone/platform/Debug/libplatform.a(sysdelay.o) (DMTimer7ModuleClkConfig)
../../../../../..//binary/armv7a/gcc/am335x/beaglebone/platform/Debug/libplatform.a(uart.o)
                              ../../../../../..//binary/armv7a/gcc/am335x/beaglebone/platform/Debug/libplatform.a(uartConsole.o) (UARTPinMuxSetup)
../../../../../..//binary/armv7a/gcc/am335x/usblib/Debug/libusblib.a(usbhmsc.o)
                              Debug/fat_usbmsc.o (g_USBHMSCDevice)
../../../../../..//binary/armv7a/gcc/am335x/usblib/Debug/libusblib.a(usbhostenum.o)
                              ../../../../../..//binary/armv7a/gcc/am335x/usblib/Debug/libusblib.a(usbhmsc.o) (USBHCDPipeAllocSize)
../../../../../..//binary/armv7a/gcc/am335x/usblib/Debug/libusblib.a(usbhscsi.o)
                              ../../../../../..//binary/armv7a/gcc/am335x/usblib/Debug/libusblib.a(usbhmsc.o) (USBHSCSIInquiry)
../../../../../..//binary/armv7a/gcc/am335x/usblib/Debug/libusblib.a(usbtick.o)
                              ../../../../../..//binary/armv7a/gcc/am335x/usblib/Debug/libusblib.a(usbhostenum.o) (g_ulUSBSOFCount)
../../../../../..//binary/armv7a/gcc/am335x/usblib/Debug/libusblib.a(usbdata.o)
                              ../../../../../..//binary/armv7a/gcc/am335x/usblib/Debug/libusblib.a(usbhostenum.o) (g_USBInstance)
../../../../../..//binary/armv7a/gcc/am335x/usblib/Debug/libusblib.a(usbdesc.o)
                              ../../../../../..//binary/armv7a/gcc/am335x/usblib/Debug/libusblib.a(usbhmsc.o) (USBDescGetInterface)
../../../../../..//binary/armv7a/gcc/am335x/system_config/Debug/libsystem_config.a(cache.o)
                              Debug/usb_host_msc.o (CacheEnable)
../../../../../..//binary/armv7a/gcc/am335x/system_config/Debug/libsystem_config.a(cp15.o)
                              ../../../../../..//binary/armv7a/gcc/am335x/system_config/Debug/libsystem_config.a(cache.o) (CP15ICacheDisable)
../../../../../..//binary/armv7a/gcc/am335x/system_config/Debug/libsystem_config.a(init.o)
                              (Entry)
../../../../../..//binary/armv7a/gcc/am335x/system_config/Debug/libsystem_config.a(interrupt.o)
                              Debug/usb_host_msc.o (IntRegister)
../../../../../..//binary/armv7a/gcc/am335x/system_config/Debug/libsystem_config.a(mmu.o)
                              Debug/usb_host_msc.o (MMUInit)
../../../../../..//binary/armv7a/gcc/am335x/system_config/Debug/libsystem_config.a(startup.o)
                              ../../../../../..//binary/armv7a/gcc/am335x/system_config/Debug/libsystem_config.a(init.o) (start_boot)
../../../../../..//binary/armv7a/gcc/am335x/system_config/Debug/libsystem_config.a(cpu.o)
                              ../../../../../..//binary/armv7a/gcc/am335x/system_config/Debug/libsystem_config.a(interrupt.o) (CPUIntStatus)
[...]
Memory Configuration

Name             Origin             Length             Attributes
DDR0             0x80000000         0x10000000
*default*        0x00000000         0xffffffff

Linker script and memory map

LOAD Debug/fat_usbmsc.o
LOAD Debug/ff.o
LOAD Debug/usb_host_msc.o
LOAD ../../../../../..//binary/armv7a/gcc/am335x/drivers/Debug/libdrivers.a
LOAD ../../../../../..//binary/armv7a/gcc/utils/Debug/libutils.a
LOAD ../../../../../..//binary/armv7a/gcc/am335x/beaglebone/platform/Debug/libplatform.a
LOAD ../../../../../..//binary/armv7a/gcc/am335x/usblib/Debug/libusblib.a
LOAD ../../../../../..//binary/armv7a/gcc/am335x/system_config/Debug/libsystem_config.a
LOAD /home/abby/opt/gcc-arm-none-eabi-4_7-2012q4//arm-none-eabi/lib//libc.a
LOAD /home/abby/opt/gcc-arm-none-eabi-4_7-2012q4//lib/gcc/arm-none-eabi/4.7.3//libgcc.a
LOAD ../../../../../..//binary/armv7a/gcc/am335x/drivers/Debug/libdrivers.a
LOAD ../../../../../..//binary/armv7a/gcc/utils/Debug/libutils.a
LOAD ../../../../../..//binary/armv7a/gcc/am335x/beaglebone/platform/Debug/libplatform.a
LOAD ../../../../../..//binary/armv7a/gcc/am335x/usblib/Debug/libusblib.a
LOAD ../../../../../..//binary/armv7a/gcc/am335x/system_config/Debug/libsystem_config.a
LOAD /home/abby/opt/gcc-arm-none-eabi-4_7-2012q4//arm-none-eabi/lib//libc.a
LOAD /home/abby/opt/gcc-arm-none-eabi-4_7-2012q4//lib/gcc/arm-none-eabi/4.7.3//libgcc.a

.startcode      0x80000000       0xb4
                0x80000000                . = ALIGN (0x4)
 *init.o(.text)
 .text          0x80000000       0xb4 ../../../../../..//binary/armv7a/gcc/am335x/system_config/Debug/libsystem_config.a(init.o)
                0x80000000                Entry

.text           0x800000b4    0x1603c
                0x800000b4                . = ALIGN (0x4)
 *(.text*)
 .text.disk_initialize
                0x800000b4       0xa8 Debug/fat_usbmsc.o
                0x800000b4                disk_initialize
 .text.disk_status
                0x8000015c       0x48 Debug/fat_usbmsc.o
                0x8000015c                disk_status
 .text.disk_read
                0x800001a4       0x9c Debug/fat_usbmsc.o
                0x800001a4                disk_read
 .text.disk_write
                0x80000240       0xe0 Debug/fat_usbmsc.o
                0x80000240                disk_write
 .text.get_fattime
                0x80000320       0x20 Debug/fat_usbmsc.o
                0x80000320                get_fattime
 .text.move_window
                0x80000340      0x17c Debug/ff.o
 .text.get_cluster
                0x800004bc      0x354 Debug/ff.o
 .text.put_cluster
                0x80000810      0x3dc Debug/ff.o
 .text.remove_chain
                0x80000bec       0xcc Debug/ff.o
 .text.create_chain
                0x80000cb8      0x1f0 Debug/ff.o
 .text.clust2sect
                0x80000ea8       0x6c Debug/ff.o
 .text.next_dir_entry
                0x80000f14      0x134 Debug/ff.o
 .text.get_fileinfo
                0x80001048      0x280 Debug/ff.o
 .text.make_dirfile
                0x800012c8      0x30c Debug/ff.o
 .text.trace_path
                0x800015d4      0x318 Debug/ff.o
 .text.reserve_direntry
                0x800018ec      0x280 Debug/ff.o
 .text.check_fs
                0x80001b6c      0x128 Debug/ff.o
 .text.auto_mount
                0x80001c94      0x618 Debug/ff.o
 .text.validate
                0x800022ac       0x80 Debug/ff.o
 .text.f_mount  0x8000232c       0xac Debug/ff.o
                0x8000232c                f_mount
 .text.f_open   0x800023d8      0x5b8 Debug/ff.o
                0x800023d8                f_open
 .text.f_read   0x80002990      0x454 Debug/ff.o
                0x80002990                f_read
 .text.f_opendir
                0x80002de4      0x17c Debug/ff.o
                0x80002de4                f_opendir
 .text.f_readdir
                0x80002f60      0x170 Debug/ff.o
                0x80002f60                f_readdir
 .text.f_getfree
                0x800030d0      0x2a0 Debug/ff.o
                0x800030d0                f_getfree
 .text.StringFromFresult
                0x80003370       0x90 Debug/usb_host_msc.o
                0x80003370                StringFromFresult
 .text.Cmd_ls   0x80003400      0x340 Debug/usb_host_msc.o
                0x80003400                Cmd_ls
 .text.Cmd_cd   0x80003740      0x2ec Debug/usb_host_msc.o
                0x80003740                Cmd_cd
 .text.Cmd_pwd  0x80003a2c       0x60 Debug/usb_host_msc.o
                0x80003a2c                Cmd_pwd
 .text.Cmd_cat  0x80003a8c      0x218 Debug/usb_host_msc.o
                0x80003a8c                Cmd_cat
 .text.Cmd_help
                0x80003ca4       0xa4 Debug/usb_host_msc.o
                0x80003ca4                Cmd_help
 .text.MSCCallback
                0x80003d48       0x68 Debug/usb_host_msc.o
                0x80003d48                MSCCallback
 .text.USBHCDEvents
                0x80003db0       0x88 Debug/usb_host_msc.o
                0x80003db0                USBHCDEvents
 .text.ReadLine
                0x80003e38      0x48c Debug/usb_host_msc.o
                0x80003e38                ReadLine
 .text.CPDMAAINTCConfigure
                0x800042c4       0x4c Debug/usb_host_msc.o
 .text.USBAINTCConfigure
                0x80004310       0xa8 Debug/usb_host_msc.o
 .text.USBInterruptEnable
                0x800043b8       0x4c Debug/usb_host_msc.o
 .text.MMUConfigAndEnable
                0x80004404       0xd8 Debug/usb_host_msc.o
 .text.main     0x800044dc      0x234 Debug/usb_host_msc.o
                0x800044dc                main
 .text.Cppi41DmaInit
                0x80004710      0x9e8 ../../../../../..//binary/armv7a/gcc/am335x/drivers/Debug/libdrivers.a(cppi41dma.o)
                0x80004710                Cppi41DmaInit
 .text.Cppi41DmaModeSet
                0x800050f8      0x19c ../../../../../..//binary/armv7a/gcc/am335x/drivers/Debug/libdrivers.a(cppi41dma.o)
 .text.enableCoreTxDMA
                0x80005294      0x114 ../../../../../..//binary/armv7a/gcc/am335x/drivers/Debug/libdrivers.a(cppi41dma.o)
                0x80005294                enableCoreTxDMA
 .text.enableCoreRxDMA
                0x800053a8      0x14c ../../../../../..//binary/armv7a/gcc/am335x/drivers/Debug/libdrivers.a(cppi41dma.o)
                0x800053a8                enableCoreRxDMA
 .text.disableCoreRxDMA
                0x800054f4       0xd8 ../../../../../..//binary/armv7a/gcc/am335x/drivers/Debug/libdrivers.a(cppi41dma.o)
                0x800054f4                disableCoreRxDMA
 .text.disableCoreTxDMA
                0x800055cc      0x114 ../../../../../..//binary/armv7a/gcc/am335x/drivers/Debug/libdrivers.a(cppi41dma.o)
                0x800055cc                disableCoreTxDMA
 .text.Cppi41DmaReadCompletionQueue
                0x800056e0       0x88 ../../../../../..//binary/armv7a/gcc/am335x/drivers/Debug/libdrivers.a(cppi41dma.o)
 .text.Cppi41DmaConfigRxhostPacket
                0x80005768       0xb4 ../../../../../..//binary/armv7a/gcc/am335x/drivers/Debug/libdrivers.a(cppi41dma.o)
 .text.Cppi41DmaConfigRxCompletionQueue
                0x8000581c       0x84 ../../../../../..//binary/armv7a/gcc/am335x/drivers/Debug/libdrivers.a(cppi41dma.o)
 .text.Cppi41DmaConfigTxCompletionQueue
                0x800058a0       0x78 ../../../../../..//binary/armv7a/gcc/am335x/drivers/Debug/libdrivers.a(cppi41dma.o)
 .text.Cppi41DmaInitBdPool
                0x80005918       0xec ../../../../../..//binary/armv7a/gcc/am335x/drivers/Debug/libdrivers.a(cppi41dma.o)
 .text.getFreeBd
                0x80005a04       0x74 ../../../../../..//binary/armv7a/gcc/am335x/drivers/Debug/libdrivers.a(cppi41dma.o)
                0x80005a04                getFreeBd
 .text.putFreeBd
                0x80005a78       0x7c ../../../../../..//binary/armv7a/gcc/am335x/drivers/Debug/libdrivers.a(cppi41dma.o)
                0x80005a78                putFreeBd
 .text.pushToSubmitQ
                0x80005af4       0x9c ../../../../../..//binary/armv7a/gcc/am335x/drivers/Debug/libdrivers.a(cppi41dma.o)
                0x80005af4                pushToSubmitQ
 .text.doDmaTxTransfer
                0x80005b90      0x488 ../../../../../..//binary/armv7a/gcc/am335x/drivers/Debug/libdrivers.a(cppi41dma.o)
                0x80005b90                doDmaTxTransfer
 .text.doDmaRxTransfer
                0x80006018       0xe8 ../../../../../..//binary/armv7a/gcc/am335x/drivers/Debug/libdrivers.a(cppi41dma.o)
                0x80006018                doDmaRxTransfer
 .text.dmaTxCompletion
                0x80006100      0x17c ../../../../../..//binary/armv7a/gcc/am335x/drivers/Debug/libdrivers.a(cppi41dma.o)
                0x80006100                dmaTxCompletion
 .text.dmaRxCompletion
                0x8000627c       0xe8 ../../../../../..//binary/armv7a/gcc/am335x/drivers/Debug/libdrivers.a(cppi41dma.o)
                0x8000627c                dmaRxCompletion
 .text.CppiDmaGetPendStatus
                0x80006364       0xc4 ../../../../../..//binary/armv7a/gcc/am335x/drivers/Debug/libdrivers.a(cppi41dma.o)
                0x80006364                CppiDmaGetPendStatus
 .text.Cppi41DmaControlScheduler
                0x80006428       0x78 ../../../../../..//binary/armv7a/gcc/am335x/drivers/Debug/libdrivers.a(cppi41dma.o)
 .text.Cppi41DmaProcessBD
                0x800064a0      0x348 ../../../../../..//binary/armv7a/gcc/am335x/drivers/Debug/libdrivers.a(cppi41dma.o)
 .text.cppi41DmaInitBuffer
                0x800067e8       0xac ../../../../../..//binary/armv7a/gcc/am335x/drivers/Debug/libdrivers.a(cppi41dma.o)
 .text.cppiDmaAllocBuffer
                0x80006894       0xcc ../../../../../..//binary/armv7a/gcc/am335x/drivers/Debug/libdrivers.a(cppi41dma.o)
                0x80006894                cppiDmaAllocBuffer
 .text.cppiDmaFreeBuffer
                0x80006960       0xac ../../../../../..//binary/armv7a/gcc/am335x/drivers/Debug/libdrivers.a(cppi41dma.o)
                0x80006960                cppiDmaFreeBuffer
 .text.cppiDmaAllocnBuffer
                0x80006a0c      0x14c ../../../../../..//binary/armv7a/gcc/am335x/drivers/Debug/libdrivers.a(cppi41dma.o)
                0x80006a0c                cppiDmaAllocnBuffer
 .text.cppiDmaFreenBuffer
                0x80006b58      0x114 ../../../../../..//binary/armv7a/gcc/am335x/drivers/Debug/libdrivers.a(cppi41dma.o)
                0x80006b58                cppiDmaFreenBuffer
 .text.Cppi41DmaRxChTeardown
                0x80006c6c      0x274 ../../../../../..//binary/armv7a/gcc/am335x/drivers/Debug/libdrivers.a(cppi41dma.o)
                0x80006c6c                Cppi41DmaRxChTeardown
 .text.Cppi41DmaTxChTeardown
                0x80006ee0      0x2a4 ../../../../../..//binary/armv7a/gcc/am335x/drivers/Debug/libdrivers.a(cppi41dma.o)
                0x80006ee0                Cppi41DmaTxChTeardown
 .text.Cppi41DmaConfigTDDescQueue
                0x80007184       0x68 ../../../../../..//binary/armv7a/gcc/am335x/drivers/Debug/libdrivers.a(cppi41dma.o)
 .text.Cppi41DmaPushToTearDownQ
                0x800071ec       0x9c ../../../../../..//binary/armv7a/gcc/am335x/drivers/Debug/libdrivers.a(cppi41dma.o)
 .text.Cppi41DmaPopFromSubmitQ
                0x80007288       0x88 ../../../../../..//binary/armv7a/gcc/am335x/drivers/Debug/libdrivers.a(cppi41dma.o)
 .text.Cppi41DmaInitTddPool
                0x80007310       0x78 ../../../../../..//binary/armv7a/gcc/am335x/drivers/Debug/libdrivers.a(cppi41dma.o)
                0x80007310                Cppi41DmaInitTddPool
 .text.Cppi41DmaRecoverBD
                0x80007388       0x9c ../../../../../..//binary/armv7a/gcc/am335x/drivers/Debug/libdrivers.a(cppi41dma.o)
 .text.UARTOperatingModeSelect
                0x80007424       0x84 ../../../../../..//binary/armv7a/gcc/am335x/drivers/Debug/libdrivers.a(uart_irda_cir.o)
                0x80007424                UARTOperatingModeSelect
 .text.UARTDivisorValCompute
                0x800074a8      0x104 ../../../../../..//binary/armv7a/gcc/am335x/drivers/Debug/libdrivers.a(uart_irda_cir.o)
                0x800074a8                UARTDivisorValCompute
 .text.UARTDivisorLatchWrite
                0x800075ac      0x210 ../../../../../..//binary/armv7a/gcc/am335x/drivers/Debug/libdrivers.a(uart_irda_cir.o)
                0x800075ac                UARTDivisorLatchWrite
 .text.UARTDivisorLatchDisable
                0x800077bc       0x38 ../../../../../..//binary/armv7a/gcc/am335x/drivers/Debug/libdrivers.a(uart_irda_cir.o)
                0x800077bc                UARTDivisorLatchDisable
 .text.UARTRegConfigModeEnable
                0x800077f4       0x9c ../../../../../..//binary/armv7a/gcc/am335x/drivers/Debug/libdrivers.a(uart_irda_cir.o)
                0x800077f4                UARTRegConfigModeEnable
 .text.UARTBreakCtl
                0x80007890       0x60 ../../../../../..//binary/armv7a/gcc/am335x/drivers/Debug/libdrivers.a(uart_irda_cir.o)
                0x80007890                UARTBreakCtl
 .text.UARTLineCharacConfig
                0x800078f0       0xa4 ../../../../../..//binary/armv7a/gcc/am335x/drivers/Debug/libdrivers.a(uart_irda_cir.o)
                0x800078f0                UARTLineCharacConfig
 .text.UARTFIFOConfig
                0x80007994      0x480 ../../../../../..//binary/armv7a/gcc/am335x/drivers/Debug/libdrivers.a(uart_irda_cir.o)
                0x80007994                UARTFIFOConfig
 .text.UARTFIFORegisterWrite
                0x80007e14       0xc0 ../../../../../..//binary/armv7a/gcc/am335x/drivers/Debug/libdrivers.a(uart_irda_cir.o)
                0x80007e14                UARTFIFORegisterWrite
 .text.UARTEnhanFuncEnable
                0x80007ed4       0x88 ../../../../../..//binary/armv7a/gcc/am335x/drivers/Debug/libdrivers.a(uart_irda_cir.o)
                0x80007ed4                UARTEnhanFuncEnable
 .text.UARTEnhanFuncBitValRestore
                0x80007f5c       0x8c ../../../../../..//binary/armv7a/gcc/am335x/drivers/Debug/libdrivers.a(uart_irda_cir.o)
                0x80007f5c                UARTEnhanFuncBitValRestore
 .text.UARTSubConfigTCRTLRModeEn
                0x80007fe8      0x124 ../../../../../..//binary/armv7a/gcc/am335x/drivers/Debug/libdrivers.a(uart_irda_cir.o)
                0x80007fe8                UARTSubConfigTCRTLRModeEn
 .text.UARTTCRTLRBitValRestore
                0x8000810c      0x128 ../../../../../..//binary/armv7a/gcc/am335x/drivers/Debug/libdrivers.a(uart_irda_cir.o)
                0x8000810c                UARTTCRTLRBitValRestore
 .text.UARTCharsAvail
                0x80008234       0x78 ../../../../../..//binary/armv7a/gcc/am335x/drivers/Debug/libdrivers.a(uart_irda_cir.o)
                0x80008234                UARTCharsAvail
 .text.UARTCharGet
                0x800082ac       0x84 ../../../../../..//binary/armv7a/gcc/am335x/drivers/Debug/libdrivers.a(uart_irda_cir.o)
                0x800082ac                UARTCharGet
 .text.UARTCharPut
                0x80008330       0x78 ../../../../../..//binary/armv7a/gcc/am335x/drivers/Debug/libdrivers.a(uart_irda_cir.o)
                0x80008330                UARTCharPut
 .text.UARTModuleReset
                0x800083a8       0x54 ../../../../../..//binary/armv7a/gcc/am335x/drivers/Debug/libdrivers.a(uart_irda_cir.o)
                0x800083a8                UARTModuleReset
 .text.USBIndexWrite
                0x800083fc       0xa4 ../../../../../..//binary/armv7a/gcc/am335x/drivers/Debug/libdrivers.a(usb.o)
 .text.USBHostReset
                0x800084a0       0x7c ../../../../../..//binary/armv7a/gcc/am335x/drivers/Debug/libdrivers.a(usb.o)
                0x800084a0                USBHostReset
 .text.USBHostSpeedGet
                0x8000851c       0x90 ../../../../../..//binary/armv7a/gcc/am335x/drivers/Debug/libdrivers.a(usb.o)
                0x8000851c                USBHostSpeedGet
 .text.USBIntDisableControl
                0x800085ac       0xac ../../../../../..//binary/armv7a/gcc/am335x/drivers/Debug/libdrivers.a(usb.o)
                0x800085ac                USBIntDisableControl
 .text.USBIntEnableControl
                0x80008658       0xa4 ../../../../../..//binary/armv7a/gcc/am335x/drivers/Debug/libdrivers.a(usb.o)
                0x80008658                USBIntEnableControl
 .text.USBIntStatusControl
                0x800086fc       0xd4 ../../../../../..//binary/armv7a/gcc/am335x/drivers/Debug/libdrivers.a(usb.o)
                0x800086fc                USBIntStatusControl
 .text.USBIntDisableEndpoint
                0x800087d0       0x98 ../../../../../..//binary/armv7a/gcc/am335x/drivers/Debug/libdrivers.a(usb.o)
                0x800087d0                USBIntDisableEndpoint
 .text.USBIntEnableEndpoint
                0x80008868       0x88 ../../../../../..//binary/armv7a/gcc/am335x/drivers/Debug/libdrivers.a(usb.o)
                0x80008868                USBIntEnableEndpoint
 .text.USBEndpointStatus
                0x800088f0       0x74 ../../../../../..//binary/armv7a/gcc/am335x/drivers/Debug/libdrivers.a(usb.o)
                0x800088f0                USBEndpointStatus
 .text.USBHostEndpointStatusClear
                0x80008964      0x118 ../../../../../..//binary/armv7a/gcc/am335x/drivers/Debug/libdrivers.a(usb.o)
                0x80008964                USBHostEndpointStatusClear
 .text.USBEndpointDataToggleClear
                0x80008a7c       0xbc ../../../../../..//binary/armv7a/gcc/am335x/drivers/Debug/libdrivers.a(usb.o)
                0x80008a7c                USBEndpointDataToggleClear
 .text.USBHostEndpointConfig
                0x80008b38      0x2f4 ../../../../../..//binary/armv7a/gcc/am335x/drivers/Debug/libdrivers.a(usb.o)
                0x80008b38                USBHostEndpointConfig
 .text.USBFIFOConfigSet
                0x80008e2c       0xf0 ../../../../../..//binary/armv7a/gcc/am335x/drivers/Debug/libdrivers.a(usb.o)
                0x80008e2c                USBFIFOConfigSet
 .text.USBEndpointDataGet
                0x80008f1c      0x120 ../../../../../..//binary/armv7a/gcc/am335x/drivers/Debug/libdrivers.a(usb.o)
                0x80008f1c                USBEndpointDataGet
 .text.USBDevEndpointDataAck
                0x8000903c       0xa4 ../../../../../..//binary/armv7a/gcc/am335x/drivers/Debug/libdrivers.a(usb.o)
                0x8000903c                USBDevEndpointDataAck
 .text.USBHostEndpointDataAck
                0x800090e0       0xa0 ../../../../../..//binary/armv7a/gcc/am335x/drivers/Debug/libdrivers.a(usb.o)
                0x800090e0                USBHostEndpointDataAck
 .text.USBEndpointDataPut
                0x80009180       0xd8 ../../../../../..//binary/armv7a/gcc/am335x/drivers/Debug/libdrivers.a(usb.o)
                0x80009180                USBEndpointDataPut
 .text.USBEndpointDataSend
                0x80009258       0xa8 ../../../../../..//binary/armv7a/gcc/am335x/drivers/Debug/libdrivers.a(usb.o)
                0x80009258                USBEndpointDataSend
 .text.USBFIFOFlush
                0x80009300      0x14c ../../../../../..//binary/armv7a/gcc/am335x/drivers/Debug/libdrivers.a(usb.o)
                0x80009300                USBFIFOFlush
 .text.USBHostRequestIN
                0x8000944c       0x5c ../../../../../..//binary/armv7a/gcc/am335x/drivers/Debug/libdrivers.a(usb.o)
                0x8000944c                USBHostRequestIN
 .text.USBHostRequestINClear
                0x800094a8       0x74 ../../../../../..//binary/armv7a/gcc/am335x/drivers/Debug/libdrivers.a(usb.o)
                0x800094a8                USBHostRequestINClear
 .text.USBHostAutoReqSet
                0x8000951c       0x74 ../../../../../..//binary/armv7a/gcc/am335x/drivers/Debug/libdrivers.a(usb.o)
                0x8000951c                USBHostAutoReqSet
 .text.USBHostAutoReqClear
                0x80009590       0x74 ../../../../../..//binary/armv7a/gcc/am335x/drivers/Debug/libdrivers.a(usb.o)
                0x80009590                USBHostAutoReqClear
 .text.USBRxChAbort
                0x80009604      0x13c ../../../../../..//binary/armv7a/gcc/am335x/drivers/Debug/libdrivers.a(usb.o)
                0x80009604                USBRxChAbort
 .text.USBDmaTxChDisable
                0x80009740       0x70 ../../../../../..//binary/armv7a/gcc/am335x/drivers/Debug/libdrivers.a(usb.o)
                0x80009740                USBDmaTxChDisable
 .text.USBDmaTxChTeardown
                0x800097b0       0xc0 ../../../../../..//binary/armv7a/gcc/am335x/drivers/Debug/libdrivers.a(usb.o)
                0x800097b0                USBDmaTxChTeardown
 .text.USBHostTxFifoFlush
                0x80009870      0x130 ../../../../../..//binary/armv7a/gcc/am335x/drivers/Debug/libdrivers.a(usb.o)
                0x80009870                USBHostTxFifoFlush
 .text.USBHostRequestStatus
                0x800099a0       0x30 ../../../../../..//binary/armv7a/gcc/am335x/drivers/Debug/libdrivers.a(usb.o)
                0x800099a0                USBHostRequestStatus
 .text.USBHostAddrSet
                0x800099d0       0x7c ../../../../../..//binary/armv7a/gcc/am335x/drivers/Debug/libdrivers.a(usb.o)
                0x800099d0                USBHostAddrSet
 .text.USBHostPwrConfig
                0x80009a4c       0x70 ../../../../../..//binary/armv7a/gcc/am335x/drivers/Debug/libdrivers.a(usb.o)
                0x80009a4c                USBHostPwrConfig
 .text.USBHostPwrEnable
                0x80009abc       0x40 ../../../../../..//binary/armv7a/gcc/am335x/drivers/Debug/libdrivers.a(usb.o)
                0x80009abc                USBHostPwrEnable
 .text.USBHostPwrDisable
                0x80009afc       0x40 ../../../../../..//binary/armv7a/gcc/am335x/drivers/Debug/libdrivers.a(usb.o)
                0x80009afc                USBHostPwrDisable
 .text.USBOTGSessionRequest
                0x80009b3c       0x7c ../../../../../..//binary/armv7a/gcc/am335x/drivers/Debug/libdrivers.a(usb.o)
                0x80009b3c                USBOTGSessionRequest
 .text.USBEnableOtgIntr
                0x80009bb8       0x54 ../../../../../..//binary/armv7a/gcc/am335x/drivers/Debug/libdrivers.a(usb.o)
                0x80009bb8                USBEnableOtgIntr
 .text.USBReset
                0x80009c0c       0x64 ../../../../../..//binary/armv7a/gcc/am335x/drivers/Debug/libdrivers.a(usb.o)
                0x80009c0c                USBReset
 .text.CmdLineProcess
                0x80009c70      0x158 ../../../../../..//binary/armv7a/gcc/utils/Debug/libutils.a(cmdline.o)
                0x80009c70                CmdLineProcess
 .text.ConsoleUtilsInit
                0x80009dc8       0x18 ../../../../../..//binary/armv7a/gcc/utils/Debug/libutils.a(consoleUtils.o)
                0x80009dc8                ConsoleUtilsInit
 .text.ConsoleUtilsSetType
                0x80009de0       0x54 ../../../../../..//binary/armv7a/gcc/utils/Debug/libutils.a(consoleUtils.o)
                0x80009de0                ConsoleUtilsSetType
 .text.ConsoleUtilsPrintf
                0x80009e34       0x6c ../../../../../..//binary/armv7a/gcc/utils/Debug/libutils.a(consoleUtils.o)
                0x80009e34                ConsoleUtilsPrintf
 .text.DelayTimerSetup
                0x80009ea0       0x18 ../../../../../..//binary/armv7a/gcc/utils/Debug/libutils.a(delay.o)
                0x80009ea0                DelayTimerSetup
 .text.delay    0x80009eb8       0x28 ../../../../../..//binary/armv7a/gcc/utils/Debug/libutils.a(delay.o)
                0x80009eb8                delay
 .text.StartTimer
                0x80009ee0       0x28 ../../../../../..//binary/armv7a/gcc/utils/Debug/libutils.a(delay.o)
                0x80009ee0                StartTimer
 .text.StopTimer
                0x80009f08       0x18 ../../../../../..//binary/armv7a/gcc/utils/Debug/libutils.a(delay.o)
                0x80009f08                StopTimer
 .text.IsTimerElapsed
                0x80009f20       0x20 ../../../../../..//binary/armv7a/gcc/utils/Debug/libutils.a(delay.o)
                0x80009f20                IsTimerElapsed
 .text.UARTStdioInit
                0x80009f40       0x18 ../../../../../..//binary/armv7a/gcc/utils/Debug/libutils.a(uartStdio.o)
                0x80009f40                UARTStdioInit
 .text.UARTPuts
                0x80009f58       0xec ../../../../../..//binary/armv7a/gcc/utils/Debug/libutils.a(uartStdio.o)
                0x80009f58                UARTPuts
 .text.UARTPutc
                0x8000a044       0x30 ../../../../../..//binary/armv7a/gcc/utils/Debug/libutils.a(uartStdio.o)
                0x8000a044                UARTPutc
 .text.UARTGetc
                0x8000a074       0x20 ../../../../../..//binary/armv7a/gcc/utils/Debug/libutils.a(uartStdio.o)
                0x8000a074                UARTGetc
 .text.UARTwrite
                0x8000a094       0x94 ../../../../../..//binary/armv7a/gcc/utils/Debug/libutils.a(uartStdio.o)
                0x8000a094                UARTwrite
 .text.UARTPrintf
                0x8000a128      0x6ac ../../../../../..//binary/armv7a/gcc/utils/Debug/libutils.a(uartStdio.o)
                0x8000a128                UARTPrintf
 .text.SysDelayTimerSetup
                0x8000a7d4       0x88 ../../../../../..//binary/armv7a/gcc/am335x/beaglebone/platform/Debug/libplatform.a(sysdelay.o)
                0x8000a7d4                SysDelayTimerSetup
 .text.Sysdelay
                0x8000a85c       0xb0 ../../../../../..//binary/armv7a/gcc/am335x/beaglebone/platform/Debug/libplatform.a(sysdelay.o)
                0x8000a85c                Sysdelay
 .text.SysStartTimer
                0x8000a90c       0x80 ../../../../../..//binary/armv7a/gcc/am335x/beaglebone/platform/Debug/libplatform.a(sysdelay.o)
                0x8000a90c                SysStartTimer
 .text.SysStopTimer
                0x8000a98c       0x38 ../../../../../..//binary/armv7a/gcc/am335x/beaglebone/platform/Debug/libplatform.a(sysdelay.o)
                0x8000a98c                SysStopTimer
 .text.SysIsTimerElapsed
                0x8000a9c4       0x24 ../../../../../..//binary/armv7a/gcc/am335x/beaglebone/platform/Debug/libplatform.a(sysdelay.o)
                0x8000a9c4                SysIsTimerElapsed
 .text.DMTimerIsr
                0x8000a9e8       0x48 ../../../../../..//binary/armv7a/gcc/am335x/beaglebone/platform/Debug/libplatform.a(sysdelay.o)
 .text.UARTStdioInitExpClk
                0x8000aa30       0xd0 ../../../../../..//binary/armv7a/gcc/am335x/beaglebone/platform/Debug/libplatform.a(uartConsole.o)
 .text.UartFIFOConfigure
                0x8000ab00       0x64 ../../../../../..//binary/armv7a/gcc/am335x/beaglebone/platform/Debug/libplatform.a(uartConsole.o)
 .text.UartBaudRateSet
                0x8000ab64       0x5c ../../../../../..//binary/armv7a/gcc/am335x/beaglebone/platform/Debug/libplatform.a(uartConsole.o)
 .text.UARTConsoleInit
                0x8000abc0       0x44 ../../../../../..//binary/armv7a/gcc/am335x/beaglebone/platform/Debug/libplatform.a(uartConsole.o)
                0x8000abc0                UARTConsoleInit
 .text.UARTConsolePutc
                0x8000ac04       0x38 ../../../../../..//binary/armv7a/gcc/am335x/beaglebone/platform/Debug/libplatform.a(uartConsole.o)
                0x8000ac04                UARTConsolePutc
 .text.UARTConsoleGetc
                0x8000ac3c       0x2c ../../../../../..//binary/armv7a/gcc/am335x/beaglebone/platform/Debug/libplatform.a(uartConsole.o)
                0x8000ac3c                UARTConsoleGetc
 .text.USB0ModuleClkConfig
                0x8000ac68       0x84 ../../../../../..//binary/armv7a/gcc/am335x/beaglebone/platform/Debug/libplatform.a(usb.o)
                0x8000ac68                USB0ModuleClkConfig
 .text.USBEnableInt
                0x8000acec       0x3c ../../../../../..//binary/armv7a/gcc/am335x/beaglebone/platform/Debug/libplatform.a(usb.o)
                0x8000acec                USBEnableInt
 .text.USBModuleClkEnable
                0x8000ad28       0x28 ../../../../../..//binary/armv7a/gcc/am335x/beaglebone/platform/Debug/libplatform.a(usb.o)
                0x8000ad28                USBModuleClkEnable
 .text.DMTimer7ModuleClkConfig
                0x8000ad50      0x260 ../../../../../..//binary/armv7a/gcc/am335x/beaglebone/platform/Debug/libplatform.a(dmtimer.o)
                0x8000ad50                DMTimer7ModuleClkConfig
 .text.UARTPinMuxSetup
                0x8000afb0       0x48 ../../../../../..//binary/armv7a/gcc/am335x/beaglebone/platform/Debug/libplatform.a(uart.o)
                0x8000afb0                UARTPinMuxSetup
 .text.UART0ModuleClkConfig
                0x8000aff8      0x35c ../../../../../..//binary/armv7a/gcc/am335x/beaglebone/platform/Debug/libplatform.a(uart.o)
                0x8000aff8                UART0ModuleClkConfig
 .text.USBHMSCOpen
                0x8000b354      0x23c ../../../../../..//binary/armv7a/gcc/am335x/usblib/Debug/libusblib.a(usbhmsc.o)
 .text.USBHMSCClose
                0x8000b590       0xd8 ../../../../../..//binary/armv7a/gcc/am335x/usblib/Debug/libusblib.a(usbhmsc.o)
 .text.USBHMSCGetMaxLUN
                0x8000b668       0x98 ../../../../../..//binary/armv7a/gcc/am335x/usblib/Debug/libusblib.a(usbhmsc.o)
 .text.USBHMSCDriveReady
                0x8000b700      0x31c ../../../../../..//binary/armv7a/gcc/am335x/usblib/Debug/libusblib.a(usbhmsc.o)
                0x8000b700                USBHMSCDriveReady
 .text.USBHMSCDriveOpen
                0x8000ba1c       0xb4 ../../../../../..//binary/armv7a/gcc/am335x/usblib/Debug/libusblib.a(usbhmsc.o)
                0x8000ba1c                USBHMSCDriveOpen
 .text.USBHMSCBlockRead
                0x8000bad0       0xc0 ../../../../../..//binary/armv7a/gcc/am335x/usblib/Debug/libusblib.a(usbhmsc.o)
                0x8000bad0                USBHMSCBlockRead
 .text.USBHMSCBlockWrite
                0x8000bb90       0xc0 ../../../../../..//binary/armv7a/gcc/am335x/usblib/Debug/libusblib.a(usbhmsc.o)
                0x8000bb90                USBHMSCBlockWrite
 .text.SendUnknownConnect
                0x8000bc50      0x1a4 ../../../../../..//binary/armv7a/gcc/am335x/usblib/Debug/libusblib.a(usbhostenum.o)
 .text.FIFOFree
                0x8000bdf4       0xa8 ../../../../../..//binary/armv7a/gcc/am335x/usblib/Debug/libusblib.a(usbhostenum.o)
 .text.FIFOAlloc
                0x8000be9c      0x1e4 ../../../../../..//binary/armv7a/gcc/am335x/usblib/Debug/libusblib.a(usbhostenum.o)
 .text.USBHCDPipeAllocSize
                0x8000c080      0x69c ../../../../../..//binary/armv7a/gcc/am335x/usblib/Debug/libusblib.a(usbhostenum.o)
                0x8000c080                USBHCDPipeAllocSize
 .text.USBHCDPipeConfig
                0x8000c71c      0x680 ../../../../../..//binary/armv7a/gcc/am335x/usblib/Debug/libusblib.a(usbhostenum.o)
                0x8000c71c                USBHCDPipeConfig
 .text.USBHCDPipeWrite
                0x8000cd9c      0x86c ../../../../../..//binary/armv7a/gcc/am335x/usblib/Debug/libusblib.a(usbhostenum.o)
                0x8000cd9c                USBHCDPipeWrite
 .text.USBHCDPipeRead
                0x8000d608      0x9cc ../../../../../..//binary/armv7a/gcc/am335x/usblib/Debug/libusblib.a(usbhostenum.o)
                0x8000d608                USBHCDPipeRead
 .text.USBHCDPipeFree
                0x8000dfd4      0x4a8 ../../../../../..//binary/armv7a/gcc/am335x/usblib/Debug/libusblib.a(usbhostenum.o)
                0x8000dfd4                USBHCDPipeFree
 .text.USBHCDInitInternal
                0x8000e47c      0x5d4 ../../../../../..//binary/armv7a/gcc/am335x/usblib/Debug/libusblib.a(usbhostenum.o)
 .text.USBHCDPowerConfigInit
                0x8000ea50       0x48 ../../../../../..//binary/armv7a/gcc/am335x/usblib/Debug/libusblib.a(usbhostenum.o)
                0x8000ea50                USBHCDPowerConfigInit
 .text.USBHCDPowerConfigSet
                0x8000ea98      0x224 ../../../../../..//binary/armv7a/gcc/am335x/usblib/Debug/libusblib.a(usbhostenum.o)
                0x8000ea98                USBHCDPowerConfigSet
 .text.USBHCDInit
                0x8000ecbc      0x500 ../../../../../..//binary/armv7a/gcc/am335x/usblib/Debug/libusblib.a(usbhostenum.o)
                0x8000ecbc                USBHCDInit
 .text.USBHCDRegisterDrivers
                0x8000f1bc       0x9c ../../../../../..//binary/armv7a/gcc/am335x/usblib/Debug/libusblib.a(usbhostenum.o)
                0x8000f1bc                USBHCDRegisterDrivers
 .text.USBHCDTerm
                0x8000f258      0x380 ../../../../../..//binary/armv7a/gcc/am335x/usblib/Debug/libusblib.a(usbhostenum.o)
                0x8000f258                USBHCDTerm
 .text.USBHCDReset
                0x8000f5d8       0xb8 ../../../../../..//binary/armv7a/gcc/am335x/usblib/Debug/libusblib.a(usbhostenum.o)
                0x8000f5d8                USBHCDReset
 .text.USBHCDGetConfigDescriptor
                0x8000f690      0x230 ../../../../../..//binary/armv7a/gcc/am335x/usblib/Debug/libusblib.a(usbhostenum.o)
 .text.USBHCDGetDeviceDescriptor
                0x8000f8c0      0x10c ../../../../../..//binary/armv7a/gcc/am335x/usblib/Debug/libusblib.a(usbhostenum.o)
 .text.USBHCDSetAddress
                0x8000f9cc       0x88 ../../../../../..//binary/armv7a/gcc/am335x/usblib/Debug/libusblib.a(usbhostenum.o)
                0x8000f9cc                USBHCDSetAddress
 .text.USBHCDClearFeature
                0x8000fa54      0x1ec ../../../../../..//binary/armv7a/gcc/am335x/usblib/Debug/libusblib.a(usbhostenum.o)
 .text.USBHCDSetConfig
                0x8000fc40       0x8c ../../../../../..//binary/armv7a/gcc/am335x/usblib/Debug/libusblib.a(usbhostenum.o)
                0x8000fc40                USBHCDSetConfig
 .text.USBHostCheckPipes
                0x8000fccc      0x308 ../../../../../..//binary/armv7a/gcc/am335x/usblib/Debug/libusblib.a(usbhostenum.o)
                0x8000fccc                USBHostCheckPipes
 .text.USBHostIntHandlerInternal
                0x8000ffd4     0x10b4 ../../../../../..//binary/armv7a/gcc/am335x/usblib/Debug/libusblib.a(usbhostenum.o)
                0x8000ffd4                USBHostIntHandlerInternal
 .text.USB0HostIntHandler
                0x80011088      0x188 ../../../../../..//binary/armv7a/gcc/am335x/usblib/Debug/libusblib.a(usbhostenum.o)
                0x80011088                USB0HostIntHandler
 .text.USB1HostIntHandler
                0x80011210      0x188 ../../../../../..//binary/armv7a/gcc/am335x/usblib/Debug/libusblib.a(usbhostenum.o)
                0x80011210                USB1HostIntHandler
 .text.USBHCDOpenDriver
                0x80011398      0x230 ../../../../../..//binary/armv7a/gcc/am335x/usblib/Debug/libusblib.a(usbhostenum.o)
 .text.USBHCDDeviceDisconnected
                0x800115c8      0x350 ../../../../../..//binary/armv7a/gcc/am335x/usblib/Debug/libusblib.a(usbhostenum.o)
 .text.USBHCDMain
                0x80011918      0xb54 ../../../../../..//binary/armv7a/gcc/am335x/usblib/Debug/libusblib.a(usbhostenum.o)
                0x80011918                USBHCDMain
 .text.USBHCDControlTransfer
                0x8001246c      0x53c ../../../../../..//binary/armv7a/gcc/am335x/usblib/Debug/libusblib.a(usbhostenum.o)
                0x8001246c                USBHCDControlTransfer
 .text.USBHCDEnumHandler
                0x800129a8      0x6b8 ../../../../../..//binary/armv7a/gcc/am335x/usblib/Debug/libusblib.a(usbhostenum.o)
 .text.USBHCDEP0StateTx
                0x80013060      0x25c ../../../../../..//binary/armv7a/gcc/am335x/usblib/Debug/libusblib.a(usbhostenum.o)
 .text.USBHCDTxAbort
                0x800132bc      0x16c ../../../../../..//binary/armv7a/gcc/am335x/usblib/Debug/libusblib.a(usbhostenum.o)
 .text.USBHCDRxAbort
                0x80013428      0x240 ../../../../../..//binary/armv7a/gcc/am335x/usblib/Debug/libusblib.a(usbhostenum.o)
 .text.USBHCDRetryConnect
                0x80013668       0x78 ../../../../../..//binary/armv7a/gcc/am335x/usblib/Debug/libusblib.a(usbhostenum.o)
 .text.USBHCDGetSpeed
                0x800136e0       0x5c ../../../../../..//binary/armv7a/gcc/am335x/usblib/Debug/libusblib.a(usbhostenum.o)
                0x800136e0                USBHCDGetSpeed
 .text.USBHSCSISendCommand
                0x8001373c      0x210 ../../../../../..//binary/armv7a/gcc/am335x/usblib/Debug/libusblib.a(usbhscsi.o)
 .text.USBHSCSIInquiry
                0x8001394c       0xb0 ../../../../../..//binary/armv7a/gcc/am335x/usblib/Debug/libusblib.a(usbhscsi.o)
                0x8001394c                USBHSCSIInquiry
 .text.USBHSCSIReadCapacity
                0x800139fc       0xa0 ../../../../../..//binary/armv7a/gcc/am335x/usblib/Debug/libusblib.a(usbhscsi.o)
                0x800139fc                USBHSCSIReadCapacity
 .text.USBHSCSITestUnitReady
                0x80013a9c       0x98 ../../../../../..//binary/armv7a/gcc/am335x/usblib/Debug/libusblib.a(usbhscsi.o)
                0x80013a9c                USBHSCSITestUnitReady
 .text.USBHSCSIRequestSense
                0x80013b34       0x9c ../../../../../..//binary/armv7a/gcc/am335x/usblib/Debug/libusblib.a(usbhscsi.o)
                0x80013b34                USBHSCSIRequestSense
 .text.USBHSCSIRead10
                0x80013bd0      0x100 ../../../../../..//binary/armv7a/gcc/am335x/usblib/Debug/libusblib.a(usbhscsi.o)
                0x80013bd0                USBHSCSIRead10
 .text.USBHSCSIWrite10
                0x80013cd0      0x100 ../../../../../..//binary/armv7a/gcc/am335x/usblib/Debug/libusblib.a(usbhscsi.o)
                0x80013cd0                USBHSCSIWrite10
 .text.InternalUSBTickInit
                0x80013dd0       0x88 ../../../../../..//binary/armv7a/gcc/am335x/usblib/Debug/libusblib.a(usbtick.o)
                0x80013dd0                InternalUSBTickInit
 .text.InternalUSBStartOfFrameTick
                0x80013e58       0xa8 ../../../../../..//binary/armv7a/gcc/am335x/usblib/Debug/libusblib.a(usbtick.o)
                0x80013e58                InternalUSBStartOfFrameTick
 .text.USBDescGet
                0x80013f00       0xcc ../../../../../..//binary/armv7a/gcc/am335x/usblib/Debug/libusblib.a(usbdesc.o)
                0x80013f00                USBDescGet
 .text.USBDescGetAlternateInterface
                0x80013fcc       0xd8 ../../../../../..//binary/armv7a/gcc/am335x/usblib/Debug/libusblib.a(usbdesc.o)
 .text.USBDescGetInterface
                0x800140a4       0x84 ../../../../../..//binary/armv7a/gcc/am335x/usblib/Debug/libusblib.a(usbdesc.o)
                0x800140a4                USBDescGetInterface
 .text.USBDescGetInterfaceEndpoint
                0x80014128       0x64 ../../../../../..//binary/armv7a/gcc/am335x/usblib/Debug/libusblib.a(usbdesc.o)
                0x80014128                USBDescGetInterfaceEndpoint
 .text.CacheEnable
                0x8001418c       0x94 ../../../../../..//binary/armv7a/gcc/am335x/system_config/Debug/libsystem_config.a(cache.o)
                0x8001418c                CacheEnable
 .text.CacheDataCleanBuff
                0x80014220       0x30 ../../../../../..//binary/armv7a/gcc/am335x/system_config/Debug/libsystem_config.a(cache.o)
                0x80014220                CacheDataCleanBuff
 .text.CacheDataInvalidateBuff
                0x80014250       0x30 ../../../../../..//binary/armv7a/gcc/am335x/system_config/Debug/libsystem_config.a(cache.o)
                0x80014250                CacheDataInvalidateBuff
 .text          0x80014280      0x488 ../../../../../..//binary/armv7a/gcc/am335x/system_config/Debug/libsystem_config.a(cp15.o)
                0x80014280                CP15ICacheDisable
                0x8001429c                CP15DCacheDisable
                0x800142b8                CP15ICacheEnable
                0x800142c8                CP15DCacheEnable
                0x800142d8                CP15DCacheFlush
                0x8001436c                CP15DCacheClean
                0x80014400                CP15DCacheCleanFlush
                0x80014494                CP15ICacheFlush
                0x800144a4                CP15DCacheCleanBuff
                0x800144f8                CP15DCacheCleanFlushBuff
                0x8001454c                CP15DCacheFlushBuff
                0x800145b0                CP15ICacheFlushBuff
                0x80014604                CP15Ttb0Set
                0x80014610                CP15TlbInvalidate
                0x8001461c                CP15MMUDisable
                0x80014634                CP15MMUEnable
                0x80014648                CP15VectorBaseAddrSet
                0x80014654                CP15BranchPredictorInvalidate
                0x80014660                CP15BranchPredictionEnable
                0x80014670                CP15BranchPredictionDisable
                0x80014680                CP15DomainAccessClientSet
                0x80014690                CP15ControlFeatureDisable
                0x800146a4                CP15ControlFeatureEnable
                0x800146b8                CP15TtbCtlTtb0Config
                0x800146c8                CP15AuxControlFeatureEnable
                0x800146dc                CP15AuxControlFeatureDisable
                0x800146f0                CP15MainIdPrimPartNumGet
 .text.IntDefaultHandler
                0x80014708       0x14 ../../../../../..//binary/armv7a/gcc/am335x/system_config/Debug/libsystem_config.a(interrupt.o)
 .text.IntRegister
                0x8001471c       0x34 ../../../../../..//binary/armv7a/gcc/am335x/system_config/Debug/libsystem_config.a(interrupt.o)
                0x8001471c                IntRegister
 .text.IntAINTCInit
                0x80014750       0x90 ../../../../../..//binary/armv7a/gcc/am335x/system_config/Debug/libsystem_config.a(interrupt.o)
                0x80014750                IntAINTCInit
 .text.IntPrioritySet
                0x800147e0       0x50 ../../../../../..//binary/armv7a/gcc/am335x/system_config/Debug/libsystem_config.a(interrupt.o)
                0x800147e0                IntPrioritySet
 .text.IntSystemEnable
                0x80014830       0x4c ../../../../../..//binary/armv7a/gcc/am335x/system_config/Debug/libsystem_config.a(interrupt.o)
                0x80014830                IntSystemEnable
 .text.IntSystemDisable
                0x8001487c       0x4c ../../../../../..//binary/armv7a/gcc/am335x/system_config/Debug/libsystem_config.a(interrupt.o)
                0x8001487c                IntSystemDisable
 .text.IntMasterIRQEnable
                0x800148c8       0x18 ../../../../../..//binary/armv7a/gcc/am335x/system_config/Debug/libsystem_config.a(interrupt.o)
                0x800148c8                IntMasterIRQEnable
 .text.IntMasterIRQDisable
                0x800148e0       0x18 ../../../../../..//binary/armv7a/gcc/am335x/system_config/Debug/libsystem_config.a(interrupt.o)
                0x800148e0                IntMasterIRQDisable
 .text.IntMasterStatusGet
                0x800148f8       0x20 ../../../../../..//binary/armv7a/gcc/am335x/system_config/Debug/libsystem_config.a(interrupt.o)
                0x800148f8                IntMasterStatusGet
 .text.IntDisable
                0x80014918       0x3c ../../../../../..//binary/armv7a/gcc/am335x/system_config/Debug/libsystem_config.a(interrupt.o)
                0x80014918                IntDisable
 .text.IntEnable
                0x80014954       0x38 ../../../../../..//binary/armv7a/gcc/am335x/system_config/Debug/libsystem_config.a(interrupt.o)
                0x80014954                IntEnable
 .text.MMUInit  0x8001498c       0x88 ../../../../../..//binary/armv7a/gcc/am335x/system_config/Debug/libsystem_config.a(mmu.o)
                0x8001498c                MMUInit
 .text.MMUMemRegionMap
                0x80014a14      0x110 ../../../../../..//binary/armv7a/gcc/am335x/system_config/Debug/libsystem_config.a(mmu.o)
                0x80014a14                MMUMemRegionMap
 .text.MMUEnable
                0x80014b24       0x38 ../../../../../..//binary/armv7a/gcc/am335x/system_config/Debug/libsystem_config.a(mmu.o)
                0x80014b24                MMUEnable
 .text.start_boot
                0x80014b5c       0x24 ../../../../../..//binary/armv7a/gcc/am335x/system_config/Debug/libsystem_config.a(startup.o)
                0x80014b5c                start_boot
 .text.CopyVectorTable
                0x80014b80       0x98 ../../../../../..//binary/armv7a/gcc/am335x/system_config/Debug/libsystem_config.a(startup.o)
 .text.CPUIntStatus
                0x80014c18       0x2c ../../../../../..//binary/armv7a/gcc/am335x/system_config/Debug/libsystem_config.a(cpu.o)
                0x80014c18                CPUIntStatus
 .text.CPUirqd  0x80014c44       0x24 ../../../../../..//binary/armv7a/gcc/am335x/system_config/Debug/libsystem_config.a(cpu.o)
                0x80014c44                CPUirqd
 .text.CPUirqe  0x80014c68       0x24 ../../../../../..//binary/armv7a/gcc/am335x/system_config/Debug/libsystem_config.a(cpu.o)
                0x80014c68                CPUirqe
 .text          0x80014c8c       0xf0 ../../../../../..//binary/armv7a/gcc/am335x/system_config/Debug/libsystem_config.a(exceptionhandler.o)
                0x80014c8c                SVC_Handler
                0x80014cb4                IRQHandler
                0x80014d60                FIQHandler
                0x80014d64                UndefInstHandler
                0x80014d64                AbortHandler
 .text.memcmp   0x80014d7c       0xb4 /home/abby/opt/gcc-arm-none-eabi-4_7-2012q4//arm-none-eabi/lib//libc.a(lib_a-memcmp.o)
                0x80014d7c                memcmp
 .text.memcpy   0x80014e30       0xf4 /home/abby/opt/gcc-arm-none-eabi-4_7-2012q4//arm-none-eabi/lib//libc.a(lib_a-memcpy.o)
                0x80014e30                memcpy
 .text.memset   0x80014f24       0xf8 /home/abby/opt/gcc-arm-none-eabi-4_7-2012q4//arm-none-eabi/lib//libc.a(lib_a-memset.o)
                0x80014f24                memset
 .text.strcat   0x8001501c       0xa0 /home/abby/opt/gcc-arm-none-eabi-4_7-2012q4//arm-none-eabi/lib//libc.a(lib_a-strcat.o)
                0x8001501c                strcat
 .text.strcmp   0x800150bc       0x94 /home/abby/opt/gcc-arm-none-eabi-4_7-2012q4//arm-none-eabi/lib//libc.a(lib_a-strcmp.o)
                0x800150bc                strcmp
 .text.strcmp_unaligned
                0x80015150      0x19c /home/abby/opt/gcc-arm-none-eabi-4_7-2012q4//arm-none-eabi/lib//libc.a(lib_a-strcmp.o)
 .text.strcpy   0x800152ec       0xf0 /home/abby/opt/gcc-arm-none-eabi-4_7-2012q4//arm-none-eabi/lib//libc.a(lib_a-strcpy.o)
                0x800152ec                strcpy
 .text.strlen   0x800153dc       0x60 /home/abby/opt/gcc-arm-none-eabi-4_7-2012q4//arm-none-eabi/lib//libc.a(lib_a-strlen.o)
                0x800153dc                strlen
 .text.strncpy  0x8001543c       0xc8 /home/abby/opt/gcc-arm-none-eabi-4_7-2012q4//arm-none-eabi/lib//libc.a(lib_a-strncpy.o)
                0x8001543c                strncpy
 .text          0x80015504      0x114 /home/abby/opt/gcc-arm-none-eabi-4_7-2012q4//lib/gcc/arm-none-eabi/4.7.3//libgcc.a(_udivsi3.o)
                0x80015504                __udivsi3
                0x80015504                __aeabi_uidiv
                0x800155f8                __aeabi_uidivmod
 .text          0x80015618      0x148 /home/abby/opt/gcc-arm-none-eabi-4_7-2012q4//lib/gcc/arm-none-eabi/4.7.3//libgcc.a(_divsi3.o)
                0x80015618                __aeabi_idiv
                0x80015618                __divsi3
                0x80015740                __aeabi_idivmod
 .text          0x80015760        0x4 /home/abby/opt/gcc-arm-none-eabi-4_7-2012q4//lib/gcc/arm-none-eabi/4.7.3//libgcc.a(_dvmd_tls.o)
                0x80015760                __aeabi_ldiv0
                0x80015760                __aeabi_idiv0
 .text.DMTimerEnable
                0x80015764       0x6c ../../../../../..//binary/armv7a/gcc/am335x/drivers/Debug/libdrivers.a(dmtimer.o)
                0x80015764                DMTimerEnable
 .text.DMTimerDisable
                0x800157d0       0x6c ../../../../../..//binary/armv7a/gcc/am335x/drivers/Debug/libdrivers.a(dmtimer.o)
                0x800157d0                DMTimerDisable
 .text.DMTimerModeConfigure
                0x8001583c       0xcc ../../../../../..//binary/armv7a/gcc/am335x/drivers/Debug/libdrivers.a(dmtimer.o)
                0x8001583c                DMTimerModeConfigure
 .text.DMTimerCounterSet
                0x80015908       0x64 ../../../../../..//binary/armv7a/gcc/am335x/drivers/Debug/libdrivers.a(dmtimer.o)
                0x80015908                DMTimerCounterSet
 .text.DMTimerIntStatusClear
                0x8001596c       0x34 ../../../../../..//binary/armv7a/gcc/am335x/drivers/Debug/libdrivers.a(dmtimer.o)
                0x8001596c                DMTimerIntStatusClear
 .text.DMTimerIntEnable
                0x800159a0       0x34 ../../../../../..//binary/armv7a/gcc/am335x/drivers/Debug/libdrivers.a(dmtimer.o)
                0x800159a0                DMTimerIntEnable
 .text.DMTimerIntDisable
                0x800159d4       0x34 ../../../../../..//binary/armv7a/gcc/am335x/drivers/Debug/libdrivers.a(dmtimer.o)
                0x800159d4                DMTimerIntDisable
 .text.DMTimerWritePostedStatusGet
                0x80015a08       0x2c ../../../../../..//binary/armv7a/gcc/am335x/drivers/Debug/libdrivers.a(dmtimer.o)
                0x80015a08                DMTimerWritePostedStatusGet
 .text.UsbPhyOn
                0x80015a34       0xa4 ../../../../../..//binary/armv7a/gcc/am335x/drivers/Debug/libdrivers.a(usbphyGS70.o)
                0x80015a34                UsbPhyOn
 .text.UsbPhyOff
                0x80015ad8       0x98 ../../../../../..//binary/armv7a/gcc/am335x/drivers/Debug/libdrivers.a(usbphyGS70.o)
                0x80015ad8                UsbPhyOff
 *(.rodata*)
 .rodata        0x80015b70        0xc Debug/ff.o
 .rodata        0x80015b7c      0x45c Debug/usb_host_msc.o
 .rodata.g_sUSBEventDriver
                0x80015fd8       0x10 Debug/usb_host_msc.o
                0x80015fd8                g_sUSBEventDriver
 .rodata.g_ppHostClassDrivers
                0x80015fe8        0x8 Debug/usb_host_msc.o
 .rodata        0x80015ff0       0x50 ../../../../../..//binary/armv7a/gcc/utils/Debug/libutils.a(consoleUtils.o)
 .rodata        0x80016040       0x60 ../../../../../..//binary/armv7a/gcc/utils/Debug/libutils.a(uartStdio.o)
 .rodata.g_pcHex
                0x800160a0        0x4 ../../../../../..//binary/armv7a/gcc/utils/Debug/libutils.a(uartStdio.o)
 .rodata.g_USBHostMSCClassDriver
                0x800160a4       0x10 ../../../../../..//binary/armv7a/gcc/am335x/usblib/Debug/libusblib.a(usbhmsc.o)
                0x800160a4                g_USBHostMSCClassDriver
 .rodata.AM335X_VECTOR_BASE
                0x800160b4        0x4 ../../../../../..//binary/armv7a/gcc/am335x/system_config/Debug/libsystem_config.a(startup.o)
                0x800160b4                AM335X_VECTOR_BASE
 .rodata.vecTbl
                0x800160b8       0x38 ../../../../../..//binary/armv7a/gcc/am335x/system_config/Debug/libsystem_config.a(startup.o)

.glue_7         0x800160f0        0x0
 .glue_7        0x00000000        0x0 linker stubs

.glue_7t        0x800160f0        0x0
 .glue_7t       0x00000000        0x0 linker stubs

.vfp11_veneer   0x800160f0        0x0
 .vfp11_veneer  0x00000000        0x0 linker stubs

.v4_bx          0x800160f0        0x0
 .v4_bx         0x00000000        0x0 linker stubs

.iplt           0x800160f0        0x0
 .iplt          0x00000000        0x0 Debug/fat_usbmsc.o

.rel.dyn        0x800160f0        0x0
 .rel.iplt      0x00000000        0x0 Debug/fat_usbmsc.o

.data           0x800160f0      0x155
                0x800160f0                . = ALIGN (0x4)
 *(.data*)
 .data.USBStat  0x800160f0        0x1 Debug/fat_usbmsc.o
 *fill*         0x800160f1        0x3 00
 .data.g_cCwdBuf
                0x800160f4       0x50 Debug/usb_host_msc.o
 .data.g_sFresultStrings
                0x80016144       0x70 Debug/usb_host_msc.o
                0x80016144                g_sFresultStrings
 .data.epInfo   0x800161b4       0x20 Debug/usb_host_msc.o
                0x800161b4                epInfo
 .data.g_sCmdTable
                0x800161d4       0x6c Debug/usb_host_msc.o
                0x800161d4                g_sCmdTable
 .data.flagIsr  0x80016240        0x4 ../../../../../..//binary/armv7a/gcc/am335x/beaglebone/platform/Debug/libplatform.a(sysdelay.o)
 .data.g_eUSBMode
                0x80016244        0x1 ../../../../../..//binary/armv7a/gcc/am335x/usblib/Debug/libusblib.a(usbhostenum.o)

.igot.plt       0x80016248        0x0
 .igot.plt      0x00000000        0x0 Debug/fat_usbmsc.o

.bss            0x80018000    0x69564
                0x80018000                . = ALIGN (0x4)
                0x80018000                _bss_start = .
 *(.bss*)
 .bss.FatFs     0x80018000        0x8 Debug/ff.o
 .bss.fsid      0x80018008        0x2 Debug/ff.o
 *fill*         0x8001800a     0x3ff6 00
 .bss.pageTable
                0x8001c000     0x4000 Debug/usb_host_msc.o
 .bss.g_cTmpBuf
                0x80020000       0x50 Debug/usb_host_msc.o
 .bss.g_cCmdBuf
                0x80020050       0x40 Debug/usb_host_msc.o
 .bss.g_sFatFs  0x80020090      0x240 Debug/usb_host_msc.o
 .bss.g_sDirObject
                0x800202d0       0x14 Debug/usb_host_msc.o
 .bss.g_sFileInfo
                0x800202e4       0x18 Debug/usb_host_msc.o
 .bss.g_sFileObject
                0x800202fc      0x248 Debug/usb_host_msc.o
 .bss.g_ulMSCInstance
                0x80020544        0x4 Debug/usb_host_msc.o
                0x80020544                g_ulMSCInstance
 .bss.linking_ram0
                0x80020548     0x1000 ../../../../../..//binary/armv7a/gcc/am335x/drivers/Debug/libdrivers.a(cppi41dma.o)
 .bss.argv.4396
                0x80021548       0x24 ../../../../../..//binary/armv7a/gcc/utils/Debug/libutils.a(cmdline.o)
 .bss.ConsoleType
                0x8002156c        0x1 ../../../../../..//binary/armv7a/gcc/utils/Debug/libutils.a(consoleUtils.o)
 *fill*         0x8002156d        0x3 00
 .bss.g_sUSBHEP0State
                0x80021570       0x30 ../../../../../..//binary/armv7a/gcc/am335x/usblib/Debug/libusblib.a(usbhostenum.o)
 .bss.g_ulAlloc
                0x800215a0        0x8 ../../../../../..//binary/armv7a/gcc/am335x/usblib/Debug/libusblib.a(usbhostenum.o)
 .bss.ulSOFDivide.5669
                0x800215a8        0x4 ../../../../../..//binary/armv7a/gcc/am335x/usblib/Debug/libusblib.a(usbhostenum.o)
 .bss.g_bUSBTimerInitialized
                0x800215ac        0x1 ../../../../../..//binary/armv7a/gcc/am335x/usblib/Debug/libusblib.a(usbtick.o)
                0x800215ac                g_bUSBTimerInitialized
 *fill*         0x800215ad        0x3 00
 .bss.g_ulCurrentUSBTick
                0x800215b0        0x4 ../../../../../..//binary/armv7a/gcc/am335x/usblib/Debug/libusblib.a(usbtick.o)
                0x800215b0                g_ulCurrentUSBTick
 .bss.g_ulUSBSOFCount
                0x800215b4        0x4 ../../../../../..//binary/armv7a/gcc/am335x/usblib/Debug/libusblib.a(usbtick.o)
                0x800215b4                g_ulUSBSOFCount
 *(COMMON)
 COMMON         0x800215b8       0x94 Debug/usb_host_msc.o
                0x800215b8                g_eState
                0x800215bc                g_pHCDPool
                0x8002163c                g_eUIState
                0x80021640                g_ulLastTick
                0x80021644                g_eCurrentUSBMode
                0x80021648                g_ulSysTickCount
 *fill*         0x8002164c       0x34 00
 COMMON         0x80021680    0x55540 ../../../../../..//binary/armv7a/gcc/am335x/drivers/Debug/libdrivers.a(cppi41dma.o)
                0x80021680                cppiInfo
                0x80021a9c                region0DescriptorSpace
                0x80035bc0                dBuffer
                0x80075bc0                dmaBuffer
 COMMON         0x80076bc0       0x40 ../../../../../..//binary/armv7a/gcc/am335x/usblib/Debug/libusblib.a(usbhmsc.o)
                0x80076bc0                g_USBHMSCDevice
 COMMON         0x80076c00      0xadc ../../../../../..//binary/armv7a/gcc/am335x/usblib/Debug/libusblib.a(usbhostenum.o)
                0x80076c00                g_ulConnectRetry
                0x80076c08                rxBuffer
                0x80076c0c                g_sUSBHCD
 COMMON         0x800776dc       0x18 ../../../../../..//binary/armv7a/gcc/am335x/usblib/Debug/libusblib.a(usbtick.o)
                0x800776dc                g_pfTickHandlers
                0x800776e8                g_pvTickInstance
 COMMON         0x800776f4     0x9c70 ../../../../../..//binary/armv7a/gcc/am335x/usblib/Debug/libusblib.a(usbdata.o)
                0x800776f4                g_USBPerfInfo
                0x80081334                g_USBInstance
 COMMON         0x80081364      0x200 ../../../../../..//binary/armv7a/gcc/am335x/system_config/Debug/libsystem_config.a(interrupt.o)
                0x80081364                fnRAMVectors
                0x80081564                _bss_end = .

.heap           0x80081564      0x800
                0x80081564                . = ALIGN (0x4)
                0x80081564                __end__ = .
                0x80081564                end = __end__
                0x80081564                __HeapBase = __end__
 *(.heap*)
                0x80081d64                . = (. + 0x800)
 *fill*         0x80081564      0x800 00
                0x80081d64                __HeapLimit = .

.stack          0x80081d64  0x7fffff8
                0x80081d64                . = ALIGN (0x4)
                0x80081d64                __StackLimit = .
 *(.stack*)
                0x88081d5c                . = (. + 0x7fffff8)
 *fill*         0x80081d64  0x7fffff8 00
                0x88081d5c                __StackTop = .
                0x88081d5c                _stack = __StackTop
OUTPUT(Debug/usb_host_msc.out elf32-littlearm)

.debug_info     0x00000000     0xb634
 .debug_info    0x00000000      0x57d Debug/fat_usbmsc.o
 .debug_info    0x0000057d     0x1414 Debug/ff.o
 .debug_info    0x00001991      0xee4 Debug/usb_host_msc.o
 .debug_info    0x00002875     0x13b3 ../../../../../..//binary/armv7a/gcc/am335x/drivers/Debug/libdrivers.a(cppi41dma.o)
 .debug_info    0x00003c28     0x14ab ../../../../../..//binary/armv7a/gcc/am335x/drivers/Debug/libdrivers.a(uart_irda_cir.o)
 .debug_info    0x000050d3     0x134a ../../../../../..//binary/armv7a/gcc/am335x/drivers/Debug/libdrivers.a(usb.o)
 .debug_info    0x0000641d      0x19d ../../../../../..//binary/armv7a/gcc/utils/Debug/libutils.a(cmdline.o)
 .debug_info    0x000065ba      0x29a ../../../../../..//binary/armv7a/gcc/utils/Debug/libutils.a(consoleUtils.o)
 .debug_info    0x00006854       0xc8 ../../../../../..//binary/armv7a/gcc/utils/Debug/libutils.a(delay.o)
 .debug_info    0x0000691c      0x69a ../../../../../..//binary/armv7a/gcc/utils/Debug/libutils.a(uartStdio.o)
 .debug_info    0x00006fb6      0x11e ../../../../../..//binary/armv7a/gcc/am335x/beaglebone/platform/Debug/libplatform.a(sysdelay.o)
 .debug_info    0x000070d4      0x156 ../../../../../..//binary/armv7a/gcc/am335x/beaglebone/platform/Debug/libplatform.a(uartConsole.o)
 .debug_info    0x0000722a      0x12b ../../../../../..//binary/armv7a/gcc/am335x/beaglebone/platform/Debug/libplatform.a(usb.o)
 .debug_info    0x00007355       0xd3 ../../../../../..//binary/armv7a/gcc/am335x/beaglebone/platform/Debug/libplatform.a(dmtimer.o)
 .debug_info    0x00007428       0x7e ../../../../../..//binary/armv7a/gcc/am335x/beaglebone/platform/Debug/libplatform.a(uart.o)
 .debug_info    0x000074a6      0x827 ../../../../../..//binary/armv7a/gcc/am335x/usblib/Debug/libusblib.a(usbhmsc.o)
 .debug_info    0x00007ccd     0x1993 ../../../../../..//binary/armv7a/gcc/am335x/usblib/Debug/libusblib.a(usbhostenum.o)
 .debug_info    0x00009660      0x5f1 ../../../../../..//binary/armv7a/gcc/am335x/usblib/Debug/libusblib.a(usbhscsi.o)
 .debug_info    0x00009c51      0x1ae ../../../../../..//binary/armv7a/gcc/am335x/usblib/Debug/libusblib.a(usbtick.o)
 .debug_info    0x00009dff      0x16f ../../../../../..//binary/armv7a/gcc/am335x/usblib/Debug/libusblib.a(usbdata.o)
 .debug_info    0x00009f6e      0x499 ../../../../../..//binary/armv7a/gcc/am335x/usblib/Debug/libusblib.a(usbdesc.o)
 .debug_info    0x0000a407      0x1b3 ../../../../../..//binary/armv7a/gcc/am335x/system_config/Debug/libsystem_config.a(cache.o)
 .debug_info    0x0000a5ba       0x8d ../../../../../..//binary/armv7a/gcc/am335x/system_config/Debug/libsystem_config.a(cp15.o)
 .debug_info    0x0000a647       0x8d ../../../../../..//binary/armv7a/gcc/am335x/system_config/Debug/libsystem_config.a(init.o)
 .debug_info    0x0000a6d4      0x46f ../../../../../..//binary/armv7a/gcc/am335x/system_config/Debug/libsystem_config.a(interrupt.o)
 .debug_info    0x0000ab43      0x16d ../../../../../..//binary/armv7a/gcc/am335x/system_config/Debug/libsystem_config.a(mmu.o)
 .debug_info    0x0000acb0       0xe0 ../../../../../..//binary/armv7a/gcc/am335x/system_config/Debug/libsystem_config.a(startup.o)
 .debug_info    0x0000ad90       0xf8 ../../../../../..//binary/armv7a/gcc/am335x/system_config/Debug/libsystem_config.a(cpu.o)
 .debug_info    0x0000ae88       0xa0 ../../../../../..//binary/armv7a/gcc/am335x/system_config/Debug/libsystem_config.a(exceptionhandler.o)
 .debug_info    0x0000af28      0x5d0 ../../../../../..//binary/armv7a/gcc/am335x/drivers/Debug/libdrivers.a(dmtimer.o)
 .debug_info    0x0000b4f8      0x13c ../../../../../..//binary/armv7a/gcc/am335x/drivers/Debug/libdrivers.a(usbphyGS70.o)

.debug_abbrev   0x00000000     0x1f05
 .debug_abbrev  0x00000000      0x160 Debug/fat_usbmsc.o
 .debug_abbrev  0x00000160      0x1df Debug/ff.o
 .debug_abbrev  0x0000033f      0x250 Debug/usb_host_msc.o
 .debug_abbrev  0x0000058f      0x289 ../../../../../..//binary/armv7a/gcc/am335x/drivers/Debug/libdrivers.a(cppi41dma.o)
 .debug_abbrev  0x00000818      0x14e ../../../../../..//binary/armv7a/gcc/am335x/drivers/Debug/libdrivers.a(uart_irda_cir.o)
 .debug_abbrev  0x00000966      0x148 ../../../../../..//binary/armv7a/gcc/am335x/drivers/Debug/libdrivers.a(usb.o)
 .debug_abbrev  0x00000aae       0xd9 ../../../../../..//binary/armv7a/gcc/utils/Debug/libutils.a(cmdline.o)
 .debug_abbrev  0x00000b87      0x156 ../../../../../..//binary/armv7a/gcc/utils/Debug/libutils.a(consoleUtils.o)
 .debug_abbrev  0x00000cdd       0x92 ../../../../../..//binary/armv7a/gcc/utils/Debug/libutils.a(delay.o)
 .debug_abbrev  0x00000d6f      0x186 ../../../../../..//binary/armv7a/gcc/utils/Debug/libutils.a(uartStdio.o)
 .debug_abbrev  0x00000ef5       0xa8 ../../../../../..//binary/armv7a/gcc/am335x/beaglebone/platform/Debug/libplatform.a(sysdelay.o)
 .debug_abbrev  0x00000f9d       0xa3 ../../../../../..//binary/armv7a/gcc/am335x/beaglebone/platform/Debug/libplatform.a(uartConsole.o)
 .debug_abbrev  0x00001040       0xae ../../../../../..//binary/armv7a/gcc/am335x/beaglebone/platform/Debug/libplatform.a(usb.o)
 .debug_abbrev  0x000010ee       0x7a ../../../../../..//binary/armv7a/gcc/am335x/beaglebone/platform/Debug/libplatform.a(dmtimer.o)
 .debug_abbrev  0x00001168       0x62 ../../../../../..//binary/armv7a/gcc/am335x/beaglebone/platform/Debug/libplatform.a(uart.o)
 .debug_abbrev  0x000011ca      0x1ab ../../../../../..//binary/armv7a/gcc/am335x/usblib/Debug/libusblib.a(usbhmsc.o)
 .debug_abbrev  0x00001375      0x22e ../../../../../..//binary/armv7a/gcc/am335x/usblib/Debug/libusblib.a(usbhostenum.o)
 .debug_abbrev  0x000015a3      0x118 ../../../../../..//binary/armv7a/gcc/am335x/usblib/Debug/libusblib.a(usbhscsi.o)
 .debug_abbrev  0x000016bb       0xce ../../../../../..//binary/armv7a/gcc/am335x/usblib/Debug/libusblib.a(usbtick.o)
 .debug_abbrev  0x00001789       0x7f ../../../../../..//binary/armv7a/gcc/am335x/usblib/Debug/libusblib.a(usbdata.o)
 .debug_abbrev  0x00001808       0xe1 ../../../../../..//binary/armv7a/gcc/am335x/usblib/Debug/libusblib.a(usbdesc.o)
 .debug_abbrev  0x000018e9       0x7a ../../../../../..//binary/armv7a/gcc/am335x/system_config/Debug/libsystem_config.a(cache.o)
 .debug_abbrev  0x00001963       0x14 ../../../../../..//binary/armv7a/gcc/am335x/system_config/Debug/libsystem_config.a(cp15.o)
 .debug_abbrev  0x00001977       0x14 ../../../../../..//binary/armv7a/gcc/am335x/system_config/Debug/libsystem_config.a(init.o)
 .debug_abbrev  0x0000198b      0x1c2 ../../../../../..//binary/armv7a/gcc/am335x/system_config/Debug/libsystem_config.a(interrupt.o)
 .debug_abbrev  0x00001b4d       0xd9 ../../../../../..//binary/armv7a/gcc/am335x/system_config/Debug/libsystem_config.a(mmu.o)
 .debug_abbrev  0x00001c26       0xa4 ../../../../../..//binary/armv7a/gcc/am335x/system_config/Debug/libsystem_config.a(startup.o)
 .debug_abbrev  0x00001cca       0x64 ../../../../../..//binary/armv7a/gcc/am335x/system_config/Debug/libsystem_config.a(cpu.o)
 .debug_abbrev  0x00001d2e       0x14 ../../../../../..//binary/armv7a/gcc/am335x/system_config/Debug/libsystem_config.a(exceptionhandler.o)
 .debug_abbrev  0x00001d42      0x122 ../../../../../..//binary/armv7a/gcc/am335x/drivers/Debug/libdrivers.a(dmtimer.o)
 .debug_abbrev  0x00001e64       0xa1 ../../../../../..//binary/armv7a/gcc/am335x/drivers/Debug/libdrivers.a(usbphyGS70.o)

.debug_loc      0x00000000     0x4b6c
 .debug_loc     0x00000000      0x108 Debug/fat_usbmsc.o
 .debug_loc     0x00000108      0x528 Debug/ff.o
 .debug_loc     0x00000630      0x2ec Debug/usb_host_msc.o
 .debug_loc     0x0000091c      0x630 ../../../../../..//binary/armv7a/gcc/am335x/drivers/Debug/libdrivers.a(cppi41dma.o)
 .debug_loc     0x00000f4c      0xcb8 ../../../../../..//binary/armv7a/gcc/am335x/drivers/Debug/libdrivers.a(uart_irda_cir.o)
 .debug_loc     0x00001c04      0xbb0 ../../../../../..//binary/armv7a/gcc/am335x/drivers/Debug/libdrivers.a(usb.o)
 .debug_loc     0x000027b4       0x2c ../../../../../..//binary/armv7a/gcc/utils/Debug/libutils.a(cmdline.o)
 .debug_loc     0x000027e0      0x178 ../../../../../..//binary/armv7a/gcc/utils/Debug/libutils.a(consoleUtils.o)
 .debug_loc     0x00002958       0xdc ../../../../../..//binary/armv7a/gcc/utils/Debug/libutils.a(delay.o)
 .debug_loc     0x00002a34      0x274 ../../../../../..//binary/armv7a/gcc/utils/Debug/libutils.a(uartStdio.o)
 .debug_loc     0x00002ca8      0x108 ../../../../../..//binary/armv7a/gcc/am335x/beaglebone/platform/Debug/libplatform.a(sysdelay.o)
 .debug_loc     0x00002db0      0x108 ../../../../../..//binary/armv7a/gcc/am335x/beaglebone/platform/Debug/libplatform.a(uartConsole.o)
 .debug_loc     0x00002eb8      0x108 ../../../../../..//binary/armv7a/gcc/am335x/beaglebone/platform/Debug/libplatform.a(usb.o)
 .debug_loc     0x00002fc0      0x108 ../../../../../..//binary/armv7a/gcc/am335x/beaglebone/platform/Debug/libplatform.a(dmtimer.o)
 .debug_loc     0x000030c8       0x58 ../../../../../..//binary/armv7a/gcc/am335x/beaglebone/platform/Debug/libplatform.a(uart.o)
 .debug_loc     0x00003120      0x160 ../../../../../..//binary/armv7a/gcc/am335x/usblib/Debug/libusblib.a(usbhmsc.o)
 .debug_loc     0x00003280      0x7bc ../../../../../..//binary/armv7a/gcc/am335x/usblib/Debug/libusblib.a(usbhostenum.o)
 .debug_loc     0x00003a3c      0x18c ../../../../../..//binary/armv7a/gcc/am335x/usblib/Debug/libusblib.a(usbhscsi.o)
 .debug_loc     0x00003bc8       0x84 ../../../../../..//binary/armv7a/gcc/am335x/usblib/Debug/libusblib.a(usbtick.o)
 .debug_loc     0x00003c4c      0x108 ../../../../../..//binary/armv7a/gcc/am335x/usblib/Debug/libusblib.a(usbdesc.o)
 .debug_loc     0x00003d54      0x1b8 ../../../../../..//binary/armv7a/gcc/am335x/system_config/Debug/libsystem_config.a(cache.o)
 .debug_loc     0x00003f0c      0x554 ../../../../../..//binary/armv7a/gcc/am335x/system_config/Debug/libsystem_config.a(interrupt.o)
 .debug_loc     0x00004460       0x84 ../../../../../..//binary/armv7a/gcc/am335x/system_config/Debug/libsystem_config.a(mmu.o)
 .debug_loc     0x000044e4       0x58 ../../../../../..//binary/armv7a/gcc/am335x/system_config/Debug/libsystem_config.a(startup.o)
 .debug_loc     0x0000453c      0x160 ../../../../../..//binary/armv7a/gcc/am335x/system_config/Debug/libsystem_config.a(cpu.o)
 .debug_loc     0x0000469c      0x478 ../../../../../..//binary/armv7a/gcc/am335x/drivers/Debug/libdrivers.a(dmtimer.o)
 .debug_loc     0x00004b14       0x58 ../../../../../..//binary/armv7a/gcc/am335x/drivers/Debug/libdrivers.a(usbphyGS70.o)

.debug_aranges  0x00000000     0x10b0
 .debug_aranges
                0x00000000       0x48 Debug/fat_usbmsc.o
 .debug_aranges
                0x00000048      0x108 Debug/ff.o
 .debug_aranges
                0x00000150       0xa0 Debug/usb_host_msc.o
 .debug_aranges
                0x000001f0      0x138 ../../../../../..//binary/armv7a/gcc/am335x/drivers/Debug/libdrivers.a(cppi41dma.o)
 .debug_aranges
                0x00000328      0x268 ../../../../../..//binary/armv7a/gcc/am335x/drivers/Debug/libdrivers.a(uart_irda_cir.o)
 .debug_aranges
                0x00000590      0x238 ../../../../../..//binary/armv7a/gcc/am335x/drivers/Debug/libdrivers.a(usb.o)
 .debug_aranges
                0x000007c8       0x20 ../../../../../..//binary/armv7a/gcc/utils/Debug/libutils.a(cmdline.o)
 .debug_aranges
                0x000007e8       0x58 ../../../../../..//binary/armv7a/gcc/utils/Debug/libutils.a(consoleUtils.o)
 .debug_aranges
                0x00000840       0x40 ../../../../../..//binary/armv7a/gcc/utils/Debug/libutils.a(delay.o)
 .debug_aranges
                0x00000880       0x88 ../../../../../..//binary/armv7a/gcc/utils/Debug/libutils.a(uartStdio.o)
 .debug_aranges
                0x00000908       0x48 ../../../../../..//binary/armv7a/gcc/am335x/beaglebone/platform/Debug/libplatform.a(sysdelay.o)
 .debug_aranges
                0x00000950       0x48 ../../../../../..//binary/armv7a/gcc/am335x/beaglebone/platform/Debug/libplatform.a(uartConsole.o)
 .debug_aranges
                0x00000998       0x48 ../../../../../..//binary/armv7a/gcc/am335x/beaglebone/platform/Debug/libplatform.a(usb.o)
 .debug_aranges
                0x000009e0       0x48 ../../../../../..//binary/armv7a/gcc/am335x/beaglebone/platform/Debug/libplatform.a(dmtimer.o)
 .debug_aranges
                0x00000a28       0x28 ../../../../../..//binary/armv7a/gcc/am335x/beaglebone/platform/Debug/libplatform.a(uart.o)
 .debug_aranges
                0x00000a50       0x58 ../../../../../..//binary/armv7a/gcc/am335x/usblib/Debug/libusblib.a(usbhmsc.o)
 .debug_aranges
                0x00000aa8      0x180 ../../../../../..//binary/armv7a/gcc/am335x/usblib/Debug/libusblib.a(usbhostenum.o)
 .debug_aranges
                0x00000c28       0x60 ../../../../../..//binary/armv7a/gcc/am335x/usblib/Debug/libusblib.a(usbhscsi.o)
 .debug_aranges
                0x00000c88       0x30 ../../../../../..//binary/armv7a/gcc/am335x/usblib/Debug/libusblib.a(usbtick.o)
 .debug_aranges
                0x00000cb8       0x18 ../../../../../..//binary/armv7a/gcc/am335x/usblib/Debug/libusblib.a(usbdata.o)
 .debug_aranges
                0x00000cd0       0x48 ../../../../../..//binary/armv7a/gcc/am335x/usblib/Debug/libusblib.a(usbdesc.o)
 .debug_aranges
                0x00000d18       0x68 ../../../../../..//binary/armv7a/gcc/am335x/system_config/Debug/libsystem_config.a(cache.o)
 .debug_aranges
                0x00000d80       0x20 ../../../../../..//binary/armv7a/gcc/am335x/system_config/Debug/libsystem_config.a(cp15.o)
 .debug_aranges
                0x00000da0       0x20 ../../../../../..//binary/armv7a/gcc/am335x/system_config/Debug/libsystem_config.a(init.o)
 .debug_aranges
                0x00000dc0      0x110 ../../../../../..//binary/armv7a/gcc/am335x/system_config/Debug/libsystem_config.a(interrupt.o)
 .debug_aranges
                0x00000ed0       0x30 ../../../../../..//binary/armv7a/gcc/am335x/system_config/Debug/libsystem_config.a(mmu.o)
 .debug_aranges
                0x00000f00       0x28 ../../../../../..//binary/armv7a/gcc/am335x/system_config/Debug/libsystem_config.a(startup.o)
 .debug_aranges
                0x00000f28       0x58 ../../../../../..//binary/armv7a/gcc/am335x/system_config/Debug/libsystem_config.a(cpu.o)
 .debug_aranges
                0x00000f80       0x20 ../../../../../..//binary/armv7a/gcc/am335x/system_config/Debug/libsystem_config.a(exceptionhandler.o)
 .debug_aranges
                0x00000fa0       0xe8 ../../../../../..//binary/armv7a/gcc/am335x/drivers/Debug/libdrivers.a(dmtimer.o)
 .debug_aranges
                0x00001088       0x28 ../../../../../..//binary/armv7a/gcc/am335x/drivers/Debug/libdrivers.a(usbphyGS70.o)

.debug_ranges   0x00000000      0xe88
 .debug_ranges  0x00000000       0x38 Debug/fat_usbmsc.o
 .debug_ranges  0x00000038       0xf8 Debug/ff.o
 .debug_ranges  0x00000130       0x90 Debug/usb_host_msc.o
 .debug_ranges  0x000001c0      0x128 ../../../../../..//binary/armv7a/gcc/am335x/drivers/Debug/libdrivers.a(cppi41dma.o)
 .debug_ranges  0x000002e8      0x258 ../../../../../..//binary/armv7a/gcc/am335x/drivers/Debug/libdrivers.a(uart_irda_cir.o)
 .debug_ranges  0x00000540      0x228 ../../../../../..//binary/armv7a/gcc/am335x/drivers/Debug/libdrivers.a(usb.o)
 .debug_ranges  0x00000768       0x10 ../../../../../..//binary/armv7a/gcc/utils/Debug/libutils.a(cmdline.o)
 .debug_ranges  0x00000778       0x48 ../../../../../..//binary/armv7a/gcc/utils/Debug/libutils.a(consoleUtils.o)
 .debug_ranges  0x000007c0       0x30 ../../../../../..//binary/armv7a/gcc/utils/Debug/libutils.a(delay.o)
 .debug_ranges  0x000007f0       0x78 ../../../../../..//binary/armv7a/gcc/utils/Debug/libutils.a(uartStdio.o)
 .debug_ranges  0x00000868       0x38 ../../../../../..//binary/armv7a/gcc/am335x/beaglebone/platform/Debug/libplatform.a(sysdelay.o)
 .debug_ranges  0x000008a0       0x38 ../../../../../..//binary/armv7a/gcc/am335x/beaglebone/platform/Debug/libplatform.a(uartConsole.o)
 .debug_ranges  0x000008d8       0x38 ../../../../../..//binary/armv7a/gcc/am335x/beaglebone/platform/Debug/libplatform.a(usb.o)
 .debug_ranges  0x00000910       0x38 ../../../../../..//binary/armv7a/gcc/am335x/beaglebone/platform/Debug/libplatform.a(dmtimer.o)
 .debug_ranges  0x00000948       0x18 ../../../../../..//binary/armv7a/gcc/am335x/beaglebone/platform/Debug/libplatform.a(uart.o)
 .debug_ranges  0x00000960       0x48 ../../../../../..//binary/armv7a/gcc/am335x/usblib/Debug/libusblib.a(usbhmsc.o)
 .debug_ranges  0x000009a8      0x170 ../../../../../..//binary/armv7a/gcc/am335x/usblib/Debug/libusblib.a(usbhostenum.o)
 .debug_ranges  0x00000b18       0x50 ../../../../../..//binary/armv7a/gcc/am335x/usblib/Debug/libusblib.a(usbhscsi.o)
 .debug_ranges  0x00000b68       0x20 ../../../../../..//binary/armv7a/gcc/am335x/usblib/Debug/libusblib.a(usbtick.o)
 .debug_ranges  0x00000b88       0x38 ../../../../../..//binary/armv7a/gcc/am335x/usblib/Debug/libusblib.a(usbdesc.o)
 .debug_ranges  0x00000bc0       0x58 ../../../../../..//binary/armv7a/gcc/am335x/system_config/Debug/libsystem_config.a(cache.o)
 .debug_ranges  0x00000c18      0x100 ../../../../../..//binary/armv7a/gcc/am335x/system_config/Debug/libsystem_config.a(interrupt.o)
 .debug_ranges  0x00000d18       0x20 ../../../../../..//binary/armv7a/gcc/am335x/system_config/Debug/libsystem_config.a(mmu.o)
 .debug_ranges  0x00000d38       0x18 ../../../../../..//binary/armv7a/gcc/am335x/system_config/Debug/libsystem_config.a(startup.o)
 .debug_ranges  0x00000d50       0x48 ../../../../../..//binary/armv7a/gcc/am335x/system_config/Debug/libsystem_config.a(cpu.o)
 .debug_ranges  0x00000d98       0xd8 ../../../../../..//binary/armv7a/gcc/am335x/drivers/Debug/libdrivers.a(dmtimer.o)
 .debug_ranges  0x00000e70       0x18 ../../../../../..//binary/armv7a/gcc/am335x/drivers/Debug/libdrivers.a(usbphyGS70.o)

.debug_line     0x00000000     0x52ba
 .debug_line    0x00000000      0x192 Debug/fat_usbmsc.o
 .debug_line    0x00000192      0xa2f Debug/ff.o
 .debug_line    0x00000bc1      0x477 Debug/usb_host_msc.o
 .debug_line    0x00001038      0x63c ../../../../../..//binary/armv7a/gcc/am335x/drivers/Debug/libdrivers.a(cppi41dma.o)
 .debug_line    0x00001674      0x741 ../../../../../..//binary/armv7a/gcc/am335x/drivers/Debug/libdrivers.a(uart_irda_cir.o)
 .debug_line    0x00001db5      0x77b ../../../../../..//binary/armv7a/gcc/am335x/drivers/Debug/libdrivers.a(usb.o)
 .debug_line    0x00002530       0x9a ../../../../../..//binary/armv7a/gcc/utils/Debug/libutils.a(cmdline.o)
 .debug_line    0x000025ca      0x19b ../../../../../..//binary/armv7a/gcc/utils/Debug/libutils.a(consoleUtils.o)
 .debug_line    0x00002765       0x94 ../../../../../..//binary/armv7a/gcc/utils/Debug/libutils.a(delay.o)
 .debug_line    0x000027f9      0x632 ../../../../../..//binary/armv7a/gcc/utils/Debug/libutils.a(uartStdio.o)
 .debug_line    0x00002e2b       0xdb ../../../../../..//binary/armv7a/gcc/am335x/beaglebone/platform/Debug/libplatform.a(sysdelay.o)
 .debug_line    0x00002f06       0xd2 ../../../../../..//binary/armv7a/gcc/am335x/beaglebone/platform/Debug/libplatform.a(uartConsole.o)
 .debug_line    0x00002fd8       0xcc ../../../../../..//binary/armv7a/gcc/am335x/beaglebone/platform/Debug/libplatform.a(usb.o)
 .debug_line    0x000030a4      0x304 ../../../../../..//binary/armv7a/gcc/am335x/beaglebone/platform/Debug/libplatform.a(dmtimer.o)
 .debug_line    0x000033a8      0x16a ../../../../../..//binary/armv7a/gcc/am335x/beaglebone/platform/Debug/libplatform.a(uart.o)
 .debug_line    0x00003512      0x1cd ../../../../../..//binary/armv7a/gcc/am335x/usblib/Debug/libusblib.a(usbhmsc.o)
 .debug_line    0x000036df      0xb16 ../../../../../..//binary/armv7a/gcc/am335x/usblib/Debug/libusblib.a(usbhostenum.o)
 .debug_line    0x000041f5      0x191 ../../../../../..//binary/armv7a/gcc/am335x/usblib/Debug/libusblib.a(usbhscsi.o)
 .debug_line    0x00004386       0xf3 ../../../../../..//binary/armv7a/gcc/am335x/usblib/Debug/libusblib.a(usbtick.o)
 .debug_line    0x00004479       0x6b ../../../../../..//binary/armv7a/gcc/am335x/usblib/Debug/libusblib.a(usbdata.o)
 .debug_line    0x000044e4      0x152 ../../../../../..//binary/armv7a/gcc/am335x/usblib/Debug/libusblib.a(usbdesc.o)
 .debug_line    0x00004636      0x10d ../../../../../..//binary/armv7a/gcc/am335x/system_config/Debug/libsystem_config.a(cache.o)
 .debug_line    0x00004743      0x18a ../../../../../..//binary/armv7a/gcc/am335x/system_config/Debug/libsystem_config.a(cp15.o)
 .debug_line    0x000048cd       0x93 ../../../../../..//binary/armv7a/gcc/am335x/system_config/Debug/libsystem_config.a(init.o)
 .debug_line    0x00004960      0x2bb ../../../../../..//binary/armv7a/gcc/am335x/system_config/Debug/libsystem_config.a(interrupt.o)
 .debug_line    0x00004c1b       0xda ../../../../../..//binary/armv7a/gcc/am335x/system_config/Debug/libsystem_config.a(mmu.o)
 .debug_line    0x00004cf5       0x96 ../../../../../..//binary/armv7a/gcc/am335x/system_config/Debug/libsystem_config.a(startup.o)
 .debug_line    0x00004d8b       0xde ../../../../../..//binary/armv7a/gcc/am335x/system_config/Debug/libsystem_config.a(cpu.o)
 .debug_line    0x00004e69       0xb9 ../../../../../..//binary/armv7a/gcc/am335x/system_config/Debug/libsystem_config.a(exceptionhandler.o)
 .debug_line    0x00004f22      0x2f7 ../../../../../..//binary/armv7a/gcc/am335x/drivers/Debug/libdrivers.a(dmtimer.o)
 .debug_line    0x00005219       0xa1 ../../../../../..//binary/armv7a/gcc/am335x/drivers/Debug/libdrivers.a(usbphyGS70.o)

.debug_str      0x00000000     0x4289
 .debug_str     0x00000000      0x45b Debug/fat_usbmsc.o
                                0x4c1 (size before relaxing)
 .debug_str     0x0000045b      0x3bd Debug/ff.o
                                0x608 (size before relaxing)
 .debug_str     0x00000818      0x4eb Debug/usb_host_msc.o
                                0x9d0 (size before relaxing)
 .debug_str     0x00000d03      0x7f4 ../../../../../..//binary/armv7a/gcc/am335x/drivers/Debug/libdrivers.a(cppi41dma.o)
                                0x8c6 (size before relaxing)
 .debug_str     0x000014f7      0x89f ../../../../../..//binary/armv7a/gcc/am335x/drivers/Debug/libdrivers.a(uart_irda_cir.o)
                                0x94d (size before relaxing)
 .debug_str     0x00001d96      0x63a ../../../../../..//binary/armv7a/gcc/am335x/drivers/Debug/libdrivers.a(usb.o)
                                0x753 (size before relaxing)
 .debug_str     0x000023d0       0x76 ../../../../../..//binary/armv7a/gcc/utils/Debug/libutils.a(cmdline.o)
                                0x194 (size before relaxing)
 .debug_str     0x00002446      0x11b ../../../../../..//binary/armv7a/gcc/utils/Debug/libutils.a(consoleUtils.o)
                                0x26d (size before relaxing)
 .debug_str     0x00002561       0x2d ../../../../../..//binary/armv7a/gcc/utils/Debug/libutils.a(delay.o)
                                 0xe3 (size before relaxing)
 .debug_str     0x0000258e      0x18c ../../../../../..//binary/armv7a/gcc/utils/Debug/libutils.a(uartStdio.o)
                                0x28a (size before relaxing)
 .debug_str     0x0000271a       0xd2 ../../../../../..//binary/armv7a/gcc/am335x/beaglebone/platform/Debug/libplatform.a(sysdelay.o)
                                0x148 (size before relaxing)
 .debug_str     0x000027ec       0xb8 ../../../../../..//binary/armv7a/gcc/am335x/beaglebone/platform/Debug/libplatform.a(uartConsole.o)
                                0x181 (size before relaxing)
 .debug_str     0x000028a4       0x8f ../../../../../..//binary/armv7a/gcc/am335x/beaglebone/platform/Debug/libplatform.a(usb.o)
                                0x146 (size before relaxing)
 .debug_str     0x00002933       0xcd ../../../../../..//binary/armv7a/gcc/am335x/beaglebone/platform/Debug/libplatform.a(dmtimer.o)
                                0x16c (size before relaxing)
 .debug_str     0x00002a00       0x5f ../../../../../..//binary/armv7a/gcc/am335x/beaglebone/platform/Debug/libplatform.a(uart.o)
                                0x107 (size before relaxing)
 .debug_str     0x00002a5f      0x234 ../../../../../..//binary/armv7a/gcc/am335x/usblib/Debug/libusblib.a(usbhmsc.o)
                                0x569 (size before relaxing)
 .debug_str     0x00002c93      0x988 ../../../../../..//binary/armv7a/gcc/am335x/usblib/Debug/libusblib.a(usbhostenum.o)
                                0xe8a (size before relaxing)
 .debug_str     0x0000361b      0x18d ../../../../../..//binary/armv7a/gcc/am335x/usblib/Debug/libusblib.a(usbhscsi.o)
                                0x2df (size before relaxing)
 .debug_str     0x000037a8       0xf0 ../../../../../..//binary/armv7a/gcc/am335x/usblib/Debug/libusblib.a(usbtick.o)
                                0x1cf (size before relaxing)
 .debug_str     0x00003898       0xa8 ../../../../../..//binary/armv7a/gcc/am335x/usblib/Debug/libusblib.a(usbdata.o)
                                0x1d2 (size before relaxing)
 .debug_str     0x00003940      0x10d ../../../../../..//binary/armv7a/gcc/am335x/usblib/Debug/libusblib.a(usbdesc.o)
                                0x316 (size before relaxing)
 .debug_str     0x00003a4d      0x14f ../../../../../..//binary/armv7a/gcc/am335x/system_config/Debug/libsystem_config.a(cache.o)
                                0x1af (size before relaxing)
 .debug_str     0x00003b9c      0x27f ../../../../../..//binary/armv7a/gcc/am335x/system_config/Debug/libsystem_config.a(interrupt.o)
                                0x363 (size before relaxing)
 .debug_str     0x00003e1b       0x69 ../../../../../..//binary/armv7a/gcc/am335x/system_config/Debug/libsystem_config.a(mmu.o)
                                0x146 (size before relaxing)
 .debug_str     0x00003e84       0x70 ../../../../../..//binary/armv7a/gcc/am335x/system_config/Debug/libsystem_config.a(startup.o)
                                0x118 (size before relaxing)
 .debug_str     0x00003ef4       0x9a ../../../../../..//binary/armv7a/gcc/am335x/system_config/Debug/libsystem_config.a(cpu.o)
                                0x12a (size before relaxing)
 .debug_str     0x00003f8e      0x2b9 ../../../../../..//binary/armv7a/gcc/am335x/drivers/Debug/libdrivers.a(dmtimer.o)
                                0x354 (size before relaxing)
 .debug_str     0x00004247       0x42 ../../../../../..//binary/armv7a/gcc/am335x/drivers/Debug/libdrivers.a(usbphyGS70.o)
                                0x175 (size before relaxing)

.comment        0x00000000       0x70
 .comment       0x00000000       0x70 Debug/fat_usbmsc.o
                                 0x71 (size before relaxing)
 .comment       0x00000000       0x71 Debug/ff.o
 .comment       0x00000000       0x71 Debug/usb_host_msc.o
 .comment       0x00000000       0x71 ../../../../../..//binary/armv7a/gcc/am335x/drivers/Debug/libdrivers.a(cppi41dma.o)
 .comment       0x00000000       0x71 ../../../../../..//binary/armv7a/gcc/am335x/drivers/Debug/libdrivers.a(uart_irda_cir.o)
 .comment       0x00000000       0x71 ../../../../../..//binary/armv7a/gcc/am335x/drivers/Debug/libdrivers.a(usb.o)
 .comment       0x00000000       0x71 ../../../../../..//binary/armv7a/gcc/utils/Debug/libutils.a(cmdline.o)
 .comment       0x00000000       0x71 ../../../../../..//binary/armv7a/gcc/utils/Debug/libutils.a(consoleUtils.o)
 .comment       0x00000000       0x71 ../../../../../..//binary/armv7a/gcc/utils/Debug/libutils.a(delay.o)
 .comment       0x00000000       0x71 ../../../../../..//binary/armv7a/gcc/utils/Debug/libutils.a(uartStdio.o)
 .comment       0x00000000       0x71 ../../../../../..//binary/armv7a/gcc/am335x/beaglebone/platform/Debug/libplatform.a(sysdelay.o)
 .comment       0x00000000       0x71 ../../../../../..//binary/armv7a/gcc/am335x/beaglebone/platform/Debug/libplatform.a(uartConsole.o)
 .comment       0x00000000       0x71 ../../../../../..//binary/armv7a/gcc/am335x/beaglebone/platform/Debug/libplatform.a(usb.o)
 .comment       0x00000000       0x71 ../../../../../..//binary/armv7a/gcc/am335x/beaglebone/platform/Debug/libplatform.a(dmtimer.o)
 .comment       0x00000000       0x71 ../../../../../..//binary/armv7a/gcc/am335x/beaglebone/platform/Debug/libplatform.a(uart.o)
 .comment       0x00000000       0x71 ../../../../../..//binary/armv7a/gcc/am335x/usblib/Debug/libusblib.a(usbhmsc.o)
 .comment       0x00000000       0x71 ../../../../../..//binary/armv7a/gcc/am335x/usblib/Debug/libusblib.a(usbhostenum.o)
 .comment       0x00000000       0x71 ../../../../../..//binary/armv7a/gcc/am335x/usblib/Debug/libusblib.a(usbhscsi.o)
 .comment       0x00000000       0x71 ../../../../../..//binary/armv7a/gcc/am335x/usblib/Debug/libusblib.a(usbtick.o)
 .comment       0x00000000       0x71 ../../../../../..//binary/armv7a/gcc/am335x/usblib/Debug/libusblib.a(usbdata.o)
 .comment       0x00000000       0x71 ../../../../../..//binary/armv7a/gcc/am335x/usblib/Debug/libusblib.a(usbdesc.o)
 .comment       0x00000000       0x71 ../../../../../..//binary/armv7a/gcc/am335x/system_config/Debug/libsystem_config.a(cache.o)
 .comment       0x00000000       0x71 ../../../../../..//binary/armv7a/gcc/am335x/system_config/Debug/libsystem_config.a(interrupt.o)
 .comment       0x00000000       0x71 ../../../../../..//binary/armv7a/gcc/am335x/system_config/Debug/libsystem_config.a(mmu.o)
 .comment       0x00000000       0x71 ../../../../../..//binary/armv7a/gcc/am335x/system_config/Debug/libsystem_config.a(startup.o)
 .comment       0x00000000       0x71 ../../../../../..//binary/armv7a/gcc/am335x/system_config/Debug/libsystem_config.a(cpu.o)
 .comment       0x00000000       0x71 ../../../../../..//binary/armv7a/gcc/am335x/drivers/Debug/libdrivers.a(dmtimer.o)
 .comment       0x00000000       0x71 ../../../../../..//binary/armv7a/gcc/am335x/drivers/Debug/libdrivers.a(usbphyGS70.o)

.ARM.attributes
                0x00000000       0x3b
 .ARM.attributes
                0x00000000       0x37 Debug/fat_usbmsc.o
 .ARM.attributes
                0x00000037       0x37 Debug/ff.o
 .ARM.attributes
                0x0000006e       0x37 Debug/usb_host_msc.o
 .ARM.attributes
                0x000000a5       0x37 ../../../../../..//binary/armv7a/gcc/am335x/drivers/Debug/libdrivers.a(cppi41dma.o)
 .ARM.attributes
                0x000000dc       0x37 ../../../../../..//binary/armv7a/gcc/am335x/drivers/Debug/libdrivers.a(uart_irda_cir.o)
 .ARM.attributes
                0x00000113       0x37 ../../../../../..//binary/armv7a/gcc/am335x/drivers/Debug/libdrivers.a(usb.o)
 .ARM.attributes
                0x0000014a       0x37 ../../../../../..//binary/armv7a/gcc/utils/Debug/libutils.a(cmdline.o)
 .ARM.attributes
                0x00000181       0x37 ../../../../../..//binary/armv7a/gcc/utils/Debug/libutils.a(consoleUtils.o)
 .ARM.attributes
                0x000001b8       0x37 ../../../../../..//binary/armv7a/gcc/utils/Debug/libutils.a(delay.o)
 .ARM.attributes
                0x000001ef       0x37 ../../../../../..//binary/armv7a/gcc/utils/Debug/libutils.a(uartStdio.o)
 .ARM.attributes
                0x00000226       0x37 ../../../../../..//binary/armv7a/gcc/am335x/beaglebone/platform/Debug/libplatform.a(sysdelay.o)
 .ARM.attributes
                0x0000025d       0x37 ../../../../../..//binary/armv7a/gcc/am335x/beaglebone/platform/Debug/libplatform.a(uartConsole.o)
 .ARM.attributes
                0x00000294       0x37 ../../../../../..//binary/armv7a/gcc/am335x/beaglebone/platform/Debug/libplatform.a(usb.o)
 .ARM.attributes
                0x000002cb       0x37 ../../../../../..//binary/armv7a/gcc/am335x/beaglebone/platform/Debug/libplatform.a(dmtimer.o)
 .ARM.attributes
                0x00000302       0x37 ../../../../../..//binary/armv7a/gcc/am335x/beaglebone/platform/Debug/libplatform.a(uart.o)
 .ARM.attributes
                0x00000339       0x37 ../../../../../..//binary/armv7a/gcc/am335x/usblib/Debug/libusblib.a(usbhmsc.o)
 .ARM.attributes
                0x00000370       0x37 ../../../../../..//binary/armv7a/gcc/am335x/usblib/Debug/libusblib.a(usbhostenum.o)
 .ARM.attributes
                0x000003a7       0x37 ../../../../../..//binary/armv7a/gcc/am335x/usblib/Debug/libusblib.a(usbhscsi.o)
 .ARM.attributes
                0x000003de       0x37 ../../../../../..//binary/armv7a/gcc/am335x/usblib/Debug/libusblib.a(usbtick.o)
 .ARM.attributes
                0x00000415       0x37 ../../../../../..//binary/armv7a/gcc/am335x/usblib/Debug/libusblib.a(usbdata.o)
 .ARM.attributes
                0x0000044c       0x37 ../../../../../..//binary/armv7a/gcc/am335x/usblib/Debug/libusblib.a(usbdesc.o)
 .ARM.attributes
                0x00000483       0x3d ../../../../../..//binary/armv7a/gcc/am335x/system_config/Debug/libsystem_config.a(cache.o)
 .ARM.attributes
                0x000004c0       0x23 ../../../../../..//binary/armv7a/gcc/am335x/system_config/Debug/libsystem_config.a(cp15.o)
 .ARM.attributes
                0x000004e3       0x23 ../../../../../..//binary/armv7a/gcc/am335x/system_config/Debug/libsystem_config.a(init.o)
 .ARM.attributes
                0x00000506       0x3d ../../../../../..//binary/armv7a/gcc/am335x/system_config/Debug/libsystem_config.a(interrupt.o)
 .ARM.attributes
                0x00000543       0x3d ../../../../../..//binary/armv7a/gcc/am335x/system_config/Debug/libsystem_config.a(mmu.o)
 .ARM.attributes
                0x00000580       0x3d ../../../../../..//binary/armv7a/gcc/am335x/system_config/Debug/libsystem_config.a(startup.o)
 .ARM.attributes
                0x000005bd       0x3d ../../../../../..//binary/armv7a/gcc/am335x/system_config/Debug/libsystem_config.a(cpu.o)
 .ARM.attributes
                0x000005fa       0x23 ../../../../../..//binary/armv7a/gcc/am335x/system_config/Debug/libsystem_config.a(exceptionhandler.o)
 .ARM.attributes
                0x0000061d       0x30 /home/abby/opt/gcc-arm-none-eabi-4_7-2012q4//arm-none-eabi/lib//libc.a(lib_a-memcmp.o)
 .ARM.attributes
                0x0000064d       0x30 /home/abby/opt/gcc-arm-none-eabi-4_7-2012q4//arm-none-eabi/lib//libc.a(lib_a-memcpy.o)
 .ARM.attributes
                0x0000067d       0x30 /home/abby/opt/gcc-arm-none-eabi-4_7-2012q4//arm-none-eabi/lib//libc.a(lib_a-memset.o)
 .ARM.attributes
                0x000006ad       0x30 /home/abby/opt/gcc-arm-none-eabi-4_7-2012q4//arm-none-eabi/lib//libc.a(lib_a-strcat.o)
 .ARM.attributes
                0x000006dd       0x30 /home/abby/opt/gcc-arm-none-eabi-4_7-2012q4//arm-none-eabi/lib//libc.a(lib_a-strcmp.o)
 .ARM.attributes
                0x0000070d       0x30 /home/abby/opt/gcc-arm-none-eabi-4_7-2012q4//arm-none-eabi/lib//libc.a(lib_a-strcpy.o)
 .ARM.attributes
                0x0000073d       0x30 /home/abby/opt/gcc-arm-none-eabi-4_7-2012q4//arm-none-eabi/lib//libc.a(lib_a-strlen.o)
 .ARM.attributes
                0x0000076d       0x30 /home/abby/opt/gcc-arm-none-eabi-4_7-2012q4//arm-none-eabi/lib//libc.a(lib_a-strncpy.o)
 .ARM.attributes
                0x0000079d       0x18 /home/abby/opt/gcc-arm-none-eabi-4_7-2012q4//lib/gcc/arm-none-eabi/4.7.3//libgcc.a(_udivsi3.o)
 .ARM.attributes
                0x000007b5       0x18 /home/abby/opt/gcc-arm-none-eabi-4_7-2012q4//lib/gcc/arm-none-eabi/4.7.3//libgcc.a(_divsi3.o)
 .ARM.attributes
                0x000007cd       0x18 /home/abby/opt/gcc-arm-none-eabi-4_7-2012q4//lib/gcc/arm-none-eabi/4.7.3//libgcc.a(_dvmd_tls.o)
 .ARM.attributes
                0x000007e5       0x37 ../../../../../..//binary/armv7a/gcc/am335x/drivers/Debug/libdrivers.a(dmtimer.o)
 .ARM.attributes
                0x0000081c       0x37 ../../../../../..//binary/armv7a/gcc/am335x/drivers/Debug/libdrivers.a(usbphyGS70.o)

.debug_frame    0x00000000     0x3000
 .debug_frame   0x00000000       0xac Debug/fat_usbmsc.o
 .debug_frame   0x000000ac      0x350 Debug/ff.o
 .debug_frame   0x000003fc      0x1e8 Debug/usb_host_msc.o
 .debug_frame   0x000005e4      0x3a0 ../../../../../..//binary/armv7a/gcc/am335x/drivers/Debug/libdrivers.a(cppi41dma.o)
 .debug_frame   0x00000984      0x778 ../../../../../..//binary/armv7a/gcc/am335x/drivers/Debug/libdrivers.a(uart_irda_cir.o)
 .debug_frame   0x000010fc      0x68c ../../../../../..//binary/armv7a/gcc/am335x/drivers/Debug/libdrivers.a(usb.o)
 .debug_frame   0x00001788       0x2c ../../../../../..//binary/armv7a/gcc/utils/Debug/libutils.a(cmdline.o)
 .debug_frame   0x000017b4      0x108 ../../../../../..//binary/armv7a/gcc/utils/Debug/libutils.a(consoleUtils.o)
 .debug_frame   0x000018bc       0x9c ../../../../../..//binary/armv7a/gcc/utils/Debug/libutils.a(delay.o)
 .debug_frame   0x00001958      0x1a8 ../../../../../..//binary/armv7a/gcc/utils/Debug/libutils.a(uartStdio.o)
 .debug_frame   0x00001b00       0xb4 ../../../../../..//binary/armv7a/gcc/am335x/beaglebone/platform/Debug/libplatform.a(sysdelay.o)